2026-08-04 18:07:54,547 [INFO] Run log: logs/20260804_180754_Imagenette2_Blended_none_0.0_seed1234.log
Using the Imagenette2
The at_threshold: 1
2026-08-04 18:07:54,573 [INFO] Using device: cuda:0
====================================================================================
Non-default run settings
====================================================================================
attack_method: Blended
attack_schedule: Blended
use_conv_ir: False
disable_conv_ir: True
restorer_ckpt: ./pretrain/ots-base.pkl
degradation_type: none
degradation_strength: 0.0
deg: none
deg_scale: 0.0
at_threshold: 1
------------------------------------------------------------------------------------
Runtime metadata
------------------------------------------------------------------------------------
mode: 4
classes: 20
device: cuda:0
run_log_path: logs/20260804_180754_Imagenette2_Blended_none_0.0_seed1234.log
====================================================================================
Mode is 4
====================================================================================
purified_ins(args, clean_train, clean_test, poisoned_train, poisoned_test)
====================================================================================
Using Pre-trained model: Imagenette2_pretrain/Blended/Res_34_256
=================================================Loading Model ==================================================
=================================================    Loaded    ==================================================
==========Test result on benign test dataset(CA)==========
[2026-08-04_18:08:17] Top-1 correct / Total: 3383/3925, Top-1 accuracy: 0.8619108280254777, Top-5 correct / Total: 3875/3925, Top-5 accuracy: 0.9872611464968153, time: 22.89734411239624
 class_acc:{0: 0.9198966408268734, 1: 0.9164556962025316, 2: 0.8795518207282913, 3: 0.6658031088082902, 4: 0.9168704156479217, 5: 0.8197969543147208, 6: 0.8817480719794345, 7: 0.7923627684964201, 8: 0.899749373433584, 9: 0.9282051282051282}
ASR_lables tensor([1, 1, 1,  ..., 1, 1, 1])
==========Test result on poisoned test dataset(ASR)(Not including images with original label same as attack label)==========
[2026-08-04_18:08:47] Top-1 correct / Total: 3522/3530, Top-1 accuracy: 0.9977337110481587, Top-5 correct / Total: 3530/3530, Top-5 accuracy: 1.0, time: 52.46376061439514
 class_acc:{1: 0.9977337110481587}
PA_lables tensor([0, 0, 0,  ..., 9, 9, 9])
==========Test result on poisoned test dataset(PA)==========
[2026-08-04_18:09:12] Top-1 correct / Total: 403/3925, Top-1 accuracy: 0.10267515923566879, Top-5 correct / Total: 3089/3925, Top-5 accuracy: 0.7870063694267516, time: 77.86654448509216
 class_acc:{0: 0.0, 1: 1.0, 2: 0.0028011204481792717, 3: 0.0, 4: 0.0024449877750611247, 5: 0.007614213197969543, 6: 0.0, 7: 0.0, 8: 0.007518796992481203, 9: 0.0}
=================================================End==================================================
