2026-08-19 01:13:17,216 [INFO] Run log: logs/20260819_011317_Imagenette2_WaNet_none_0.0_seed1234.log
Using the Imagenette2
The at_threshold: 1
2026-08-19 01:13:17,537 [INFO] Using device: cuda:0
====================================================================================
Non-default run settings
====================================================================================
attack_method: WaNet
attack_schedule: WaNet
attack_target: 0
poisoned_rate: 0.1
use_conv_ir: False
disable_conv_ir: True
degradation_type: none
degradation_strength: 0.0
deg: none
deg_scale: 0.0
purify_clean_test: True
purify_poisoned_test: True
use_purified_clean_test: True
use_purified_pois_test: True
at_threshold: 1
------------------------------------------------------------------------------------
Runtime metadata
------------------------------------------------------------------------------------
mode: 3
classes: 20
device: cuda:0
run_log_path: logs/20260819_011317_Imagenette2_WaNet_none_0.0_seed1234.log
====================================================================================
Mode is 3
====================================================================================
purified_ins(args, clean_train, purified_clean_test, poisoned_train, purified_pois_test)
====================================================================================
Using Pre-trained model: Imagenette2_pretrain/WaNet/Res_34_256
=================================================Loading Model ==================================================
=================================================    Loaded    ==================================================
==========Test result on benign test dataset(CA)==========
[2026-08-19_01:21:35] Top-1 correct / Total: 3363/3925, Top-1 accuracy: 0.8568152866242038, Top-5 correct / Total: 3870/3925, Top-5 accuracy: 0.9859872611464968, time: 26.445801496505737
 class_acc:{0: 0.896640826873385, 1: 0.8962025316455696, 2: 0.896358543417367, 3: 0.7150259067357513, 4: 0.9095354523227384, 5: 0.8375634517766497, 6: 0.8663239074550129, 7: 0.766109785202864, 8: 0.9022556390977443, 9: 0.8871794871794871}
ASR_lables tensor([0, 0, 0,  ..., 0, 0, 0])
==========Test result on poisoned test dataset(ASR)(Not including images with original label same as attack label)==========
[2026-08-19_01:21:58] Top-1 correct / Total: 3470/3538, Top-1 accuracy: 0.9807801017524025, Top-5 correct / Total: 3538/3538, Top-5 accuracy: 1.0, time: 49.60885524749756
 class_acc:{0: 0.9807801017524025}
PA_lables tensor([0, 0, 0,  ..., 9, 9, 9])
==========Test result on poisoned test dataset(PA)==========
[2026-08-19_01:22:24] Top-1 correct / Total: 452/3925, Top-1 accuracy: 0.11515923566878981, Top-5 correct / Total: 3362/3925, Top-5 accuracy: 0.8565605095541401, time: 74.87383151054382
 class_acc:{0: 1.0, 1: 0.017721518987341773, 2: 0.0, 3: 0.0025906735751295338, 4: 0.05378973105134474, 5: 0.0025380710659898475, 6: 0.0, 7: 0.0, 8: 0.03258145363408521, 9: 0.05384615384615385}
=================================================End==================================================
