2026-08-08 14:21:02,148 [INFO] Run log: logs/20260808_142102_Imagenette2_ISSBA_none_0.0_seed1234.log
Using the Imagenette2
The at_threshold: 10
2026-08-08 14:21:02,398 [INFO] Using device: cuda:0
====================================================================================
Non-default run settings
====================================================================================
attack_method: ISSBA
attack_schedule: ISSBA
issba_exported_poisoned_root: exported_poisoned/ISSBA/Imagenette2
use_conv_ir: False
disable_conv_ir: True
degradation_type: none
degradation_strength: 0.0
deg: none
deg_scale: 0.0
------------------------------------------------------------------------------------
Runtime metadata
------------------------------------------------------------------------------------
mode: 4
classes: 20
device: cuda:0
run_log_path: logs/20260808_142102_Imagenette2_ISSBA_none_0.0_seed1234.log
====================================================================================
Mode is 4
====================================================================================
purified_ins(args, clean_train, clean_test, poisoned_train, poisoned_test)
====================================================================================
Using Pre-trained model: Imagenette2_pretrain/ISSBA/Res_34_256
=================================================Loading Model ==================================================
=================================================    Loaded    ==================================================
==========Test result on benign test dataset(CA)==========
[2026-08-08_14:21:24] Top-1 correct / Total: 3253/3925, Top-1 accuracy: 0.8287898089171974, Top-5 correct / Total: 3865/3925, Top-5 accuracy: 0.9847133757961783, time: 22.077175855636597
 class_acc:{0: 0.9250645994832042, 1: 0.8430379746835444, 2: 0.8823529411764706, 3: 0.6373056994818653, 4: 0.8728606356968215, 5: 0.748730964467005, 6: 0.8663239074550129, 7: 0.7541766109785203, 8: 0.8947368421052632, 9: 0.8692307692307693}
ASR_lables tensor([1, 1, 1,  ..., 1, 1, 1])
==========Test result on poisoned test dataset(ASR)(Not including images with original label same as attack label)==========
[2026-08-08_14:21:44] Top-1 correct / Total: 3506/3530, Top-1 accuracy: 0.9932011331444759, Top-5 correct / Total: 3529/3530, Top-5 accuracy: 0.9997167138810198, time: 41.59445142745972
 class_acc:{1: 0.9932011331444759}
PA_lables tensor([0, 0, 0,  ..., 9, 9, 9])
==========Test result on poisoned test dataset(PA)==========
[2026-08-08_14:22:05] Top-1 correct / Total: 414/3925, Top-1 accuracy: 0.10547770700636942, Top-5 correct / Total: 3294/3925, Top-5 accuracy: 0.8392356687898089, time: 62.68284463882446
 class_acc:{0: 0.0, 1: 1.0, 2: 0.0028011204481792717, 3: 0.0, 4: 0.0024449877750611247, 5: 0.02284263959390863, 6: 0.0, 7: 0.007159904534606206, 8: 0.002506265664160401, 9: 0.010256410256410256}
=================================================End==================================================
