2026-08-04 18:06:46,661 [INFO] Run log: logs/20260804_180646_Imagenette2_BadNet_none_0.0_seed1234.log
Using the Imagenette2
The at_threshold: 1
2026-08-04 18:06:46,687 [INFO] Using device: cuda:0
====================================================================================
Non-default run settings
====================================================================================
use_conv_ir: False
disable_conv_ir: True
restorer_ckpt: ./pretrain/ots-base.pkl
degradation_type: none
degradation_strength: 0.0
deg: none
deg_scale: 0.0
at_threshold: 1
------------------------------------------------------------------------------------
Runtime metadata
------------------------------------------------------------------------------------
mode: 4
classes: 20
device: cuda:0
run_log_path: logs/20260804_180646_Imagenette2_BadNet_none_0.0_seed1234.log
====================================================================================
Mode is 4
Using the pattern size: 9*9
====================================================================================
purified_ins(args, clean_train, clean_test, poisoned_train, poisoned_test)
====================================================================================
Using Pre-trained model: Imagenette2_pretrain/BadNet/Res_34_256
=================================================Loading Model ==================================================
=================================================    Loaded    ==================================================
==========Test result on benign test dataset(CA)==========
[2026-08-04_18:07:09] Top-1 correct / Total: 3321/3925, Top-1 accuracy: 0.8461146496815286, Top-5 correct / Total: 3874/3925, Top-5 accuracy: 0.9870063694267516, time: 22.230473518371582
 class_acc:{0: 0.9043927648578811, 1: 0.8835443037974684, 2: 0.8907563025210085, 3: 0.6761658031088082, 4: 0.9095354523227384, 5: 0.8121827411167513, 6: 0.8766066838046273, 7: 0.7589498806682577, 8: 0.8696741854636592, 9: 0.8846153846153846}
ASR_lables tensor([1, 1, 1,  ..., 1, 1, 1])
==========Test result on poisoned test dataset(ASR)(Not including images with original label same as attack label)==========
[2026-08-04_18:07:29] Top-1 correct / Total: 3429/3530, Top-1 accuracy: 0.9713881019830028, Top-5 correct / Total: 3530/3530, Top-5 accuracy: 1.0, time: 42.59232950210571
 class_acc:{1: 0.9713881019830028}
PA_lables tensor([0, 0, 0,  ..., 9, 9, 9])
==========Test result on poisoned test dataset(PA)==========
[2026-08-04_18:07:51] Top-1 correct / Total: 496/3925, Top-1 accuracy: 0.12636942675159235, Top-5 correct / Total: 3846/3925, Top-5 accuracy: 0.9798726114649682, time: 64.26688146591187
 class_acc:{0: 0.025839793281653745, 1: 1.0, 2: 0.008403361344537815, 3: 0.012953367875647668, 4: 0.07334963325183375, 5: 0.06345177664974619, 6: 0.007712082262210797, 7: 0.00954653937947494, 8: 0.05263157894736842, 9: 0.0}
=================================================End==================================================
