2026-08-23 12:00:50,377 [INFO] Run log: logs/20260823_120050_CIFAR10ImageFolder_Blended_none_0.0_seed1234.log
Using the CIFAR10ImageFolder
The at_threshold: 1
2026-08-23 12:00:50,811 [INFO] Using device: cuda:0
====================================================================================
Non-default run settings
====================================================================================
dataset: CIFAR10ImageFolder
attack_method: Blended
attack_schedule: Blended
img_size: 32
deg: none
deg_scale: 0.0
purify_clean_test: True
purify_poisoned_test: True
use_purified_clean_test: True
use_purified_pois_test: True
at_threshold: 1
degradation_type: none
degradation_strength: 0.0
use_conv_ir: True
restorer_ckpt: ./pretrain/convir_rsblur.pkl
------------------------------------------------------------------------------------
Runtime metadata
------------------------------------------------------------------------------------
mode: 3
classes: 10
device: cuda:0
run_log_path: logs/20260823_120050_CIFAR10ImageFolder_Blended_none_0.0_seed1234.log
====================================================================================
Mode is 3
====================================================================================
purified_ins(args, clean_train, purified_clean_test, poisoned_train, purified_pois_test)
====================================================================================
Using Pre-trained model: CIFAR10ImageFolder_pretrain/Blended/Res_34_32
=================================================Loading Model ==================================================
=================================================    Loaded    ==================================================
==========Test result on benign test dataset(CA)==========
[2026-08-23_12:10:03] Top-1 correct / Total: 3234/10000, Top-1 accuracy: 0.3234, Top-5 correct / Total: 7852/10000, Top-5 accuracy: 0.7852, time: 1.470963478088379
 class_acc:{0: 0.279, 1: 0.118, 2: 0.468, 3: 0.434, 4: 0.383, 5: 0.133, 6: 0.192, 7: 0.025, 8: 0.851, 9: 0.351}
ASR_lables tensor([1, 1, 1,  ..., 1, 1, 1])
==========Test result on poisoned test dataset(ASR)(Not including images with original label same as attack label)==========
[2026-08-23_12:10:41] Top-1 correct / Total: 874/9000, Top-1 accuracy: 0.0971111111111111, Top-5 correct / Total: 6990/9000, Top-5 accuracy: 0.7766666666666666, time: 39.166032552719116
 class_acc:{1: 0.0971111111111111}
PA_lables tensor([0, 0, 0,  ..., 9, 9, 9])
==========Test result on poisoned test dataset(PA)==========
[2026-08-23_12:10:42] Top-1 correct / Total: 1911/10000, Top-1 accuracy: 0.1911, Top-5 correct / Total: 6620/10000, Top-5 accuracy: 0.662, time: 40.199602127075195
 class_acc:{0: 0.163, 1: 0.268, 2: 0.672, 3: 0.261, 4: 0.149, 5: 0.027, 6: 0.077, 7: 0.0, 8: 0.279, 9: 0.015}
=================================================End==================================================
