2026-08-23 11:50:52,602 [INFO] Run log: logs/20260823_115052_CIFAR10ImageFolder_BadNet_none_0.0_seed1234.log
Using the CIFAR10ImageFolder
The at_threshold: 1
2026-08-23 11:50:53,047 [INFO] Using device: cuda:0
====================================================================================
Non-default run settings
====================================================================================
dataset: CIFAR10ImageFolder
img_size: 32
deg: none
deg_scale: 0.0
purify_clean_test: True
purify_poisoned_test: True
use_purified_clean_test: True
use_purified_pois_test: True
at_threshold: 1
degradation_type: none
degradation_strength: 0.0
use_conv_ir: True
restorer_ckpt: ./pretrain/convir_rsblur.pkl
------------------------------------------------------------------------------------
Runtime metadata
------------------------------------------------------------------------------------
mode: 3
classes: 10
device: cuda:0
run_log_path: logs/20260823_115052_CIFAR10ImageFolder_BadNet_none_0.0_seed1234.log
====================================================================================
Mode is 3
====================================================================================
purified_ins(args, clean_train, purified_clean_test, poisoned_train, purified_pois_test)
====================================================================================
Using Pre-trained model: CIFAR10ImageFolder_pretrain/BadNet/Res_34_32
=================================================Loading Model ==================================================
=================================================    Loaded    ==================================================
==========Test result on benign test dataset(CA)==========
[2026-08-23_12:00:07] Top-1 correct / Total: 3394/10000, Top-1 accuracy: 0.3394, Top-5 correct / Total: 8019/10000, Top-5 accuracy: 0.8019, time: 1.4918575286865234
 class_acc:{0: 0.46, 1: 0.093, 2: 0.366, 3: 0.523, 4: 0.311, 5: 0.182, 6: 0.268, 7: 0.019, 8: 0.722, 9: 0.45}
ASR_lables tensor([1, 1, 1,  ..., 1, 1, 1])
==========Test result on poisoned test dataset(ASR)(Not including images with original label same as attack label)==========
[2026-08-23_12:00:47] Top-1 correct / Total: 8188/9000, Top-1 accuracy: 0.9097777777777778, Top-5 correct / Total: 8935/9000, Top-5 accuracy: 0.9927777777777778, time: 40.663453578948975
 class_acc:{1: 0.9097777777777778}
PA_lables tensor([0, 0, 0,  ..., 9, 9, 9])
==========Test result on poisoned test dataset(PA)==========
[2026-08-23_12:00:48] Top-1 correct / Total: 1301/10000, Top-1 accuracy: 0.1301, Top-5 correct / Total: 7420/10000, Top-5 accuracy: 0.742, time: 41.74421811103821
 class_acc:{0: 0.032, 1: 0.916, 2: 0.06, 3: 0.044, 4: 0.037, 5: 0.041, 6: 0.045, 7: 0.019, 8: 0.056, 9: 0.051}
=================================================End==================================================
