2026-08-23 12:20:40,974 [INFO] Run log: logs/20260823_122040_CIFAR10ImageFolder_ISSBA_none_0.0_seed1234.log
Using the CIFAR10ImageFolder
The at_threshold: 1
2026-08-23 12:20:41,425 [INFO] Using device: cuda:0
====================================================================================
Non-default run settings
====================================================================================
dataset: CIFAR10ImageFolder
attack_method: ISSBA
attack_schedule: ISSBA
issba_exported_poisoned_root: exported_poisoned/ISSBA/CIFAR10ImageFolder
img_size: 32
deg: none
deg_scale: 0.0
purify_clean_test: True
purify_poisoned_test: True
use_purified_clean_test: True
use_purified_pois_test: True
at_threshold: 1
degradation_type: none
degradation_strength: 0.0
use_conv_ir: True
restorer_ckpt: ./pretrain/convir_rsblur.pkl
------------------------------------------------------------------------------------
Runtime metadata
------------------------------------------------------------------------------------
mode: 3
classes: 10
device: cuda:0
run_log_path: logs/20260823_122040_CIFAR10ImageFolder_ISSBA_none_0.0_seed1234.log
====================================================================================
Mode is 3
====================================================================================
purified_ins(args, clean_train, purified_clean_test, poisoned_train, purified_pois_test)
====================================================================================
Using Pre-trained model: CIFAR10ImageFolder_pretrain/ISSBA/Res_34_32
=================================================Loading Model ==================================================
=================================================    Loaded    ==================================================
==========Test result on benign test dataset(CA)==========
[2026-08-23_12:29:53] Top-1 correct / Total: 3104/10000, Top-1 accuracy: 0.3104, Top-5 correct / Total: 7786/10000, Top-5 accuracy: 0.7786, time: 1.38669753074646
 class_acc:{0: 0.426, 1: 0.085, 2: 0.4, 3: 0.574, 4: 0.357, 5: 0.112, 6: 0.112, 7: 0.025, 8: 0.743, 9: 0.27}
ASR_lables tensor([1, 1, 1,  ..., 1, 1, 1])
==========Test result on poisoned test dataset(ASR)(Not including images with original label same as attack label)==========
[2026-08-23_12:30:32] Top-1 correct / Total: 7263/9000, Top-1 accuracy: 0.807, Top-5 correct / Total: 8649/9000, Top-5 accuracy: 0.961, time: 40.50389289855957
 class_acc:{1: 0.807}
PA_lables tensor([0, 0, 0,  ..., 9, 9, 9])
==========Test result on poisoned test dataset(PA)==========
[2026-08-23_12:30:33] Top-1 correct / Total: 1664/10000, Top-1 accuracy: 0.1664, Top-5 correct / Total: 7277/10000, Top-5 accuracy: 0.7277, time: 41.558725118637085
 class_acc:{0: 0.079, 1: 0.929, 2: 0.145, 3: 0.149, 4: 0.079, 5: 0.03, 6: 0.007, 7: 0.003, 8: 0.233, 9: 0.01}
=================================================End==================================================
