2026-08-16 14:14:09,602 [INFO] Run log: logs/20260816_141409_Imagenette2_BadNet_haze_0.15_seed1234.log
Using the Imagenette2
The at_threshold: 1
2026-08-16 14:14:09,938 [INFO] Using device: cuda:0
====================================================================================
Non-default run settings
====================================================================================
restorer_ckpt: ./pretrain/ots-base.pkl
degradation_type: haze
degradation_strength: 0.15
deg: haze
deg_scale: 0.15
purify_clean_test: True
purify_poisoned_test: True
use_purified_clean_test: True
use_purified_pois_test: True
at_threshold: 1
------------------------------------------------------------------------------------
Runtime metadata
------------------------------------------------------------------------------------
mode: 3
classes: 20
device: cuda:0
run_log_path: logs/20260816_141409_Imagenette2_BadNet_haze_0.15_seed1234.log
====================================================================================
Mode is 3
Using the pattern size: 9*9
====================================================================================
purified_ins(args, clean_train, purified_clean_test, poisoned_train, purified_pois_test)
====================================================================================
Using Pre-trained model: Imagenette2_pretrain/BadNet/Res_34_256
=================================================Loading Model ==================================================
=================================================    Loaded    ==================================================
==========Test result on benign test dataset(CA)==========
[2026-08-16_14:29:18] Top-1 correct / Total: 3319/3925, Top-1 accuracy: 0.8456050955414013, Top-5 correct / Total: 3875/3925, Top-5 accuracy: 0.9872611464968153, time: 21.96243929862976
 class_acc:{0: 0.8785529715762274, 1: 0.8759493670886076, 2: 0.8991596638655462, 3: 0.6917098445595855, 4: 0.9119804400977995, 5: 0.8121827411167513, 6: 0.8740359897172236, 7: 0.7637231503579952, 8: 0.8696741854636592, 9: 0.8846153846153846}
ASR_lables tensor([1, 1, 1,  ..., 1, 1, 1])
==========Test result on poisoned test dataset(ASR)(Not including images with original label same as attack label)==========
[2026-08-16_14:29:44] Top-1 correct / Total: 2969/3530, Top-1 accuracy: 0.8410764872521247, Top-5 correct / Total: 3530/3530, Top-5 accuracy: 1.0, time: 47.1259503364563
 class_acc:{1: 0.8410764872521247}
PA_lables tensor([0, 0, 0,  ..., 9, 9, 9])
==========Test result on poisoned test dataset(PA)==========
[2026-08-16_14:30:05] Top-1 correct / Total: 956/3925, Top-1 accuracy: 0.24356687898089172, Top-5 correct / Total: 3858/3925, Top-5 accuracy: 0.9829299363057324, time: 68.84034657478333
 class_acc:{0: 0.21705426356589147, 1: 1.0, 2: 0.13445378151260504, 3: 0.04145077720207254, 4: 0.3154034229828851, 5: 0.22588832487309646, 6: 0.11568123393316196, 7: 0.1360381861575179, 8: 0.18045112781954886, 9: 0.05384615384615385}
=================================================End==================================================
