2026-08-16 14:30:09,640 [INFO] Run log: logs/20260816_143009_Imagenette2_BadNet_haze_0.2_seed1234.log
Using the Imagenette2
The at_threshold: 1
2026-08-16 14:30:09,946 [INFO] Using device: cuda:0
====================================================================================
Non-default run settings
====================================================================================
restorer_ckpt: ./pretrain/ots-base.pkl
degradation_type: haze
degradation_strength: 0.2
deg: haze
deg_scale: 0.2
purify_clean_test: True
purify_poisoned_test: True
use_purified_clean_test: True
use_purified_pois_test: True
at_threshold: 1
------------------------------------------------------------------------------------
Runtime metadata
------------------------------------------------------------------------------------
mode: 3
classes: 20
device: cuda:0
run_log_path: logs/20260816_143009_Imagenette2_BadNet_haze_0.2_seed1234.log
====================================================================================
Mode is 3
Using the pattern size: 9*9
====================================================================================
purified_ins(args, clean_train, purified_clean_test, poisoned_train, purified_pois_test)
====================================================================================
Using Pre-trained model: Imagenette2_pretrain/BadNet/Res_34_256
=================================================Loading Model ==================================================
=================================================    Loaded    ==================================================
==========Test result on benign test dataset(CA)==========
[2026-08-16_14:46:09] Top-1 correct / Total: 3322/3925, Top-1 accuracy: 0.8463694267515923, Top-5 correct / Total: 3873/3925, Top-5 accuracy: 0.9867515923566879, time: 21.876445770263672
 class_acc:{0: 0.8785529715762274, 1: 0.8759493670886076, 2: 0.8991596638655462, 3: 0.6917098445595855, 4: 0.9144254278728606, 5: 0.8147208121827412, 6: 0.8740359897172236, 7: 0.7637231503579952, 8: 0.8696741854636592, 9: 0.8871794871794871}
ASR_lables tensor([1, 1, 1,  ..., 1, 1, 1])
==========Test result on poisoned test dataset(ASR)(Not including images with original label same as attack label)==========
[2026-08-16_14:46:29] Top-1 correct / Total: 2908/3530, Top-1 accuracy: 0.8237960339943343, Top-5 correct / Total: 3530/3530, Top-5 accuracy: 1.0, time: 42.05258321762085
 class_acc:{1: 0.8237960339943343}
PA_lables tensor([0, 0, 0,  ..., 9, 9, 9])
==========Test result on poisoned test dataset(PA)==========
[2026-08-16_14:46:51] Top-1 correct / Total: 1015/3925, Top-1 accuracy: 0.2585987261146497, Top-5 correct / Total: 3857/3925, Top-5 accuracy: 0.9826751592356688, time: 63.62390851974487
 class_acc:{0: 0.23772609819121446, 1: 1.0, 2: 0.15966386554621848, 3: 0.054404145077720206, 4: 0.3374083129584352, 5: 0.23604060913705585, 6: 0.13110539845758354, 7: 0.14081145584725538, 8: 0.20802005012531327, 9: 0.06666666666666667}
=================================================End==================================================
