2026-08-16 20:26:18,107 [INFO] Run log: logs/20260816_202618_Imagenette2_Blended_haze_0.9_seed1234.log
Using the Imagenette2
The at_threshold: 1
2026-08-16 20:26:18,394 [INFO] Using device: cuda:0
====================================================================================
Non-default run settings
====================================================================================
attack_method: Blended
attack_schedule: Blended
restorer_ckpt: ./pretrain/ots-base.pkl
degradation_type: haze
degradation_strength: 0.9
deg: haze
deg_scale: 0.9
purify_clean_test: True
purify_poisoned_test: True
use_purified_clean_test: True
use_purified_pois_test: True
at_threshold: 1
------------------------------------------------------------------------------------
Runtime metadata
------------------------------------------------------------------------------------
mode: 3
classes: 20
device: cuda:0
run_log_path: logs/20260816_202618_Imagenette2_Blended_haze_0.9_seed1234.log
====================================================================================
Mode is 3
====================================================================================
purified_ins(args, clean_train, purified_clean_test, poisoned_train, purified_pois_test)
====================================================================================
Using Pre-trained model: Imagenette2_pretrain/Blended/Res_34_256
=================================================Loading Model ==================================================
=================================================    Loaded    ==================================================
==========Test result on benign test dataset(CA)==========
[2026-08-16_20:40:22] Top-1 correct / Total: 1108/3925, Top-1 accuracy: 0.28229299363057325, Top-5 correct / Total: 3099/3925, Top-5 accuracy: 0.7895541401273886, time: 21.84655523300171
 class_acc:{0: 0.020671834625323, 1: 0.027848101265822784, 2: 0.4061624649859944, 3: 0.025906735751295335, 4: 0.4669926650366748, 5: 0.08375634517766498, 6: 0.17480719794344474, 7: 0.17899761336515513, 8: 0.5162907268170426, 9: 0.9256410256410257}
ASR_lables tensor([1, 1, 1,  ..., 1, 1, 1])
==========Test result on poisoned test dataset(ASR)(Not including images with original label same as attack label)==========
[2026-08-16_20:40:42] Top-1 correct / Total: 133/3530, Top-1 accuracy: 0.03767705382436261, Top-5 correct / Total: 3523/3530, Top-5 accuracy: 0.9980169971671388, time: 41.6667799949646
 class_acc:{1: 0.03767705382436261}
PA_lables tensor([0, 0, 0,  ..., 9, 9, 9])
==========Test result on poisoned test dataset(PA)==========
[2026-08-16_20:41:04] Top-1 correct / Total: 493/3925, Top-1 accuracy: 0.12560509554140128, Top-5 correct / Total: 2348/3925, Top-5 accuracy: 0.5982165605095542, time: 63.16001653671265
 class_acc:{0: 0.002583979328165375, 1: 0.007594936708860759, 2: 0.047619047619047616, 3: 0.0, 4: 0.05378973105134474, 5: 0.0, 6: 0.0, 7: 0.007159904534606206, 8: 0.15037593984962405, 9: 0.9923076923076923}
=================================================End==================================================
