2026-08-16 14:46:54,314 [INFO] Run log: logs/20260816_144654_Imagenette2_BadNet_haze_0.5_seed1234.log
Using the Imagenette2
The at_threshold: 1
2026-08-16 14:46:54,584 [INFO] Using device: cuda:0
====================================================================================
Non-default run settings
====================================================================================
restorer_ckpt: ./pretrain/ots-base.pkl
degradation_type: haze
degradation_strength: 0.5
deg: haze
deg_scale: 0.5
purify_clean_test: True
purify_poisoned_test: True
use_purified_clean_test: True
use_purified_pois_test: True
at_threshold: 1
------------------------------------------------------------------------------------
Runtime metadata
------------------------------------------------------------------------------------
mode: 3
classes: 20
device: cuda:0
run_log_path: logs/20260816_144654_Imagenette2_BadNet_haze_0.5_seed1234.log
====================================================================================
Mode is 3
Using the pattern size: 9*9
====================================================================================
purified_ins(args, clean_train, purified_clean_test, poisoned_train, purified_pois_test)
====================================================================================
Using Pre-trained model: Imagenette2_pretrain/BadNet/Res_34_256
=================================================Loading Model ==================================================
=================================================    Loaded    ==================================================
==========Test result on benign test dataset(CA)==========
[2026-08-16_15:01:26] Top-1 correct / Total: 3293/3925, Top-1 accuracy: 0.8389808917197452, Top-5 correct / Total: 3870/3925, Top-5 accuracy: 0.9859872611464968, time: 21.717700958251953
 class_acc:{0: 0.8811369509043928, 1: 0.8683544303797468, 2: 0.8935574229691877, 3: 0.6580310880829016, 4: 0.9046454767726161, 5: 0.8071065989847716, 6: 0.8766066838046273, 7: 0.7565632458233891, 8: 0.8646616541353384, 9: 0.8846153846153846}
ASR_lables tensor([1, 1, 1,  ..., 1, 1, 1])
==========Test result on poisoned test dataset(ASR)(Not including images with original label same as attack label)==========
[2026-08-16_15:01:46] Top-1 correct / Total: 2771/3530, Top-1 accuracy: 0.784985835694051, Top-5 correct / Total: 3530/3530, Top-5 accuracy: 1.0, time: 41.822486877441406
 class_acc:{1: 0.784985835694051}
PA_lables tensor([0, 0, 0,  ..., 9, 9, 9])
==========Test result on poisoned test dataset(PA)==========
[2026-08-16_15:02:07] Top-1 correct / Total: 1148/3925, Top-1 accuracy: 0.292484076433121, Top-5 correct / Total: 3858/3925, Top-5 accuracy: 0.9829299363057324, time: 63.36292791366577
 class_acc:{0: 0.25064599483204136, 1: 1.0, 2: 0.22969187675070027, 3: 0.07253886010362694, 4: 0.36185819070904646, 5: 0.2817258883248731, 6: 0.1953727506426735, 7: 0.16467780429594273, 8: 0.22556390977443608, 9: 0.13333333333333333}
=================================================End==================================================
