2026-08-16 18:18:13,061 [INFO] Run log: logs/20260816_181813_Imagenette2_ISSBA_haze_0.15_seed1234.log
Using the Imagenette2
The at_threshold: 1
2026-08-16 18:18:13,336 [INFO] Using device: cuda:0
====================================================================================
Non-default run settings
====================================================================================
attack_method: ISSBA
attack_schedule: ISSBA
issba_exported_poisoned_root: exported_poisoned/ISSBA/Imagenette2
restorer_ckpt: ./pretrain/ots-base.pkl
degradation_type: haze
degradation_strength: 0.15
deg: haze
deg_scale: 0.15
purify_clean_test: True
purify_poisoned_test: True
use_purified_clean_test: True
use_purified_pois_test: True
at_threshold: 1
------------------------------------------------------------------------------------
Runtime metadata
------------------------------------------------------------------------------------
mode: 3
classes: 20
device: cuda:0
run_log_path: logs/20260816_181813_Imagenette2_ISSBA_haze_0.15_seed1234.log
====================================================================================
Mode is 3
====================================================================================
purified_ins(args, clean_train, purified_clean_test, poisoned_train, purified_pois_test)
====================================================================================
Using Pre-trained model: Imagenette2_pretrain/ISSBA/Res_34_256
=================================================Loading Model ==================================================
=================================================    Loaded    ==================================================
==========Test result on benign test dataset(CA)==========
[2026-08-16_18:32:42] Top-1 correct / Total: 3247/3925, Top-1 accuracy: 0.8272611464968153, Top-5 correct / Total: 3865/3925, Top-5 accuracy: 0.9847133757961783, time: 46.642826318740845
 class_acc:{0: 0.9043927648578811, 1: 0.8405063291139241, 2: 0.876750700280112, 3: 0.6476683937823834, 4: 0.8777506112469438, 5: 0.7538071065989848, 6: 0.8688946015424165, 7: 0.7541766109785203, 8: 0.8947368421052632, 9: 0.8589743589743589}
ASR_lables tensor([1, 1, 1,  ..., 1, 1, 1])
==========Test result on poisoned test dataset(ASR)(Not including images with original label same as attack label)==========
[2026-08-16_18:33:23] Top-1 correct / Total: 40/3530, Top-1 accuracy: 0.0113314447592068, Top-5 correct / Total: 1442/3530, Top-5 accuracy: 0.4084985835694051, time: 88.02268695831299
 class_acc:{1: 0.0113314447592068}
PA_lables tensor([0, 0, 0,  ..., 9, 9, 9])
==========Test result on poisoned test dataset(PA)==========
[2026-08-16_18:34:07] Top-1 correct / Total: 3239/3925, Top-1 accuracy: 0.8252229299363057, Top-5 correct / Total: 3861/3925, Top-5 accuracy: 0.9836942675159236, time: 132.02311086654663
 class_acc:{0: 0.9043927648578811, 1: 0.8379746835443038, 2: 0.876750700280112, 3: 0.6373056994818653, 4: 0.8801955990220048, 5: 0.7563451776649747, 6: 0.8611825192802056, 7: 0.7541766109785203, 8: 0.8897243107769424, 9: 0.8589743589743589}
=================================================End==================================================
