2026-08-16 19:05:56,685 [INFO] Run log: logs/20260816_190556_Imagenette2_ISSBA_haze_0.75_seed1234.log
Using the Imagenette2
The at_threshold: 1
2026-08-16 19:05:57,003 [INFO] Using device: cuda:0
====================================================================================
Non-default run settings
====================================================================================
attack_method: ISSBA
attack_schedule: ISSBA
issba_exported_poisoned_root: exported_poisoned/ISSBA/Imagenette2
restorer_ckpt: ./pretrain/ots-base.pkl
degradation_type: haze
degradation_strength: 0.75
deg: haze
deg_scale: 0.75
purify_clean_test: True
purify_poisoned_test: True
use_purified_clean_test: True
use_purified_pois_test: True
at_threshold: 1
------------------------------------------------------------------------------------
Runtime metadata
------------------------------------------------------------------------------------
mode: 3
classes: 20
device: cuda:0
run_log_path: logs/20260816_190556_Imagenette2_ISSBA_haze_0.75_seed1234.log
====================================================================================
Mode is 3
====================================================================================
purified_ins(args, clean_train, purified_clean_test, poisoned_train, purified_pois_test)
====================================================================================
Using Pre-trained model: Imagenette2_pretrain/ISSBA/Res_34_256
=================================================Loading Model ==================================================
=================================================    Loaded    ==================================================
==========Test result on benign test dataset(CA)==========
[2026-08-16_19:20:16] Top-1 correct / Total: 3119/3925, Top-1 accuracy: 0.7946496815286624, Top-5 correct / Total: 3847/3925, Top-5 accuracy: 0.9801273885350319, time: 45.225419998168945
 class_acc:{0: 0.8682170542635659, 1: 0.7645569620253164, 2: 0.9159663865546218, 3: 0.538860103626943, 4: 0.8459657701711492, 5: 0.6928934010152284, 6: 0.8688946015424165, 7: 0.7159904534606205, 8: 0.87468671679198, 9: 0.8717948717948718}
ASR_lables tensor([1, 1, 1,  ..., 1, 1, 1])
==========Test result on poisoned test dataset(ASR)(Not including images with original label same as attack label)==========
[2026-08-16_19:20:58] Top-1 correct / Total: 31/3530, Top-1 accuracy: 0.008781869688385268, Top-5 correct / Total: 1246/3530, Top-5 accuracy: 0.3529745042492918, time: 87.19561815261841
 class_acc:{1: 0.008781869688385268}
PA_lables tensor([0, 0, 0,  ..., 9, 9, 9])
==========Test result on poisoned test dataset(PA)==========
[2026-08-16_19:21:42] Top-1 correct / Total: 3123/3925, Top-1 accuracy: 0.7956687898089172, Top-5 correct / Total: 3849/3925, Top-5 accuracy: 0.9806369426751592, time: 131.25590181350708
 class_acc:{0: 0.8785529715762274, 1: 0.7670886075949367, 2: 0.9103641456582633, 3: 0.533678756476684, 4: 0.8484107579462102, 5: 0.6928934010152284, 6: 0.87146529562982, 7: 0.720763723150358, 8: 0.8721804511278195, 9: 0.8717948717948718}
=================================================End==================================================
