2026-08-16 20:12:08,023 [INFO] Run log: logs/20260816_201208_Imagenette2_Blended_haze_0.75_seed1234.log
Using the Imagenette2
The at_threshold: 1
2026-08-16 20:12:08,295 [INFO] Using device: cuda:0
====================================================================================
Non-default run settings
====================================================================================
attack_method: Blended
attack_schedule: Blended
restorer_ckpt: ./pretrain/ots-base.pkl
degradation_type: haze
degradation_strength: 0.75
deg: haze
deg_scale: 0.75
purify_clean_test: True
purify_poisoned_test: True
use_purified_clean_test: True
use_purified_pois_test: True
at_threshold: 1
------------------------------------------------------------------------------------
Runtime metadata
------------------------------------------------------------------------------------
mode: 3
classes: 20
device: cuda:0
run_log_path: logs/20260816_201208_Imagenette2_Blended_haze_0.75_seed1234.log
====================================================================================
Mode is 3
====================================================================================
purified_ins(args, clean_train, purified_clean_test, poisoned_train, purified_pois_test)
====================================================================================
Using Pre-trained model: Imagenette2_pretrain/Blended/Res_34_256
=================================================Loading Model ==================================================
=================================================    Loaded    ==================================================
==========Test result on benign test dataset(CA)==========
[2026-08-16_20:25:32] Top-1 correct / Total: 3278/3925, Top-1 accuracy: 0.8351592356687898, Top-5 correct / Total: 3856/3925, Top-5 accuracy: 0.9824203821656051, time: 21.961041927337646
 class_acc:{0: 0.875968992248062, 1: 0.8632911392405064, 2: 0.8935574229691877, 3: 0.5544041450777202, 4: 0.8973105134474327, 5: 0.7868020304568528, 6: 0.8868894601542416, 7: 0.7899761336515513, 8: 0.8822055137844611, 9: 0.9230769230769231}
ASR_lables tensor([1, 1, 1,  ..., 1, 1, 1])
==========Test result on poisoned test dataset(ASR)(Not including images with original label same as attack label)==========
[2026-08-16_20:25:53] Top-1 correct / Total: 3472/3530, Top-1 accuracy: 0.9835694050991501, Top-5 correct / Total: 3530/3530, Top-5 accuracy: 1.0, time: 42.53915023803711
 class_acc:{1: 0.9835694050991501}
PA_lables tensor([0, 0, 0,  ..., 9, 9, 9])
==========Test result on poisoned test dataset(PA)==========
[2026-08-16_20:26:14] Top-1 correct / Total: 434/3925, Top-1 accuracy: 0.11057324840764331, Top-5 correct / Total: 3250/3925, Top-5 accuracy: 0.8280254777070064, time: 63.958521604537964
 class_acc:{0: 0.002583979328165375, 1: 1.0, 2: 0.011204481792717087, 3: 0.0, 4: 0.007334963325183374, 5: 0.01015228426395939, 6: 0.0, 7: 0.0, 8: 0.05012531328320802, 9: 0.017948717948717947}
=================================================End==================================================
