2026-08-16 18:50:06,183 [INFO] Run log: logs/20260816_185006_Imagenette2_ISSBA_haze_0.5_seed1234.log
Using the Imagenette2
The at_threshold: 1
2026-08-16 18:50:06,464 [INFO] Using device: cuda:0
====================================================================================
Non-default run settings
====================================================================================
attack_method: ISSBA
attack_schedule: ISSBA
issba_exported_poisoned_root: exported_poisoned/ISSBA/Imagenette2
restorer_ckpt: ./pretrain/ots-base.pkl
degradation_type: haze
degradation_strength: 0.5
deg: haze
deg_scale: 0.5
purify_clean_test: True
purify_poisoned_test: True
use_purified_clean_test: True
use_purified_pois_test: True
at_threshold: 1
------------------------------------------------------------------------------------
Runtime metadata
------------------------------------------------------------------------------------
mode: 3
classes: 20
device: cuda:0
run_log_path: logs/20260816_185006_Imagenette2_ISSBA_haze_0.5_seed1234.log
====================================================================================
Mode is 3
====================================================================================
purified_ins(args, clean_train, purified_clean_test, poisoned_train, purified_pois_test)
====================================================================================
Using Pre-trained model: Imagenette2_pretrain/ISSBA/Res_34_256
=================================================Loading Model ==================================================
=================================================    Loaded    ==================================================
==========Test result on benign test dataset(CA)==========
[2026-08-16_19:04:26] Top-1 correct / Total: 3229/3925, Top-1 accuracy: 0.8226751592356688, Top-5 correct / Total: 3869/3925, Top-5 accuracy: 0.9857324840764331, time: 45.372400999069214
 class_acc:{0: 0.9095607235142119, 1: 0.8278481012658228, 2: 0.8907563025210085, 3: 0.6088082901554405, 4: 0.863080684596577, 5: 0.766497461928934, 6: 0.8637532133676092, 7: 0.7494033412887828, 8: 0.8897243107769424, 9: 0.8641025641025641}
ASR_lables tensor([1, 1, 1,  ..., 1, 1, 1])
==========Test result on poisoned test dataset(ASR)(Not including images with original label same as attack label)==========
[2026-08-16_19:05:05] Top-1 correct / Total: 41/3530, Top-1 accuracy: 0.01161473087818697, Top-5 correct / Total: 1374/3530, Top-5 accuracy: 0.38923512747875355, time: 84.71106052398682
 class_acc:{1: 0.01161473087818697}
PA_lables tensor([0, 0, 0,  ..., 9, 9, 9])
==========Test result on poisoned test dataset(PA)==========
[2026-08-16_19:05:53] Top-1 correct / Total: 3230/3925, Top-1 accuracy: 0.8229299363057325, Top-5 correct / Total: 3870/3925, Top-5 accuracy: 0.9859872611464968, time: 132.58733773231506
 class_acc:{0: 0.9095607235142119, 1: 0.830379746835443, 2: 0.8879551820728291, 3: 0.6088082901554405, 4: 0.8728606356968215, 5: 0.7614213197969543, 6: 0.8663239074550129, 7: 0.7494033412887828, 8: 0.8897243107769424, 9: 0.8589743589743589}
=================================================End==================================================
