2026-08-19 02:41:02,303 [INFO] Run log: logs/20260819_024102_Imagenette2_WaNet_haze_0.15_seed1234.log
Using the Imagenette2
The at_threshold: 1
2026-08-19 02:41:02,616 [INFO] Using device: cuda:0
====================================================================================
Non-default run settings
====================================================================================
attack_method: WaNet
attack_schedule: WaNet
attack_target: 0
poisoned_rate: 0.1
restorer_ckpt: ./pretrain/ots-base.pkl
degradation_type: haze
degradation_strength: 0.15
deg: haze
deg_scale: 0.15
purify_clean_test: True
purify_poisoned_test: True
use_purified_clean_test: True
use_purified_pois_test: True
at_threshold: 1
------------------------------------------------------------------------------------
Runtime metadata
------------------------------------------------------------------------------------
mode: 3
classes: 20
device: cuda:0
run_log_path: logs/20260819_024102_Imagenette2_WaNet_haze_0.15_seed1234.log
====================================================================================
Mode is 3
====================================================================================
purified_ins(args, clean_train, purified_clean_test, poisoned_train, purified_pois_test)
====================================================================================
Using Pre-trained model: Imagenette2_pretrain/WaNet/Res_34_256
=================================================Loading Model ==================================================
=================================================    Loaded    ==================================================
==========Test result on benign test dataset(CA)==========
[2026-08-19_02:54:55] Top-1 correct / Total: 3367/3925, Top-1 accuracy: 0.8578343949044586, Top-5 correct / Total: 3878/3925, Top-5 accuracy: 0.9880254777070063, time: 21.862492322921753
 class_acc:{0: 0.8914728682170543, 1: 0.8936708860759494, 2: 0.8907563025210085, 3: 0.7305699481865285, 4: 0.9144254278728606, 5: 0.8401015228426396, 6: 0.8637532133676092, 7: 0.7684964200477327, 8: 0.9022556390977443, 9: 0.8871794871794871}
ASR_lables tensor([0, 0, 0,  ..., 0, 0, 0])
==========Test result on poisoned test dataset(ASR)(Not including images with original label same as attack label)==========
[2026-08-19_02:55:14] Top-1 correct / Total: 3470/3538, Top-1 accuracy: 0.9807801017524025, Top-5 correct / Total: 3538/3538, Top-5 accuracy: 1.0, time: 41.207438468933105
 class_acc:{0: 0.9807801017524025}
PA_lables tensor([0, 0, 0,  ..., 9, 9, 9])
==========Test result on poisoned test dataset(PA)==========
[2026-08-19_02:55:36] Top-1 correct / Total: 452/3925, Top-1 accuracy: 0.11515923566878981, Top-5 correct / Total: 3392/3925, Top-5 accuracy: 0.8642038216560509, time: 62.72276210784912
 class_acc:{0: 1.0, 1: 0.017721518987341773, 2: 0.0, 3: 0.0025906735751295338, 4: 0.05378973105134474, 5: 0.0025380710659898475, 6: 0.0, 7: 0.0, 8: 0.03258145363408521, 9: 0.05384615384615385}
=================================================End==================================================
