2026-08-19 03:10:15,224 [INFO] Run log: logs/20260819_031015_Imagenette2_WaNet_haze_0.5_seed1234.log
Using the Imagenette2
The at_threshold: 1
2026-08-19 03:10:15,538 [INFO] Using device: cuda:0
====================================================================================
Non-default run settings
====================================================================================
attack_method: WaNet
attack_schedule: WaNet
attack_target: 0
poisoned_rate: 0.1
restorer_ckpt: ./pretrain/ots-base.pkl
degradation_type: haze
degradation_strength: 0.5
deg: haze
deg_scale: 0.5
purify_clean_test: True
purify_poisoned_test: True
use_purified_clean_test: True
use_purified_pois_test: True
at_threshold: 1
------------------------------------------------------------------------------------
Runtime metadata
------------------------------------------------------------------------------------
mode: 3
classes: 20
device: cuda:0
run_log_path: logs/20260819_031015_Imagenette2_WaNet_haze_0.5_seed1234.log
====================================================================================
Mode is 3
====================================================================================
purified_ins(args, clean_train, purified_clean_test, poisoned_train, purified_pois_test)
====================================================================================
Using Pre-trained model: Imagenette2_pretrain/WaNet/Res_34_256
=================================================Loading Model ==================================================
=================================================    Loaded    ==================================================
==========Test result on benign test dataset(CA)==========
[2026-08-19_03:24:10] Top-1 correct / Total: 3351/3925, Top-1 accuracy: 0.8537579617834395, Top-5 correct / Total: 3880/3925, Top-5 accuracy: 0.9885350318471338, time: 21.97079062461853
 class_acc:{0: 0.8785529715762274, 1: 0.8810126582278481, 2: 0.8935574229691877, 3: 0.6917098445595855, 4: 0.9095354523227384, 5: 0.8527918781725888, 6: 0.8740359897172236, 7: 0.7732696897374701, 8: 0.9047619047619048, 9: 0.882051282051282}
ASR_lables tensor([0, 0, 0,  ..., 0, 0, 0])
==========Test result on poisoned test dataset(ASR)(Not including images with original label same as attack label)==========
[2026-08-19_03:24:30] Top-1 correct / Total: 3468/3538, Top-1 accuracy: 0.9802148106274732, Top-5 correct / Total: 3538/3538, Top-5 accuracy: 1.0, time: 41.65620827674866
 class_acc:{0: 0.9802148106274732}
PA_lables tensor([0, 0, 0,  ..., 9, 9, 9])
==========Test result on poisoned test dataset(PA)==========
[2026-08-19_03:24:52] Top-1 correct / Total: 455/3925, Top-1 accuracy: 0.1159235668789809, Top-5 correct / Total: 3412/3925, Top-5 accuracy: 0.8692993630573248, time: 63.184391498565674
 class_acc:{0: 1.0, 1: 0.017721518987341773, 2: 0.0, 3: 0.0025906735751295338, 4: 0.05623471882640587, 5: 0.005076142131979695, 6: 0.0, 7: 0.0, 8: 0.05263157894736842, 9: 0.035897435897435895}
=================================================End==================================================
