2026-08-16 18:34:10,701 [INFO] Run log: logs/20260816_183410_Imagenette2_ISSBA_haze_0.2_seed1234.log
Using the Imagenette2
The at_threshold: 1
2026-08-16 18:34:11,000 [INFO] Using device: cuda:0
====================================================================================
Non-default run settings
====================================================================================
attack_method: ISSBA
attack_schedule: ISSBA
issba_exported_poisoned_root: exported_poisoned/ISSBA/Imagenette2
restorer_ckpt: ./pretrain/ots-base.pkl
degradation_type: haze
degradation_strength: 0.2
deg: haze
deg_scale: 0.2
purify_clean_test: True
purify_poisoned_test: True
use_purified_clean_test: True
use_purified_pois_test: True
at_threshold: 1
------------------------------------------------------------------------------------
Runtime metadata
------------------------------------------------------------------------------------
mode: 3
classes: 20
device: cuda:0
run_log_path: logs/20260816_183410_Imagenette2_ISSBA_haze_0.2_seed1234.log
====================================================================================
Mode is 3
====================================================================================
purified_ins(args, clean_train, purified_clean_test, poisoned_train, purified_pois_test)
====================================================================================
Using Pre-trained model: Imagenette2_pretrain/ISSBA/Res_34_256
=================================================Loading Model ==================================================
=================================================    Loaded    ==================================================
==========Test result on benign test dataset(CA)==========
[2026-08-16_18:48:36] Top-1 correct / Total: 3245/3925, Top-1 accuracy: 0.8267515923566879, Top-5 correct / Total: 3865/3925, Top-5 accuracy: 0.9847133757961783, time: 48.77399802207947
 class_acc:{0: 0.9069767441860465, 1: 0.8405063291139241, 2: 0.876750700280112, 3: 0.6476683937823834, 4: 0.8728606356968215, 5: 0.7563451776649747, 6: 0.8663239074550129, 7: 0.7541766109785203, 8: 0.8922305764411027, 9: 0.8589743589743589}
ASR_lables tensor([1, 1, 1,  ..., 1, 1, 1])
==========Test result on poisoned test dataset(ASR)(Not including images with original label same as attack label)==========
[2026-08-16_18:49:15] Top-1 correct / Total: 41/3530, Top-1 accuracy: 0.01161473087818697, Top-5 correct / Total: 1436/3530, Top-5 accuracy: 0.4067988668555241, time: 87.76016569137573
 class_acc:{1: 0.01161473087818697}
PA_lables tensor([0, 0, 0,  ..., 9, 9, 9])
==========Test result on poisoned test dataset(PA)==========
[2026-08-16_18:50:02] Top-1 correct / Total: 3239/3925, Top-1 accuracy: 0.8252229299363057, Top-5 correct / Total: 3862/3925, Top-5 accuracy: 0.9839490445859873, time: 135.21406197547913
 class_acc:{0: 0.9043927648578811, 1: 0.8405063291139241, 2: 0.8795518207282913, 3: 0.6398963730569949, 4: 0.8777506112469438, 5: 0.7538071065989848, 6: 0.8637532133676092, 7: 0.7517899761336515, 8: 0.8897243107769424, 9: 0.8564102564102564}
=================================================End==================================================
