2026-08-19 03:39:41,651 [INFO] Run log: logs/20260819_033941_Imagenette2_WaNet_haze_0.9_seed1234.log
Using the Imagenette2
The at_threshold: 1
2026-08-19 03:39:41,948 [INFO] Using device: cuda:0
====================================================================================
Non-default run settings
====================================================================================
attack_method: WaNet
attack_schedule: WaNet
attack_target: 0
poisoned_rate: 0.1
restorer_ckpt: ./pretrain/ots-base.pkl
degradation_type: haze
degradation_strength: 0.9
deg: haze
deg_scale: 0.9
purify_clean_test: True
purify_poisoned_test: True
use_purified_clean_test: True
use_purified_pois_test: True
at_threshold: 1
------------------------------------------------------------------------------------
Runtime metadata
------------------------------------------------------------------------------------
mode: 3
classes: 20
device: cuda:0
run_log_path: logs/20260819_033941_Imagenette2_WaNet_haze_0.9_seed1234.log
====================================================================================
Mode is 3
====================================================================================
purified_ins(args, clean_train, purified_clean_test, poisoned_train, purified_pois_test)
====================================================================================
Using Pre-trained model: Imagenette2_pretrain/WaNet/Res_34_256
=================================================Loading Model ==================================================
=================================================    Loaded    ==================================================
==========Test result on benign test dataset(CA)==========
[2026-08-19_03:53:30] Top-1 correct / Total: 1250/3925, Top-1 accuracy: 0.3184713375796178, Top-5 correct / Total: 3050/3925, Top-5 accuracy: 0.7770700636942676, time: 21.766419887542725
 class_acc:{0: 0.11627906976744186, 1: 0.02531645569620253, 2: 0.6414565826330533, 3: 0.015544041450777202, 4: 0.3765281173594132, 5: 0.06345177664974619, 6: 0.3059125964010283, 7: 0.16706443914081145, 8: 0.8195488721804511, 9: 0.6794871794871795}
ASR_lables tensor([0, 0, 0,  ..., 0, 0, 0])
==========Test result on poisoned test dataset(ASR)(Not including images with original label same as attack label)==========
[2026-08-19_03:53:49] Top-1 correct / Total: 2609/3538, Top-1 accuracy: 0.7374222724703222, Top-5 correct / Total: 3538/3538, Top-5 accuracy: 1.0, time: 40.8649001121521
 class_acc:{0: 0.7374222724703222}
PA_lables tensor([0, 0, 0,  ..., 9, 9, 9])
==========Test result on poisoned test dataset(PA)==========
[2026-08-19_03:54:11] Top-1 correct / Total: 568/3925, Top-1 accuracy: 0.14471337579617835, Top-5 correct / Total: 2419/3925, Top-5 accuracy: 0.6163057324840764, time: 62.40123772621155
 class_acc:{0: 0.6304909560723514, 1: 0.0, 2: 0.04481792717086835, 3: 0.0, 4: 0.004889975550122249, 5: 0.0, 6: 0.0, 7: 0.002386634844868735, 8: 0.3258145363408521, 9: 0.44871794871794873}
=================================================End==================================================
