2026-08-19 02:55:39,354 [INFO] Run log: logs/20260819_025539_Imagenette2_WaNet_haze_0.2_seed1234.log
Using the Imagenette2
The at_threshold: 1
2026-08-19 02:55:39,661 [INFO] Using device: cuda:0
====================================================================================
Non-default run settings
====================================================================================
attack_method: WaNet
attack_schedule: WaNet
attack_target: 0
poisoned_rate: 0.1
restorer_ckpt: ./pretrain/ots-base.pkl
degradation_type: haze
degradation_strength: 0.2
deg: haze
deg_scale: 0.2
purify_clean_test: True
purify_poisoned_test: True
use_purified_clean_test: True
use_purified_pois_test: True
at_threshold: 1
------------------------------------------------------------------------------------
Runtime metadata
------------------------------------------------------------------------------------
mode: 3
classes: 20
device: cuda:0
run_log_path: logs/20260819_025539_Imagenette2_WaNet_haze_0.2_seed1234.log
====================================================================================
Mode is 3
====================================================================================
purified_ins(args, clean_train, purified_clean_test, poisoned_train, purified_pois_test)
====================================================================================
Using Pre-trained model: Imagenette2_pretrain/WaNet/Res_34_256
=================================================Loading Model ==================================================
=================================================    Loaded    ==================================================
==========Test result on benign test dataset(CA)==========
[2026-08-19_03:09:31] Top-1 correct / Total: 3368/3925, Top-1 accuracy: 0.8580891719745223, Top-5 correct / Total: 3879/3925, Top-5 accuracy: 0.98828025477707, time: 21.867542505264282
 class_acc:{0: 0.8837209302325582, 1: 0.8886075949367088, 2: 0.8907563025210085, 3: 0.7305699481865285, 4: 0.9144254278728606, 5: 0.8401015228426396, 6: 0.8663239074550129, 7: 0.7732696897374701, 8: 0.9072681704260651, 9: 0.8897435897435897}
ASR_lables tensor([0, 0, 0,  ..., 0, 0, 0])
==========Test result on poisoned test dataset(ASR)(Not including images with original label same as attack label)==========
[2026-08-19_03:09:50] Top-1 correct / Total: 3467/3538, Top-1 accuracy: 0.9799321650650085, Top-5 correct / Total: 3538/3538, Top-5 accuracy: 1.0, time: 41.080795764923096
 class_acc:{0: 0.9799321650650085}
PA_lables tensor([0, 0, 0,  ..., 9, 9, 9])
==========Test result on poisoned test dataset(PA)==========
[2026-08-19_03:10:12] Top-1 correct / Total: 455/3925, Top-1 accuracy: 0.1159235668789809, Top-5 correct / Total: 3389/3925, Top-5 accuracy: 0.8634394904458599, time: 62.51213335990906
 class_acc:{0: 1.0, 1: 0.017721518987341773, 2: 0.0, 3: 0.0025906735751295338, 4: 0.05623471882640587, 5: 0.0025380710659898475, 6: 0.0, 7: 0.0, 8: 0.03508771929824561, 9: 0.05641025641025641}
=================================================End==================================================
