2026-08-16 19:21:45,903 [INFO] Run log: logs/20260816_192145_Imagenette2_ISSBA_haze_0.9_seed1234.log
Using the Imagenette2
The at_threshold: 1
2026-08-16 19:21:46,152 [INFO] Using device: cuda:0
====================================================================================
Non-default run settings
====================================================================================
attack_method: ISSBA
attack_schedule: ISSBA
issba_exported_poisoned_root: exported_poisoned/ISSBA/Imagenette2
restorer_ckpt: ./pretrain/ots-base.pkl
degradation_type: haze
degradation_strength: 0.9
deg: haze
deg_scale: 0.9
purify_clean_test: True
purify_poisoned_test: True
use_purified_clean_test: True
use_purified_pois_test: True
at_threshold: 1
------------------------------------------------------------------------------------
Runtime metadata
------------------------------------------------------------------------------------
mode: 3
classes: 20
device: cuda:0
run_log_path: logs/20260816_192145_Imagenette2_ISSBA_haze_0.9_seed1234.log
====================================================================================
Mode is 3
====================================================================================
purified_ins(args, clean_train, purified_clean_test, poisoned_train, purified_pois_test)
====================================================================================
Using Pre-trained model: Imagenette2_pretrain/ISSBA/Res_34_256
=================================================Loading Model ==================================================
=================================================    Loaded    ==================================================
==========Test result on benign test dataset(CA)==========
[2026-08-16_19:35:29] Top-1 correct / Total: 1191/3925, Top-1 accuracy: 0.3034394904458599, Top-5 correct / Total: 3075/3925, Top-5 accuracy: 0.7834394904458599, time: 21.706933736801147
 class_acc:{0: 0.023255813953488372, 1: 0.027848101265822784, 2: 0.6778711484593838, 3: 0.06476683937823834, 4: 0.3740831295843521, 5: 0.030456852791878174, 6: 0.10282776349614396, 7: 0.15274463007159905, 8: 0.6541353383458647, 9: 0.958974358974359}
ASR_lables tensor([1, 1, 1,  ..., 1, 1, 1])
==========Test result on poisoned test dataset(ASR)(Not including images with original label same as attack label)==========
[2026-08-16_19:35:49] Top-1 correct / Total: 3/3530, Top-1 accuracy: 0.0008498583569405099, Top-5 correct / Total: 1008/3530, Top-5 accuracy: 0.2855524079320113, time: 41.37035942077637
 class_acc:{1: 0.0008498583569405099}
PA_lables tensor([0, 0, 0,  ..., 9, 9, 9])
==========Test result on poisoned test dataset(PA)==========
[2026-08-16_19:36:10] Top-1 correct / Total: 1184/3925, Top-1 accuracy: 0.30165605095541403, Top-5 correct / Total: 3081/3925, Top-5 accuracy: 0.784968152866242, time: 62.66902565956116
 class_acc:{0: 0.025839793281653745, 1: 0.027848101265822784, 2: 0.6778711484593838, 3: 0.06735751295336788, 4: 0.3740831295843521, 5: 0.025380710659898477, 6: 0.09511568123393316, 7: 0.15035799522673032, 8: 0.6466165413533834, 9: 0.958974358974359}
=================================================End==================================================
