2026-08-19 04:09:05,741 [INFO] Run log: logs/20260819_040905_Imagenette2_WaNet_haze_0.2_seed1234.log
Using the Imagenette2
The at_threshold: 1
2026-08-19 04:09:06,047 [INFO] Using device: cuda:0
====================================================================================
Non-default run settings
====================================================================================
attack_method: WaNet
attack_schedule: WaNet
attack_target: 0
poisoned_rate: 0.1
use_conv_ir: False
disable_conv_ir: True
restorer_ckpt: ./pretrain/haze4k-base.pkl
degradation_type: haze
degradation_strength: 0.2
deg: haze
deg_scale: 0.2
purify_clean_test: True
purify_poisoned_test: True
use_purified_clean_test: True
use_purified_pois_test: True
at_threshold: 1
------------------------------------------------------------------------------------
Runtime metadata
------------------------------------------------------------------------------------
mode: 3
classes: 20
device: cuda:0
run_log_path: logs/20260819_040905_Imagenette2_WaNet_haze_0.2_seed1234.log
====================================================================================
Mode is 3
====================================================================================
purified_ins(args, clean_train, purified_clean_test, poisoned_train, purified_pois_test)
====================================================================================
Using Pre-trained model: Imagenette2_pretrain/WaNet/Res_34_256
=================================================Loading Model ==================================================
=================================================    Loaded    ==================================================
==========Test result on benign test dataset(CA)==========
[2026-08-19_04:16:33] Top-1 correct / Total: 3274/3925, Top-1 accuracy: 0.834140127388535, Top-5 correct / Total: 3863/3925, Top-5 accuracy: 0.9842038216560509, time: 21.984916925430298
 class_acc:{0: 0.9328165374677002, 1: 0.8632911392405064, 2: 0.9159663865546218, 3: 0.5751295336787565, 4: 0.8679706601466992, 5: 0.7690355329949239, 6: 0.884318766066838, 7: 0.7398568019093079, 8: 0.9097744360902256, 9: 0.8923076923076924}
ASR_lables tensor([0, 0, 0,  ..., 0, 0, 0])
==========Test result on poisoned test dataset(ASR)(Not including images with original label same as attack label)==========
[2026-08-19_04:16:53] Top-1 correct / Total: 3492/3538, Top-1 accuracy: 0.9869983041266253, Top-5 correct / Total: 3538/3538, Top-5 accuracy: 1.0, time: 41.92356324195862
 class_acc:{0: 0.9869983041266253}
PA_lables tensor([0, 0, 0,  ..., 9, 9, 9])
==========Test result on poisoned test dataset(PA)==========
[2026-08-19_04:17:15] Top-1 correct / Total: 430/3925, Top-1 accuracy: 0.10955414012738854, Top-5 correct / Total: 3267/3925, Top-5 accuracy: 0.8323566878980891, time: 63.11936950683594
 class_acc:{0: 1.0, 1: 0.007594936708860759, 2: 0.0, 3: 0.0, 4: 0.02444987775061125, 5: 0.0, 6: 0.0, 7: 0.0, 8: 0.03007518796992481, 9: 0.046153846153846156}
=================================================End==================================================
