2026-08-16 20:18:39,505 [INFO] Run log: logs/20260816_201839_Imagenette2_BadNet_haze_0.5_seed1234.log
Using the Imagenette2
The at_threshold: 1
2026-08-16 20:18:39,787 [INFO] Using device: cuda:0
====================================================================================
Non-default run settings
====================================================================================
use_conv_ir: False
disable_conv_ir: True
restorer_ckpt: ./pretrain/haze4k-base.pkl
degradation_type: haze
degradation_strength: 0.5
deg: haze
deg_scale: 0.5
purify_clean_test: True
purify_poisoned_test: True
use_purified_clean_test: True
use_purified_pois_test: True
at_threshold: 1
------------------------------------------------------------------------------------
Runtime metadata
------------------------------------------------------------------------------------
mode: 3
classes: 20
device: cuda:0
run_log_path: logs/20260816_201839_Imagenette2_BadNet_haze_0.5_seed1234.log
====================================================================================
Mode is 3
Using the pattern size: 9*9
====================================================================================
purified_ins(args, clean_train, purified_clean_test, poisoned_train, purified_pois_test)
====================================================================================
Using Pre-trained model: Imagenette2_pretrain/BadNet/Res_34_256
=================================================Loading Model ==================================================
=================================================    Loaded    ==================================================
==========Test result on benign test dataset(CA)==========
[2026-08-16_20:26:54] Top-1 correct / Total: 2556/3925, Top-1 accuracy: 0.6512101910828025, Top-5 correct / Total: 3706/3925, Top-5 accuracy: 0.944203821656051, time: 26.629241943359375
 class_acc:{0: 0.875968992248062, 1: 0.5215189873417722, 2: 0.9467787114845938, 3: 0.17357512953367876, 4: 0.7017114914425427, 5: 0.30456852791878175, 6: 0.7095115681233933, 7: 0.568019093078759, 8: 0.8446115288220551, 9: 0.8923076923076924}
ASR_lables tensor([1, 1, 1,  ..., 1, 1, 1])
==========Test result on poisoned test dataset(ASR)(Not including images with original label same as attack label)==========
[2026-08-16_20:27:16] Top-1 correct / Total: 3131/3530, Top-1 accuracy: 0.8869688385269122, Top-5 correct / Total: 3530/3530, Top-5 accuracy: 1.0, time: 48.47085905075073
 class_acc:{1: 0.8869688385269122}
PA_lables tensor([0, 0, 0,  ..., 9, 9, 9])
==========Test result on poisoned test dataset(PA)==========
[2026-08-16_20:27:42] Top-1 correct / Total: 783/3925, Top-1 accuracy: 0.1994904458598726, Top-5 correct / Total: 3725/3925, Top-5 accuracy: 0.9490445859872612, time: 74.15835452079773
 class_acc:{0: 0.1834625322997416, 1: 1.0, 2: 0.28851540616246496, 3: 0.010362694300518135, 4: 0.10024449877750612, 5: 0.04060913705583756, 6: 0.038560411311053984, 7: 0.03579952267303103, 8: 0.2706766917293233, 9: 0.038461538461538464}
=================================================End==================================================
