2026-08-19 04:17:18,196 [INFO] Run log: logs/20260819_041718_Imagenette2_WaNet_haze_0.5_seed1234.log
Using the Imagenette2
The at_threshold: 1
2026-08-19 04:17:18,501 [INFO] Using device: cuda:0
====================================================================================
Non-default run settings
====================================================================================
attack_method: WaNet
attack_schedule: WaNet
attack_target: 0
poisoned_rate: 0.1
use_conv_ir: False
disable_conv_ir: True
restorer_ckpt: ./pretrain/haze4k-base.pkl
degradation_type: haze
degradation_strength: 0.5
deg: haze
deg_scale: 0.5
purify_clean_test: True
purify_poisoned_test: True
use_purified_clean_test: True
use_purified_pois_test: True
at_threshold: 1
------------------------------------------------------------------------------------
Runtime metadata
------------------------------------------------------------------------------------
mode: 3
classes: 20
device: cuda:0
run_log_path: logs/20260819_041718_Imagenette2_WaNet_haze_0.5_seed1234.log
====================================================================================
Mode is 3
====================================================================================
purified_ins(args, clean_train, purified_clean_test, poisoned_train, purified_pois_test)
====================================================================================
Using Pre-trained model: Imagenette2_pretrain/WaNet/Res_34_256
=================================================Loading Model ==================================================
=================================================    Loaded    ==================================================
==========Test result on benign test dataset(CA)==========
[2026-08-19_04:25:09] Top-1 correct / Total: 2765/3925, Top-1 accuracy: 0.7044585987261146, Top-5 correct / Total: 3774/3925, Top-5 accuracy: 0.9615286624203822, time: 22.043294668197632
 class_acc:{0: 0.8578811369509044, 1: 0.6227848101265823, 2: 0.9327731092436975, 3: 0.20984455958549222, 4: 0.7921760391198044, 5: 0.38071065989847713, 6: 0.8380462724935732, 7: 0.6324582338902148, 8: 0.8922305764411027, 9: 0.9025641025641026}
ASR_lables tensor([0, 0, 0,  ..., 0, 0, 0])
==========Test result on poisoned test dataset(ASR)(Not including images with original label same as attack label)==========
[2026-08-19_04:25:29] Top-1 correct / Total: 3500/3538, Top-1 accuracy: 0.9892594686263426, Top-5 correct / Total: 3538/3538, Top-5 accuracy: 1.0, time: 42.19081521034241
 class_acc:{0: 0.9892594686263426}
PA_lables tensor([0, 0, 0,  ..., 9, 9, 9])
==========Test result on poisoned test dataset(PA)==========
[2026-08-19_04:25:51] Top-1 correct / Total: 419/3925, Top-1 accuracy: 0.1067515923566879, Top-5 correct / Total: 3166/3925, Top-5 accuracy: 0.806624203821656, time: 63.338425397872925
 class_acc:{0: 1.0, 1: 0.0, 2: 0.0, 3: 0.0, 4: 0.012224938875305624, 5: 0.0, 6: 0.0, 7: 0.0, 8: 0.022556390977443608, 9: 0.046153846153846156}
=================================================End==================================================
