2026-08-16 21:13:56,257 [INFO] Run log: logs/20260816_211356_Imagenette2_Blended_haze_0.75_seed1234.log
Using the Imagenette2
The at_threshold: 1
2026-08-16 21:13:56,557 [INFO] Using device: cuda:0
====================================================================================
Non-default run settings
====================================================================================
attack_method: Blended
attack_schedule: Blended
use_conv_ir: False
disable_conv_ir: True
restorer_ckpt: ./pretrain/haze4k-base.pkl
degradation_type: haze
degradation_strength: 0.75
deg: haze
deg_scale: 0.75
purify_clean_test: True
purify_poisoned_test: True
use_purified_clean_test: True
use_purified_pois_test: True
at_threshold: 1
------------------------------------------------------------------------------------
Runtime metadata
------------------------------------------------------------------------------------
mode: 3
classes: 20
device: cuda:0
run_log_path: logs/20260816_211356_Imagenette2_Blended_haze_0.75_seed1234.log
====================================================================================
Mode is 3
====================================================================================
purified_ins(args, clean_train, purified_clean_test, poisoned_train, purified_pois_test)
====================================================================================
Using Pre-trained model: Imagenette2_pretrain/Blended/Res_34_256
=================================================Loading Model ==================================================
=================================================    Loaded    ==================================================
==========Test result on benign test dataset(CA)==========
[2026-08-16_21:21:22] Top-1 correct / Total: 1510/3925, Top-1 accuracy: 0.38471337579617837, Top-5 correct / Total: 3346/3925, Top-5 accuracy: 0.8524840764331211, time: 22.140295267105103
 class_acc:{0: 0.03875968992248062, 1: 0.12151898734177215, 2: 0.7282913165266106, 3: 0.04145077720207254, 4: 0.5158924205378973, 5: 0.017766497461928935, 6: 0.35218508997429304, 7: 0.34844868735083534, 8: 0.7744360902255639, 9: 0.9256410256410257}
ASR_lables tensor([1, 1, 1,  ..., 1, 1, 1])
==========Test result on poisoned test dataset(ASR)(Not including images with original label same as attack label)==========
[2026-08-16_21:21:42] Top-1 correct / Total: 689/3530, Top-1 accuracy: 0.1951841359773371, Top-5 correct / Total: 3530/3530, Top-5 accuracy: 1.0, time: 42.22823524475098
 class_acc:{1: 0.1951841359773371}
PA_lables tensor([0, 0, 0,  ..., 9, 9, 9])
==========Test result on poisoned test dataset(PA)==========
[2026-08-16_21:22:03] Top-1 correct / Total: 590/3925, Top-1 accuracy: 0.1503184713375796, Top-5 correct / Total: 2762/3925, Top-5 accuracy: 0.7036942675159236, time: 63.462852239608765
 class_acc:{0: 0.002583979328165375, 1: 0.1518987341772152, 2: 0.04481792717086835, 3: 0.0, 4: 0.07579462102689487, 5: 0.0, 6: 0.002570694087403599, 7: 0.02386634844868735, 8: 0.22807017543859648, 9: 0.9743589743589743}
=================================================End==================================================
