2026-08-16 20:09:57,458 [INFO] Run log: logs/20260816_200957_Imagenette2_BadNet_haze_0.2_seed1234.log
Using the Imagenette2
The at_threshold: 1
2026-08-16 20:09:57,739 [INFO] Using device: cuda:0
====================================================================================
Non-default run settings
====================================================================================
use_conv_ir: False
disable_conv_ir: True
restorer_ckpt: ./pretrain/haze4k-base.pkl
degradation_type: haze
degradation_strength: 0.2
deg: haze
deg_scale: 0.2
purify_clean_test: True
purify_poisoned_test: True
use_purified_clean_test: True
use_purified_pois_test: True
at_threshold: 1
------------------------------------------------------------------------------------
Runtime metadata
------------------------------------------------------------------------------------
mode: 3
classes: 20
device: cuda:0
run_log_path: logs/20260816_200957_Imagenette2_BadNet_haze_0.2_seed1234.log
====================================================================================
Mode is 3
Using the pattern size: 9*9
====================================================================================
purified_ins(args, clean_train, purified_clean_test, poisoned_train, purified_pois_test)
====================================================================================
Using Pre-trained model: Imagenette2_pretrain/BadNet/Res_34_256
=================================================Loading Model ==================================================
=================================================    Loaded    ==================================================
==========Test result on benign test dataset(CA)==========
[2026-08-16_20:17:48] Top-1 correct / Total: 3217/3925, Top-1 accuracy: 0.8196178343949044, Top-5 correct / Total: 3862/3925, Top-5 accuracy: 0.9839490445859873, time: 26.495283365249634
 class_acc:{0: 0.9431524547803618, 1: 0.8329113924050633, 2: 0.9131652661064426, 3: 0.5751295336787565, 4: 0.8557457212713936, 5: 0.7385786802030457, 6: 0.8868894601542416, 7: 0.6992840095465394, 8: 0.8621553884711779, 9: 0.9025641025641026}
ASR_lables tensor([1, 1, 1,  ..., 1, 1, 1])
==========Test result on poisoned test dataset(ASR)(Not including images with original label same as attack label)==========
[2026-08-16_20:18:10] Top-1 correct / Total: 3353/3530, Top-1 accuracy: 0.9498583569405099, Top-5 correct / Total: 3530/3530, Top-5 accuracy: 1.0, time: 49.028563261032104
 class_acc:{1: 0.9498583569405099}
PA_lables tensor([0, 0, 0,  ..., 9, 9, 9])
==========Test result on poisoned test dataset(PA)==========
[2026-08-16_20:18:36] Top-1 correct / Total: 572/3925, Top-1 accuracy: 0.14573248407643313, Top-5 correct / Total: 3827/3925, Top-5 accuracy: 0.975031847133758, time: 74.57710719108582
 class_acc:{0: 0.08785529715762273, 1: 1.0, 2: 0.058823529411764705, 3: 0.012953367875647668, 4: 0.08801955990220049, 5: 0.08121827411167512, 6: 0.017994858611825194, 7: 0.014319809069212411, 8: 0.09022556390977443, 9: 0.0}
=================================================End==================================================
