2026-08-16 20:01:11,236 [INFO] Run log: logs/20260816_200111_Imagenette2_BadNet_haze_0.15_seed1234.log
Using the Imagenette2
The at_threshold: 1
2026-08-16 20:01:11,502 [INFO] Using device: cuda:0
====================================================================================
Non-default run settings
====================================================================================
use_conv_ir: False
disable_conv_ir: True
restorer_ckpt: ./pretrain/haze4k-base.pkl
degradation_type: haze
degradation_strength: 0.15
deg: haze
deg_scale: 0.15
purify_clean_test: True
purify_poisoned_test: True
use_purified_clean_test: True
use_purified_pois_test: True
at_threshold: 1
------------------------------------------------------------------------------------
Runtime metadata
------------------------------------------------------------------------------------
mode: 3
classes: 20
device: cuda:0
run_log_path: logs/20260816_200111_Imagenette2_BadNet_haze_0.15_seed1234.log
====================================================================================
Mode is 3
Using the pattern size: 9*9
====================================================================================
purified_ins(args, clean_train, purified_clean_test, poisoned_train, purified_pois_test)
====================================================================================
Using Pre-trained model: Imagenette2_pretrain/BadNet/Res_34_256
=================================================Loading Model ==================================================
=================================================    Loaded    ==================================================
==========Test result on benign test dataset(CA)==========
[2026-08-16_20:09:05] Top-1 correct / Total: 3259/3925, Top-1 accuracy: 0.8303184713375796, Top-5 correct / Total: 3870/3925, Top-5 accuracy: 0.9859872611464968, time: 27.794063806533813
 class_acc:{0: 0.9328165374677002, 1: 0.8481012658227848, 2: 0.9103641456582633, 3: 0.6139896373056994, 4: 0.8875305623471883, 5: 0.7588832487309645, 6: 0.8946015424164524, 7: 0.7040572792362768, 8: 0.8671679197994987, 9: 0.8974358974358975}
ASR_lables tensor([1, 1, 1,  ..., 1, 1, 1])
==========Test result on poisoned test dataset(ASR)(Not including images with original label same as attack label)==========
[2026-08-16_20:09:27] Top-1 correct / Total: 3363/3530, Top-1 accuracy: 0.9526912181303117, Top-5 correct / Total: 3530/3530, Top-5 accuracy: 1.0, time: 49.28519535064697
 class_acc:{1: 0.9526912181303117}
PA_lables tensor([0, 0, 0,  ..., 9, 9, 9])
==========Test result on poisoned test dataset(PA)==========
[2026-08-16_20:09:53] Top-1 correct / Total: 562/3925, Top-1 accuracy: 0.1431847133757962, Top-5 correct / Total: 3835/3925, Top-5 accuracy: 0.9770700636942675, time: 76.15676784515381
 class_acc:{0: 0.08527131782945736, 1: 1.0, 2: 0.04481792717086835, 3: 0.012953367875647668, 4: 0.08801955990220049, 5: 0.08375634517766498, 6: 0.017994858611825194, 7: 0.011933174224343675, 8: 0.08020050125313283, 9: 0.0}
=================================================End==================================================
