2026-08-16 21:29:14,918 [INFO] Run log: logs/20260816_212914_Imagenette2_ISSBA_haze_0.15_seed1234.log
Using the Imagenette2
The at_threshold: 1
2026-08-16 21:29:15,213 [INFO] Using device: cuda:0
====================================================================================
Non-default run settings
====================================================================================
attack_method: ISSBA
attack_schedule: ISSBA
issba_exported_poisoned_root: exported_poisoned/ISSBA/Imagenette2
use_conv_ir: False
disable_conv_ir: True
restorer_ckpt: ./pretrain/haze4k-base.pkl
degradation_type: haze
degradation_strength: 0.15
deg: haze
deg_scale: 0.15
purify_clean_test: True
purify_poisoned_test: True
use_purified_clean_test: True
use_purified_pois_test: True
at_threshold: 1
------------------------------------------------------------------------------------
Runtime metadata
------------------------------------------------------------------------------------
mode: 3
classes: 20
device: cuda:0
run_log_path: logs/20260816_212914_Imagenette2_ISSBA_haze_0.15_seed1234.log
====================================================================================
Mode is 3
====================================================================================
purified_ins(args, clean_train, purified_clean_test, poisoned_train, purified_pois_test)
====================================================================================
Using Pre-trained model: Imagenette2_pretrain/ISSBA/Res_34_256
=================================================Loading Model ==================================================
=================================================    Loaded    ==================================================
==========Test result on benign test dataset(CA)==========
[2026-08-16_21:36:07] Top-1 correct / Total: 3203/3925, Top-1 accuracy: 0.8160509554140127, Top-5 correct / Total: 3854/3925, Top-5 accuracy: 0.9819108280254777, time: 22.01907444000244
 class_acc:{0: 0.9328165374677002, 1: 0.8126582278481013, 2: 0.9187675070028011, 3: 0.616580310880829, 4: 0.8557457212713936, 5: 0.6700507614213198, 6: 0.8688946015424165, 7: 0.7159904534606205, 8: 0.8947368421052632, 9: 0.8871794871794871}
ASR_lables tensor([1, 1, 1,  ..., 1, 1, 1])
==========Test result on poisoned test dataset(ASR)(Not including images with original label same as attack label)==========
[2026-08-16_21:36:28] Top-1 correct / Total: 3496/3530, Top-1 accuracy: 0.9903682719546743, Top-5 correct / Total: 3529/3530, Top-5 accuracy: 0.9997167138810198, time: 43.4809672832489
 class_acc:{1: 0.9903682719546743}
PA_lables tensor([0, 0, 0,  ..., 9, 9, 9])
==========Test result on poisoned test dataset(PA)==========
[2026-08-16_21:36:50] Top-1 correct / Total: 425/3925, Top-1 accuracy: 0.10828025477707007, Top-5 correct / Total: 3346/3925, Top-5 accuracy: 0.8524840764331211, time: 64.62697458267212
 class_acc:{0: 0.0, 1: 1.0, 2: 0.0, 3: 0.0025906735751295338, 4: 0.007334963325183374, 5: 0.030456852791878174, 6: 0.002570694087403599, 7: 0.00954653937947494, 8: 0.010025062656641603, 9: 0.01282051282051282}
=================================================End==================================================
