2026-08-16 21:22:06,762 [INFO] Run log: logs/20260816_212206_Imagenette2_Blended_haze_0.9_seed1234.log
Using the Imagenette2
The at_threshold: 1
2026-08-16 21:22:07,026 [INFO] Using device: cuda:0
====================================================================================
Non-default run settings
====================================================================================
attack_method: Blended
attack_schedule: Blended
use_conv_ir: False
disable_conv_ir: True
restorer_ckpt: ./pretrain/haze4k-base.pkl
degradation_type: haze
degradation_strength: 0.9
deg: haze
deg_scale: 0.9
purify_clean_test: True
purify_poisoned_test: True
use_purified_clean_test: True
use_purified_pois_test: True
at_threshold: 1
------------------------------------------------------------------------------------
Runtime metadata
------------------------------------------------------------------------------------
mode: 3
classes: 20
device: cuda:0
run_log_path: logs/20260816_212206_Imagenette2_Blended_haze_0.9_seed1234.log
====================================================================================
Mode is 3
====================================================================================
purified_ins(args, clean_train, purified_clean_test, poisoned_train, purified_pois_test)
====================================================================================
Using Pre-trained model: Imagenette2_pretrain/Blended/Res_34_256
=================================================Loading Model ==================================================
=================================================    Loaded    ==================================================
==========Test result on benign test dataset(CA)==========
[2026-08-16_21:29:45] Top-1 correct / Total: 588/3925, Top-1 accuracy: 0.14980891719745223, Top-5 correct / Total: 2388/3925, Top-5 accuracy: 0.608407643312102, time: 22.16951036453247
 class_acc:{0: 0.0, 1: 0.0, 2: 0.13165266106442577, 3: 0.0, 4: 0.07579462102689487, 5: 0.0, 6: 0.0, 7: 0.011933174224343675, 8: 0.3333333333333333, 9: 0.9538461538461539}
ASR_lables tensor([1, 1, 1,  ..., 1, 1, 1])
==========Test result on poisoned test dataset(ASR)(Not including images with original label same as attack label)==========
[2026-08-16_21:30:05] Top-1 correct / Total: 6/3530, Top-1 accuracy: 0.0016997167138810198, Top-5 correct / Total: 3498/3530, Top-5 accuracy: 0.9909348441926346, time: 42.32318305969238
 class_acc:{1: 0.0016997167138810198}
PA_lables tensor([0, 0, 0,  ..., 9, 9, 9])
==========Test result on poisoned test dataset(PA)==========
[2026-08-16_21:30:26] Top-1 correct / Total: 429/3925, Top-1 accuracy: 0.10929936305732484, Top-5 correct / Total: 2104/3925, Top-5 accuracy: 0.5360509554140127, time: 63.62624979019165
 class_acc:{0: 0.0, 1: 0.0, 2: 0.0196078431372549, 3: 0.0, 4: 0.004889975550122249, 5: 0.0, 6: 0.0, 7: 0.0, 8: 0.08270676691729323, 9: 0.9923076923076923}
=================================================End==================================================
