2026-08-16 20:37:00,271 [INFO] Run log: logs/20260816_203700_Imagenette2_BadNet_haze_0.9_seed1234.log
Using the Imagenette2
The at_threshold: 1
2026-08-16 20:37:00,536 [INFO] Using device: cuda:0
====================================================================================
Non-default run settings
====================================================================================
use_conv_ir: False
disable_conv_ir: True
restorer_ckpt: ./pretrain/haze4k-base.pkl
degradation_type: haze
degradation_strength: 0.9
deg: haze
deg_scale: 0.9
purify_clean_test: True
purify_poisoned_test: True
use_purified_clean_test: True
use_purified_pois_test: True
at_threshold: 1
------------------------------------------------------------------------------------
Runtime metadata
------------------------------------------------------------------------------------
mode: 3
classes: 20
device: cuda:0
run_log_path: logs/20260816_203700_Imagenette2_BadNet_haze_0.9_seed1234.log
====================================================================================
Mode is 3
Using the pattern size: 9*9
====================================================================================
purified_ins(args, clean_train, purified_clean_test, poisoned_train, purified_pois_test)
====================================================================================
Using Pre-trained model: Imagenette2_pretrain/BadNet/Res_34_256
=================================================Loading Model ==================================================
=================================================    Loaded    ==================================================
==========Test result on benign test dataset(CA)==========
[2026-08-16_20:44:34] Top-1 correct / Total: 613/3925, Top-1 accuracy: 0.1561783439490446, Top-5 correct / Total: 2212/3925, Top-5 accuracy: 0.5635668789808918, time: 21.97333788871765
 class_acc:{0: 0.0, 1: 0.0, 2: 0.21008403361344538, 3: 0.0025906735751295338, 4: 0.004889975550122249, 5: 0.0, 6: 0.0, 7: 0.007159904534606206, 8: 0.40601503759398494, 9: 0.9487179487179487}
ASR_lables tensor([1, 1, 1,  ..., 1, 1, 1])
==========Test result on poisoned test dataset(ASR)(Not including images with original label same as attack label)==========
[2026-08-16_20:44:54] Top-1 correct / Total: 1/3530, Top-1 accuracy: 0.00028328611898016995, Top-5 correct / Total: 2972/3530, Top-5 accuracy: 0.8419263456090652, time: 41.75117015838623
 class_acc:{1: 0.00028328611898016995}
PA_lables tensor([0, 0, 0,  ..., 9, 9, 9])
==========Test result on poisoned test dataset(PA)==========
[2026-08-16_20:45:15] Top-1 correct / Total: 607/3925, Top-1 accuracy: 0.15464968152866243, Top-5 correct / Total: 2211/3925, Top-5 accuracy: 0.563312101910828, time: 62.84731125831604
 class_acc:{0: 0.0, 1: 0.0, 2: 0.19047619047619047, 3: 0.007772020725388601, 4: 0.004889975550122249, 5: 0.0, 6: 0.0, 7: 0.016706443914081145, 8: 0.39097744360902253, 9: 0.9512820512820512}
=================================================End==================================================
