2026-08-19 04:25:54,082 [INFO] Run log: logs/20260819_042554_Imagenette2_WaNet_haze_0.75_seed1234.log
Using the Imagenette2
The at_threshold: 1
2026-08-19 04:25:54,399 [INFO] Using device: cuda:0
====================================================================================
Non-default run settings
====================================================================================
attack_method: WaNet
attack_schedule: WaNet
attack_target: 0
poisoned_rate: 0.1
use_conv_ir: False
disable_conv_ir: True
restorer_ckpt: ./pretrain/haze4k-base.pkl
degradation_type: haze
degradation_strength: 0.75
deg: haze
deg_scale: 0.75
purify_clean_test: True
purify_poisoned_test: True
use_purified_clean_test: True
use_purified_pois_test: True
at_threshold: 1
------------------------------------------------------------------------------------
Runtime metadata
------------------------------------------------------------------------------------
mode: 3
classes: 20
device: cuda:0
run_log_path: logs/20260819_042554_Imagenette2_WaNet_haze_0.75_seed1234.log
====================================================================================
Mode is 3
====================================================================================
purified_ins(args, clean_train, purified_clean_test, poisoned_train, purified_pois_test)
====================================================================================
Using Pre-trained model: Imagenette2_pretrain/WaNet/Res_34_256
=================================================Loading Model ==================================================
=================================================    Loaded    ==================================================
==========Test result on benign test dataset(CA)==========
[2026-08-19_04:33:53] Top-1 correct / Total: 1831/3925, Top-1 accuracy: 0.4664968152866242, Top-5 correct / Total: 3374/3925, Top-5 accuracy: 0.8596178343949045, time: 22.038041830062866
 class_acc:{0: 0.46511627906976744, 1: 0.09367088607594937, 2: 0.8319327731092437, 3: 0.031088082901554404, 4: 0.5281173594132029, 5: 0.01015228426395939, 6: 0.6041131105398457, 7: 0.4033412887828162, 8: 0.8897243107769424, 9: 0.8358974358974359}
ASR_lables tensor([0, 0, 0,  ..., 0, 0, 0])
==========Test result on poisoned test dataset(ASR)(Not including images with original label same as attack label)==========
[2026-08-19_04:34:13] Top-1 correct / Total: 3441/3538, Top-1 accuracy: 0.9725833804409271, Top-5 correct / Total: 3538/3538, Top-5 accuracy: 1.0, time: 41.95052981376648
 class_acc:{0: 0.9725833804409271}
PA_lables tensor([0, 0, 0,  ..., 9, 9, 9])
==========Test result on poisoned test dataset(PA)==========
[2026-08-19_04:34:34] Top-1 correct / Total: 447/3925, Top-1 accuracy: 0.11388535031847134, Top-5 correct / Total: 2676/3925, Top-5 accuracy: 0.6817834394904458, time: 63.10568618774414
 class_acc:{0: 0.9870801033591732, 1: 0.0, 2: 0.0028011204481792717, 3: 0.0, 4: 0.004889975550122249, 5: 0.0, 6: 0.0, 7: 0.0, 8: 0.05764411027568922, 9: 0.1}
=================================================End==================================================
