2026-08-16 21:52:59,468 [INFO] Run log: logs/20260816_215259_Imagenette2_ISSBA_haze_0.75_seed1234.log
Using the Imagenette2
The at_threshold: 1
2026-08-16 21:52:59,775 [INFO] Using device: cuda:0
====================================================================================
Non-default run settings
====================================================================================
attack_method: ISSBA
attack_schedule: ISSBA
issba_exported_poisoned_root: exported_poisoned/ISSBA/Imagenette2
use_conv_ir: False
disable_conv_ir: True
restorer_ckpt: ./pretrain/haze4k-base.pkl
degradation_type: haze
degradation_strength: 0.75
deg: haze
deg_scale: 0.75
purify_clean_test: True
purify_poisoned_test: True
use_purified_clean_test: True
use_purified_pois_test: True
at_threshold: 1
------------------------------------------------------------------------------------
Runtime metadata
------------------------------------------------------------------------------------
mode: 3
classes: 20
device: cuda:0
run_log_path: logs/20260816_215259_Imagenette2_ISSBA_haze_0.75_seed1234.log
====================================================================================
Mode is 3
====================================================================================
purified_ins(args, clean_train, purified_clean_test, poisoned_train, purified_pois_test)
====================================================================================
Using Pre-trained model: Imagenette2_pretrain/ISSBA/Res_34_256
=================================================Loading Model ==================================================
=================================================    Loaded    ==================================================
==========Test result on benign test dataset(CA)==========
[2026-08-16_22:01:06] Top-1 correct / Total: 1480/3925, Top-1 accuracy: 0.37707006369426754, Top-5 correct / Total: 3349/3925, Top-5 accuracy: 0.8532484076433121, time: 21.931511163711548
 class_acc:{0: 0.09819121447028424, 1: 0.09367088607594937, 2: 0.8879551820728291, 3: 0.025906735751295335, 4: 0.3863080684596577, 5: 0.0025380710659898475, 6: 0.2236503856041131, 7: 0.3126491646778043, 8: 0.8345864661654135, 9: 0.9435897435897436}
ASR_lables tensor([1, 1, 1,  ..., 1, 1, 1])
==========Test result on poisoned test dataset(ASR)(Not including images with original label same as attack label)==========
[2026-08-16_22:01:26] Top-1 correct / Total: 1152/3530, Top-1 accuracy: 0.3263456090651558, Top-5 correct / Total: 3219/3530, Top-5 accuracy: 0.9118980169971671, time: 41.77056527137756
 class_acc:{1: 0.3263456090651558}
PA_lables tensor([0, 0, 0,  ..., 9, 9, 9])
==========Test result on poisoned test dataset(PA)==========
[2026-08-16_22:01:47] Top-1 correct / Total: 1394/3925, Top-1 accuracy: 0.3551592356687898, Top-5 correct / Total: 3233/3925, Top-5 accuracy: 0.8236942675159236, time: 62.92289066314697
 class_acc:{0: 0.06201550387596899, 1: 0.8253164556962025, 2: 0.7310924369747899, 3: 0.023316062176165803, 4: 0.34963325183374083, 5: 0.005076142131979695, 6: 0.2210796915167095, 7: 0.2720763723150358, 8: 0.6491228070175439, 9: 0.4358974358974359}
=================================================End==================================================
