2026-08-16 22:01:50,695 [INFO] Run log: logs/20260816_220150_Imagenette2_ISSBA_haze_0.9_seed1234.log
Using the Imagenette2
The at_threshold: 1
2026-08-16 22:01:51,002 [INFO] Using device: cuda:0
====================================================================================
Non-default run settings
====================================================================================
attack_method: ISSBA
attack_schedule: ISSBA
issba_exported_poisoned_root: exported_poisoned/ISSBA/Imagenette2
use_conv_ir: False
disable_conv_ir: True
restorer_ckpt: ./pretrain/haze4k-base.pkl
degradation_type: haze
degradation_strength: 0.9
deg: haze
deg_scale: 0.9
purify_clean_test: True
purify_poisoned_test: True
use_purified_clean_test: True
use_purified_pois_test: True
at_threshold: 1
------------------------------------------------------------------------------------
Runtime metadata
------------------------------------------------------------------------------------
mode: 3
classes: 20
device: cuda:0
run_log_path: logs/20260816_220150_Imagenette2_ISSBA_haze_0.9_seed1234.log
====================================================================================
Mode is 3
====================================================================================
purified_ins(args, clean_train, purified_clean_test, poisoned_train, purified_pois_test)
====================================================================================
Using Pre-trained model: Imagenette2_pretrain/ISSBA/Res_34_256
=================================================Loading Model ==================================================
=================================================    Loaded    ==================================================
==========Test result on benign test dataset(CA)==========
[2026-08-16_22:09:22] Top-1 correct / Total: 746/3925, Top-1 accuracy: 0.19006369426751593, Top-5 correct / Total: 2478/3925, Top-5 accuracy: 0.6313375796178344, time: 21.991602182388306
 class_acc:{0: 0.0, 1: 0.002531645569620253, 2: 0.3753501400560224, 3: 0.0, 4: 0.04156479217603912, 5: 0.0, 6: 0.0, 7: 0.00954653937947494, 8: 0.5112781954887218, 9: 0.9897435897435898}
ASR_lables tensor([1, 1, 1,  ..., 1, 1, 1])
==========Test result on poisoned test dataset(ASR)(Not including images with original label same as attack label)==========
[2026-08-16_22:09:43] Top-1 correct / Total: 0/3530, Top-1 accuracy: 0.0, Top-5 correct / Total: 1665/3530, Top-5 accuracy: 0.471671388101983, time: 42.50962710380554
 class_acc:{1: 0.0}
PA_lables tensor([0, 0, 0,  ..., 9, 9, 9])
==========Test result on poisoned test dataset(PA)==========
[2026-08-16_22:10:04] Top-1 correct / Total: 670/3925, Top-1 accuracy: 0.17070063694267515, Top-5 correct / Total: 2502/3925, Top-5 accuracy: 0.6374522292993631, time: 63.63554358482361
 class_acc:{0: 0.0, 1: 0.002531645569620253, 2: 0.2549019607843137, 3: 0.0, 4: 0.03667481662591687, 5: 0.0, 6: 0.0, 7: 0.011933174224343675, 8: 0.43107769423558895, 9: 0.9897435897435898}
=================================================End==================================================
