2026-08-16 20:52:08,571 [INFO] Run log: logs/20260816_205208_Imagenette2_Blended_haze_0.15_seed1234.log
Using the Imagenette2
The at_threshold: 1
2026-08-16 20:52:08,910 [INFO] Using device: cuda:0
====================================================================================
Non-default run settings
====================================================================================
attack_method: Blended
attack_schedule: Blended
use_conv_ir: False
disable_conv_ir: True
restorer_ckpt: ./pretrain/haze4k-base.pkl
degradation_type: haze
degradation_strength: 0.15
deg: haze
deg_scale: 0.15
purify_clean_test: True
purify_poisoned_test: True
use_purified_clean_test: True
use_purified_pois_test: True
at_threshold: 1
------------------------------------------------------------------------------------
Runtime metadata
------------------------------------------------------------------------------------
mode: 3
classes: 20
device: cuda:0
run_log_path: logs/20260816_205208_Imagenette2_Blended_haze_0.15_seed1234.log
====================================================================================
Mode is 3
====================================================================================
purified_ins(args, clean_train, purified_clean_test, poisoned_train, purified_pois_test)
====================================================================================
Using Pre-trained model: Imagenette2_pretrain/Blended/Res_34_256
=================================================Loading Model ==================================================
=================================================    Loaded    ==================================================
==========Test result on benign test dataset(CA)==========
[2026-08-16_20:58:27] Top-1 correct / Total: 3333/3925, Top-1 accuracy: 0.849171974522293, Top-5 correct / Total: 3854/3925, Top-5 accuracy: 0.9819108280254777, time: 22.163961172103882
 class_acc:{0: 0.9250645994832042, 1: 0.9012658227848102, 2: 0.9047619047619048, 3: 0.5932642487046632, 4: 0.8875305623471883, 5: 0.7868020304568528, 6: 0.897172236503856, 7: 0.7684964200477327, 8: 0.8947368421052632, 9: 0.9384615384615385}
ASR_lables tensor([1, 1, 1,  ..., 1, 1, 1])
==========Test result on poisoned test dataset(ASR)(Not including images with original label same as attack label)==========
[2026-08-16_20:58:46] Top-1 correct / Total: 3520/3530, Top-1 accuracy: 0.9971671388101983, Top-5 correct / Total: 3530/3530, Top-5 accuracy: 1.0, time: 41.822688579559326
 class_acc:{1: 0.9971671388101983}
PA_lables tensor([0, 0, 0,  ..., 9, 9, 9])
==========Test result on poisoned test dataset(PA)==========
[2026-08-16_20:59:07] Top-1 correct / Total: 405/3925, Top-1 accuracy: 0.10318471337579618, Top-5 correct / Total: 3155/3925, Top-5 accuracy: 0.8038216560509555, time: 62.95480561256409
 class_acc:{0: 0.0, 1: 1.0, 2: 0.0028011204481792717, 3: 0.0, 4: 0.0024449877750611247, 5: 0.007614213197969543, 6: 0.0, 7: 0.0, 8: 0.012531328320802004, 9: 0.0}
=================================================End==================================================
