2026-08-16 21:06:21,486 [INFO] Run log: logs/20260816_210621_Imagenette2_Blended_haze_0.5_seed1234.log
Using the Imagenette2
The at_threshold: 1
2026-08-16 21:06:21,757 [INFO] Using device: cuda:0
====================================================================================
Non-default run settings
====================================================================================
attack_method: Blended
attack_schedule: Blended
use_conv_ir: False
disable_conv_ir: True
restorer_ckpt: ./pretrain/haze4k-base.pkl
degradation_type: haze
degradation_strength: 0.5
deg: haze
deg_scale: 0.5
purify_clean_test: True
purify_poisoned_test: True
use_purified_clean_test: True
use_purified_pois_test: True
at_threshold: 1
------------------------------------------------------------------------------------
Runtime metadata
------------------------------------------------------------------------------------
mode: 3
classes: 20
device: cuda:0
run_log_path: logs/20260816_210621_Imagenette2_Blended_haze_0.5_seed1234.log
====================================================================================
Mode is 3
====================================================================================
purified_ins(args, clean_train, purified_clean_test, poisoned_train, purified_pois_test)
====================================================================================
Using Pre-trained model: Imagenette2_pretrain/Blended/Res_34_256
=================================================Loading Model ==================================================
=================================================    Loaded    ==================================================
==========Test result on benign test dataset(CA)==========
[2026-08-16_21:13:11] Top-1 correct / Total: 2732/3925, Top-1 accuracy: 0.6960509554140127, Top-5 correct / Total: 3721/3925, Top-5 accuracy: 0.9480254777070064, time: 22.23414635658264
 class_acc:{0: 0.7855297157622739, 1: 0.6759493670886076, 2: 0.9411764705882353, 3: 0.19170984455958548, 4: 0.7995110024449877, 5: 0.38071065989847713, 6: 0.7892030848329049, 7: 0.6109785202863962, 8: 0.87468671679198, 9: 0.9282051282051282}
ASR_lables tensor([1, 1, 1,  ..., 1, 1, 1])
==========Test result on poisoned test dataset(ASR)(Not including images with original label same as attack label)==========
[2026-08-16_21:13:31] Top-1 correct / Total: 3440/3530, Top-1 accuracy: 0.9745042492917847, Top-5 correct / Total: 3530/3530, Top-5 accuracy: 1.0, time: 42.62171220779419
 class_acc:{1: 0.9745042492917847}
PA_lables tensor([0, 0, 0,  ..., 9, 9, 9])
==========Test result on poisoned test dataset(PA)==========
[2026-08-16_21:13:52] Top-1 correct / Total: 475/3925, Top-1 accuracy: 0.12101910828025478, Top-5 correct / Total: 3195/3925, Top-5 accuracy: 0.8140127388535032, time: 63.81949782371521
 class_acc:{0: 0.0103359173126615, 1: 1.0, 2: 0.0196078431372549, 3: 0.0, 4: 0.009779951100244499, 5: 0.012690355329949238, 6: 0.002570694087403599, 7: 0.014319809069212411, 8: 0.11779448621553884, 9: 0.015384615384615385}
=================================================End==================================================
