2026-08-16 20:59:11,119 [INFO] Run log: logs/20260816_205911_Imagenette2_Blended_haze_0.2_seed1234.log
Using the Imagenette2
The at_threshold: 1
2026-08-16 20:59:11,385 [INFO] Using device: cuda:0
====================================================================================
Non-default run settings
====================================================================================
attack_method: Blended
attack_schedule: Blended
use_conv_ir: False
disable_conv_ir: True
restorer_ckpt: ./pretrain/haze4k-base.pkl
degradation_type: haze
degradation_strength: 0.2
deg: haze
deg_scale: 0.2
purify_clean_test: True
purify_poisoned_test: True
use_purified_clean_test: True
use_purified_pois_test: True
at_threshold: 1
------------------------------------------------------------------------------------
Runtime metadata
------------------------------------------------------------------------------------
mode: 3
classes: 20
device: cuda:0
run_log_path: logs/20260816_205911_Imagenette2_Blended_haze_0.2_seed1234.log
====================================================================================
Mode is 3
====================================================================================
purified_ins(args, clean_train, purified_clean_test, poisoned_train, purified_pois_test)
====================================================================================
Using Pre-trained model: Imagenette2_pretrain/Blended/Res_34_256
=================================================Loading Model ==================================================
=================================================    Loaded    ==================================================
==========Test result on benign test dataset(CA)==========
[2026-08-16_21:05:35] Top-1 correct / Total: 3280/3925, Top-1 accuracy: 0.8356687898089172, Top-5 correct / Total: 3851/3925, Top-5 accuracy: 0.9811464968152867, time: 22.197873830795288
 class_acc:{0: 0.9198966408268734, 1: 0.8810126582278481, 2: 0.907563025210084, 3: 0.5414507772020726, 4: 0.8704156479217604, 5: 0.7461928934010152, 6: 0.897172236503856, 7: 0.7613365155131265, 8: 0.8972431077694235, 9: 0.941025641025641}
ASR_lables tensor([1, 1, 1,  ..., 1, 1, 1])
==========Test result on poisoned test dataset(ASR)(Not including images with original label same as attack label)==========
[2026-08-16_21:05:57] Top-1 correct / Total: 3517/3530, Top-1 accuracy: 0.9963172804532577, Top-5 correct / Total: 3530/3530, Top-5 accuracy: 1.0, time: 43.50515389442444
 class_acc:{1: 0.9963172804532577}
PA_lables tensor([0, 0, 0,  ..., 9, 9, 9])
==========Test result on poisoned test dataset(PA)==========
[2026-08-16_21:06:18] Top-1 correct / Total: 408/3925, Top-1 accuracy: 0.10394904458598726, Top-5 correct / Total: 3184/3925, Top-5 accuracy: 0.8112101910828026, time: 64.66145610809326
 class_acc:{0: 0.0, 1: 1.0, 2: 0.0056022408963585435, 3: 0.0, 4: 0.0024449877750611247, 5: 0.012690355329949238, 6: 0.0, 7: 0.0, 8: 0.012531328320802004, 9: 0.0}
=================================================End==================================================
