2026-08-22 20:39:17,021 [INFO] Run log: logs/20260822_203917_CIFAR10ImageFolder_ISSBA_motion_blur_7.0_seed1234.log
Using the CIFAR10ImageFolder
The at_threshold: 1
2026-08-22 20:39:17,325 [INFO] Using device: cuda:0
====================================================================================
Non-default run settings
====================================================================================
dataset: CIFAR10ImageFolder
attack_method: ISSBA
attack_schedule: ISSBA
issba_exported_poisoned_root: exported_poisoned/ISSBA/CIFAR10ImageFolder
img_size: 32
deg: motion_blur
deg_scale: 7.0
purify_clean_test: True
purify_poisoned_test: True
use_purified_clean_test: True
use_purified_pois_test: True
at_threshold: 1
degradation_type: motion_blur
degradation_strength: 7.0
disable_conv_ir: True
restorer_ckpt: ./pretrain/convir_gopro.pkl
------------------------------------------------------------------------------------
Runtime metadata
------------------------------------------------------------------------------------
mode: 3
classes: 10
device: cuda:0
run_log_path: logs/20260822_203917_CIFAR10ImageFolder_ISSBA_motion_blur_7.0_seed1234.log
====================================================================================
Mode is 3
====================================================================================
purified_ins(args, clean_train, purified_clean_test, poisoned_train, purified_pois_test)
====================================================================================
Using Pre-trained model: CIFAR10ImageFolder_pretrain/ISSBA/Res_34_32
=================================================Loading Model ==================================================
=================================================    Loaded    ==================================================
==========Test result on benign test dataset(CA)==========
[2026-08-22_20:40:18] Top-1 correct / Total: 3362/10000, Top-1 accuracy: 0.3362, Top-5 correct / Total: 8388/10000, Top-5 accuracy: 0.8388, time: 1.4306693077087402
 class_acc:{0: 0.341, 1: 0.098, 2: 0.31, 3: 0.837, 4: 0.309, 5: 0.334, 6: 0.034, 7: 0.082, 8: 0.811, 9: 0.206}
ASR_lables tensor([1, 1, 1,  ..., 1, 1, 1])
==========Test result on poisoned test dataset(ASR)(Not including images with original label same as attack label)==========
[2026-08-22_20:40:50] Top-1 correct / Total: 4/9000, Top-1 accuracy: 0.00044444444444444447, Top-5 correct / Total: 988/9000, Top-5 accuracy: 0.10977777777777778, time: 33.15773153305054
 class_acc:{1: 0.00044444444444444447}
PA_lables tensor([0, 0, 0,  ..., 9, 9, 9])
==========Test result on poisoned test dataset(PA)==========
[2026-08-22_20:40:51] Top-1 correct / Total: 3296/10000, Top-1 accuracy: 0.3296, Top-5 correct / Total: 8365/10000, Top-5 accuracy: 0.8365, time: 33.888301849365234
 class_acc:{0: 0.325, 1: 0.095, 2: 0.322, 3: 0.844, 4: 0.289, 5: 0.333, 6: 0.035, 7: 0.071, 8: 0.783, 9: 0.199}
=================================================End==================================================
