2026-08-22 20:23:45,215 [INFO] Run log: logs/20260822_202345_CIFAR10ImageFolder_Blended_motion_blur_5.0_seed1234.log
Using the CIFAR10ImageFolder
The at_threshold: 1
2026-08-22 20:23:45,577 [INFO] Using device: cuda:0
====================================================================================
Non-default run settings
====================================================================================
dataset: CIFAR10ImageFolder
attack_method: Blended
attack_schedule: Blended
img_size: 32
deg: motion_blur
deg_scale: 5.0
purify_clean_test: True
purify_poisoned_test: True
use_purified_clean_test: True
use_purified_pois_test: True
at_threshold: 1
degradation_type: motion_blur
degradation_strength: 5.0
disable_conv_ir: True
restorer_ckpt: ./pretrain/convir_gopro.pkl
------------------------------------------------------------------------------------
Runtime metadata
------------------------------------------------------------------------------------
mode: 3
classes: 10
device: cuda:0
run_log_path: logs/20260822_202345_CIFAR10ImageFolder_Blended_motion_blur_5.0_seed1234.log
====================================================================================
Mode is 3
====================================================================================
purified_ins(args, clean_train, purified_clean_test, poisoned_train, purified_pois_test)
====================================================================================
Using Pre-trained model: CIFAR10ImageFolder_pretrain/Blended/Res_34_32
=================================================Loading Model ==================================================
=================================================    Loaded    ==================================================
==========Test result on benign test dataset(CA)==========
[2026-08-22_20:24:53] Top-1 correct / Total: 5268/10000, Top-1 accuracy: 0.5268, Top-5 correct / Total: 9180/10000, Top-5 accuracy: 0.918, time: 1.0878357887268066
 class_acc:{0: 0.53, 1: 0.375, 2: 0.636, 3: 0.838, 4: 0.539, 5: 0.358, 6: 0.178, 7: 0.404, 8: 0.842, 9: 0.568}
ASR_lables tensor([1, 1, 1,  ..., 1, 1, 1])
==========Test result on poisoned test dataset(ASR)(Not including images with original label same as attack label)==========
[2026-08-22_20:25:23] Top-1 correct / Total: 0/9000, Top-1 accuracy: 0.0, Top-5 correct / Total: 36/9000, Top-5 accuracy: 0.004, time: 30.94404435157776
 class_acc:{1: 0.0}
PA_lables tensor([0, 0, 0,  ..., 9, 9, 9])
==========Test result on poisoned test dataset(PA)==========
[2026-08-22_20:25:24] Top-1 correct / Total: 2945/10000, Top-1 accuracy: 0.2945, Top-5 correct / Total: 7534/10000, Top-5 accuracy: 0.7534, time: 31.887560844421387
 class_acc:{0: 0.168, 1: 0.03, 2: 0.714, 3: 0.552, 4: 0.407, 5: 0.032, 6: 0.038, 7: 0.055, 8: 0.754, 9: 0.195}
=================================================End==================================================
