2026-08-23 19:21:17,446 [INFO] Run log: logs/20260823_192117_CIFAR10ImageFolder_WaNet_motion_blur_3.0_seed1234.log
Using the CIFAR10ImageFolder
The at_threshold: 1
2026-08-23 19:21:18,078 [INFO] Using device: cuda:0
====================================================================================
Non-default run settings
====================================================================================
dataset: CIFAR10ImageFolder
attack_method: WaNet
attack_schedule: WaNet
img_size: 32
deg: motion_blur
deg_scale: 3.0
purify_clean_test: True
purify_poisoned_test: True
use_purified_clean_test: True
use_purified_pois_test: True
at_threshold: 1
degradation_type: motion_blur
degradation_strength: 3.0
disable_conv_ir: True
restorer_ckpt: ./pretrain/convir_gopro.pkl
------------------------------------------------------------------------------------
Runtime metadata
------------------------------------------------------------------------------------
mode: 3
classes: 10
device: cuda:0
run_log_path: logs/20260823_192117_CIFAR10ImageFolder_WaNet_motion_blur_3.0_seed1234.log
====================================================================================
Mode is 3
====================================================================================
purified_ins(args, clean_train, purified_clean_test, poisoned_train, purified_pois_test)
====================================================================================
Using Pre-trained model: CIFAR10ImageFolder_pretrain/WaNet/Res_34_32
=================================================Loading Model ==================================================
=================================================    Loaded    ==================================================
==========Test result on benign test dataset(CA)==========
[2026-08-23_19:24:26] Top-1 correct / Total: 7116/10000, Top-1 accuracy: 0.7116, Top-5 correct / Total: 9780/10000, Top-5 accuracy: 0.978, time: 2.544283151626587
 class_acc:{0: 0.753, 1: 0.793, 2: 0.798, 3: 0.84, 4: 0.564, 5: 0.646, 6: 0.391, 7: 0.705, 8: 0.856, 9: 0.77}
ASR_lables tensor([1, 1, 1,  ..., 1, 1, 1])
==========Test result on poisoned test dataset(ASR)(Not including images with original label same as attack label)==========
[2026-08-23_19:25:35] Top-1 correct / Total: 1239/9000, Top-1 accuracy: 0.13766666666666666, Top-5 correct / Total: 5875/9000, Top-5 accuracy: 0.6527777777777778, time: 71.63501214981079
 class_acc:{1: 0.13766666666666666}
PA_lables tensor([0, 0, 0,  ..., 9, 9, 9])
==========Test result on poisoned test dataset(PA)==========
[2026-08-23_19:25:37] Top-1 correct / Total: 4936/10000, Top-1 accuracy: 0.4936, Top-5 correct / Total: 9241/10000, Top-5 accuracy: 0.9241, time: 73.20729517936707
 class_acc:{0: 0.52, 1: 0.67, 2: 0.728, 3: 0.745, 4: 0.291, 5: 0.294, 6: 0.232, 7: 0.312, 8: 0.754, 9: 0.39}
=================================================End==================================================
