2026-08-23 19:30:05,474 [INFO] Run log: logs/20260823_193005_CIFAR10ImageFolder_WaNet_motion_blur_7.0_seed1234.log
Using the CIFAR10ImageFolder
The at_threshold: 1
2026-08-23 19:30:05,981 [INFO] Using device: cuda:0
====================================================================================
Non-default run settings
====================================================================================
dataset: CIFAR10ImageFolder
attack_method: WaNet
attack_schedule: WaNet
img_size: 32
deg: motion_blur
deg_scale: 7.0
purify_clean_test: True
purify_poisoned_test: True
use_purified_clean_test: True
use_purified_pois_test: True
at_threshold: 1
degradation_type: motion_blur
degradation_strength: 7.0
disable_conv_ir: True
restorer_ckpt: ./pretrain/convir_gopro.pkl
------------------------------------------------------------------------------------
Runtime metadata
------------------------------------------------------------------------------------
mode: 3
classes: 10
device: cuda:0
run_log_path: logs/20260823_193005_CIFAR10ImageFolder_WaNet_motion_blur_7.0_seed1234.log
====================================================================================
Mode is 3
====================================================================================
purified_ins(args, clean_train, purified_clean_test, poisoned_train, purified_pois_test)
====================================================================================
Using Pre-trained model: CIFAR10ImageFolder_pretrain/WaNet/Res_34_32
=================================================Loading Model ==================================================
=================================================    Loaded    ==================================================
==========Test result on benign test dataset(CA)==========
[2026-08-23_19:33:15] Top-1 correct / Total: 3027/10000, Top-1 accuracy: 0.3027, Top-5 correct / Total: 8544/10000, Top-5 accuracy: 0.8544, time: 2.3122663497924805
 class_acc:{0: 0.416, 1: 0.097, 2: 0.257, 3: 0.942, 4: 0.277, 5: 0.065, 6: 0.057, 7: 0.045, 8: 0.657, 9: 0.214}
ASR_lables tensor([1, 1, 1,  ..., 1, 1, 1])
==========Test result on poisoned test dataset(ASR)(Not including images with original label same as attack label)==========
[2026-08-23_19:34:25] Top-1 correct / Total: 4/9000, Top-1 accuracy: 0.00044444444444444447, Top-5 correct / Total: 1058/9000, Top-5 accuracy: 0.11755555555555555, time: 71.56599307060242
 class_acc:{1: 0.00044444444444444447}
PA_lables tensor([0, 0, 0,  ..., 9, 9, 9])
==========Test result on poisoned test dataset(PA)==========
[2026-08-23_19:34:26] Top-1 correct / Total: 2482/10000, Top-1 accuracy: 0.2482, Top-5 correct / Total: 8034/10000, Top-5 accuracy: 0.8034, time: 73.11591982841492
 class_acc:{0: 0.305, 1: 0.041, 2: 0.222, 3: 0.948, 4: 0.23, 5: 0.03, 6: 0.028, 7: 0.009, 8: 0.602, 9: 0.067}
=================================================End==================================================
