2026-08-22 20:15:12,122 [INFO] Run log: logs/20260822_201512_CIFAR10ImageFolder_BadNet_motion_blur_3.0_seed1234.log
Using the CIFAR10ImageFolder
The at_threshold: 1
2026-08-22 20:15:12,464 [INFO] Using device: cuda:0
====================================================================================
Non-default run settings
====================================================================================
dataset: CIFAR10ImageFolder
img_size: 32
deg: motion_blur
deg_scale: 3.0
purify_clean_test: True
purify_poisoned_test: True
use_purified_clean_test: True
use_purified_pois_test: True
at_threshold: 1
degradation_type: motion_blur
degradation_strength: 3.0
disable_conv_ir: True
restorer_ckpt: ./pretrain/convir_gopro.pkl
------------------------------------------------------------------------------------
Runtime metadata
------------------------------------------------------------------------------------
mode: 3
classes: 10
device: cuda:0
run_log_path: logs/20260822_201512_CIFAR10ImageFolder_BadNet_motion_blur_3.0_seed1234.log
====================================================================================
Mode is 3
====================================================================================
purified_ins(args, clean_train, purified_clean_test, poisoned_train, purified_pois_test)
====================================================================================
Using Pre-trained model: CIFAR10ImageFolder_pretrain/BadNet/Res_34_32
=================================================Loading Model ==================================================
=================================================    Loaded    ==================================================
==========Test result on benign test dataset(CA)==========
[2026-08-22_20:16:23] Top-1 correct / Total: 7395/10000, Top-1 accuracy: 0.7395, Top-5 correct / Total: 9800/10000, Top-5 accuracy: 0.98, time: 1.329298734664917
 class_acc:{0: 0.838, 1: 0.769, 2: 0.823, 3: 0.782, 4: 0.687, 5: 0.688, 6: 0.477, 7: 0.718, 8: 0.825, 9: 0.788}
ASR_lables tensor([1, 1, 1,  ..., 1, 1, 1])
==========Test result on poisoned test dataset(ASR)(Not including images with original label same as attack label)==========
[2026-08-22_20:16:56] Top-1 correct / Total: 360/9000, Top-1 accuracy: 0.04, Top-5 correct / Total: 4758/9000, Top-5 accuracy: 0.5286666666666666, time: 34.59382748603821
 class_acc:{1: 0.04}
PA_lables tensor([0, 0, 0,  ..., 9, 9, 9])
==========Test result on poisoned test dataset(PA)==========
[2026-08-22_20:16:57] Top-1 correct / Total: 7158/10000, Top-1 accuracy: 0.7158, Top-5 correct / Total: 9692/10000, Top-5 accuracy: 0.9692, time: 35.32525324821472
 class_acc:{0: 0.856, 1: 0.81, 2: 0.782, 3: 0.706, 4: 0.697, 5: 0.706, 6: 0.434, 7: 0.686, 8: 0.778, 9: 0.703}
=================================================End==================================================
