2026-08-22 20:20:22,263 [INFO] Run log: logs/20260822_202022_CIFAR10ImageFolder_BadNet_motion_blur_9.0_seed1234.log
Using the CIFAR10ImageFolder
The at_threshold: 1
2026-08-22 20:20:22,654 [INFO] Using device: cuda:0
====================================================================================
Non-default run settings
====================================================================================
dataset: CIFAR10ImageFolder
img_size: 32
deg: motion_blur
deg_scale: 9.0
purify_clean_test: True
purify_poisoned_test: True
use_purified_clean_test: True
use_purified_pois_test: True
at_threshold: 1
degradation_type: motion_blur
degradation_strength: 9.0
disable_conv_ir: True
restorer_ckpt: ./pretrain/convir_gopro.pkl
------------------------------------------------------------------------------------
Runtime metadata
------------------------------------------------------------------------------------
mode: 3
classes: 10
device: cuda:0
run_log_path: logs/20260822_202022_CIFAR10ImageFolder_BadNet_motion_blur_9.0_seed1234.log
====================================================================================
Mode is 3
====================================================================================
purified_ins(args, clean_train, purified_clean_test, poisoned_train, purified_pois_test)
====================================================================================
Using Pre-trained model: CIFAR10ImageFolder_pretrain/BadNet/Res_34_32
=================================================Loading Model ==================================================
=================================================    Loaded    ==================================================
==========Test result on benign test dataset(CA)==========
[2026-08-22_20:21:34] Top-1 correct / Total: 2741/10000, Top-1 accuracy: 0.2741, Top-5 correct / Total: 8131/10000, Top-5 accuracy: 0.8131, time: 1.4620819091796875
 class_acc:{0: 0.587, 1: 0.052, 2: 0.113, 3: 0.766, 4: 0.356, 5: 0.03, 6: 0.025, 7: 0.015, 8: 0.659, 9: 0.138}
ASR_lables tensor([1, 1, 1,  ..., 1, 1, 1])
==========Test result on poisoned test dataset(ASR)(Not including images with original label same as attack label)==========
[2026-08-22_20:22:04] Top-1 correct / Total: 0/9000, Top-1 accuracy: 0.0, Top-5 correct / Total: 927/9000, Top-5 accuracy: 0.103, time: 31.32877826690674
 class_acc:{1: 0.0}
PA_lables tensor([0, 0, 0,  ..., 9, 9, 9])
==========Test result on poisoned test dataset(PA)==========
[2026-08-22_20:22:05] Top-1 correct / Total: 2438/10000, Top-1 accuracy: 0.2438, Top-5 correct / Total: 7952/10000, Top-5 accuracy: 0.7952, time: 32.283984422683716
 class_acc:{0: 0.737, 1: 0.017, 2: 0.121, 3: 0.587, 4: 0.357, 5: 0.024, 6: 0.015, 7: 0.019, 8: 0.449, 9: 0.112}
=================================================End==================================================
