2026-08-22 20:37:38,527 [INFO] Run log: logs/20260822_203738_CIFAR10ImageFolder_ISSBA_motion_blur_5.0_seed1234.log
Using the CIFAR10ImageFolder
The at_threshold: 1
2026-08-22 20:37:38,931 [INFO] Using device: cuda:0
====================================================================================
Non-default run settings
====================================================================================
dataset: CIFAR10ImageFolder
attack_method: ISSBA
attack_schedule: ISSBA
issba_exported_poisoned_root: exported_poisoned/ISSBA/CIFAR10ImageFolder
img_size: 32
deg: motion_blur
deg_scale: 5.0
purify_clean_test: True
purify_poisoned_test: True
use_purified_clean_test: True
use_purified_pois_test: True
at_threshold: 1
degradation_type: motion_blur
degradation_strength: 5.0
disable_conv_ir: True
restorer_ckpt: ./pretrain/convir_gopro.pkl
------------------------------------------------------------------------------------
Runtime metadata
------------------------------------------------------------------------------------
mode: 3
classes: 10
device: cuda:0
run_log_path: logs/20260822_203738_CIFAR10ImageFolder_ISSBA_motion_blur_5.0_seed1234.log
====================================================================================
Mode is 3
====================================================================================
purified_ins(args, clean_train, purified_clean_test, poisoned_train, purified_pois_test)
====================================================================================
Using Pre-trained model: CIFAR10ImageFolder_pretrain/ISSBA/Res_34_32
=================================================Loading Model ==================================================
=================================================    Loaded    ==================================================
==========Test result on benign test dataset(CA)==========
[2026-08-22_20:38:41] Top-1 correct / Total: 4854/10000, Top-1 accuracy: 0.4854, Top-5 correct / Total: 9187/10000, Top-5 accuracy: 0.9187, time: 1.4173269271850586
 class_acc:{0: 0.544, 1: 0.304, 2: 0.587, 3: 0.815, 4: 0.387, 5: 0.458, 6: 0.151, 7: 0.313, 8: 0.86, 9: 0.435}
ASR_lables tensor([1, 1, 1,  ..., 1, 1, 1])
==========Test result on poisoned test dataset(ASR)(Not including images with original label same as attack label)==========
[2026-08-22_20:39:14] Top-1 correct / Total: 10/9000, Top-1 accuracy: 0.0011111111111111111, Top-5 correct / Total: 1206/9000, Top-5 accuracy: 0.134, time: 34.284120321273804
 class_acc:{1: 0.0011111111111111111}
PA_lables tensor([0, 0, 0,  ..., 9, 9, 9])
==========Test result on poisoned test dataset(PA)==========
[2026-08-22_20:39:14] Top-1 correct / Total: 4665/10000, Top-1 accuracy: 0.4665, Top-5 correct / Total: 9111/10000, Top-5 accuracy: 0.9111, time: 35.11579132080078
 class_acc:{0: 0.5, 1: 0.272, 2: 0.59, 3: 0.819, 4: 0.362, 5: 0.447, 6: 0.128, 7: 0.286, 8: 0.859, 9: 0.402}
=================================================End==================================================
