2026-08-22 20:27:11,885 [INFO] Run log: logs/20260822_202711_CIFAR10ImageFolder_Blended_motion_blur_9.0_seed1234.log
Using the CIFAR10ImageFolder
The at_threshold: 1
2026-08-22 20:27:12,230 [INFO] Using device: cuda:0
====================================================================================
Non-default run settings
====================================================================================
dataset: CIFAR10ImageFolder
attack_method: Blended
attack_schedule: Blended
img_size: 32
deg: motion_blur
deg_scale: 9.0
purify_clean_test: True
purify_poisoned_test: True
use_purified_clean_test: True
use_purified_pois_test: True
at_threshold: 1
degradation_type: motion_blur
degradation_strength: 9.0
disable_conv_ir: True
restorer_ckpt: ./pretrain/convir_gopro.pkl
------------------------------------------------------------------------------------
Runtime metadata
------------------------------------------------------------------------------------
mode: 3
classes: 10
device: cuda:0
run_log_path: logs/20260822_202711_CIFAR10ImageFolder_Blended_motion_blur_9.0_seed1234.log
====================================================================================
Mode is 3
====================================================================================
purified_ins(args, clean_train, purified_clean_test, poisoned_train, purified_pois_test)
====================================================================================
Using Pre-trained model: CIFAR10ImageFolder_pretrain/Blended/Res_34_32
=================================================Loading Model ==================================================
=================================================    Loaded    ==================================================
==========Test result on benign test dataset(CA)==========
[2026-08-22_20:28:26] Top-1 correct / Total: 2711/10000, Top-1 accuracy: 0.2711, Top-5 correct / Total: 7638/10000, Top-5 accuracy: 0.7638, time: 1.4797401428222656
 class_acc:{0: 0.163, 1: 0.059, 2: 0.171, 3: 0.885, 4: 0.374, 5: 0.052, 6: 0.019, 7: 0.039, 8: 0.834, 9: 0.115}
ASR_lables tensor([1, 1, 1,  ..., 1, 1, 1])
==========Test result on poisoned test dataset(ASR)(Not including images with original label same as attack label)==========
[2026-08-22_20:28:58] Top-1 correct / Total: 0/9000, Top-1 accuracy: 0.0, Top-5 correct / Total: 1/9000, Top-5 accuracy: 0.00011111111111111112, time: 33.168766021728516
 class_acc:{1: 0.0}
PA_lables tensor([0, 0, 0,  ..., 9, 9, 9])
==========Test result on poisoned test dataset(PA)==========
[2026-08-22_20:28:58] Top-1 correct / Total: 2180/10000, Top-1 accuracy: 0.218, Top-5 correct / Total: 6377/10000, Top-5 accuracy: 0.6377, time: 33.89517402648926
 class_acc:{0: 0.025, 1: 0.001, 2: 0.134, 3: 0.799, 4: 0.388, 5: 0.001, 6: 0.0, 7: 0.009, 8: 0.809, 9: 0.014}
=================================================End==================================================
