2026-08-22 20:25:26,461 [INFO] Run log: logs/20260822_202526_CIFAR10ImageFolder_Blended_motion_blur_7.0_seed1234.log
Using the CIFAR10ImageFolder
The at_threshold: 1
2026-08-22 20:25:26,832 [INFO] Using device: cuda:0
====================================================================================
Non-default run settings
====================================================================================
dataset: CIFAR10ImageFolder
attack_method: Blended
attack_schedule: Blended
img_size: 32
deg: motion_blur
deg_scale: 7.0
purify_clean_test: True
purify_poisoned_test: True
use_purified_clean_test: True
use_purified_pois_test: True
at_threshold: 1
degradation_type: motion_blur
degradation_strength: 7.0
disable_conv_ir: True
restorer_ckpt: ./pretrain/convir_gopro.pkl
------------------------------------------------------------------------------------
Runtime metadata
------------------------------------------------------------------------------------
mode: 3
classes: 10
device: cuda:0
run_log_path: logs/20260822_202526_CIFAR10ImageFolder_Blended_motion_blur_7.0_seed1234.log
====================================================================================
Mode is 3
====================================================================================
purified_ins(args, clean_train, purified_clean_test, poisoned_train, purified_pois_test)
====================================================================================
Using Pre-trained model: CIFAR10ImageFolder_pretrain/Blended/Res_34_32
=================================================Loading Model ==================================================
=================================================    Loaded    ==================================================
==========Test result on benign test dataset(CA)==========
[2026-08-22_20:26:36] Top-1 correct / Total: 3634/10000, Top-1 accuracy: 0.3634, Top-5 correct / Total: 8406/10000, Top-5 accuracy: 0.8406, time: 1.120560646057129
 class_acc:{0: 0.318, 1: 0.147, 2: 0.359, 3: 0.879, 4: 0.463, 5: 0.155, 6: 0.06, 7: 0.131, 8: 0.812, 9: 0.31}
ASR_lables tensor([1, 1, 1,  ..., 1, 1, 1])
==========Test result on poisoned test dataset(ASR)(Not including images with original label same as attack label)==========
[2026-08-22_20:27:08] Top-1 correct / Total: 0/9000, Top-1 accuracy: 0.0, Top-5 correct / Total: 9/9000, Top-5 accuracy: 0.001, time: 33.978553771972656
 class_acc:{1: 0.0}
PA_lables tensor([0, 0, 0,  ..., 9, 9, 9])
==========Test result on poisoned test dataset(PA)==========
[2026-08-22_20:27:09] Top-1 correct / Total: 2463/10000, Top-1 accuracy: 0.2463, Top-5 correct / Total: 6657/10000, Top-5 accuracy: 0.6657, time: 34.91090369224548
 class_acc:{0: 0.048, 1: 0.003, 2: 0.238, 3: 0.776, 4: 0.455, 5: 0.006, 6: 0.002, 7: 0.019, 8: 0.848, 9: 0.068}
=================================================End==================================================
