2026-08-23 19:34:29,666 [INFO] Run log: logs/20260823_193429_CIFAR10ImageFolder_WaNet_motion_blur_9.0_seed1234.log
Using the CIFAR10ImageFolder
The at_threshold: 1
2026-08-23 19:34:30,333 [INFO] Using device: cuda:0
====================================================================================
Non-default run settings
====================================================================================
dataset: CIFAR10ImageFolder
attack_method: WaNet
attack_schedule: WaNet
img_size: 32
deg: motion_blur
deg_scale: 9.0
purify_clean_test: True
purify_poisoned_test: True
use_purified_clean_test: True
use_purified_pois_test: True
at_threshold: 1
degradation_type: motion_blur
degradation_strength: 9.0
disable_conv_ir: True
restorer_ckpt: ./pretrain/convir_gopro.pkl
------------------------------------------------------------------------------------
Runtime metadata
------------------------------------------------------------------------------------
mode: 3
classes: 10
device: cuda:0
run_log_path: logs/20260823_193429_CIFAR10ImageFolder_WaNet_motion_blur_9.0_seed1234.log
====================================================================================
Mode is 3
====================================================================================
purified_ins(args, clean_train, purified_clean_test, poisoned_train, purified_pois_test)
====================================================================================
Using Pre-trained model: CIFAR10ImageFolder_pretrain/WaNet/Res_34_32
=================================================Loading Model ==================================================
=================================================    Loaded    ==================================================
==========Test result on benign test dataset(CA)==========
[2026-08-23_19:37:52] Top-1 correct / Total: 2331/10000, Top-1 accuracy: 0.2331, Top-5 correct / Total: 7732/10000, Top-5 accuracy: 0.7732, time: 2.6982674598693848
 class_acc:{0: 0.3, 1: 0.022, 2: 0.076, 3: 0.933, 4: 0.306, 5: 0.009, 6: 0.022, 7: 0.002, 8: 0.621, 9: 0.04}
ASR_lables tensor([1, 1, 1,  ..., 1, 1, 1])
==========Test result on poisoned test dataset(ASR)(Not including images with original label same as attack label)==========
[2026-08-23_19:38:59] Top-1 correct / Total: 0/9000, Top-1 accuracy: 0.0, Top-5 correct / Total: 1130/9000, Top-5 accuracy: 0.12555555555555556, time: 70.00874924659729
 class_acc:{1: 0.0}
PA_lables tensor([0, 0, 0,  ..., 9, 9, 9])
==========Test result on poisoned test dataset(PA)==========
[2026-08-23_19:39:01] Top-1 correct / Total: 2140/10000, Top-1 accuracy: 0.214, Top-5 correct / Total: 7368/10000, Top-5 accuracy: 0.7368, time: 71.61972951889038
 class_acc:{0: 0.221, 1: 0.008, 2: 0.061, 3: 0.92, 4: 0.286, 5: 0.008, 6: 0.012, 7: 0.001, 8: 0.61, 9: 0.013}
=================================================End==================================================
