2026-08-22 20:35:57,015 [INFO] Run log: logs/20260822_203557_CIFAR10ImageFolder_ISSBA_motion_blur_3.0_seed1234.log
Using the CIFAR10ImageFolder
The at_threshold: 1
2026-08-22 20:35:57,370 [INFO] Using device: cuda:0
====================================================================================
Non-default run settings
====================================================================================
dataset: CIFAR10ImageFolder
attack_method: ISSBA
attack_schedule: ISSBA
issba_exported_poisoned_root: exported_poisoned/ISSBA/CIFAR10ImageFolder
img_size: 32
deg: motion_blur
deg_scale: 3.0
purify_clean_test: True
purify_poisoned_test: True
use_purified_clean_test: True
use_purified_pois_test: True
at_threshold: 1
degradation_type: motion_blur
degradation_strength: 3.0
disable_conv_ir: True
restorer_ckpt: ./pretrain/convir_gopro.pkl
------------------------------------------------------------------------------------
Runtime metadata
------------------------------------------------------------------------------------
mode: 3
classes: 10
device: cuda:0
run_log_path: logs/20260822_203557_CIFAR10ImageFolder_ISSBA_motion_blur_3.0_seed1234.log
====================================================================================
Mode is 3
====================================================================================
purified_ins(args, clean_train, purified_clean_test, poisoned_train, purified_pois_test)
====================================================================================
Using Pre-trained model: CIFAR10ImageFolder_pretrain/ISSBA/Res_34_32
=================================================Loading Model ==================================================
=================================================    Loaded    ==================================================
==========Test result on benign test dataset(CA)==========
[2026-08-22_20:37:02] Top-1 correct / Total: 7068/10000, Top-1 accuracy: 0.7068, Top-5 correct / Total: 9720/10000, Top-5 accuracy: 0.972, time: 1.1129250526428223
 class_acc:{0: 0.772, 1: 0.726, 2: 0.797, 3: 0.782, 4: 0.595, 5: 0.688, 6: 0.398, 7: 0.698, 8: 0.889, 9: 0.723}
ASR_lables tensor([1, 1, 1,  ..., 1, 1, 1])
==========Test result on poisoned test dataset(ASR)(Not including images with original label same as attack label)==========
[2026-08-22_20:37:35] Top-1 correct / Total: 28/9000, Top-1 accuracy: 0.003111111111111111, Top-5 correct / Total: 1990/9000, Top-5 accuracy: 0.22111111111111112, time: 33.743983030319214
 class_acc:{1: 0.003111111111111111}
PA_lables tensor([0, 0, 0,  ..., 9, 9, 9])
==========Test result on poisoned test dataset(PA)==========
[2026-08-22_20:37:36] Top-1 correct / Total: 6571/10000, Top-1 accuracy: 0.6571, Top-5 correct / Total: 9670/10000, Top-5 accuracy: 0.967, time: 34.671926736831665
 class_acc:{0: 0.668, 1: 0.68, 2: 0.811, 3: 0.79, 4: 0.498, 5: 0.649, 6: 0.342, 7: 0.627, 8: 0.866, 9: 0.64}
=================================================End==================================================
