2026-08-22 20:18:42,024 [INFO] Run log: logs/20260822_201842_CIFAR10ImageFolder_BadNet_motion_blur_7.0_seed1234.log
Using the CIFAR10ImageFolder
The at_threshold: 1
2026-08-22 20:18:42,320 [INFO] Using device: cuda:0
====================================================================================
Non-default run settings
====================================================================================
dataset: CIFAR10ImageFolder
img_size: 32
deg: motion_blur
deg_scale: 7.0
purify_clean_test: True
purify_poisoned_test: True
use_purified_clean_test: True
use_purified_pois_test: True
at_threshold: 1
degradation_type: motion_blur
degradation_strength: 7.0
disable_conv_ir: True
restorer_ckpt: ./pretrain/convir_gopro.pkl
------------------------------------------------------------------------------------
Runtime metadata
------------------------------------------------------------------------------------
mode: 3
classes: 10
device: cuda:0
run_log_path: logs/20260822_201842_CIFAR10ImageFolder_BadNet_motion_blur_7.0_seed1234.log
====================================================================================
Mode is 3
====================================================================================
purified_ins(args, clean_train, purified_clean_test, poisoned_train, purified_pois_test)
====================================================================================
Using Pre-trained model: CIFAR10ImageFolder_pretrain/BadNet/Res_34_32
=================================================Loading Model ==================================================
=================================================    Loaded    ==================================================
==========Test result on benign test dataset(CA)==========
[2026-08-22_20:19:50] Top-1 correct / Total: 3590/10000, Top-1 accuracy: 0.359, Top-5 correct / Total: 8757/10000, Top-5 accuracy: 0.8757, time: 1.4629075527191162
 class_acc:{0: 0.693, 1: 0.129, 2: 0.312, 3: 0.838, 4: 0.346, 5: 0.113, 6: 0.078, 7: 0.076, 8: 0.687, 9: 0.318}
ASR_lables tensor([1, 1, 1,  ..., 1, 1, 1])
==========Test result on poisoned test dataset(ASR)(Not including images with original label same as attack label)==========
[2026-08-22_20:20:19] Top-1 correct / Total: 2/9000, Top-1 accuracy: 0.00022222222222222223, Top-5 correct / Total: 1261/9000, Top-5 accuracy: 0.1401111111111111, time: 30.457444667816162
 class_acc:{1: 0.00022222222222222223}
PA_lables tensor([0, 0, 0,  ..., 9, 9, 9])
==========Test result on poisoned test dataset(PA)==========
[2026-08-22_20:20:20] Top-1 correct / Total: 3403/10000, Top-1 accuracy: 0.3403, Top-5 correct / Total: 8591/10000, Top-5 accuracy: 0.8591, time: 31.364001274108887
 class_acc:{0: 0.752, 1: 0.075, 2: 0.299, 3: 0.732, 4: 0.376, 5: 0.114, 6: 0.057, 7: 0.089, 8: 0.618, 9: 0.291}
=================================================End==================================================
