2026-08-22 20:22:07,371 [INFO] Run log: logs/20260822_202207_CIFAR10ImageFolder_Blended_motion_blur_3.0_seed1234.log
Using the CIFAR10ImageFolder
The at_threshold: 1
2026-08-22 20:22:07,734 [INFO] Using device: cuda:0
====================================================================================
Non-default run settings
====================================================================================
dataset: CIFAR10ImageFolder
attack_method: Blended
attack_schedule: Blended
img_size: 32
deg: motion_blur
deg_scale: 3.0
purify_clean_test: True
purify_poisoned_test: True
use_purified_clean_test: True
use_purified_pois_test: True
at_threshold: 1
degradation_type: motion_blur
degradation_strength: 3.0
disable_conv_ir: True
restorer_ckpt: ./pretrain/convir_gopro.pkl
------------------------------------------------------------------------------------
Runtime metadata
------------------------------------------------------------------------------------
mode: 3
classes: 10
device: cuda:0
run_log_path: logs/20260822_202207_CIFAR10ImageFolder_Blended_motion_blur_3.0_seed1234.log
====================================================================================
Mode is 3
====================================================================================
purified_ins(args, clean_train, purified_clean_test, poisoned_train, purified_pois_test)
====================================================================================
Using Pre-trained model: CIFAR10ImageFolder_pretrain/Blended/Res_34_32
=================================================Loading Model ==================================================
=================================================    Loaded    ==================================================
==========Test result on benign test dataset(CA)==========
[2026-08-22_20:23:13] Top-1 correct / Total: 7395/10000, Top-1 accuracy: 0.7395, Top-5 correct / Total: 9735/10000, Top-5 accuracy: 0.9735, time: 1.4340600967407227
 class_acc:{0: 0.806, 1: 0.782, 2: 0.798, 3: 0.783, 4: 0.707, 5: 0.659, 6: 0.454, 7: 0.771, 8: 0.862, 9: 0.773}
ASR_lables tensor([1, 1, 1,  ..., 1, 1, 1])
==========Test result on poisoned test dataset(ASR)(Not including images with original label same as attack label)==========
[2026-08-22_20:23:42] Top-1 correct / Total: 1/9000, Top-1 accuracy: 0.00011111111111111112, Top-5 correct / Total: 156/9000, Top-5 accuracy: 0.017333333333333333, time: 29.76688528060913
 class_acc:{1: 0.00011111111111111112}
PA_lables tensor([0, 0, 0,  ..., 9, 9, 9])
==========Test result on poisoned test dataset(PA)==========
[2026-08-22_20:23:42] Top-1 correct / Total: 3728/10000, Top-1 accuracy: 0.3728, Top-5 correct / Total: 8444/10000, Top-5 accuracy: 0.8444, time: 30.708706855773926
 class_acc:{0: 0.284, 1: 0.156, 2: 0.743, 3: 0.663, 4: 0.52, 5: 0.119, 6: 0.163, 7: 0.156, 8: 0.637, 9: 0.287}
=================================================End==================================================
