2026-08-22 20:40:53,410 [INFO] Run log: logs/20260822_204053_CIFAR10ImageFolder_ISSBA_motion_blur_9.0_seed1234.log
Using the CIFAR10ImageFolder
The at_threshold: 1
2026-08-22 20:40:53,834 [INFO] Using device: cuda:0
====================================================================================
Non-default run settings
====================================================================================
dataset: CIFAR10ImageFolder
attack_method: ISSBA
attack_schedule: ISSBA
issba_exported_poisoned_root: exported_poisoned/ISSBA/CIFAR10ImageFolder
img_size: 32
deg: motion_blur
deg_scale: 9.0
purify_clean_test: True
purify_poisoned_test: True
use_purified_clean_test: True
use_purified_pois_test: True
at_threshold: 1
degradation_type: motion_blur
degradation_strength: 9.0
disable_conv_ir: True
restorer_ckpt: ./pretrain/convir_gopro.pkl
------------------------------------------------------------------------------------
Runtime metadata
------------------------------------------------------------------------------------
mode: 3
classes: 10
device: cuda:0
run_log_path: logs/20260822_204053_CIFAR10ImageFolder_ISSBA_motion_blur_9.0_seed1234.log
====================================================================================
Mode is 3
====================================================================================
purified_ins(args, clean_train, purified_clean_test, poisoned_train, purified_pois_test)
====================================================================================
Using Pre-trained model: CIFAR10ImageFolder_pretrain/ISSBA/Res_34_32
=================================================Loading Model ==================================================
=================================================    Loaded    ==================================================
==========Test result on benign test dataset(CA)==========
[2026-08-22_20:41:57] Top-1 correct / Total: 2620/10000, Top-1 accuracy: 0.262, Top-5 correct / Total: 7693/10000, Top-5 accuracy: 0.7693, time: 1.1081359386444092
 class_acc:{0: 0.191, 1: 0.031, 2: 0.119, 3: 0.837, 4: 0.33, 5: 0.263, 6: 0.009, 7: 0.009, 8: 0.75, 9: 0.081}
ASR_lables tensor([1, 1, 1,  ..., 1, 1, 1])
==========Test result on poisoned test dataset(ASR)(Not including images with original label same as attack label)==========
[2026-08-22_20:42:21] Top-1 correct / Total: 2/9000, Top-1 accuracy: 0.00022222222222222223, Top-5 correct / Total: 830/9000, Top-5 accuracy: 0.09222222222222222, time: 25.674878358840942
 class_acc:{1: 0.00022222222222222223}
PA_lables tensor([0, 0, 0,  ..., 9, 9, 9])
==========Test result on poisoned test dataset(PA)==========
[2026-08-22_20:42:22] Top-1 correct / Total: 2609/10000, Top-1 accuracy: 0.2609, Top-5 correct / Total: 7659/10000, Top-5 accuracy: 0.7659, time: 26.401600122451782
 class_acc:{0: 0.179, 1: 0.032, 2: 0.125, 3: 0.836, 4: 0.33, 5: 0.262, 6: 0.01, 7: 0.008, 8: 0.753, 9: 0.074}
=================================================End==================================================
