2026-08-21 13:58:39,807 [INFO] Run log: logs/20260821_135839_Imagenette2_ISSBA_litebd_stage1_bicubic_0.5_seed1234.log
Using the Imagenette2
The at_threshold: 10
2026-08-21 13:58:40,114 [INFO] Using device: cuda:0
====================================================================================
Non-default run settings
====================================================================================
attack_method: ISSBA
issba_exported_poisoned_root: exported_poisoned/ISSBA/Imagenette2
deg: litebd_stage1_bicubic
deg_scale: 0.5
use_purified_clean_test: True
use_purified_pois_test: True
purified_label_style: numeric
purifier_backend: none
degradation_type: litebd_stage1_bicubic
degradation_strength: 0.5
restorer_ckpt: ./pretrain/ots-base.pkl
restorer_version: base
------------------------------------------------------------------------------------
Runtime metadata
------------------------------------------------------------------------------------
mode: 3
classes: 20
device: cuda:0
run_log_path: logs/20260821_135839_Imagenette2_ISSBA_litebd_stage1_bicubic_0.5_seed1234.log
====================================================================================
Mode is 3
====================================================================================
purified_ins(args, clean_train, purified_clean_test, poisoned_train, purified_pois_test)
====================================================================================
Using Pre-trained model: Imagenette2_pretrain/ISSBA/Res_34_256
=================================================Loading Model ==================================================
=================================================    Loaded    ==================================================
==========Test result on benign test dataset(CA)==========
[2026-08-21_13:58:46] Top-1 correct / Total: 3244/3925, Top-1 accuracy: 0.8264968152866242, Top-5 correct / Total: 3860/3925, Top-5 accuracy: 0.9834394904458599, time: 5.884589672088623
 class_acc:{0: 0.9224806201550387, 1: 0.8607594936708861, 2: 0.8907563025210085, 3: 0.616580310880829, 4: 0.863080684596577, 5: 0.7284263959390863, 6: 0.8894601542416453, 7: 0.7326968973747017, 8: 0.9022556390977443, 9: 0.8666666666666667}
ASR_lables tensor([1, 1, 1,  ..., 1, 1, 1])
==========Test result on poisoned test dataset(ASR)(Not including images with original label same as attack label)==========
[2026-08-21_13:58:59] Top-1 correct / Total: 54/3530, Top-1 accuracy: 0.01529745042492918, Top-5 correct / Total: 1626/3530, Top-5 accuracy: 0.4606232294617564, time: 18.79088854789734
 class_acc:{1: 0.01529745042492918}
PA_lables tensor([0, 0, 0,  ..., 9, 9, 9])
==========Test result on poisoned test dataset(PA)==========
[2026-08-21_13:59:04] Top-1 correct / Total: 3254/3925, Top-1 accuracy: 0.8290445859872612, Top-5 correct / Total: 3862/3925, Top-5 accuracy: 0.9839490445859873, time: 24.054195642471313
 class_acc:{0: 0.9250645994832042, 1: 0.8607594936708861, 2: 0.896358543417367, 3: 0.6191709844559585, 4: 0.863080684596577, 5: 0.7385786802030457, 6: 0.8868894601542416, 7: 0.7422434367541766, 8: 0.9022556390977443, 9: 0.8641025641025641}
=================================================End==================================================
