2026-08-21 13:57:18,776 [INFO] Run log: logs/20260821_135718_Imagenette2_BadNet_litebd_stage1_bicubic_0.5_seed1234.log
Using the Imagenette2
The at_threshold: 10
2026-08-21 13:57:19,179 [INFO] Using device: cuda:0
====================================================================================
Non-default run settings
====================================================================================
deg: litebd_stage1_bicubic
deg_scale: 0.5
use_purified_clean_test: True
use_purified_pois_test: True
purified_label_style: numeric
purifier_backend: none
degradation_type: litebd_stage1_bicubic
degradation_strength: 0.5
restorer_ckpt: ./pretrain/ots-base.pkl
restorer_version: base
------------------------------------------------------------------------------------
Runtime metadata
------------------------------------------------------------------------------------
mode: 3
classes: 20
device: cuda:0
run_log_path: logs/20260821_135718_Imagenette2_BadNet_litebd_stage1_bicubic_0.5_seed1234.log
====================================================================================
Mode is 3
Using the pattern size: 9*9
====================================================================================
purified_ins(args, clean_train, purified_clean_test, poisoned_train, purified_pois_test)
====================================================================================
Using Pre-trained model: Imagenette2_pretrain/BadNet/Res_34_256
=================================================Loading Model ==================================================
=================================================    Loaded    ==================================================
==========Test result on benign test dataset(CA)==========
[2026-08-21_13:57:25] Top-1 correct / Total: 3204/3925, Top-1 accuracy: 0.8163057324840765, Top-5 correct / Total: 3854/3925, Top-5 accuracy: 0.9819108280254777, time: 6.001119375228882
 class_acc:{0: 0.8811369509043928, 1: 0.9316455696202531, 2: 0.907563025210084, 3: 0.5932642487046632, 4: 0.8117359413202934, 5: 0.7817258883248731, 6: 0.8637532133676092, 7: 0.6587112171837709, 8: 0.8972431077694235, 9: 0.8512820512820513}
ASR_lables tensor([0, 0, 0,  ..., 0, 0, 0])
==========Test result on poisoned test dataset(ASR)(Not including images with original label same as attack label)==========
[2026-08-21_13:57:38] Top-1 correct / Total: 48/3538, Top-1 accuracy: 0.013566986998304126, Top-5 correct / Total: 1234/3538, Top-5 accuracy: 0.34878462408140193, time: 18.74965763092041
 class_acc:{0: 0.013566986998304126}
PA_lables tensor([0, 0, 0,  ..., 9, 9, 9])
==========Test result on poisoned test dataset(PA)==========
[2026-08-21_13:57:43] Top-1 correct / Total: 3181/3925, Top-1 accuracy: 0.8104458598726114, Top-5 correct / Total: 3850/3925, Top-5 accuracy: 0.9808917197452229, time: 24.000316858291626
 class_acc:{0: 0.8708010335917312, 1: 0.9493670886075949, 2: 0.9047619047619048, 3: 0.582901554404145, 4: 0.7775061124694377, 5: 0.7741116751269036, 6: 0.8611825192802056, 7: 0.6587112171837709, 8: 0.8872180451127819, 9: 0.8538461538461538}
=================================================End==================================================
