2026-08-21 13:57:45,855 [INFO] Run log: logs/20260821_135745_Imagenette2_Blended_litebd_stage1_bicubic_0.5_seed1234.log
Using the Imagenette2
The at_threshold: 10
2026-08-21 13:57:46,168 [INFO] Using device: cuda:0
====================================================================================
Non-default run settings
====================================================================================
attack_method: Blended
deg: litebd_stage1_bicubic
deg_scale: 0.5
use_purified_clean_test: True
use_purified_pois_test: True
purified_label_style: numeric
purifier_backend: none
degradation_type: litebd_stage1_bicubic
degradation_strength: 0.5
restorer_ckpt: ./pretrain/ots-base.pkl
restorer_version: base
------------------------------------------------------------------------------------
Runtime metadata
------------------------------------------------------------------------------------
mode: 3
classes: 20
device: cuda:0
run_log_path: logs/20260821_135745_Imagenette2_Blended_litebd_stage1_bicubic_0.5_seed1234.log
====================================================================================
Mode is 3
====================================================================================
purified_ins(args, clean_train, purified_clean_test, poisoned_train, purified_pois_test)
====================================================================================
Using Pre-trained model: Imagenette2_pretrain/Blended/Res_34_256
=================================================Loading Model ==================================================
=================================================    Loaded    ==================================================
==========Test result on benign test dataset(CA)==========
[2026-08-21_13:57:52] Top-1 correct / Total: 3157/3925, Top-1 accuracy: 0.8043312101910828, Top-5 correct / Total: 3845/3925, Top-5 accuracy: 0.9796178343949045, time: 5.885586500167847
 class_acc:{0: 0.8811369509043928, 1: 0.8987341772151899, 2: 0.9327731092436975, 3: 0.5699481865284974, 4: 0.6943765281173594, 5: 0.7766497461928934, 6: 0.8560411311053985, 7: 0.6276849642004774, 8: 0.9298245614035088, 9: 0.9}
ASR_lables tensor([0, 0, 0,  ..., 0, 0, 0])
==========Test result on poisoned test dataset(ASR)(Not including images with original label same as attack label)==========
[2026-08-21_13:58:05] Top-1 correct / Total: 336/3538, Top-1 accuracy: 0.09496890898812889, Top-5 correct / Total: 3028/3538, Top-5 accuracy: 0.8558507631430187, time: 18.866734743118286
 class_acc:{0: 0.09496890898812889}
PA_lables tensor([0, 0, 0,  ..., 9, 9, 9])
==========Test result on poisoned test dataset(PA)==========
[2026-08-21_13:58:10] Top-1 correct / Total: 1989/3925, Top-1 accuracy: 0.5067515923566879, Top-5 correct / Total: 3497/3925, Top-5 accuracy: 0.8909554140127388, time: 24.12445878982544
 class_acc:{0: 0.7545219638242894, 1: 0.9468354430379747, 2: 0.41456582633053224, 3: 0.36787564766839376, 4: 0.32273838630806845, 5: 0.26649746192893403, 6: 0.2493573264781491, 7: 0.2315035799522673, 8: 0.8446115288220551, 9: 0.6794871794871795}
=================================================End==================================================
