2026-08-21 13:58:12,904 [INFO] Run log: logs/20260821_135812_Imagenette2_WaNet_litebd_stage1_bicubic_0.5_seed1234.log
Using the Imagenette2
The at_threshold: 10
2026-08-21 13:58:13,206 [INFO] Using device: cuda:0
====================================================================================
Non-default run settings
====================================================================================
attack_method: WaNet
attack_target: 0
deg: litebd_stage1_bicubic
deg_scale: 0.5
use_purified_clean_test: True
use_purified_pois_test: True
purified_label_style: numeric
purifier_backend: none
degradation_type: litebd_stage1_bicubic
degradation_strength: 0.5
restorer_ckpt: ./pretrain/ots-base.pkl
restorer_version: base
------------------------------------------------------------------------------------
Runtime metadata
------------------------------------------------------------------------------------
mode: 3
classes: 20
device: cuda:0
run_log_path: logs/20260821_135812_Imagenette2_WaNet_litebd_stage1_bicubic_0.5_seed1234.log
====================================================================================
Mode is 3
====================================================================================
purified_ins(args, clean_train, purified_clean_test, poisoned_train, purified_pois_test)
====================================================================================
Using Pre-trained model: Imagenette2_pretrain/WaNet/Res_34_256
=================================================Loading Model ==================================================
=================================================    Loaded    ==================================================
==========Test result on benign test dataset(CA)==========
[2026-08-21_13:58:19] Top-1 correct / Total: 2612/3925, Top-1 accuracy: 0.6654777070063694, Top-5 correct / Total: 3800/3925, Top-5 accuracy: 0.9681528662420382, time: 5.875140428543091
 class_acc:{0: 0.9276485788113695, 1: 0.21012658227848102, 2: 0.9019607843137255, 3: 0.5259067357512953, 4: 0.5647921760391198, 5: 0.7081218274111675, 6: 0.6838046272493573, 7: 0.6109785202863962, 8: 0.8070175438596491, 9: 0.7461538461538462}
ASR_lables tensor([0, 0, 0,  ..., 0, 0, 0])
==========Test result on poisoned test dataset(ASR)(Not including images with original label same as attack label)==========
[2026-08-21_13:58:32] Top-1 correct / Total: 683/3538, Top-1 accuracy: 0.19304691916336914, Top-5 correct / Total: 2591/3538, Top-5 accuracy: 0.7323346523459582, time: 18.74357581138611
 class_acc:{0: 0.19304691916336914}
PA_lables tensor([0, 0, 0,  ..., 9, 9, 9])
==========Test result on poisoned test dataset(PA)==========
[2026-08-21_13:58:37] Top-1 correct / Total: 2405/3925, Top-1 accuracy: 0.6127388535031847, Top-5 correct / Total: 3777/3925, Top-5 accuracy: 0.9622929936305733, time: 24.027119398117065
 class_acc:{0: 0.9534883720930233, 1: 0.14936708860759493, 2: 0.8571428571428571, 3: 0.5181347150259067, 4: 0.5232273838630807, 5: 0.5888324873096447, 6: 0.6272493573264781, 7: 0.568019093078759, 8: 0.681704260651629, 9: 0.6948717948717948}
=================================================End==================================================
