2026-08-16 00:17:27,075 [INFO] Run log: logs/20260816_001727_Imagenette2_ISSBA_none_0.0_seed1234.log
Using the Imagenette2
The at_threshold: 1
2026-08-16 00:17:27,351 [INFO] Using device: cuda:0
====================================================================================
Non-default run settings
====================================================================================
attack_method: ISSBA
attack_schedule: ISSBA
issba_exported_poisoned_root: exported_poisoned/ISSBA/Imagenette2
restorer_ckpt: ./pretrain/convir_rsblur.pkl
degradation_type: none
degradation_strength: 0.0
deg: none
deg_scale: 0.0
purify_clean_test: True
purify_poisoned_test: True
use_purified_clean_test: True
use_purified_pois_test: True
at_threshold: 1
------------------------------------------------------------------------------------
Runtime metadata
------------------------------------------------------------------------------------
mode: 3
classes: 20
device: cuda:0
run_log_path: logs/20260816_001727_Imagenette2_ISSBA_none_0.0_seed1234.log
====================================================================================
Mode is 3
====================================================================================
purified_ins(args, clean_train, purified_clean_test, poisoned_train, purified_pois_test)
====================================================================================
Using Pre-trained model: Imagenette2_pretrain/ISSBA/Res_34_256
=================================================Loading Model ==================================================
=================================================    Loaded    ==================================================
==========Test result on benign test dataset(CA)==========
[2026-08-16_00:32:47] Top-1 correct / Total: 1870/3925, Top-1 accuracy: 0.4764331210191083, Top-5 correct / Total: 3316/3925, Top-5 accuracy: 0.8448407643312101, time: 32.031954526901245
 class_acc:{0: 0.7803617571059431, 1: 0.5924050632911393, 2: 0.33053221288515405, 3: 0.16839378238341968, 4: 0.7628361858190709, 5: 0.01015228426395939, 6: 0.7763496143958869, 7: 0.24821002386634844, 8: 0.45864661654135336, 9: 0.6307692307692307}
ASR_lables tensor([1, 1, 1,  ..., 1, 1, 1])
==========Test result on poisoned test dataset(ASR)(Not including images with original label same as attack label)==========
[2026-08-16_00:33:12] Top-1 correct / Total: 629/3530, Top-1 accuracy: 0.17818696883852692, Top-5 correct / Total: 3157/3530, Top-5 accuracy: 0.8943342776203966, time: 57.58800792694092
 class_acc:{1: 0.17818696883852692}
PA_lables tensor([0, 0, 0,  ..., 9, 9, 9])
==========Test result on poisoned test dataset(PA)==========
[2026-08-16_00:33:43] Top-1 correct / Total: 1846/3925, Top-1 accuracy: 0.4703184713375796, Top-5 correct / Total: 3328/3925, Top-5 accuracy: 0.8478980891719745, time: 88.67704701423645
 class_acc:{0: 0.7183462532299741, 1: 0.7569620253164557, 2: 0.24929971988795518, 3: 0.10362694300518134, 4: 0.8141809290953546, 5: 0.015228426395939087, 6: 0.7557840616966581, 7: 0.24821002386634844, 8: 0.46365914786967416, 9: 0.558974358974359}
=================================================End==================================================
