2026-08-19 00:45:41,967 [INFO] Run log: logs/20260819_004541_Imagenette2_WaNet_none_0.0_seed1234.log
Using the Imagenette2
The at_threshold: 1
2026-08-19 00:45:42,261 [INFO] Using device: cuda:0
====================================================================================
Non-default run settings
====================================================================================
attack_method: WaNet
attack_schedule: WaNet
attack_target: 0
poisoned_rate: 0.1
restorer_ckpt: ./pretrain/convir_rsblur.pkl
degradation_type: none
degradation_strength: 0.0
deg: none
deg_scale: 0.0
purify_clean_test: True
purify_poisoned_test: True
use_purified_clean_test: True
use_purified_pois_test: True
at_threshold: 1
------------------------------------------------------------------------------------
Runtime metadata
------------------------------------------------------------------------------------
mode: 3
classes: 20
device: cuda:0
run_log_path: logs/20260819_004541_Imagenette2_WaNet_none_0.0_seed1234.log
====================================================================================
Mode is 3
====================================================================================
purified_ins(args, clean_train, purified_clean_test, poisoned_train, purified_pois_test)
====================================================================================
Using Pre-trained model: Imagenette2_pretrain/WaNet/Res_34_256
=================================================Loading Model ==================================================
=================================================    Loaded    ==================================================
==========Test result on benign test dataset(CA)==========
[2026-08-19_01:00:57] Top-1 correct / Total: 1483/3925, Top-1 accuracy: 0.3778343949044586, Top-5 correct / Total: 3049/3925, Top-5 accuracy: 0.7768152866242038, time: 26.00918197631836
 class_acc:{0: 0.5684754521963824, 1: 0.660759493670886, 2: 0.47619047619047616, 3: 0.04922279792746114, 4: 0.4254278728606357, 5: 0.0, 6: 0.13881748071979436, 7: 0.09069212410501193, 8: 0.7769423558897243, 9: 0.6076923076923076}
ASR_lables tensor([0, 0, 0,  ..., 0, 0, 0])
==========Test result on poisoned test dataset(ASR)(Not including images with original label same as attack label)==========
[2026-08-19_01:01:18] Top-1 correct / Total: 1289/3538, Top-1 accuracy: 0.36433013001695874, Top-5 correct / Total: 3478/3538, Top-5 accuracy: 0.9830412662521198, time: 47.23110032081604
 class_acc:{0: 0.36433013001695874}
PA_lables tensor([0, 0, 0,  ..., 9, 9, 9])
==========Test result on poisoned test dataset(PA)==========
[2026-08-19_01:01:44] Top-1 correct / Total: 1288/3925, Top-1 accuracy: 0.3281528662420382, Top-5 correct / Total: 3051/3925, Top-5 accuracy: 0.7773248407643312, time: 72.83088088035583
 class_acc:{0: 0.6640826873385013, 1: 0.6075949367088608, 2: 0.3865546218487395, 3: 0.05699481865284974, 4: 0.11735941320293398, 5: 0.0, 6: 0.10539845758354756, 7: 0.011933174224343675, 8: 0.7669172932330827, 9: 0.5923076923076923}
=================================================End==================================================
