2026-08-15 23:27:53,474 [INFO] Run log: logs/20260815_232753_Imagenette2_BadNet_none_0.0_seed1234.log
Using the Imagenette2
The at_threshold: 1
2026-08-15 23:27:53,736 [INFO] Using device: cuda:0
====================================================================================
Non-default run settings
====================================================================================
restorer_ckpt: ./pretrain/convir_rsblur.pkl
degradation_type: none
degradation_strength: 0.0
deg: none
deg_scale: 0.0
purify_clean_test: True
purify_poisoned_test: True
use_purified_clean_test: True
use_purified_pois_test: True
at_threshold: 1
------------------------------------------------------------------------------------
Runtime metadata
------------------------------------------------------------------------------------
mode: 3
classes: 20
device: cuda:0
run_log_path: logs/20260815_232753_Imagenette2_BadNet_none_0.0_seed1234.log
====================================================================================
Mode is 3
Using the pattern size: 9*9
====================================================================================
purified_ins(args, clean_train, purified_clean_test, poisoned_train, purified_pois_test)
====================================================================================
Using Pre-trained model: Imagenette2_pretrain/BadNet/Res_34_256
=================================================Loading Model ==================================================
=================================================    Loaded    ==================================================
==========Test result on benign test dataset(CA)==========
[2026-08-15_23:43:49] Top-1 correct / Total: 1811/3925, Top-1 accuracy: 0.4614012738853503, Top-5 correct / Total: 3268/3925, Top-5 accuracy: 0.8326114649681529, time: 30.234028339385986
 class_acc:{0: 0.30749354005167956, 1: 0.6835443037974683, 2: 0.30532212885154064, 3: 0.16321243523316062, 4: 0.6968215158924206, 5: 0.0025380710659898475, 6: 0.5578406169665809, 7: 0.30071599045346065, 8: 0.6766917293233082, 9: 0.9}
ASR_lables tensor([1, 1, 1,  ..., 1, 1, 1])
==========Test result on poisoned test dataset(ASR)(Not including images with original label same as attack label)==========
[2026-08-15_23:44:13] Top-1 correct / Total: 459/3530, Top-1 accuracy: 0.13002832861189803, Top-5 correct / Total: 2791/3530, Top-5 accuracy: 0.7906515580736544, time: 54.64077353477478
 class_acc:{1: 0.13002832861189803}
PA_lables tensor([0, 0, 0,  ..., 9, 9, 9])
==========Test result on poisoned test dataset(PA)==========
[2026-08-15_23:44:43] Top-1 correct / Total: 2098/3925, Top-1 accuracy: 0.5345222929936305, Top-5 correct / Total: 3379/3925, Top-5 accuracy: 0.8608917197452229, time: 84.59648633003235
 class_acc:{0: 0.5478036175710594, 1: 0.8481012658227848, 2: 0.3445378151260504, 3: 0.17875647668393782, 4: 0.7432762836185819, 5: 0.027918781725888325, 6: 0.7403598971722365, 7: 0.3412887828162291, 8: 0.6791979949874687, 9: 0.8769230769230769}
=================================================End==================================================
