2026-08-21 13:56:12,066 [INFO] Run log: logs/20260821_135612_Imagenette2_WaNet_litebd_stage1_swinir_0.5_seed1234.log
Using the Imagenette2
The at_threshold: 10
2026-08-21 13:56:12,372 [INFO] Using device: cuda:0
====================================================================================
Non-default run settings
====================================================================================
attack_method: WaNet
attack_target: 0
deg: litebd_stage1_swinir
deg_scale: 0.5
use_purified_clean_test: True
use_purified_pois_test: True
purified_label_style: numeric
purifier_backend: none
degradation_type: litebd_stage1_swinir
degradation_strength: 0.5
restorer_ckpt: ./pretrain/ots-base.pkl
restorer_version: base
------------------------------------------------------------------------------------
Runtime metadata
------------------------------------------------------------------------------------
mode: 3
classes: 20
device: cuda:0
run_log_path: logs/20260821_135612_Imagenette2_WaNet_litebd_stage1_swinir_0.5_seed1234.log
====================================================================================
Mode is 3
====================================================================================
purified_ins(args, clean_train, purified_clean_test, poisoned_train, purified_pois_test)
====================================================================================
Using Pre-trained model: Imagenette2_pretrain/WaNet/Res_34_256
=================================================Loading Model ==================================================
=================================================    Loaded    ==================================================
==========Test result on benign test dataset(CA)==========
[2026-08-21_13:56:18] Top-1 correct / Total: 3087/3925, Top-1 accuracy: 0.7864968152866242, Top-5 correct / Total: 3856/3925, Top-5 accuracy: 0.9824203821656051, time: 5.890791893005371
 class_acc:{0: 0.7467700258397932, 1: 0.7316455696202532, 2: 0.865546218487395, 3: 0.3963730569948187, 4: 0.7750611246943765, 5: 0.8857868020304569, 6: 0.8663239074550129, 7: 0.7637231503579952, 8: 0.9197994987468672, 9: 0.9153846153846154}
ASR_lables tensor([0, 0, 0,  ..., 0, 0, 0])
==========Test result on poisoned test dataset(ASR)(Not including images with original label same as attack label)==========
[2026-08-21_13:56:31] Top-1 correct / Total: 28/3538, Top-1 accuracy: 0.00791407574901074, Top-5 correct / Total: 1428/3538, Top-5 accuracy: 0.4036178631995478, time: 18.786911964416504
 class_acc:{0: 0.00791407574901074}
PA_lables tensor([0, 0, 0,  ..., 9, 9, 9])
==========Test result on poisoned test dataset(PA)==========
[2026-08-21_13:56:36] Top-1 correct / Total: 3072/3925, Top-1 accuracy: 0.7826751592356688, Top-5 correct / Total: 3853/3925, Top-5 accuracy: 0.981656050955414, time: 24.05371117591858
 class_acc:{0: 0.8242894056847545, 1: 0.8354430379746836, 2: 0.8067226890756303, 3: 0.5129533678756477, 4: 0.6797066014669927, 5: 0.817258883248731, 6: 0.8380462724935732, 7: 0.6921241050119332, 8: 0.9223057644110275, 9: 0.9051282051282051}
=================================================End==================================================
