2026-08-21 13:55:45,165 [INFO] Run log: logs/20260821_135545_Imagenette2_Blended_litebd_stage1_swinir_0.5_seed1234.log
Using the Imagenette2
The at_threshold: 10
2026-08-21 13:55:45,471 [INFO] Using device: cuda:0
====================================================================================
Non-default run settings
====================================================================================
attack_method: Blended
deg: litebd_stage1_swinir
deg_scale: 0.5
use_purified_clean_test: True
use_purified_pois_test: True
purified_label_style: numeric
purifier_backend: none
degradation_type: litebd_stage1_swinir
degradation_strength: 0.5
restorer_ckpt: ./pretrain/ots-base.pkl
restorer_version: base
------------------------------------------------------------------------------------
Runtime metadata
------------------------------------------------------------------------------------
mode: 3
classes: 20
device: cuda:0
run_log_path: logs/20260821_135545_Imagenette2_Blended_litebd_stage1_swinir_0.5_seed1234.log
====================================================================================
Mode is 3
====================================================================================
purified_ins(args, clean_train, purified_clean_test, poisoned_train, purified_pois_test)
====================================================================================
Using Pre-trained model: Imagenette2_pretrain/Blended/Res_34_256
=================================================Loading Model ==================================================
=================================================    Loaded    ==================================================
==========Test result on benign test dataset(CA)==========
[2026-08-21_13:55:51] Top-1 correct / Total: 3311/3925, Top-1 accuracy: 0.8435668789808917, Top-5 correct / Total: 3854/3925, Top-5 accuracy: 0.9819108280254777, time: 5.921801567077637
 class_acc:{0: 0.8992248062015504, 1: 0.8430379746835444, 2: 0.8851540616246498, 3: 0.5932642487046632, 4: 0.8606356968215159, 5: 0.8477157360406091, 6: 0.8946015424164524, 7: 0.7899761336515513, 8: 0.8847117794486216, 9: 0.941025641025641}
ASR_lables tensor([0, 0, 0,  ..., 0, 0, 0])
==========Test result on poisoned test dataset(ASR)(Not including images with original label same as attack label)==========
[2026-08-21_13:56:04] Top-1 correct / Total: 243/3538, Top-1 accuracy: 0.06868287167891464, Top-5 correct / Total: 3201/3538, Top-5 accuracy: 0.9047484454494065, time: 18.746865034103394
 class_acc:{0: 0.06868287167891464}
PA_lables tensor([0, 0, 0,  ..., 9, 9, 9])
==========Test result on poisoned test dataset(PA)==========
[2026-08-21_13:56:09] Top-1 correct / Total: 1662/3925, Top-1 accuracy: 0.4234394904458599, Top-5 correct / Total: 3503/3925, Top-5 accuracy: 0.892484076433121, time: 23.997474908828735
 class_acc:{0: 0.7183462532299741, 1: 0.9265822784810127, 2: 0.1484593837535014, 3: 0.4844559585492228, 4: 0.37163814180929094, 5: 0.2715736040609137, 6: 0.10282776349614396, 7: 0.18854415274463007, 8: 0.6190476190476191, 9: 0.3923076923076923}
=================================================End==================================================
