2026-08-21 13:56:38,970 [INFO] Run log: logs/20260821_135638_Imagenette2_ISSBA_litebd_stage1_swinir_0.5_seed1234.log
Using the Imagenette2
The at_threshold: 10
2026-08-21 13:56:39,284 [INFO] Using device: cuda:0
====================================================================================
Non-default run settings
====================================================================================
attack_method: ISSBA
issba_exported_poisoned_root: exported_poisoned/ISSBA/Imagenette2
deg: litebd_stage1_swinir
deg_scale: 0.5
use_purified_clean_test: True
use_purified_pois_test: True
purified_label_style: numeric
purifier_backend: none
degradation_type: litebd_stage1_swinir
degradation_strength: 0.5
restorer_ckpt: ./pretrain/ots-base.pkl
restorer_version: base
------------------------------------------------------------------------------------
Runtime metadata
------------------------------------------------------------------------------------
mode: 3
classes: 20
device: cuda:0
run_log_path: logs/20260821_135638_Imagenette2_ISSBA_litebd_stage1_swinir_0.5_seed1234.log
====================================================================================
Mode is 3
====================================================================================
purified_ins(args, clean_train, purified_clean_test, poisoned_train, purified_pois_test)
====================================================================================
Using Pre-trained model: Imagenette2_pretrain/ISSBA/Res_34_256
=================================================Loading Model ==================================================
=================================================    Loaded    ==================================================
==========Test result on benign test dataset(CA)==========
[2026-08-21_13:56:45] Top-1 correct / Total: 3252/3925, Top-1 accuracy: 0.8285350318471337, Top-5 correct / Total: 3861/3925, Top-5 accuracy: 0.9836942675159236, time: 5.873912811279297
 class_acc:{0: 0.9250645994832042, 1: 0.8481012658227848, 2: 0.876750700280112, 3: 0.6321243523316062, 4: 0.8753056234718827, 5: 0.751269035532995, 6: 0.8688946015424165, 7: 0.7517899761336515, 8: 0.8922305764411027, 9: 0.8692307692307693}
ASR_lables tensor([1, 1, 1,  ..., 1, 1, 1])
==========Test result on poisoned test dataset(ASR)(Not including images with original label same as attack label)==========
[2026-08-21_13:56:58] Top-1 correct / Total: 45/3530, Top-1 accuracy: 0.012747875354107648, Top-5 correct / Total: 1514/3530, Top-5 accuracy: 0.4288951841359773, time: 18.739813804626465
 class_acc:{1: 0.012747875354107648}
PA_lables tensor([0, 0, 0,  ..., 9, 9, 9])
==========Test result on poisoned test dataset(PA)==========
[2026-08-21_13:57:03] Top-1 correct / Total: 3253/3925, Top-1 accuracy: 0.8287898089171974, Top-5 correct / Total: 3862/3925, Top-5 accuracy: 0.9839490445859873, time: 24.000973224639893
 class_acc:{0: 0.9250645994832042, 1: 0.8481012658227848, 2: 0.8739495798319328, 3: 0.6269430051813472, 4: 0.882640586797066, 5: 0.7563451776649747, 6: 0.8611825192802056, 7: 0.7517899761336515, 8: 0.8922305764411027, 9: 0.8743589743589744}
=================================================End==================================================
