2026-08-16 08:16:28,541 [INFO] Run log: logs/20260816_081628_Imagenette2_Blended_haze_0.2_seed1234.log
Using the Imagenette2
The at_threshold: 1
2026-08-16 08:16:28,815 [INFO] Using device: cuda:0
====================================================================================
Non-default run settings
====================================================================================
attack_method: Blended
attack_schedule: Blended
restorer_ckpt: ./pretrain/its-base.pkl
degradation_type: haze
degradation_strength: 0.2
deg: haze
deg_scale: 0.2
purify_clean_test: True
purify_poisoned_test: True
use_purified_clean_test: True
use_purified_pois_test: True
at_threshold: 1
------------------------------------------------------------------------------------
Runtime metadata
------------------------------------------------------------------------------------
mode: 3
classes: 20
device: cuda:0
run_log_path: logs/20260816_081628_Imagenette2_Blended_haze_0.2_seed1234.log
====================================================================================
Mode is 3
====================================================================================
purified_ins(args, clean_train, purified_clean_test, poisoned_train, purified_pois_test)
====================================================================================
Using Pre-trained model: Imagenette2_pretrain/Blended/Res_34_256
=================================================Loading Model ==================================================
=================================================    Loaded    ==================================================
==========Test result on benign test dataset(CA)==========
[2026-08-16_08:29:25] Top-1 correct / Total: 3244/3925, Top-1 accuracy: 0.8264968152866242, Top-5 correct / Total: 3821/3925, Top-5 accuracy: 0.9735031847133758, time: 40.1035532951355
 class_acc:{0: 0.8397932816537468, 1: 0.8177215189873418, 2: 0.8599439775910365, 3: 0.6735751295336787, 4: 0.9119804400977995, 5: 0.8274111675126904, 6: 0.8483290488431876, 7: 0.7804295942720764, 8: 0.8270676691729323, 9: 0.8794871794871795}
ASR_lables tensor([1, 1, 1,  ..., 1, 1, 1])
==========Test result on poisoned test dataset(ASR)(Not including images with original label same as attack label)==========
[2026-08-16_08:30:02] Top-1 correct / Total: 514/3530, Top-1 accuracy: 0.14560906515580738, Top-5 correct / Total: 966/3530, Top-5 accuracy: 0.27365439093484417, time: 77.71671223640442
 class_acc:{1: 0.14560906515580738}
PA_lables tensor([0, 0, 0,  ..., 9, 9, 9])
==========Test result on poisoned test dataset(PA)==========
[2026-08-16_08:30:31] Top-1 correct / Total: 410/3925, Top-1 accuracy: 0.10445859872611465, Top-5 correct / Total: 2067/3925, Top-5 accuracy: 0.5266242038216561, time: 106.83598852157593
 class_acc:{0: 0.0, 1: 0.15949367088607594, 2: 0.0028011204481792717, 3: 0.02072538860103627, 4: 0.10513447432762836, 5: 0.0, 6: 0.002570694087403599, 7: 0.0, 8: 0.015037593984962405, 9: 0.7384615384615385}
=================================================End==================================================
