2026-08-16 07:14:31,272 [INFO] Run log: logs/20260816_071431_Imagenette2_BadNet_haze_0.5_seed1234.log
Using the Imagenette2
The at_threshold: 1
2026-08-16 07:14:31,545 [INFO] Using device: cuda:0
====================================================================================
Non-default run settings
====================================================================================
restorer_ckpt: ./pretrain/its-base.pkl
degradation_type: haze
degradation_strength: 0.5
deg: haze
deg_scale: 0.5
purify_clean_test: True
purify_poisoned_test: True
use_purified_clean_test: True
use_purified_pois_test: True
at_threshold: 1
------------------------------------------------------------------------------------
Runtime metadata
------------------------------------------------------------------------------------
mode: 3
classes: 20
device: cuda:0
run_log_path: logs/20260816_071431_Imagenette2_BadNet_haze_0.5_seed1234.log
====================================================================================
Mode is 3
Using the pattern size: 9*9
====================================================================================
purified_ins(args, clean_train, purified_clean_test, poisoned_train, purified_pois_test)
====================================================================================
Using Pre-trained model: Imagenette2_pretrain/BadNet/Res_34_256
=================================================Loading Model ==================================================
=================================================    Loaded    ==================================================
==========Test result on benign test dataset(CA)==========
[2026-08-16_07:30:24] Top-1 correct / Total: 3190/3925, Top-1 accuracy: 0.8127388535031848, Top-5 correct / Total: 3835/3925, Top-5 accuracy: 0.9770700636942675, time: 31.09112286567688
 class_acc:{0: 0.8527131782945736, 1: 0.7822784810126582, 2: 0.8515406162464986, 3: 0.6139896373056994, 4: 0.902200488997555, 5: 0.8451776649746193, 6: 0.8303341902313625, 7: 0.766109785202864, 8: 0.8270676691729323, 9: 0.8564102564102564}
ASR_lables tensor([1, 1, 1,  ..., 1, 1, 1])
==========Test result on poisoned test dataset(ASR)(Not including images with original label same as attack label)==========
[2026-08-16_07:30:49] Top-1 correct / Total: 443/3530, Top-1 accuracy: 0.1254957507082153, Top-5 correct / Total: 3455/3530, Top-5 accuracy: 0.9787535410764873, time: 55.76055121421814
 class_acc:{1: 0.1254957507082153}
PA_lables tensor([0, 0, 0,  ..., 9, 9, 9])
==========Test result on poisoned test dataset(PA)==========
[2026-08-16_07:31:19] Top-1 correct / Total: 3013/3925, Top-1 accuracy: 0.7676433121019108, Top-5 correct / Total: 3834/3925, Top-5 accuracy: 0.9768152866242038, time: 86.25661945343018
 class_acc:{0: 0.772609819121447, 1: 0.9316455696202531, 2: 0.7983193277310925, 3: 0.5362694300518135, 4: 0.8484107579462102, 5: 0.7817258883248731, 6: 0.8071979434447301, 7: 0.7279236276849642, 8: 0.7393483709273183, 9: 0.7307692307692307}
=================================================End==================================================
