2026-08-16 08:30:35,017 [INFO] Run log: logs/20260816_083035_Imagenette2_Blended_haze_0.5_seed1234.log
Using the Imagenette2
The at_threshold: 1
2026-08-16 08:30:35,288 [INFO] Using device: cuda:0
====================================================================================
Non-default run settings
====================================================================================
attack_method: Blended
attack_schedule: Blended
restorer_ckpt: ./pretrain/its-base.pkl
degradation_type: haze
degradation_strength: 0.5
deg: haze
deg_scale: 0.5
purify_clean_test: True
purify_poisoned_test: True
use_purified_clean_test: True
use_purified_pois_test: True
at_threshold: 1
------------------------------------------------------------------------------------
Runtime metadata
------------------------------------------------------------------------------------
mode: 3
classes: 20
device: cuda:0
run_log_path: logs/20260816_083035_Imagenette2_Blended_haze_0.5_seed1234.log
====================================================================================
Mode is 3
====================================================================================
purified_ins(args, clean_train, purified_clean_test, poisoned_train, purified_pois_test)
====================================================================================
Using Pre-trained model: Imagenette2_pretrain/Blended/Res_34_256
=================================================Loading Model ==================================================
=================================================    Loaded    ==================================================
==========Test result on benign test dataset(CA)==========
[2026-08-16_08:43:10] Top-1 correct / Total: 3285/3925, Top-1 accuracy: 0.8369426751592357, Top-5 correct / Total: 3848/3925, Top-5 accuracy: 0.9803821656050955, time: 26.52405595779419
 class_acc:{0: 0.8604651162790697, 1: 0.8658227848101265, 2: 0.8543417366946778, 3: 0.6761658031088082, 4: 0.902200488997555, 5: 0.8426395939086294, 6: 0.8560411311053985, 7: 0.7756563245823389, 8: 0.8471177944862155, 9: 0.8897435897435897}
ASR_lables tensor([1, 1, 1,  ..., 1, 1, 1])
==========Test result on poisoned test dataset(ASR)(Not including images with original label same as attack label)==========
[2026-08-16_08:43:31] Top-1 correct / Total: 410/3530, Top-1 accuracy: 0.11614730878186968, Top-5 correct / Total: 851/3530, Top-5 accuracy: 0.24107648725212463, time: 48.22196865081787
 class_acc:{1: 0.11614730878186968}
PA_lables tensor([0, 0, 0,  ..., 9, 9, 9])
==========Test result on poisoned test dataset(PA)==========
[2026-08-16_08:43:57] Top-1 correct / Total: 286/3925, Top-1 accuracy: 0.07286624203821657, Top-5 correct / Total: 1995/3925, Top-5 accuracy: 0.5082802547770701, time: 73.87885570526123
 class_acc:{0: 0.0, 1: 0.02531645569620253, 2: 0.008403361344537815, 3: 0.018134715025906734, 4: 0.07090464547677261, 5: 0.0025380710659898475, 6: 0.0, 7: 0.002386634844868735, 8: 0.012531328320802004, 9: 0.5897435897435898}
=================================================End==================================================
