2026-08-16 08:44:00,542 [INFO] Run log: logs/20260816_084400_Imagenette2_Blended_haze_0.75_seed1234.log
Using the Imagenette2
The at_threshold: 1
2026-08-16 08:44:00,816 [INFO] Using device: cuda:0
====================================================================================
Non-default run settings
====================================================================================
attack_method: Blended
attack_schedule: Blended
restorer_ckpt: ./pretrain/its-base.pkl
degradation_type: haze
degradation_strength: 0.75
deg: haze
deg_scale: 0.75
purify_clean_test: True
purify_poisoned_test: True
use_purified_clean_test: True
use_purified_pois_test: True
at_threshold: 1
------------------------------------------------------------------------------------
Runtime metadata
------------------------------------------------------------------------------------
mode: 3
classes: 20
device: cuda:0
run_log_path: logs/20260816_084400_Imagenette2_Blended_haze_0.75_seed1234.log
====================================================================================
Mode is 3
====================================================================================
purified_ins(args, clean_train, purified_clean_test, poisoned_train, purified_pois_test)
====================================================================================
Using Pre-trained model: Imagenette2_pretrain/Blended/Res_34_256
=================================================Loading Model ==================================================
=================================================    Loaded    ==================================================
==========Test result on benign test dataset(CA)==========
[2026-08-16_08:57:14] Top-1 correct / Total: 3304/3925, Top-1 accuracy: 0.8417834394904459, Top-5 correct / Total: 3850/3925, Top-5 accuracy: 0.9808917197452229, time: 26.238440990447998
 class_acc:{0: 0.8656330749354005, 1: 0.8481012658227848, 2: 0.896358543417367, 3: 0.6528497409326425, 4: 0.9070904645476773, 5: 0.8350253807106599, 6: 0.8740359897172236, 7: 0.7804295942720764, 8: 0.8621553884711779, 9: 0.9}
ASR_lables tensor([1, 1, 1,  ..., 1, 1, 1])
==========Test result on poisoned test dataset(ASR)(Not including images with original label same as attack label)==========
[2026-08-16_08:57:37] Top-1 correct / Total: 1337/3530, Top-1 accuracy: 0.37875354107648723, Top-5 correct / Total: 2217/3530, Top-5 accuracy: 0.6280453257790368, time: 48.62104344367981
 class_acc:{1: 0.37875354107648723}
PA_lables tensor([0, 0, 0,  ..., 9, 9, 9])
==========Test result on poisoned test dataset(PA)==========
[2026-08-16_08:58:02] Top-1 correct / Total: 334/3925, Top-1 accuracy: 0.08509554140127389, Top-5 correct / Total: 2271/3925, Top-5 accuracy: 0.5785987261146497, time: 74.23601222038269
 class_acc:{0: 0.002583979328165375, 1: 0.3670886075949367, 2: 0.0056022408963585435, 3: 0.02072538860103627, 4: 0.1100244498777506, 5: 0.0, 6: 0.002570694087403599, 7: 0.014319809069212411, 8: 0.03508771929824561, 9: 0.28717948717948716}
=================================================End==================================================
