2026-08-19 01:48:54,056 [INFO] Run log: logs/20260819_014854_Imagenette2_WaNet_haze_0.5_seed1234.log
Using the Imagenette2
The at_threshold: 1
2026-08-19 01:48:54,339 [INFO] Using device: cuda:0
====================================================================================
Non-default run settings
====================================================================================
attack_method: WaNet
attack_schedule: WaNet
attack_target: 0
poisoned_rate: 0.1
restorer_ckpt: ./pretrain/its-base.pkl
degradation_type: haze
degradation_strength: 0.5
deg: haze
deg_scale: 0.5
purify_clean_test: True
purify_poisoned_test: True
use_purified_clean_test: True
use_purified_pois_test: True
at_threshold: 1
------------------------------------------------------------------------------------
Runtime metadata
------------------------------------------------------------------------------------
mode: 3
classes: 20
device: cuda:0
run_log_path: logs/20260819_014854_Imagenette2_WaNet_haze_0.5_seed1234.log
====================================================================================
Mode is 3
====================================================================================
purified_ins(args, clean_train, purified_clean_test, poisoned_train, purified_pois_test)
====================================================================================
Using Pre-trained model: Imagenette2_pretrain/WaNet/Res_34_256
=================================================Loading Model ==================================================
=================================================    Loaded    ==================================================
==========Test result on benign test dataset(CA)==========
[2026-08-19_02:03:02] Top-1 correct / Total: 3269/3925, Top-1 accuracy: 0.8328662420382166, Top-5 correct / Total: 3853/3925, Top-5 accuracy: 0.981656050955414, time: 21.86244535446167
 class_acc:{0: 0.8552971576227391, 1: 0.8151898734177215, 2: 0.8599439775910365, 3: 0.7098445595854922, 4: 0.9193154034229829, 5: 0.8604060913705583, 6: 0.8431876606683805, 7: 0.7374701670644391, 8: 0.8822055137844611, 9: 0.8487179487179487}
ASR_lables tensor([0, 0, 0,  ..., 0, 0, 0])
==========Test result on poisoned test dataset(ASR)(Not including images with original label same as attack label)==========
[2026-08-19_02:03:21] Top-1 correct / Total: 3217/3538, Top-1 accuracy: 0.9092707744488412, Top-5 correct / Total: 3535/3538, Top-5 accuracy: 0.999152063312606, time: 41.02434062957764
 class_acc:{0: 0.9092707744488412}
PA_lables tensor([0, 0, 0,  ..., 9, 9, 9])
==========Test result on poisoned test dataset(PA)==========
[2026-08-19_02:03:43] Top-1 correct / Total: 575/3925, Top-1 accuracy: 0.1464968152866242, Top-5 correct / Total: 3433/3925, Top-5 accuracy: 0.8746496815286624, time: 62.47004747390747
 class_acc:{0: 0.9612403100775194, 1: 0.06329113924050633, 2: 0.008403361344537815, 3: 0.0051813471502590676, 4: 0.1271393643031785, 5: 0.025380710659898477, 6: 0.002570694087403599, 7: 0.0, 8: 0.12531328320802004, 9: 0.15384615384615385}
=================================================End==================================================
