2026-08-16 08:58:05,982 [INFO] Run log: logs/20260816_085805_Imagenette2_Blended_haze_0.9_seed1234.log
Using the Imagenette2
The at_threshold: 1
2026-08-16 08:58:06,267 [INFO] Using device: cuda:0
====================================================================================
Non-default run settings
====================================================================================
attack_method: Blended
attack_schedule: Blended
restorer_ckpt: ./pretrain/its-base.pkl
degradation_type: haze
degradation_strength: 0.9
deg: haze
deg_scale: 0.9
purify_clean_test: True
purify_poisoned_test: True
use_purified_clean_test: True
use_purified_pois_test: True
at_threshold: 1
------------------------------------------------------------------------------------
Runtime metadata
------------------------------------------------------------------------------------
mode: 3
classes: 20
device: cuda:0
run_log_path: logs/20260816_085805_Imagenette2_Blended_haze_0.9_seed1234.log
====================================================================================
Mode is 3
====================================================================================
purified_ins(args, clean_train, purified_clean_test, poisoned_train, purified_pois_test)
====================================================================================
Using Pre-trained model: Imagenette2_pretrain/Blended/Res_34_256
=================================================Loading Model ==================================================
=================================================    Loaded    ==================================================
==========Test result on benign test dataset(CA)==========
[2026-08-16_09:11:46] Top-1 correct / Total: 2908/3925, Top-1 accuracy: 0.7408917197452229, Top-5 correct / Total: 3801/3925, Top-5 accuracy: 0.9684076433121019, time: 26.232332468032837
 class_acc:{0: 0.8242894056847545, 1: 0.6126582278481013, 2: 0.9215686274509803, 3: 0.40414507772020725, 4: 0.7970660146699267, 5: 0.6852791878172588, 6: 0.8046272493573264, 7: 0.6062052505966588, 8: 0.8471177944862155, 9: 0.9256410256410257}
ASR_lables tensor([1, 1, 1,  ..., 1, 1, 1])
==========Test result on poisoned test dataset(ASR)(Not including images with original label same as attack label)==========
[2026-08-16_09:12:08] Top-1 correct / Total: 3330/3530, Top-1 accuracy: 0.943342776203966, Top-5 correct / Total: 3520/3530, Top-5 accuracy: 0.9971671388101983, time: 47.98397135734558
 class_acc:{1: 0.943342776203966}
PA_lables tensor([0, 0, 0,  ..., 9, 9, 9])
==========Test result on poisoned test dataset(PA)==========
[2026-08-16_09:12:34] Top-1 correct / Total: 511/3925, Top-1 accuracy: 0.13019108280254776, Top-5 correct / Total: 3266/3925, Top-5 accuracy: 0.8321019108280254, time: 73.8940019607544
 class_acc:{0: 0.007751937984496124, 1: 0.9949367088607595, 2: 0.011204481792717087, 3: 0.0025906735751295338, 4: 0.017114914425427872, 5: 0.025380710659898477, 6: 0.0, 7: 0.00477326968973747, 8: 0.11779448621553884, 9: 0.11282051282051282}
=================================================End==================================================
