2026-08-16 06:57:44,047 [INFO] Run log: logs/20260816_065744_Imagenette2_BadNet_haze_0.2_seed1234.log
Using the Imagenette2
The at_threshold: 1
2026-08-16 06:57:44,338 [INFO] Using device: cuda:0
====================================================================================
Non-default run settings
====================================================================================
restorer_ckpt: ./pretrain/its-base.pkl
degradation_type: haze
degradation_strength: 0.2
deg: haze
deg_scale: 0.2
purify_clean_test: True
purify_poisoned_test: True
use_purified_clean_test: True
use_purified_pois_test: True
at_threshold: 1
------------------------------------------------------------------------------------
Runtime metadata
------------------------------------------------------------------------------------
mode: 3
classes: 20
device: cuda:0
run_log_path: logs/20260816_065744_Imagenette2_BadNet_haze_0.2_seed1234.log
====================================================================================
Mode is 3
Using the pattern size: 9*9
====================================================================================
purified_ins(args, clean_train, purified_clean_test, poisoned_train, purified_pois_test)
====================================================================================
Using Pre-trained model: Imagenette2_pretrain/BadNet/Res_34_256
=================================================Loading Model ==================================================
=================================================    Loaded    ==================================================
==========Test result on benign test dataset(CA)==========
[2026-08-16_07:13:33] Top-1 correct / Total: 3145/3925, Top-1 accuracy: 0.8012738853503185, Top-5 correct / Total: 3820/3925, Top-5 accuracy: 0.9732484076433121, time: 30.592048168182373
 class_acc:{0: 0.8165374677002584, 1: 0.7443037974683544, 2: 0.8627450980392157, 3: 0.6424870466321243, 4: 0.902200488997555, 5: 0.8324873096446701, 6: 0.8200514138817481, 7: 0.7446300715990454, 8: 0.8020050125313283, 9: 0.8487179487179487}
ASR_lables tensor([1, 1, 1,  ..., 1, 1, 1])
==========Test result on poisoned test dataset(ASR)(Not including images with original label same as attack label)==========
[2026-08-16_07:13:57] Top-1 correct / Total: 1747/3530, Top-1 accuracy: 0.4949008498583569, Top-5 correct / Total: 3515/3530, Top-5 accuracy: 0.9957507082152974, time: 55.179545402526855
 class_acc:{1: 0.4949008498583569}
PA_lables tensor([0, 0, 0,  ..., 9, 9, 9])
==========Test result on poisoned test dataset(PA)==========
[2026-08-16_07:14:27] Top-1 correct / Total: 1992/3925, Top-1 accuracy: 0.507515923566879, Top-5 correct / Total: 3823/3925, Top-5 accuracy: 0.9740127388535031, time: 85.05360388755798
 class_acc:{0: 0.48578811369509045, 1: 0.9569620253164557, 2: 0.5182072829131653, 3: 0.20725388601036268, 4: 0.6234718826405868, 5: 0.5253807106598984, 6: 0.5784061696658098, 7: 0.43914081145584727, 8: 0.39849624060150374, 9: 0.33589743589743587}
=================================================End==================================================
