2026-08-19 02:18:32,955 [INFO] Run log: logs/20260819_021832_Imagenette2_WaNet_haze_0.9_seed1234.log
Using the Imagenette2
The at_threshold: 1
2026-08-19 02:18:33,263 [INFO] Using device: cuda:0
====================================================================================
Non-default run settings
====================================================================================
attack_method: WaNet
attack_schedule: WaNet
attack_target: 0
poisoned_rate: 0.1
restorer_ckpt: ./pretrain/its-base.pkl
degradation_type: haze
degradation_strength: 0.9
deg: haze
deg_scale: 0.9
purify_clean_test: True
purify_poisoned_test: True
use_purified_clean_test: True
use_purified_pois_test: True
at_threshold: 1
------------------------------------------------------------------------------------
Runtime metadata
------------------------------------------------------------------------------------
mode: 3
classes: 20
device: cuda:0
run_log_path: logs/20260819_021832_Imagenette2_WaNet_haze_0.9_seed1234.log
====================================================================================
Mode is 3
====================================================================================
purified_ins(args, clean_train, purified_clean_test, poisoned_train, purified_pois_test)
====================================================================================
Using Pre-trained model: Imagenette2_pretrain/WaNet/Res_34_256
=================================================Loading Model ==================================================
=================================================    Loaded    ==================================================
==========Test result on benign test dataset(CA)==========
[2026-08-19_02:32:57] Top-1 correct / Total: 2819/3925, Top-1 accuracy: 0.7182165605095542, Top-5 correct / Total: 3807/3925, Top-5 accuracy: 0.9699363057324841, time: 21.949453592300415
 class_acc:{0: 0.8475452196382429, 1: 0.5215189873417722, 2: 0.9187675070028011, 3: 0.38341968911917096, 4: 0.7726161369193154, 5: 0.6954314720812182, 6: 0.7789203084832905, 7: 0.568019093078759, 8: 0.8822055137844611, 9: 0.8358974358974359}
ASR_lables tensor([0, 0, 0,  ..., 0, 0, 0])
==========Test result on poisoned test dataset(ASR)(Not including images with original label same as attack label)==========
[2026-08-19_02:33:17] Top-1 correct / Total: 2808/3538, Top-1 accuracy: 0.7936687394007914, Top-5 correct / Total: 3536/3538, Top-5 accuracy: 0.9994347088750707, time: 42.028212785720825
 class_acc:{0: 0.7936687394007914}
PA_lables tensor([0, 0, 0,  ..., 9, 9, 9])
==========Test result on poisoned test dataset(PA)==========
[2026-08-19_02:33:38] Top-1 correct / Total: 811/3925, Top-1 accuracy: 0.20662420382165606, Top-5 correct / Total: 3246/3925, Top-5 accuracy: 0.8270063694267515, time: 63.61181569099426
 class_acc:{0: 0.9483204134366925, 1: 0.002531645569620253, 2: 0.18207282913165265, 3: 0.007772020725388601, 4: 0.07090464547677261, 5: 0.005076142131979695, 6: 0.0, 7: 0.002386634844868735, 8: 0.49874686716791977, 9: 0.36923076923076925}
=================================================End==================================================
