2026-08-19 01:16:37,487 [INFO] Run log: logs/20260819_011637_Imagenette2_WaNet_haze_0.15_seed1234.log
Using the Imagenette2
The at_threshold: 1
2026-08-19 01:16:37,776 [INFO] Using device: cuda:0
====================================================================================
Non-default run settings
====================================================================================
attack_method: WaNet
attack_schedule: WaNet
attack_target: 0
poisoned_rate: 0.1
restorer_ckpt: ./pretrain/its-base.pkl
degradation_type: haze
degradation_strength: 0.15
deg: haze
deg_scale: 0.15
purify_clean_test: True
purify_poisoned_test: True
use_purified_clean_test: True
use_purified_pois_test: True
at_threshold: 1
------------------------------------------------------------------------------------
Runtime metadata
------------------------------------------------------------------------------------
mode: 3
classes: 20
device: cuda:0
run_log_path: logs/20260819_011637_Imagenette2_WaNet_haze_0.15_seed1234.log
====================================================================================
Mode is 3
====================================================================================
purified_ins(args, clean_train, purified_clean_test, poisoned_train, purified_pois_test)
====================================================================================
Using Pre-trained model: Imagenette2_pretrain/WaNet/Res_34_256
=================================================Loading Model ==================================================
=================================================    Loaded    ==================================================
==========Test result on benign test dataset(CA)==========
[2026-08-19_01:32:11] Top-1 correct / Total: 3199/3925, Top-1 accuracy: 0.815031847133758, Top-5 correct / Total: 3821/3925, Top-5 accuracy: 0.9735031847133758, time: 32.47954726219177
 class_acc:{0: 0.834625322997416, 1: 0.7873417721518987, 2: 0.865546218487395, 3: 0.6968911917098446, 4: 0.8997555012224939, 5: 0.8274111675126904, 6: 0.8431876606683805, 7: 0.7326968973747017, 8: 0.8320802005012531, 9: 0.8358974358974359}
ASR_lables tensor([0, 0, 0,  ..., 0, 0, 0])
==========Test result on poisoned test dataset(ASR)(Not including images with original label same as attack label)==========
[2026-08-19_01:32:48] Top-1 correct / Total: 3110/3538, Top-1 accuracy: 0.8790276992651216, Top-5 correct / Total: 3529/3538, Top-5 accuracy: 0.9974561899378179, time: 68.64866662025452
 class_acc:{0: 0.8790276992651216}
PA_lables tensor([0, 0, 0,  ..., 9, 9, 9])
==========Test result on poisoned test dataset(PA)==========
[2026-08-19_01:33:28] Top-1 correct / Total: 542/3925, Top-1 accuracy: 0.1380891719745223, Top-5 correct / Total: 3318/3925, Top-5 accuracy: 0.8453503184713376, time: 109.2650580406189
 class_acc:{0: 0.937984496124031, 1: 0.06329113924050633, 2: 0.01680672268907563, 3: 0.0051813471502590676, 4: 0.12469437652811736, 5: 0.012690355329949238, 6: 0.002570694087403599, 7: 0.0, 8: 0.08521303258145363, 9: 0.14102564102564102}
=================================================End==================================================
