2026-08-16 08:02:55,735 [INFO] Run log: logs/20260816_080255_Imagenette2_Blended_haze_0.15_seed1234.log
Using the Imagenette2
The at_threshold: 1
2026-08-16 08:02:56,036 [INFO] Using device: cuda:0
====================================================================================
Non-default run settings
====================================================================================
attack_method: Blended
attack_schedule: Blended
restorer_ckpt: ./pretrain/its-base.pkl
degradation_type: haze
degradation_strength: 0.15
deg: haze
deg_scale: 0.15
purify_clean_test: True
purify_poisoned_test: True
use_purified_clean_test: True
use_purified_pois_test: True
at_threshold: 1
------------------------------------------------------------------------------------
Runtime metadata
------------------------------------------------------------------------------------
mode: 3
classes: 20
device: cuda:0
run_log_path: logs/20260816_080255_Imagenette2_Blended_haze_0.15_seed1234.log
====================================================================================
Mode is 3
====================================================================================
purified_ins(args, clean_train, purified_clean_test, poisoned_train, purified_pois_test)
====================================================================================
Using Pre-trained model: Imagenette2_pretrain/Blended/Res_34_256
=================================================Loading Model ==================================================
=================================================    Loaded    ==================================================
==========Test result on benign test dataset(CA)==========
[2026-08-16_08:15:37] Top-1 correct / Total: 3221/3925, Top-1 accuracy: 0.8206369426751592, Top-5 correct / Total: 3810/3925, Top-5 accuracy: 0.9707006369426752, time: 26.1544668674469
 class_acc:{0: 0.8294573643410853, 1: 0.8075949367088607, 2: 0.8515406162464986, 3: 0.6735751295336787, 4: 0.9046454767726161, 5: 0.817258883248731, 6: 0.8457583547557841, 7: 0.7804295942720764, 8: 0.8220551378446115, 9: 0.8743589743589744}
ASR_lables tensor([1, 1, 1,  ..., 1, 1, 1])
==========Test result on poisoned test dataset(ASR)(Not including images with original label same as attack label)==========
[2026-08-16_08:15:58] Top-1 correct / Total: 572/3530, Top-1 accuracy: 0.16203966005665724, Top-5 correct / Total: 1064/3530, Top-5 accuracy: 0.30141643059490086, time: 48.14200735092163
 class_acc:{1: 0.16203966005665724}
PA_lables tensor([0, 0, 0,  ..., 9, 9, 9])
==========Test result on poisoned test dataset(PA)==========
[2026-08-16_08:16:24] Top-1 correct / Total: 429/3925, Top-1 accuracy: 0.10929936305732484, Top-5 correct / Total: 2117/3925, Top-5 accuracy: 0.5393630573248408, time: 74.10908508300781
 class_acc:{0: 0.0, 1: 0.1949367088607595, 2: 0.0, 3: 0.018134715025906734, 4: 0.10024449877750612, 5: 0.0025380710659898475, 6: 0.002570694087403599, 7: 0.002386634844868735, 8: 0.017543859649122806, 9: 0.7538461538461538}
=================================================End==================================================
