2026-08-16 11:13:29,900 [INFO] Run log: logs/20260816_111329_Imagenette2_ISSBA_haze_0.75_seed1234.log
Using the Imagenette2
The at_threshold: 1
2026-08-16 11:13:30,205 [INFO] Using device: cuda:0
====================================================================================
Non-default run settings
====================================================================================
attack_method: ISSBA
attack_schedule: ISSBA
issba_exported_poisoned_root: exported_poisoned/ISSBA/Imagenette2
restorer_ckpt: ./pretrain/its-base.pkl
degradation_type: haze
degradation_strength: 0.75
deg: haze
deg_scale: 0.75
purify_clean_test: True
purify_poisoned_test: True
use_purified_clean_test: True
use_purified_pois_test: True
at_threshold: 1
------------------------------------------------------------------------------------
Runtime metadata
------------------------------------------------------------------------------------
mode: 3
classes: 20
device: cuda:0
run_log_path: logs/20260816_111329_Imagenette2_ISSBA_haze_0.75_seed1234.log
====================================================================================
Mode is 3
====================================================================================
purified_ins(args, clean_train, purified_clean_test, poisoned_train, purified_pois_test)
====================================================================================
Using Pre-trained model: Imagenette2_pretrain/ISSBA/Res_34_256
=================================================Loading Model ==================================================
=================================================    Loaded    ==================================================
==========Test result on benign test dataset(CA)==========
[2026-08-16_11:27:22] Top-1 correct / Total: 3122/3925, Top-1 accuracy: 0.7954140127388535, Top-5 correct / Total: 3836/3925, Top-5 accuracy: 0.9773248407643312, time: 21.830273866653442
 class_acc:{0: 0.8656330749354005, 1: 0.7139240506329114, 2: 0.8907563025210085, 3: 0.5803108808290155, 4: 0.8581907090464548, 5: 0.8020304568527918, 6: 0.8457583547557841, 7: 0.7183770883054893, 8: 0.8421052631578947, 9: 0.8461538461538461}
ASR_lables tensor([1, 1, 1,  ..., 1, 1, 1])
==========Test result on poisoned test dataset(ASR)(Not including images with original label same as attack label)==========
[2026-08-16_11:27:42] Top-1 correct / Total: 1784/3530, Top-1 accuracy: 0.5053824362606232, Top-5 correct / Total: 3231/3530, Top-5 accuracy: 0.9152974504249292, time: 41.64656639099121
 class_acc:{1: 0.5053824362606232}
PA_lables tensor([0, 0, 0,  ..., 9, 9, 9])
==========Test result on poisoned test dataset(PA)==========
[2026-08-16_11:28:03] Top-1 correct / Total: 1701/3925, Top-1 accuracy: 0.43337579617834393, Top-5 correct / Total: 3670/3925, Top-5 accuracy: 0.935031847133758, time: 62.888184785842896
 class_acc:{0: 0.21963824289405684, 1: 0.9493670886075949, 2: 0.7254901960784313, 3: 0.09844559585492228, 4: 0.31784841075794623, 5: 0.31725888324873097, 6: 0.35475578406169667, 7: 0.35799522673031026, 8: 0.606516290726817, 9: 0.4076923076923077}
=================================================End==================================================
