2026-08-19 01:33:31,953 [INFO] Run log: logs/20260819_013331_Imagenette2_WaNet_haze_0.2_seed1234.log
Using the Imagenette2
The at_threshold: 1
2026-08-19 01:33:32,243 [INFO] Using device: cuda:0
====================================================================================
Non-default run settings
====================================================================================
attack_method: WaNet
attack_schedule: WaNet
attack_target: 0
poisoned_rate: 0.1
restorer_ckpt: ./pretrain/its-base.pkl
degradation_type: haze
degradation_strength: 0.2
deg: haze
deg_scale: 0.2
purify_clean_test: True
purify_poisoned_test: True
use_purified_clean_test: True
use_purified_pois_test: True
at_threshold: 1
------------------------------------------------------------------------------------
Runtime metadata
------------------------------------------------------------------------------------
mode: 3
classes: 20
device: cuda:0
run_log_path: logs/20260819_013331_Imagenette2_WaNet_haze_0.2_seed1234.log
====================================================================================
Mode is 3
====================================================================================
purified_ins(args, clean_train, purified_clean_test, poisoned_train, purified_pois_test)
====================================================================================
Using Pre-trained model: Imagenette2_pretrain/WaNet/Res_34_256
=================================================Loading Model ==================================================
=================================================    Loaded    ==================================================
==========Test result on benign test dataset(CA)==========
[2026-08-19_01:48:08] Top-1 correct / Total: 3227/3925, Top-1 accuracy: 0.8221656050955414, Top-5 correct / Total: 3827/3925, Top-5 accuracy: 0.975031847133758, time: 22.086280822753906
 class_acc:{0: 0.834625322997416, 1: 0.7974683544303798, 2: 0.876750700280112, 3: 0.7046632124352331, 4: 0.9168704156479217, 5: 0.8426395939086294, 6: 0.8354755784061697, 7: 0.7326968973747017, 8: 0.8421052631578947, 9: 0.8435897435897436}
ASR_lables tensor([0, 0, 0,  ..., 0, 0, 0])
==========Test result on poisoned test dataset(ASR)(Not including images with original label same as attack label)==========
[2026-08-19_01:48:29] Top-1 correct / Total: 3129/3538, Top-1 accuracy: 0.8843979649519502, Top-5 correct / Total: 3535/3538, Top-5 accuracy: 0.999152063312606, time: 42.994521617889404
 class_acc:{0: 0.8843979649519502}
PA_lables tensor([0, 0, 0,  ..., 9, 9, 9])
==========Test result on poisoned test dataset(PA)==========
[2026-08-19_01:48:50] Top-1 correct / Total: 558/3925, Top-1 accuracy: 0.1421656050955414, Top-5 correct / Total: 3339/3925, Top-5 accuracy: 0.8507006369426752, time: 64.49222540855408
 class_acc:{0: 0.9560723514211886, 1: 0.053164556962025315, 2: 0.028011204481792718, 3: 0.007772020725388601, 4: 0.1271393643031785, 5: 0.015228426395939087, 6: 0.0, 7: 0.002386634844868735, 8: 0.09273182957393483, 9: 0.14871794871794872}
=================================================End==================================================
