2026-08-16 10:59:13,885 [INFO] Run log: logs/20260816_105913_Imagenette2_ISSBA_haze_0.5_seed1234.log
Using the Imagenette2
The at_threshold: 1
2026-08-16 10:59:14,190 [INFO] Using device: cuda:0
====================================================================================
Non-default run settings
====================================================================================
attack_method: ISSBA
attack_schedule: ISSBA
issba_exported_poisoned_root: exported_poisoned/ISSBA/Imagenette2
restorer_ckpt: ./pretrain/its-base.pkl
degradation_type: haze
degradation_strength: 0.5
deg: haze
deg_scale: 0.5
purify_clean_test: True
purify_poisoned_test: True
use_purified_clean_test: True
use_purified_pois_test: True
at_threshold: 1
------------------------------------------------------------------------------------
Runtime metadata
------------------------------------------------------------------------------------
mode: 3
classes: 20
device: cuda:0
run_log_path: logs/20260816_105913_Imagenette2_ISSBA_haze_0.5_seed1234.log
====================================================================================
Mode is 3
====================================================================================
purified_ins(args, clean_train, purified_clean_test, poisoned_train, purified_pois_test)
====================================================================================
Using Pre-trained model: Imagenette2_pretrain/ISSBA/Res_34_256
=================================================Loading Model ==================================================
=================================================    Loaded    ==================================================
==========Test result on benign test dataset(CA)==========
[2026-08-16_11:12:44] Top-1 correct / Total: 3104/3925, Top-1 accuracy: 0.790828025477707, Top-5 correct / Total: 3835/3925, Top-5 accuracy: 0.9770700636942675, time: 21.6453754901886
 class_acc:{0: 0.8475452196382429, 1: 0.7265822784810126, 2: 0.8571428571428571, 3: 0.5984455958549223, 4: 0.863080684596577, 5: 0.8020304568527918, 6: 0.8123393316195373, 7: 0.7255369928400954, 8: 0.8370927318295739, 9: 0.8435897435897436}
ASR_lables tensor([1, 1, 1,  ..., 1, 1, 1])
==========Test result on poisoned test dataset(ASR)(Not including images with original label same as attack label)==========
[2026-08-16_11:13:05] Top-1 correct / Total: 3008/3530, Top-1 accuracy: 0.8521246458923513, Top-5 correct / Total: 3376/3530, Top-5 accuracy: 0.9563739376770538, time: 42.12453079223633
 class_acc:{1: 0.8521246458923513}
PA_lables tensor([0, 0, 0,  ..., 9, 9, 9])
==========Test result on poisoned test dataset(PA)==========
[2026-08-16_11:13:26] Top-1 correct / Total: 644/3925, Top-1 accuracy: 0.1640764331210191, Top-5 correct / Total: 3411/3925, Top-5 accuracy: 0.8690445859872612, time: 63.43979001045227
 class_acc:{0: 0.031007751937984496, 1: 0.8962025316455696, 2: 0.15966386554621848, 3: 0.03367875647668394, 4: 0.06845965770171149, 5: 0.1065989847715736, 6: 0.043701799485861184, 7: 0.08353221957040573, 8: 0.07518796992481203, 9: 0.14358974358974358}
=================================================End==================================================
