2026-08-16 10:30:29,893 [INFO] Run log: logs/20260816_103029_Imagenette2_ISSBA_haze_0.15_seed1234.log
Using the Imagenette2
The at_threshold: 1
2026-08-16 10:30:30,161 [INFO] Using device: cuda:0
====================================================================================
Non-default run settings
====================================================================================
attack_method: ISSBA
attack_schedule: ISSBA
issba_exported_poisoned_root: exported_poisoned/ISSBA/Imagenette2
restorer_ckpt: ./pretrain/its-base.pkl
degradation_type: haze
degradation_strength: 0.15
deg: haze
deg_scale: 0.15
purify_clean_test: True
purify_poisoned_test: True
use_purified_clean_test: True
use_purified_pois_test: True
at_threshold: 1
------------------------------------------------------------------------------------
Runtime metadata
------------------------------------------------------------------------------------
mode: 3
classes: 20
device: cuda:0
run_log_path: logs/20260816_103029_Imagenette2_ISSBA_haze_0.15_seed1234.log
====================================================================================
Mode is 3
====================================================================================
purified_ins(args, clean_train, purified_clean_test, poisoned_train, purified_pois_test)
====================================================================================
Using Pre-trained model: Imagenette2_pretrain/ISSBA/Res_34_256
=================================================Loading Model ==================================================
=================================================    Loaded    ==================================================
==========Test result on benign test dataset(CA)==========
[2026-08-16_10:44:10] Top-1 correct / Total: 3037/3925, Top-1 accuracy: 0.7737579617834395, Top-5 correct / Total: 3804/3925, Top-5 accuracy: 0.969171974522293, time: 25.93583035469055
 class_acc:{0: 0.8010335917312662, 1: 0.7063291139240506, 2: 0.8627450980392157, 3: 0.582901554404145, 4: 0.8484107579462102, 5: 0.7715736040609137, 6: 0.8174807197943444, 7: 0.7231503579952268, 8: 0.7869674185463659, 9: 0.8435897435897436}
ASR_lables tensor([1, 1, 1,  ..., 1, 1, 1])
==========Test result on poisoned test dataset(ASR)(Not including images with original label same as attack label)==========
[2026-08-16_10:44:31] Top-1 correct / Total: 3214/3530, Top-1 accuracy: 0.9104815864022663, Top-5 correct / Total: 3416/3530, Top-5 accuracy: 0.9677053824362606, time: 47.02766180038452
 class_acc:{1: 0.9104815864022663}
PA_lables tensor([0, 0, 0,  ..., 9, 9, 9])
==========Test result on poisoned test dataset(PA)==========
[2026-08-16_10:44:57] Top-1 correct / Total: 503/3925, Top-1 accuracy: 0.12815286624203823, Top-5 correct / Total: 3255/3925, Top-5 accuracy: 0.8292993630573249, time: 72.44350624084473
 class_acc:{0: 0.0, 1: 0.9468354430379747, 2: 0.008403361344537815, 3: 0.018134715025906734, 4: 0.02689486552567237, 5: 0.048223350253807105, 6: 0.002570694087403599, 7: 0.016706443914081145, 8: 0.010025062656641603, 9: 0.19743589743589743}
=================================================End==================================================
