2026-08-16 07:47:09,232 [INFO] Run log: logs/20260816_074709_Imagenette2_BadNet_haze_0.9_seed1234.log
Using the Imagenette2
The at_threshold: 1
2026-08-16 07:47:09,516 [INFO] Using device: cuda:0
====================================================================================
Non-default run settings
====================================================================================
restorer_ckpt: ./pretrain/its-base.pkl
degradation_type: haze
degradation_strength: 0.9
deg: haze
deg_scale: 0.9
purify_clean_test: True
purify_poisoned_test: True
use_purified_clean_test: True
use_purified_pois_test: True
at_threshold: 1
------------------------------------------------------------------------------------
Runtime metadata
------------------------------------------------------------------------------------
mode: 3
classes: 20
device: cuda:0
run_log_path: logs/20260816_074709_Imagenette2_BadNet_haze_0.9_seed1234.log
====================================================================================
Mode is 3
Using the pattern size: 9*9
====================================================================================
purified_ins(args, clean_train, purified_clean_test, poisoned_train, purified_pois_test)
====================================================================================
Using Pre-trained model: Imagenette2_pretrain/BadNet/Res_34_256
=================================================Loading Model ==================================================
=================================================    Loaded    ==================================================
==========Test result on benign test dataset(CA)==========
[2026-08-16_08:02:04] Top-1 correct / Total: 2861/3925, Top-1 accuracy: 0.7289171974522293, Top-5 correct / Total: 3790/3925, Top-5 accuracy: 0.9656050955414013, time: 26.14610457420349
 class_acc:{0: 0.8630490956072352, 1: 0.5316455696202531, 2: 0.9215686274509803, 3: 0.40414507772020725, 4: 0.7677261613691931, 5: 0.7106598984771574, 6: 0.7763496143958869, 7: 0.6348448687350835, 8: 0.8120300751879699, 9: 0.8871794871794871}
ASR_lables tensor([1, 1, 1,  ..., 1, 1, 1])
==========Test result on poisoned test dataset(ASR)(Not including images with original label same as attack label)==========
[2026-08-16_08:02:26] Top-1 correct / Total: 307/3530, Top-1 accuracy: 0.08696883852691219, Top-5 correct / Total: 3501/3530, Top-5 accuracy: 0.9917847025495751, time: 48.106606006622314
 class_acc:{1: 0.08696883852691219}
PA_lables tensor([0, 0, 0,  ..., 9, 9, 9])
==========Test result on poisoned test dataset(PA)==========
[2026-08-16_08:02:52] Top-1 correct / Total: 2863/3925, Top-1 accuracy: 0.7294267515923567, Top-5 correct / Total: 3782/3925, Top-5 accuracy: 0.9635668789808918, time: 74.0509614944458
 class_acc:{0: 0.8191214470284238, 1: 0.8253164556962025, 2: 0.907563025210084, 3: 0.3756476683937824, 4: 0.7237163814180929, 5: 0.6649746192893401, 6: 0.7532133676092545, 7: 0.6205250596658711, 8: 0.7769423558897243, 9: 0.8461538461538461}
=================================================End==================================================
