2026-08-19 02:03:46,570 [INFO] Run log: logs/20260819_020346_Imagenette2_WaNet_haze_0.75_seed1234.log
Using the Imagenette2
The at_threshold: 1
2026-08-19 02:03:46,888 [INFO] Using device: cuda:0
====================================================================================
Non-default run settings
====================================================================================
attack_method: WaNet
attack_schedule: WaNet
attack_target: 0
poisoned_rate: 0.1
restorer_ckpt: ./pretrain/its-base.pkl
degradation_type: haze
degradation_strength: 0.75
deg: haze
deg_scale: 0.75
purify_clean_test: True
purify_poisoned_test: True
use_purified_clean_test: True
use_purified_pois_test: True
at_threshold: 1
------------------------------------------------------------------------------------
Runtime metadata
------------------------------------------------------------------------------------
mode: 3
classes: 20
device: cuda:0
run_log_path: logs/20260819_020346_Imagenette2_WaNet_haze_0.75_seed1234.log
====================================================================================
Mode is 3
====================================================================================
purified_ins(args, clean_train, purified_clean_test, poisoned_train, purified_pois_test)
====================================================================================
Using Pre-trained model: Imagenette2_pretrain/WaNet/Res_34_256
=================================================Loading Model ==================================================
=================================================    Loaded    ==================================================
==========Test result on benign test dataset(CA)==========
[2026-08-19_02:17:46] Top-1 correct / Total: 3273/3925, Top-1 accuracy: 0.8338853503184713, Top-5 correct / Total: 3865/3925, Top-5 accuracy: 0.9847133757961783, time: 21.777333974838257
 class_acc:{0: 0.8682170542635659, 1: 0.8050632911392405, 2: 0.8739495798319328, 3: 0.689119170984456, 4: 0.9168704156479217, 5: 0.868020304568528, 6: 0.8508997429305912, 7: 0.7303102625298329, 8: 0.8872180451127819, 9: 0.8538461538461538}
ASR_lables tensor([0, 0, 0,  ..., 0, 0, 0])
==========Test result on poisoned test dataset(ASR)(Not including images with original label same as attack label)==========
[2026-08-19_02:18:08] Top-1 correct / Total: 3247/3538, Top-1 accuracy: 0.9177501413227812, Top-5 correct / Total: 3538/3538, Top-5 accuracy: 1.0, time: 43.08682107925415
 class_acc:{0: 0.9177501413227812}
PA_lables tensor([0, 0, 0,  ..., 9, 9, 9])
==========Test result on poisoned test dataset(PA)==========
[2026-08-19_02:18:29] Top-1 correct / Total: 617/3925, Top-1 accuracy: 0.15719745222929937, Top-5 correct / Total: 3474/3925, Top-5 accuracy: 0.8850955414012739, time: 64.64296531677246
 class_acc:{0: 0.9922480620155039, 1: 0.0379746835443038, 2: 0.014005602240896359, 3: 0.018134715025906734, 4: 0.1198044009779951, 5: 0.02284263959390863, 6: 0.0, 7: 0.0, 8: 0.19298245614035087, 9: 0.18205128205128204}
=================================================End==================================================
