2026-08-16 06:40:49,149 [INFO] Run log: logs/20260816_064049_Imagenette2_BadNet_haze_0.15_seed1234.log
Using the Imagenette2
The at_threshold: 1
2026-08-16 06:40:49,443 [INFO] Using device: cuda:0
====================================================================================
Non-default run settings
====================================================================================
restorer_ckpt: ./pretrain/its-base.pkl
degradation_type: haze
degradation_strength: 0.15
deg: haze
deg_scale: 0.15
purify_clean_test: True
purify_poisoned_test: True
use_purified_clean_test: True
use_purified_pois_test: True
at_threshold: 1
------------------------------------------------------------------------------------
Runtime metadata
------------------------------------------------------------------------------------
mode: 3
classes: 20
device: cuda:0
run_log_path: logs/20260816_064049_Imagenette2_BadNet_haze_0.15_seed1234.log
====================================================================================
Mode is 3
Using the pattern size: 9*9
====================================================================================
purified_ins(args, clean_train, purified_clean_test, poisoned_train, purified_pois_test)
====================================================================================
Using Pre-trained model: Imagenette2_pretrain/BadNet/Res_34_256
=================================================Loading Model ==================================================
=================================================    Loaded    ==================================================
==========Test result on benign test dataset(CA)==========
[2026-08-16_06:56:44] Top-1 correct / Total: 3126/3925, Top-1 accuracy: 0.7964331210191082, Top-5 correct / Total: 3818/3925, Top-5 accuracy: 0.9727388535031847, time: 31.5850248336792
 class_acc:{0: 0.813953488372093, 1: 0.7367088607594937, 2: 0.8515406162464986, 3: 0.6398963730569949, 4: 0.8924205378973105, 5: 0.8274111675126904, 6: 0.8226221079691517, 7: 0.7374701670644391, 8: 0.8020050125313283, 9: 0.8435897435897436}
ASR_lables tensor([1, 1, 1,  ..., 1, 1, 1])
==========Test result on poisoned test dataset(ASR)(Not including images with original label same as attack label)==========
[2026-08-16_06:57:09] Top-1 correct / Total: 2081/3530, Top-1 accuracy: 0.5895184135977337, Top-5 correct / Total: 3519/3530, Top-5 accuracy: 0.9968838526912182, time: 56.73397159576416
 class_acc:{1: 0.5895184135977337}
PA_lables tensor([0, 0, 0,  ..., 9, 9, 9])
==========Test result on poisoned test dataset(PA)==========
[2026-08-16_06:57:40] Top-1 correct / Total: 1706/3925, Top-1 accuracy: 0.4346496815286624, Top-5 correct / Total: 3822/3925, Top-5 accuracy: 0.9737579617834395, time: 87.64143323898315
 class_acc:{0: 0.3979328165374677, 1: 0.9544303797468354, 2: 0.4117647058823529, 3: 0.14507772020725387, 4: 0.5354523227383863, 5: 0.44416243654822335, 6: 0.48586118251928023, 7: 0.3627684964200477, 8: 0.3233082706766917, 9: 0.27692307692307694}
=================================================End==================================================
