2026-08-23 08:10:51,476 [INFO] Run log: logs/20260823_081051_CIFAR10ImageFolder_Blended_motion_blur_7.0_seed1234.log
Using the CIFAR10ImageFolder
The at_threshold: 1
2026-08-23 08:10:51,869 [INFO] Using device: cuda:0
====================================================================================
Non-default run settings
====================================================================================
dataset: CIFAR10ImageFolder
attack_method: Blended
attack_schedule: Blended
img_size: 32
deg: motion_blur
deg_scale: 7.0
purify_clean_test: True
purify_poisoned_test: True
use_purified_clean_test: True
use_purified_pois_test: True
at_threshold: 1
degradation_type: motion_blur
degradation_strength: 7.0
use_conv_ir: True
restorer_ckpt: ./pretrain/convir_rsblur.pkl
------------------------------------------------------------------------------------
Runtime metadata
------------------------------------------------------------------------------------
mode: 3
classes: 10
device: cuda:0
run_log_path: logs/20260823_081051_CIFAR10ImageFolder_Blended_motion_blur_7.0_seed1234.log
====================================================================================
Mode is 3
====================================================================================
purified_ins(args, clean_train, purified_clean_test, poisoned_train, purified_pois_test)
====================================================================================
Using Pre-trained model: CIFAR10ImageFolder_pretrain/Blended/Res_34_32
=================================================Loading Model ==================================================
=================================================    Loaded    ==================================================
==========Test result on benign test dataset(CA)==========
[2026-08-23_08:18:51] Top-1 correct / Total: 1888/10000, Top-1 accuracy: 0.1888, Top-5 correct / Total: 6459/10000, Top-5 accuracy: 0.6459, time: 0.8942327499389648
 class_acc:{0: 0.143, 1: 0.019, 2: 0.258, 3: 0.671, 4: 0.146, 5: 0.028, 6: 0.015, 7: 0.001, 8: 0.582, 9: 0.025}
ASR_lables tensor([1, 1, 1,  ..., 1, 1, 1])
==========Test result on poisoned test dataset(ASR)(Not including images with original label same as attack label)==========
[2026-08-23_08:19:16] Top-1 correct / Total: 1/9000, Top-1 accuracy: 0.00011111111111111112, Top-5 correct / Total: 8/9000, Top-5 accuracy: 0.0008888888888888889, time: 25.44338893890381
 class_acc:{1: 0.00011111111111111112}
PA_lables tensor([0, 0, 0,  ..., 9, 9, 9])
==========Test result on poisoned test dataset(PA)==========
[2026-08-23_08:19:16] Top-1 correct / Total: 1704/10000, Top-1 accuracy: 0.1704, Top-5 correct / Total: 5906/10000, Top-5 accuracy: 0.5906, time: 26.184971809387207
 class_acc:{0: 0.042, 1: 0.0, 2: 0.171, 3: 0.778, 4: 0.101, 5: 0.005, 6: 0.001, 7: 0.0, 8: 0.606, 9: 0.0}
=================================================End==================================================
