2026-08-23 18:58:30,238 [INFO] Run log: logs/20260823_185830_CIFAR10ImageFolder_WaNet_motion_blur_9.0_seed1234.log
Using the CIFAR10ImageFolder
The at_threshold: 1
2026-08-23 18:58:30,905 [INFO] Using device: cuda:0
====================================================================================
Non-default run settings
====================================================================================
dataset: CIFAR10ImageFolder
attack_method: WaNet
attack_schedule: WaNet
img_size: 32
deg: motion_blur
deg_scale: 9.0
purify_clean_test: True
purify_poisoned_test: True
use_purified_clean_test: True
use_purified_pois_test: True
at_threshold: 1
degradation_type: motion_blur
degradation_strength: 9.0
use_conv_ir: True
restorer_ckpt: ./pretrain/convir_rsblur.pkl
------------------------------------------------------------------------------------
Runtime metadata
------------------------------------------------------------------------------------
mode: 3
classes: 10
device: cuda:0
run_log_path: logs/20260823_185830_CIFAR10ImageFolder_WaNet_motion_blur_9.0_seed1234.log
====================================================================================
Mode is 3
====================================================================================
purified_ins(args, clean_train, purified_clean_test, poisoned_train, purified_pois_test)
====================================================================================
Using Pre-trained model: CIFAR10ImageFolder_pretrain/WaNet/Res_34_32
=================================================Loading Model ==================================================
=================================================    Loaded    ==================================================
==========Test result on benign test dataset(CA)==========
[2026-08-23_19:13:44] Top-1 correct / Total: 1677/10000, Top-1 accuracy: 0.1677, Top-5 correct / Total: 6039/10000, Top-5 accuracy: 0.6039, time: 1.4382615089416504
 class_acc:{0: 0.219, 1: 0.0, 2: 0.048, 3: 0.851, 4: 0.259, 5: 0.0, 6: 0.018, 7: 0.0, 8: 0.281, 9: 0.001}
ASR_lables tensor([1, 1, 1,  ..., 1, 1, 1])
==========Test result on poisoned test dataset(ASR)(Not including images with original label same as attack label)==========
[2026-08-23_19:14:23] Top-1 correct / Total: 0/9000, Top-1 accuracy: 0.0, Top-5 correct / Total: 1255/9000, Top-5 accuracy: 0.13944444444444445, time: 40.54525876045227
 class_acc:{1: 0.0}
PA_lables tensor([0, 0, 0,  ..., 9, 9, 9])
==========Test result on poisoned test dataset(PA)==========
[2026-08-23_19:14:24] Top-1 correct / Total: 1655/10000, Top-1 accuracy: 0.1655, Top-5 correct / Total: 5856/10000, Top-5 accuracy: 0.5856, time: 41.58780241012573
 class_acc:{0: 0.263, 1: 0.0, 2: 0.057, 3: 0.844, 4: 0.308, 5: 0.0, 6: 0.015, 7: 0.0, 8: 0.168, 9: 0.0}
=================================================End==================================================
