2026-08-23 07:54:00,470 [INFO] Run log: logs/20260823_075400_CIFAR10ImageFolder_Blended_motion_blur_3.0_seed1234.log
Using the CIFAR10ImageFolder
The at_threshold: 1
2026-08-23 07:54:00,875 [INFO] Using device: cuda:0
====================================================================================
Non-default run settings
====================================================================================
dataset: CIFAR10ImageFolder
attack_method: Blended
attack_schedule: Blended
img_size: 32
deg: motion_blur
deg_scale: 3.0
purify_clean_test: True
purify_poisoned_test: True
use_purified_clean_test: True
use_purified_pois_test: True
at_threshold: 1
degradation_type: motion_blur
degradation_strength: 3.0
use_conv_ir: True
restorer_ckpt: ./pretrain/convir_rsblur.pkl
------------------------------------------------------------------------------------
Runtime metadata
------------------------------------------------------------------------------------
mode: 3
classes: 10
device: cuda:0
run_log_path: logs/20260823_075400_CIFAR10ImageFolder_Blended_motion_blur_3.0_seed1234.log
====================================================================================
Mode is 3
====================================================================================
purified_ins(args, clean_train, purified_clean_test, poisoned_train, purified_pois_test)
====================================================================================
Using Pre-trained model: CIFAR10ImageFolder_pretrain/Blended/Res_34_32
=================================================Loading Model ==================================================
=================================================    Loaded    ==================================================
==========Test result on benign test dataset(CA)==========
[2026-08-23_08:02:00] Top-1 correct / Total: 2215/10000, Top-1 accuracy: 0.2215, Top-5 correct / Total: 7004/10000, Top-5 accuracy: 0.7004, time: 0.8691732883453369
 class_acc:{0: 0.196, 1: 0.036, 2: 0.471, 3: 0.495, 4: 0.188, 5: 0.043, 6: 0.039, 7: 0.003, 8: 0.576, 9: 0.168}
ASR_lables tensor([1, 1, 1,  ..., 1, 1, 1])
==========Test result on poisoned test dataset(ASR)(Not including images with original label same as attack label)==========
[2026-08-23_08:02:24] Top-1 correct / Total: 0/9000, Top-1 accuracy: 0.0, Top-5 correct / Total: 30/9000, Top-5 accuracy: 0.0033333333333333335, time: 24.901907444000244
 class_acc:{1: 0.0}
PA_lables tensor([0, 0, 0,  ..., 9, 9, 9])
==========Test result on poisoned test dataset(PA)==========
[2026-08-23_08:02:25] Top-1 correct / Total: 1856/10000, Top-1 accuracy: 0.1856, Top-5 correct / Total: 6379/10000, Top-5 accuracy: 0.6379, time: 25.673320531845093
 class_acc:{0: 0.054, 1: 0.001, 2: 0.509, 3: 0.443, 4: 0.179, 5: 0.004, 6: 0.003, 7: 0.002, 8: 0.626, 9: 0.035}
=================================================End==================================================
