2026-08-23 09:18:18,477 [INFO] Run log: logs/20260823_091818_CIFAR10ImageFolder_ISSBA_motion_blur_7.0_seed1234.log
Using the CIFAR10ImageFolder
The at_threshold: 1
2026-08-23 09:18:18,967 [INFO] Using device: cuda:0
====================================================================================
Non-default run settings
====================================================================================
dataset: CIFAR10ImageFolder
attack_method: ISSBA
attack_schedule: ISSBA
issba_exported_poisoned_root: exported_poisoned/ISSBA/CIFAR10ImageFolder
img_size: 32
deg: motion_blur
deg_scale: 7.0
purify_clean_test: True
purify_poisoned_test: True
use_purified_clean_test: True
use_purified_pois_test: True
at_threshold: 1
degradation_type: motion_blur
degradation_strength: 7.0
use_conv_ir: True
restorer_ckpt: ./pretrain/convir_rsblur.pkl
------------------------------------------------------------------------------------
Runtime metadata
------------------------------------------------------------------------------------
mode: 3
classes: 10
device: cuda:0
run_log_path: logs/20260823_091818_CIFAR10ImageFolder_ISSBA_motion_blur_7.0_seed1234.log
====================================================================================
Mode is 3
====================================================================================
purified_ins(args, clean_train, purified_clean_test, poisoned_train, purified_pois_test)
====================================================================================
Using Pre-trained model: CIFAR10ImageFolder_pretrain/ISSBA/Res_34_32
=================================================Loading Model ==================================================
=================================================    Loaded    ==================================================
==========Test result on benign test dataset(CA)==========
[2026-08-23_09:26:16] Top-1 correct / Total: 1718/10000, Top-1 accuracy: 0.1718, Top-5 correct / Total: 6288/10000, Top-5 accuracy: 0.6288, time: 0.867152214050293
 class_acc:{0: 0.188, 1: 0.002, 2: 0.133, 3: 0.841, 4: 0.156, 5: 0.071, 6: 0.005, 7: 0.001, 8: 0.317, 9: 0.004}
ASR_lables tensor([1, 1, 1,  ..., 1, 1, 1])
==========Test result on poisoned test dataset(ASR)(Not including images with original label same as attack label)==========
[2026-08-23_09:26:40] Top-1 correct / Total: 0/9000, Top-1 accuracy: 0.0, Top-5 correct / Total: 177/9000, Top-5 accuracy: 0.019666666666666666, time: 25.45310068130493
 class_acc:{1: 0.0}
PA_lables tensor([0, 0, 0,  ..., 9, 9, 9])
==========Test result on poisoned test dataset(PA)==========
[2026-08-23_09:26:41] Top-1 correct / Total: 1782/10000, Top-1 accuracy: 0.1782, Top-5 correct / Total: 6214/10000, Top-5 accuracy: 0.6214, time: 26.204861402511597
 class_acc:{0: 0.187, 1: 0.0, 2: 0.121, 3: 0.887, 4: 0.204, 5: 0.102, 6: 0.016, 7: 0.0, 8: 0.265, 9: 0.0}
=================================================End==================================================
