2026-08-23 07:28:46,081 [INFO] Run log: logs/20260823_072846_CIFAR10ImageFolder_BadNet_motion_blur_5.0_seed1234.log
Using the CIFAR10ImageFolder
The at_threshold: 1
2026-08-23 07:28:46,570 [INFO] Using device: cuda:0
====================================================================================
Non-default run settings
====================================================================================
dataset: CIFAR10ImageFolder
img_size: 32
deg: motion_blur
deg_scale: 5.0
purify_clean_test: True
purify_poisoned_test: True
use_purified_clean_test: True
use_purified_pois_test: True
at_threshold: 1
degradation_type: motion_blur
degradation_strength: 5.0
use_conv_ir: True
restorer_ckpt: ./pretrain/convir_rsblur.pkl
------------------------------------------------------------------------------------
Runtime metadata
------------------------------------------------------------------------------------
mode: 3
classes: 10
device: cuda:0
run_log_path: logs/20260823_072846_CIFAR10ImageFolder_BadNet_motion_blur_5.0_seed1234.log
====================================================================================
Mode is 3
====================================================================================
purified_ins(args, clean_train, purified_clean_test, poisoned_train, purified_pois_test)
====================================================================================
Using Pre-trained model: CIFAR10ImageFolder_pretrain/BadNet/Res_34_32
=================================================Loading Model ==================================================
=================================================    Loaded    ==================================================
==========Test result on benign test dataset(CA)==========
[2026-08-23_07:36:43] Top-1 correct / Total: 2075/10000, Top-1 accuracy: 0.2075, Top-5 correct / Total: 6896/10000, Top-5 accuracy: 0.6896, time: 0.8603405952453613
 class_acc:{0: 0.393, 1: 0.006, 2: 0.181, 3: 0.648, 4: 0.189, 5: 0.041, 6: 0.049, 7: 0.002, 8: 0.47, 9: 0.096}
ASR_lables tensor([1, 1, 1,  ..., 1, 1, 1])
==========Test result on poisoned test dataset(ASR)(Not including images with original label same as attack label)==========
[2026-08-23_07:37:07] Top-1 correct / Total: 2/9000, Top-1 accuracy: 0.00022222222222222223, Top-5 correct / Total: 412/9000, Top-5 accuracy: 0.04577777777777778, time: 24.574382781982422
 class_acc:{1: 0.00022222222222222223}
PA_lables tensor([0, 0, 0,  ..., 9, 9, 9])
==========Test result on poisoned test dataset(PA)==========
[2026-08-23_07:37:07] Top-1 correct / Total: 2247/10000, Top-1 accuracy: 0.2247, Top-5 correct / Total: 6945/10000, Top-5 accuracy: 0.6945, time: 25.329322576522827
 class_acc:{0: 0.504, 1: 0.002, 2: 0.209, 3: 0.721, 4: 0.248, 5: 0.05, 6: 0.077, 7: 0.004, 8: 0.385, 9: 0.047}
=================================================End==================================================
