2026-08-23 17:47:57,488 [INFO] Run log: logs/20260823_174757_CIFAR10ImageFolder_WaNet_motion_blur_3.0_seed1234.log
Using the CIFAR10ImageFolder
The at_threshold: 1
2026-08-23 17:47:58,138 [INFO] Using device: cuda:0
====================================================================================
Non-default run settings
====================================================================================
dataset: CIFAR10ImageFolder
attack_method: WaNet
attack_schedule: WaNet
img_size: 32
deg: motion_blur
deg_scale: 3.0
purify_clean_test: True
purify_poisoned_test: True
use_purified_clean_test: True
use_purified_pois_test: True
at_threshold: 1
degradation_type: motion_blur
degradation_strength: 3.0
use_conv_ir: True
restorer_ckpt: ./pretrain/convir_rsblur.pkl
------------------------------------------------------------------------------------
Runtime metadata
------------------------------------------------------------------------------------
mode: 3
classes: 10
device: cuda:0
run_log_path: logs/20260823_174757_CIFAR10ImageFolder_WaNet_motion_blur_3.0_seed1234.log
====================================================================================
Mode is 3
====================================================================================
purified_ins(args, clean_train, purified_clean_test, poisoned_train, purified_pois_test)
====================================================================================
Using Pre-trained model: CIFAR10ImageFolder_pretrain/WaNet/Res_34_32
=================================================Loading Model ==================================================
=================================================    Loaded    ==================================================
==========Test result on benign test dataset(CA)==========
[2026-08-23_18:05:32] Top-1 correct / Total: 2031/10000, Top-1 accuracy: 0.2031, Top-5 correct / Total: 6796/10000, Top-5 accuracy: 0.6796, time: 3.055872917175293
 class_acc:{0: 0.254, 1: 0.051, 2: 0.283, 3: 0.662, 4: 0.222, 5: 0.006, 6: 0.081, 7: 0.002, 8: 0.406, 9: 0.064}
ASR_lables tensor([1, 1, 1,  ..., 1, 1, 1])
==========Test result on poisoned test dataset(ASR)(Not including images with original label same as attack label)==========
[2026-08-23_18:06:59] Top-1 correct / Total: 84/9000, Top-1 accuracy: 0.009333333333333334, Top-5 correct / Total: 3138/9000, Top-5 accuracy: 0.3486666666666667, time: 90.42240834236145
 class_acc:{1: 0.009333333333333334}
PA_lables tensor([0, 0, 0,  ..., 9, 9, 9])
==========Test result on poisoned test dataset(PA)==========
[2026-08-23_18:07:01] Top-1 correct / Total: 1928/10000, Top-1 accuracy: 0.1928, Top-5 correct / Total: 6557/10000, Top-5 accuracy: 0.6557, time: 92.21802687644958
 class_acc:{0: 0.186, 1: 0.026, 2: 0.365, 3: 0.681, 4: 0.305, 5: 0.006, 6: 0.047, 7: 0.0, 8: 0.308, 9: 0.004}
=================================================End==================================================
