2026-08-23 09:26:43,575 [INFO] Run log: logs/20260823_092643_CIFAR10ImageFolder_ISSBA_motion_blur_9.0_seed1234.log
Using the CIFAR10ImageFolder
The at_threshold: 1
2026-08-23 09:26:43,979 [INFO] Using device: cuda:0
====================================================================================
Non-default run settings
====================================================================================
dataset: CIFAR10ImageFolder
attack_method: ISSBA
attack_schedule: ISSBA
issba_exported_poisoned_root: exported_poisoned/ISSBA/CIFAR10ImageFolder
img_size: 32
deg: motion_blur
deg_scale: 9.0
purify_clean_test: True
purify_poisoned_test: True
use_purified_clean_test: True
use_purified_pois_test: True
at_threshold: 1
degradation_type: motion_blur
degradation_strength: 9.0
use_conv_ir: True
restorer_ckpt: ./pretrain/convir_rsblur.pkl
------------------------------------------------------------------------------------
Runtime metadata
------------------------------------------------------------------------------------
mode: 3
classes: 10
device: cuda:0
run_log_path: logs/20260823_092643_CIFAR10ImageFolder_ISSBA_motion_blur_9.0_seed1234.log
====================================================================================
Mode is 3
====================================================================================
purified_ins(args, clean_train, purified_clean_test, poisoned_train, purified_pois_test)
====================================================================================
Using Pre-trained model: CIFAR10ImageFolder_pretrain/ISSBA/Res_34_32
=================================================Loading Model ==================================================
=================================================    Loaded    ==================================================
==========Test result on benign test dataset(CA)==========
[2026-08-23_09:34:37] Top-1 correct / Total: 1575/10000, Top-1 accuracy: 0.1575, Top-5 correct / Total: 6079/10000, Top-5 accuracy: 0.6079, time: 0.9387788772583008
 class_acc:{0: 0.117, 1: 0.001, 2: 0.061, 3: 0.895, 4: 0.162, 5: 0.063, 6: 0.003, 7: 0.001, 8: 0.272, 9: 0.0}
ASR_lables tensor([1, 1, 1,  ..., 1, 1, 1])
==========Test result on poisoned test dataset(ASR)(Not including images with original label same as attack label)==========
[2026-08-23_09:35:00] Top-1 correct / Total: 0/9000, Top-1 accuracy: 0.0, Top-5 correct / Total: 131/9000, Top-5 accuracy: 0.014555555555555556, time: 24.308549642562866
 class_acc:{1: 0.0}
PA_lables tensor([0, 0, 0,  ..., 9, 9, 9])
==========Test result on poisoned test dataset(PA)==========
[2026-08-23_09:35:01] Top-1 correct / Total: 1578/10000, Top-1 accuracy: 0.1578, Top-5 correct / Total: 6035/10000, Top-5 accuracy: 0.6035, time: 25.051119327545166
 class_acc:{0: 0.104, 1: 0.0, 2: 0.052, 3: 0.914, 4: 0.201, 5: 0.08, 6: 0.008, 7: 0.0, 8: 0.218, 9: 0.001}
=================================================End==================================================
