2026-08-23 07:37:10,005 [INFO] Run log: logs/20260823_073710_CIFAR10ImageFolder_BadNet_motion_blur_7.0_seed1234.log
Using the CIFAR10ImageFolder
The at_threshold: 1
2026-08-23 07:37:10,503 [INFO] Using device: cuda:0
====================================================================================
Non-default run settings
====================================================================================
dataset: CIFAR10ImageFolder
img_size: 32
deg: motion_blur
deg_scale: 7.0
purify_clean_test: True
purify_poisoned_test: True
use_purified_clean_test: True
use_purified_pois_test: True
at_threshold: 1
degradation_type: motion_blur
degradation_strength: 7.0
use_conv_ir: True
restorer_ckpt: ./pretrain/convir_rsblur.pkl
------------------------------------------------------------------------------------
Runtime metadata
------------------------------------------------------------------------------------
mode: 3
classes: 10
device: cuda:0
run_log_path: logs/20260823_073710_CIFAR10ImageFolder_BadNet_motion_blur_7.0_seed1234.log
====================================================================================
Mode is 3
====================================================================================
purified_ins(args, clean_train, purified_clean_test, poisoned_train, purified_pois_test)
====================================================================================
Using Pre-trained model: CIFAR10ImageFolder_pretrain/BadNet/Res_34_32
=================================================Loading Model ==================================================
=================================================    Loaded    ==================================================
==========Test result on benign test dataset(CA)==========
[2026-08-23_07:45:04] Top-1 correct / Total: 1996/10000, Top-1 accuracy: 0.1996, Top-5 correct / Total: 6693/10000, Top-5 accuracy: 0.6693, time: 0.8615527153015137
 class_acc:{0: 0.405, 1: 0.004, 2: 0.112, 3: 0.706, 4: 0.192, 5: 0.027, 6: 0.047, 7: 0.001, 8: 0.47, 9: 0.032}
ASR_lables tensor([1, 1, 1,  ..., 1, 1, 1])
==========Test result on poisoned test dataset(ASR)(Not including images with original label same as attack label)==========
[2026-08-23_07:45:27] Top-1 correct / Total: 0/9000, Top-1 accuracy: 0.0, Top-5 correct / Total: 362/9000, Top-5 accuracy: 0.04022222222222222, time: 23.981743574142456
 class_acc:{1: 0.0}
PA_lables tensor([0, 0, 0,  ..., 9, 9, 9])
==========Test result on poisoned test dataset(PA)==========
[2026-08-23_07:45:28] Top-1 correct / Total: 2036/10000, Top-1 accuracy: 0.2036, Top-5 correct / Total: 6616/10000, Top-5 accuracy: 0.6616, time: 24.713560342788696
 class_acc:{0: 0.475, 1: 0.001, 2: 0.096, 3: 0.76, 4: 0.222, 5: 0.027, 6: 0.063, 7: 0.0, 8: 0.378, 9: 0.014}
=================================================End==================================================
