2026-08-23 18:38:32,015 [INFO] Run log: logs/20260823_183832_CIFAR10ImageFolder_WaNet_motion_blur_7.0_seed1234.log
Using the CIFAR10ImageFolder
The at_threshold: 1
2026-08-23 18:38:32,453 [INFO] Using device: cuda:0
====================================================================================
Non-default run settings
====================================================================================
dataset: CIFAR10ImageFolder
attack_method: WaNet
attack_schedule: WaNet
img_size: 32
deg: motion_blur
deg_scale: 7.0
purify_clean_test: True
purify_poisoned_test: True
use_purified_clean_test: True
use_purified_pois_test: True
at_threshold: 1
degradation_type: motion_blur
degradation_strength: 7.0
use_conv_ir: True
restorer_ckpt: ./pretrain/convir_rsblur.pkl
------------------------------------------------------------------------------------
Runtime metadata
------------------------------------------------------------------------------------
mode: 3
classes: 10
device: cuda:0
run_log_path: logs/20260823_183832_CIFAR10ImageFolder_WaNet_motion_blur_7.0_seed1234.log
====================================================================================
Mode is 3
====================================================================================
purified_ins(args, clean_train, purified_clean_test, poisoned_train, purified_pois_test)
====================================================================================
Using Pre-trained model: CIFAR10ImageFolder_pretrain/WaNet/Res_34_32
=================================================Loading Model ==================================================
=================================================    Loaded    ==================================================
==========Test result on benign test dataset(CA)==========
[2026-08-23_18:56:57] Top-1 correct / Total: 1712/10000, Top-1 accuracy: 0.1712, Top-5 correct / Total: 6177/10000, Top-5 accuracy: 0.6177, time: 2.7899909019470215
 class_acc:{0: 0.227, 1: 0.003, 2: 0.095, 3: 0.805, 4: 0.247, 5: 0.0, 6: 0.029, 7: 0.0, 8: 0.304, 9: 0.002}
ASR_lables tensor([1, 1, 1,  ..., 1, 1, 1])
==========Test result on poisoned test dataset(ASR)(Not including images with original label same as attack label)==========
[2026-08-23_18:58:24] Top-1 correct / Total: 1/9000, Top-1 accuracy: 0.00011111111111111112, Top-5 correct / Total: 1293/9000, Top-5 accuracy: 0.14366666666666666, time: 90.05351328849792
 class_acc:{1: 0.00011111111111111112}
PA_lables tensor([0, 0, 0,  ..., 9, 9, 9])
==========Test result on poisoned test dataset(PA)==========
[2026-08-23_18:58:26] Top-1 correct / Total: 1671/10000, Top-1 accuracy: 0.1671, Top-5 correct / Total: 6003/10000, Top-5 accuracy: 0.6003, time: 91.9597659111023
 class_acc:{0: 0.239, 1: 0.001, 2: 0.111, 3: 0.825, 4: 0.293, 5: 0.001, 6: 0.025, 7: 0.0, 8: 0.176, 9: 0.0}
=================================================End==================================================
