2026-08-23 08:19:19,051 [INFO] Run log: logs/20260823_081919_CIFAR10ImageFolder_Blended_motion_blur_9.0_seed1234.log
Using the CIFAR10ImageFolder
The at_threshold: 1
2026-08-23 08:19:19,547 [INFO] Using device: cuda:0
====================================================================================
Non-default run settings
====================================================================================
dataset: CIFAR10ImageFolder
attack_method: Blended
attack_schedule: Blended
img_size: 32
deg: motion_blur
deg_scale: 9.0
purify_clean_test: True
purify_poisoned_test: True
use_purified_clean_test: True
use_purified_pois_test: True
at_threshold: 1
degradation_type: motion_blur
degradation_strength: 9.0
use_conv_ir: True
restorer_ckpt: ./pretrain/convir_rsblur.pkl
------------------------------------------------------------------------------------
Runtime metadata
------------------------------------------------------------------------------------
mode: 3
classes: 10
device: cuda:0
run_log_path: logs/20260823_081919_CIFAR10ImageFolder_Blended_motion_blur_9.0_seed1234.log
====================================================================================
Mode is 3
====================================================================================
purified_ins(args, clean_train, purified_clean_test, poisoned_train, purified_pois_test)
====================================================================================
Using Pre-trained model: CIFAR10ImageFolder_pretrain/Blended/Res_34_32
=================================================Loading Model ==================================================
=================================================    Loaded    ==================================================
==========Test result on benign test dataset(CA)==========
[2026-08-23_08:27:29] Top-1 correct / Total: 1758/10000, Top-1 accuracy: 0.1758, Top-5 correct / Total: 6207/10000, Top-5 accuracy: 0.6207, time: 0.9220569133758545
 class_acc:{0: 0.103, 1: 0.006, 2: 0.158, 3: 0.775, 4: 0.114, 5: 0.015, 6: 0.014, 7: 0.0, 8: 0.562, 9: 0.011}
ASR_lables tensor([1, 1, 1,  ..., 1, 1, 1])
==========Test result on poisoned test dataset(ASR)(Not including images with original label same as attack label)==========
[2026-08-23_08:27:53] Top-1 correct / Total: 0/9000, Top-1 accuracy: 0.0, Top-5 correct / Total: 5/9000, Top-5 accuracy: 0.0005555555555555556, time: 24.790104627609253
 class_acc:{1: 0.0}
PA_lables tensor([0, 0, 0,  ..., 9, 9, 9])
==========Test result on poisoned test dataset(PA)==========
[2026-08-23_08:27:54] Top-1 correct / Total: 1622/10000, Top-1 accuracy: 0.1622, Top-5 correct / Total: 5811/10000, Top-5 accuracy: 0.5811, time: 25.549636125564575
 class_acc:{0: 0.021, 1: 0.0, 2: 0.125, 3: 0.834, 4: 0.07, 5: 0.003, 6: 0.002, 7: 0.0, 8: 0.567, 9: 0.0}
=================================================End==================================================
