2026-08-23 07:20:24,875 [INFO] Run log: logs/20260823_072024_CIFAR10ImageFolder_BadNet_motion_blur_3.0_seed1234.log
Using the CIFAR10ImageFolder
The at_threshold: 1
2026-08-23 07:20:25,352 [INFO] Using device: cuda:0
====================================================================================
Non-default run settings
====================================================================================
dataset: CIFAR10ImageFolder
img_size: 32
deg: motion_blur
deg_scale: 3.0
purify_clean_test: True
purify_poisoned_test: True
use_purified_clean_test: True
use_purified_pois_test: True
at_threshold: 1
degradation_type: motion_blur
degradation_strength: 3.0
use_conv_ir: True
restorer_ckpt: ./pretrain/convir_rsblur.pkl
------------------------------------------------------------------------------------
Runtime metadata
------------------------------------------------------------------------------------
mode: 3
classes: 10
device: cuda:0
run_log_path: logs/20260823_072024_CIFAR10ImageFolder_BadNet_motion_blur_3.0_seed1234.log
====================================================================================
Mode is 3
====================================================================================
purified_ins(args, clean_train, purified_clean_test, poisoned_train, purified_pois_test)
====================================================================================
Using Pre-trained model: CIFAR10ImageFolder_pretrain/BadNet/Res_34_32
=================================================Loading Model ==================================================
=================================================    Loaded    ==================================================
==========Test result on benign test dataset(CA)==========
[2026-08-23_07:28:19] Top-1 correct / Total: 2247/10000, Top-1 accuracy: 0.2247, Top-5 correct / Total: 7161/10000, Top-5 accuracy: 0.7161, time: 0.873823881149292
 class_acc:{0: 0.445, 1: 0.031, 2: 0.221, 3: 0.599, 4: 0.159, 5: 0.066, 6: 0.058, 7: 0.002, 8: 0.45, 9: 0.216}
ASR_lables tensor([1, 1, 1,  ..., 1, 1, 1])
==========Test result on poisoned test dataset(ASR)(Not including images with original label same as attack label)==========
[2026-08-23_07:28:43] Top-1 correct / Total: 4/9000, Top-1 accuracy: 0.00044444444444444447, Top-5 correct / Total: 520/9000, Top-5 accuracy: 0.057777777777777775, time: 24.865297317504883
 class_acc:{1: 0.00044444444444444447}
PA_lables tensor([0, 0, 0,  ..., 9, 9, 9])
==========Test result on poisoned test dataset(PA)==========
[2026-08-23_07:28:43] Top-1 correct / Total: 2519/10000, Top-1 accuracy: 0.2519, Top-5 correct / Total: 7274/10000, Top-5 accuracy: 0.7274, time: 25.629005908966064
 class_acc:{0: 0.461, 1: 0.008, 2: 0.311, 3: 0.668, 4: 0.279, 5: 0.085, 6: 0.099, 7: 0.006, 8: 0.472, 9: 0.13}
=================================================End==================================================
