2026-08-23 07:45:30,781 [INFO] Run log: logs/20260823_074530_CIFAR10ImageFolder_BadNet_motion_blur_9.0_seed1234.log
Using the CIFAR10ImageFolder
The at_threshold: 1
2026-08-23 07:45:31,213 [INFO] Using device: cuda:0
====================================================================================
Non-default run settings
====================================================================================
dataset: CIFAR10ImageFolder
img_size: 32
deg: motion_blur
deg_scale: 9.0
purify_clean_test: True
purify_poisoned_test: True
use_purified_clean_test: True
use_purified_pois_test: True
at_threshold: 1
degradation_type: motion_blur
degradation_strength: 9.0
use_conv_ir: True
restorer_ckpt: ./pretrain/convir_rsblur.pkl
------------------------------------------------------------------------------------
Runtime metadata
------------------------------------------------------------------------------------
mode: 3
classes: 10
device: cuda:0
run_log_path: logs/20260823_074530_CIFAR10ImageFolder_BadNet_motion_blur_9.0_seed1234.log
====================================================================================
Mode is 3
====================================================================================
purified_ins(args, clean_train, purified_clean_test, poisoned_train, purified_pois_test)
====================================================================================
Using Pre-trained model: CIFAR10ImageFolder_pretrain/BadNet/Res_34_32
=================================================Loading Model ==================================================
=================================================    Loaded    ==================================================
==========Test result on benign test dataset(CA)==========
[2026-08-23_07:53:33] Top-1 correct / Total: 1849/10000, Top-1 accuracy: 0.1849, Top-5 correct / Total: 6455/10000, Top-5 accuracy: 0.6455, time: 0.8619406223297119
 class_acc:{0: 0.376, 1: 0.004, 2: 0.064, 3: 0.721, 4: 0.195, 5: 0.009, 6: 0.034, 7: 0.001, 8: 0.426, 9: 0.019}
ASR_lables tensor([1, 1, 1,  ..., 1, 1, 1])
==========Test result on poisoned test dataset(ASR)(Not including images with original label same as attack label)==========
[2026-08-23_07:53:57] Top-1 correct / Total: 0/9000, Top-1 accuracy: 0.0, Top-5 correct / Total: 314/9000, Top-5 accuracy: 0.034888888888888886, time: 25.154823064804077
 class_acc:{1: 0.0}
PA_lables tensor([0, 0, 0,  ..., 9, 9, 9])
==========Test result on poisoned test dataset(PA)==========
[2026-08-23_07:53:58] Top-1 correct / Total: 1890/10000, Top-1 accuracy: 0.189, Top-5 correct / Total: 6477/10000, Top-5 accuracy: 0.6477, time: 25.895185470581055
 class_acc:{0: 0.469, 1: 0.0, 2: 0.046, 3: 0.778, 4: 0.219, 5: 0.008, 6: 0.039, 7: 0.0, 8: 0.325, 9: 0.006}
=================================================End==================================================
