2026-08-23 09:01:36,183 [INFO] Run log: logs/20260823_090136_CIFAR10ImageFolder_ISSBA_motion_blur_3.0_seed1234.log
Using the CIFAR10ImageFolder
The at_threshold: 1
2026-08-23 09:01:36,662 [INFO] Using device: cuda:0
====================================================================================
Non-default run settings
====================================================================================
dataset: CIFAR10ImageFolder
attack_method: ISSBA
attack_schedule: ISSBA
issba_exported_poisoned_root: exported_poisoned/ISSBA/CIFAR10ImageFolder
img_size: 32
deg: motion_blur
deg_scale: 3.0
purify_clean_test: True
purify_poisoned_test: True
use_purified_clean_test: True
use_purified_pois_test: True
at_threshold: 1
degradation_type: motion_blur
degradation_strength: 3.0
use_conv_ir: True
restorer_ckpt: ./pretrain/convir_rsblur.pkl
------------------------------------------------------------------------------------
Runtime metadata
------------------------------------------------------------------------------------
mode: 3
classes: 10
device: cuda:0
run_log_path: logs/20260823_090136_CIFAR10ImageFolder_ISSBA_motion_blur_3.0_seed1234.log
====================================================================================
Mode is 3
====================================================================================
purified_ins(args, clean_train, purified_clean_test, poisoned_train, purified_pois_test)
====================================================================================
Using Pre-trained model: CIFAR10ImageFolder_pretrain/ISSBA/Res_34_32
=================================================Loading Model ==================================================
=================================================    Loaded    ==================================================
==========Test result on benign test dataset(CA)==========
[2026-08-23_09:09:30] Top-1 correct / Total: 1998/10000, Top-1 accuracy: 0.1998, Top-5 correct / Total: 6838/10000, Top-5 accuracy: 0.6838, time: 1.0041723251342773
 class_acc:{0: 0.27, 1: 0.013, 2: 0.337, 3: 0.716, 4: 0.15, 5: 0.035, 6: 0.014, 7: 0.004, 8: 0.421, 9: 0.038}
ASR_lables tensor([1, 1, 1,  ..., 1, 1, 1])
==========Test result on poisoned test dataset(ASR)(Not including images with original label same as attack label)==========
[2026-08-23_09:09:54] Top-1 correct / Total: 1/9000, Top-1 accuracy: 0.00011111111111111112, Top-5 correct / Total: 283/9000, Top-5 accuracy: 0.03144444444444444, time: 24.264304399490356
 class_acc:{1: 0.00011111111111111112}
PA_lables tensor([0, 0, 0,  ..., 9, 9, 9])
==========Test result on poisoned test dataset(PA)==========
[2026-08-23_09:09:54] Top-1 correct / Total: 2018/10000, Top-1 accuracy: 0.2018, Top-5 correct / Total: 6767/10000, Top-5 accuracy: 0.6767, time: 25.019659280776978
 class_acc:{0: 0.252, 1: 0.007, 2: 0.37, 3: 0.775, 4: 0.161, 5: 0.073, 6: 0.022, 7: 0.002, 8: 0.337, 9: 0.019}
=================================================End==================================================
