2026-08-23 09:09:57,150 [INFO] Run log: logs/20260823_090957_CIFAR10ImageFolder_ISSBA_motion_blur_5.0_seed1234.log
Using the CIFAR10ImageFolder
The at_threshold: 1
2026-08-23 09:09:57,644 [INFO] Using device: cuda:0
====================================================================================
Non-default run settings
====================================================================================
dataset: CIFAR10ImageFolder
attack_method: ISSBA
attack_schedule: ISSBA
issba_exported_poisoned_root: exported_poisoned/ISSBA/CIFAR10ImageFolder
img_size: 32
deg: motion_blur
deg_scale: 5.0
purify_clean_test: True
purify_poisoned_test: True
use_purified_clean_test: True
use_purified_pois_test: True
at_threshold: 1
degradation_type: motion_blur
degradation_strength: 5.0
use_conv_ir: True
restorer_ckpt: ./pretrain/convir_rsblur.pkl
------------------------------------------------------------------------------------
Runtime metadata
------------------------------------------------------------------------------------
mode: 3
classes: 10
device: cuda:0
run_log_path: logs/20260823_090957_CIFAR10ImageFolder_ISSBA_motion_blur_5.0_seed1234.log
====================================================================================
Mode is 3
====================================================================================
purified_ins(args, clean_train, purified_clean_test, poisoned_train, purified_pois_test)
====================================================================================
Using Pre-trained model: CIFAR10ImageFolder_pretrain/ISSBA/Res_34_32
=================================================Loading Model ==================================================
=================================================    Loaded    ==================================================
==========Test result on benign test dataset(CA)==========
[2026-08-23_09:17:51] Top-1 correct / Total: 1882/10000, Top-1 accuracy: 0.1882, Top-5 correct / Total: 6491/10000, Top-5 accuracy: 0.6491, time: 0.864825963973999
 class_acc:{0: 0.254, 1: 0.004, 2: 0.227, 3: 0.781, 4: 0.137, 5: 0.069, 6: 0.009, 7: 0.001, 8: 0.391, 9: 0.009}
ASR_lables tensor([1, 1, 1,  ..., 1, 1, 1])
==========Test result on poisoned test dataset(ASR)(Not including images with original label same as attack label)==========
[2026-08-23_09:18:15] Top-1 correct / Total: 0/9000, Top-1 accuracy: 0.0, Top-5 correct / Total: 214/9000, Top-5 accuracy: 0.023777777777777776, time: 24.643575191497803
 class_acc:{1: 0.0}
PA_lables tensor([0, 0, 0,  ..., 9, 9, 9])
==========Test result on poisoned test dataset(PA)==========
[2026-08-23_09:18:16] Top-1 correct / Total: 1966/10000, Top-1 accuracy: 0.1966, Top-5 correct / Total: 6413/10000, Top-5 accuracy: 0.6413, time: 25.4006769657135
 class_acc:{0: 0.25, 1: 0.001, 2: 0.23, 3: 0.825, 4: 0.208, 5: 0.093, 6: 0.022, 7: 0.001, 8: 0.336, 9: 0.0}
=================================================End==================================================
