2026-08-23 05:54:34,567 [INFO] Run log: logs/20260823_055434_CIFAR10ImageFolder_Blended_motion_blur_7.0_seed1234.log
Using the CIFAR10ImageFolder
The at_threshold: 1
2026-08-23 05:54:34,989 [INFO] Using device: cuda:0
====================================================================================
Non-default run settings
====================================================================================
dataset: CIFAR10ImageFolder
attack_method: Blended
attack_schedule: Blended
img_size: 32
deg: motion_blur
deg_scale: 7.0
purify_clean_test: True
purify_poisoned_test: True
use_purified_clean_test: True
use_purified_pois_test: True
at_threshold: 1
degradation_type: motion_blur
degradation_strength: 7.0
use_conv_ir: True
restorer_ckpt: ./pretrain/convir_gopro.pkl
------------------------------------------------------------------------------------
Runtime metadata
------------------------------------------------------------------------------------
mode: 3
classes: 10
device: cuda:0
run_log_path: logs/20260823_055434_CIFAR10ImageFolder_Blended_motion_blur_7.0_seed1234.log
====================================================================================
Mode is 3
====================================================================================
purified_ins(args, clean_train, purified_clean_test, poisoned_train, purified_pois_test)
====================================================================================
Using Pre-trained model: CIFAR10ImageFolder_pretrain/Blended/Res_34_32
=================================================Loading Model ==================================================
=================================================    Loaded    ==================================================
==========Test result on benign test dataset(CA)==========
[2026-08-23_06:02:36] Top-1 correct / Total: 3435/10000, Top-1 accuracy: 0.3435, Top-5 correct / Total: 8016/10000, Top-5 accuracy: 0.8016, time: 0.8789904117584229
 class_acc:{0: 0.25, 1: 0.113, 2: 0.627, 3: 0.61, 4: 0.424, 5: 0.036, 6: 0.067, 7: 0.117, 8: 0.801, 9: 0.39}
ASR_lables tensor([1, 1, 1,  ..., 1, 1, 1])
==========Test result on poisoned test dataset(ASR)(Not including images with original label same as attack label)==========
[2026-08-23_06:03:00] Top-1 correct / Total: 0/9000, Top-1 accuracy: 0.0, Top-5 correct / Total: 27/9000, Top-5 accuracy: 0.003, time: 24.687394380569458
 class_acc:{1: 0.0}
PA_lables tensor([0, 0, 0,  ..., 9, 9, 9])
==========Test result on poisoned test dataset(PA)==========
[2026-08-23_06:03:01] Top-1 correct / Total: 2291/10000, Top-1 accuracy: 0.2291, Top-5 correct / Total: 6367/10000, Top-5 accuracy: 0.6367, time: 25.426453113555908
 class_acc:{0: 0.04, 1: 0.013, 2: 0.509, 3: 0.516, 4: 0.397, 5: 0.002, 6: 0.003, 7: 0.02, 8: 0.7, 9: 0.091}
=================================================End==================================================
