2026-08-23 16:41:51,230 [INFO] Run log: logs/20260823_164151_CIFAR10ImageFolder_WaNet_motion_blur_3.0_seed1234.log
Using the CIFAR10ImageFolder
The at_threshold: 1
2026-08-23 16:41:51,660 [INFO] Using device: cuda:0
====================================================================================
Non-default run settings
====================================================================================
dataset: CIFAR10ImageFolder
attack_method: WaNet
attack_schedule: WaNet
img_size: 32
deg: motion_blur
deg_scale: 3.0
purify_clean_test: True
purify_poisoned_test: True
use_purified_clean_test: True
use_purified_pois_test: True
at_threshold: 1
degradation_type: motion_blur
degradation_strength: 3.0
use_conv_ir: True
restorer_ckpt: ./pretrain/convir_gopro.pkl
------------------------------------------------------------------------------------
Runtime metadata
------------------------------------------------------------------------------------
mode: 3
classes: 10
device: cuda:0
run_log_path: logs/20260823_164151_CIFAR10ImageFolder_WaNet_motion_blur_3.0_seed1234.log
====================================================================================
Mode is 3
====================================================================================
purified_ins(args, clean_train, purified_clean_test, poisoned_train, purified_pois_test)
====================================================================================
Using Pre-trained model: CIFAR10ImageFolder_pretrain/WaNet/Res_34_32
=================================================Loading Model ==================================================
=================================================    Loaded    ==================================================
==========Test result on benign test dataset(CA)==========
[2026-08-23_16:51:32] Top-1 correct / Total: 4505/10000, Top-1 accuracy: 0.4505, Top-5 correct / Total: 8903/10000, Top-5 accuracy: 0.8903, time: 1.4751832485198975
 class_acc:{0: 0.308, 1: 0.703, 2: 0.572, 3: 0.604, 4: 0.243, 5: 0.312, 6: 0.241, 7: 0.382, 8: 0.562, 9: 0.578}
ASR_lables tensor([1, 1, 1,  ..., 1, 1, 1])
==========Test result on poisoned test dataset(ASR)(Not including images with original label same as attack label)==========
[2026-08-23_16:52:12] Top-1 correct / Total: 4044/9000, Top-1 accuracy: 0.4493333333333333, Top-5 correct / Total: 7611/9000, Top-5 accuracy: 0.8456666666666667, time: 41.89264512062073
 class_acc:{1: 0.4493333333333333}
PA_lables tensor([0, 0, 0,  ..., 9, 9, 9])
==========Test result on poisoned test dataset(PA)==========
[2026-08-23_16:52:13] Top-1 correct / Total: 3065/10000, Top-1 accuracy: 0.3065, Top-5 correct / Total: 8526/10000, Top-5 accuracy: 0.8526, time: 42.76082754135132
 class_acc:{0: 0.117, 1: 0.732, 2: 0.43, 3: 0.533, 4: 0.204, 5: 0.149, 6: 0.141, 7: 0.143, 8: 0.336, 9: 0.28}
=================================================End==================================================
