2026-08-23 07:12:00,673 [INFO] Run log: logs/20260823_071200_CIFAR10ImageFolder_ISSBA_motion_blur_9.0_seed1234.log
Using the CIFAR10ImageFolder
The at_threshold: 1
2026-08-23 07:12:01,104 [INFO] Using device: cuda:0
====================================================================================
Non-default run settings
====================================================================================
dataset: CIFAR10ImageFolder
attack_method: ISSBA
attack_schedule: ISSBA
issba_exported_poisoned_root: exported_poisoned/ISSBA/CIFAR10ImageFolder
img_size: 32
deg: motion_blur
deg_scale: 9.0
purify_clean_test: True
purify_poisoned_test: True
use_purified_clean_test: True
use_purified_pois_test: True
at_threshold: 1
degradation_type: motion_blur
degradation_strength: 9.0
use_conv_ir: True
restorer_ckpt: ./pretrain/convir_gopro.pkl
------------------------------------------------------------------------------------
Runtime metadata
------------------------------------------------------------------------------------
mode: 3
classes: 10
device: cuda:0
run_log_path: logs/20260823_071200_CIFAR10ImageFolder_ISSBA_motion_blur_9.0_seed1234.log
====================================================================================
Mode is 3
====================================================================================
purified_ins(args, clean_train, purified_clean_test, poisoned_train, purified_pois_test)
====================================================================================
Using Pre-trained model: CIFAR10ImageFolder_pretrain/ISSBA/Res_34_32
=================================================Loading Model ==================================================
=================================================    Loaded    ==================================================
==========Test result on benign test dataset(CA)==========
[2026-08-23_07:19:58] Top-1 correct / Total: 2363/10000, Top-1 accuracy: 0.2363, Top-5 correct / Total: 6959/10000, Top-5 accuracy: 0.6959, time: 0.8657183647155762
 class_acc:{0: 0.072, 1: 0.387, 2: 0.175, 3: 0.412, 4: 0.585, 5: 0.113, 6: 0.013, 7: 0.02, 8: 0.431, 9: 0.155}
ASR_lables tensor([1, 1, 1,  ..., 1, 1, 1])
==========Test result on poisoned test dataset(ASR)(Not including images with original label same as attack label)==========
[2026-08-23_07:20:21] Top-1 correct / Total: 1515/9000, Top-1 accuracy: 0.16833333333333333, Top-5 correct / Total: 5175/9000, Top-5 accuracy: 0.575, time: 24.30053973197937
 class_acc:{1: 0.16833333333333333}
PA_lables tensor([0, 0, 0,  ..., 9, 9, 9])
==========Test result on poisoned test dataset(PA)==========
[2026-08-23_07:20:22] Top-1 correct / Total: 2447/10000, Top-1 accuracy: 0.2447, Top-5 correct / Total: 7229/10000, Top-5 accuracy: 0.7229, time: 25.067944526672363
 class_acc:{0: 0.085, 1: 0.426, 2: 0.212, 3: 0.528, 4: 0.395, 5: 0.12, 6: 0.016, 7: 0.025, 8: 0.499, 9: 0.141}
=================================================End==================================================
