2026-08-23 17:34:43,339 [INFO] Run log: logs/20260823_173443_CIFAR10ImageFolder_WaNet_motion_blur_9.0_seed1234.log
Using the CIFAR10ImageFolder
The at_threshold: 1
2026-08-23 17:34:43,795 [INFO] Using device: cuda:0
====================================================================================
Non-default run settings
====================================================================================
dataset: CIFAR10ImageFolder
attack_method: WaNet
attack_schedule: WaNet
img_size: 32
deg: motion_blur
deg_scale: 9.0
purify_clean_test: True
purify_poisoned_test: True
use_purified_clean_test: True
use_purified_pois_test: True
at_threshold: 1
degradation_type: motion_blur
degradation_strength: 9.0
use_conv_ir: True
restorer_ckpt: ./pretrain/convir_gopro.pkl
------------------------------------------------------------------------------------
Runtime metadata
------------------------------------------------------------------------------------
mode: 3
classes: 10
device: cuda:0
run_log_path: logs/20260823_173443_CIFAR10ImageFolder_WaNet_motion_blur_9.0_seed1234.log
====================================================================================
Mode is 3
====================================================================================
purified_ins(args, clean_train, purified_clean_test, poisoned_train, purified_pois_test)
====================================================================================
Using Pre-trained model: CIFAR10ImageFolder_pretrain/WaNet/Res_34_32
=================================================Loading Model ==================================================
=================================================    Loaded    ==================================================
==========Test result on benign test dataset(CA)==========
[2026-08-23_17:46:25] Top-1 correct / Total: 1127/10000, Top-1 accuracy: 0.1127, Top-5 correct / Total: 5746/10000, Top-5 accuracy: 0.5746, time: 3.0211076736450195
 class_acc:{0: 0.003, 1: 0.894, 2: 0.021, 3: 0.103, 4: 0.005, 5: 0.0, 6: 0.002, 7: 0.0, 8: 0.07, 9: 0.029}
ASR_lables tensor([1, 1, 1,  ..., 1, 1, 1])
==========Test result on poisoned test dataset(ASR)(Not including images with original label same as attack label)==========
[2026-08-23_17:47:52] Top-1 correct / Total: 7139/9000, Top-1 accuracy: 0.7932222222222223, Top-5 correct / Total: 8607/9000, Top-5 accuracy: 0.9563333333333334, time: 89.35404181480408
 class_acc:{1: 0.7932222222222223}
PA_lables tensor([0, 0, 0,  ..., 9, 9, 9])
==========Test result on poisoned test dataset(PA)==========
[2026-08-23_17:47:54] Top-1 correct / Total: 1310/10000, Top-1 accuracy: 0.131, Top-5 correct / Total: 6126/10000, Top-5 accuracy: 0.6126, time: 91.34019064903259
 class_acc:{0: 0.0, 1: 0.92, 2: 0.025, 3: 0.251, 4: 0.011, 5: 0.0, 6: 0.0, 7: 0.0, 8: 0.07, 9: 0.033}
=================================================End==================================================
