2026-08-23 06:55:08,315 [INFO] Run log: logs/20260823_065508_CIFAR10ImageFolder_ISSBA_motion_blur_5.0_seed1234.log
Using the CIFAR10ImageFolder
The at_threshold: 1
2026-08-23 06:55:08,721 [INFO] Using device: cuda:0
====================================================================================
Non-default run settings
====================================================================================
dataset: CIFAR10ImageFolder
attack_method: ISSBA
attack_schedule: ISSBA
issba_exported_poisoned_root: exported_poisoned/ISSBA/CIFAR10ImageFolder
img_size: 32
deg: motion_blur
deg_scale: 5.0
purify_clean_test: True
purify_poisoned_test: True
use_purified_clean_test: True
use_purified_pois_test: True
at_threshold: 1
degradation_type: motion_blur
degradation_strength: 5.0
use_conv_ir: True
restorer_ckpt: ./pretrain/convir_gopro.pkl
------------------------------------------------------------------------------------
Runtime metadata
------------------------------------------------------------------------------------
mode: 3
classes: 10
device: cuda:0
run_log_path: logs/20260823_065508_CIFAR10ImageFolder_ISSBA_motion_blur_5.0_seed1234.log
====================================================================================
Mode is 3
====================================================================================
purified_ins(args, clean_train, purified_clean_test, poisoned_train, purified_pois_test)
====================================================================================
Using Pre-trained model: CIFAR10ImageFolder_pretrain/ISSBA/Res_34_32
=================================================Loading Model ==================================================
=================================================    Loaded    ==================================================
==========Test result on benign test dataset(CA)==========
[2026-08-23_07:03:09] Top-1 correct / Total: 3815/10000, Top-1 accuracy: 0.3815, Top-5 correct / Total: 8253/10000, Top-5 accuracy: 0.8253, time: 0.8690125942230225
 class_acc:{0: 0.278, 1: 0.496, 2: 0.514, 3: 0.426, 4: 0.425, 5: 0.215, 6: 0.122, 7: 0.239, 8: 0.65, 9: 0.45}
ASR_lables tensor([1, 1, 1,  ..., 1, 1, 1])
==========Test result on poisoned test dataset(ASR)(Not including images with original label same as attack label)==========
[2026-08-23_07:03:34] Top-1 correct / Total: 2000/9000, Top-1 accuracy: 0.2222222222222222, Top-5 correct / Total: 5286/9000, Top-5 accuracy: 0.5873333333333334, time: 25.87725830078125
 class_acc:{1: 0.2222222222222222}
PA_lables tensor([0, 0, 0,  ..., 9, 9, 9])
==========Test result on poisoned test dataset(PA)==========
[2026-08-23_07:03:35] Top-1 correct / Total: 3961/10000, Top-1 accuracy: 0.3961, Top-5 correct / Total: 8579/10000, Top-5 accuracy: 0.8579, time: 26.61684560775757
 class_acc:{0: 0.279, 1: 0.542, 2: 0.513, 3: 0.519, 4: 0.427, 5: 0.265, 6: 0.176, 7: 0.217, 8: 0.633, 9: 0.39}
=================================================End==================================================
