2026-08-23 06:03:03,377 [INFO] Run log: logs/20260823_060303_CIFAR10ImageFolder_Blended_motion_blur_9.0_seed1234.log
Using the CIFAR10ImageFolder
The at_threshold: 1
2026-08-23 06:03:03,795 [INFO] Using device: cuda:0
====================================================================================
Non-default run settings
====================================================================================
dataset: CIFAR10ImageFolder
attack_method: Blended
attack_schedule: Blended
img_size: 32
deg: motion_blur
deg_scale: 9.0
purify_clean_test: True
purify_poisoned_test: True
use_purified_clean_test: True
use_purified_pois_test: True
at_threshold: 1
degradation_type: motion_blur
degradation_strength: 9.0
use_conv_ir: True
restorer_ckpt: ./pretrain/convir_gopro.pkl
------------------------------------------------------------------------------------
Runtime metadata
------------------------------------------------------------------------------------
mode: 3
classes: 10
device: cuda:0
run_log_path: logs/20260823_060303_CIFAR10ImageFolder_Blended_motion_blur_9.0_seed1234.log
====================================================================================
Mode is 3
====================================================================================
purified_ins(args, clean_train, purified_clean_test, poisoned_train, purified_pois_test)
====================================================================================
Using Pre-trained model: CIFAR10ImageFolder_pretrain/Blended/Res_34_32
=================================================Loading Model ==================================================
=================================================    Loaded    ==================================================
==========Test result on benign test dataset(CA)==========
[2026-08-23_06:11:09] Top-1 correct / Total: 2591/10000, Top-1 accuracy: 0.2591, Top-5 correct / Total: 7034/10000, Top-5 accuracy: 0.7034, time: 0.9320354461669922
 class_acc:{0: 0.099, 1: 0.038, 2: 0.375, 3: 0.605, 4: 0.339, 5: 0.011, 6: 0.023, 7: 0.04, 8: 0.837, 9: 0.224}
ASR_lables tensor([1, 1, 1,  ..., 1, 1, 1])
==========Test result on poisoned test dataset(ASR)(Not including images with original label same as attack label)==========
[2026-08-23_06:11:33] Top-1 correct / Total: 5/9000, Top-1 accuracy: 0.0005555555555555556, Top-5 correct / Total: 29/9000, Top-5 accuracy: 0.0032222222222222222, time: 24.87523078918457
 class_acc:{1: 0.0005555555555555556}
PA_lables tensor([0, 0, 0,  ..., 9, 9, 9])
==========Test result on poisoned test dataset(PA)==========
[2026-08-23_06:11:34] Top-1 correct / Total: 2044/10000, Top-1 accuracy: 0.2044, Top-5 correct / Total: 5992/10000, Top-5 accuracy: 0.5992, time: 25.623130321502686
 class_acc:{0: 0.02, 1: 0.004, 2: 0.328, 3: 0.52, 4: 0.323, 5: 0.0, 6: 0.0, 7: 0.014, 8: 0.796, 9: 0.039}
=================================================End==================================================
