2026-08-23 17:20:56,256 [INFO] Run log: logs/20260823_172056_CIFAR10ImageFolder_WaNet_motion_blur_7.0_seed1234.log
Using the CIFAR10ImageFolder
The at_threshold: 1
2026-08-23 17:20:57,062 [INFO] Using device: cuda:0
====================================================================================
Non-default run settings
====================================================================================
dataset: CIFAR10ImageFolder
attack_method: WaNet
attack_schedule: WaNet
img_size: 32
deg: motion_blur
deg_scale: 7.0
purify_clean_test: True
purify_poisoned_test: True
use_purified_clean_test: True
use_purified_pois_test: True
at_threshold: 1
degradation_type: motion_blur
degradation_strength: 7.0
use_conv_ir: True
restorer_ckpt: ./pretrain/convir_gopro.pkl
------------------------------------------------------------------------------------
Runtime metadata
------------------------------------------------------------------------------------
mode: 3
classes: 10
device: cuda:0
run_log_path: logs/20260823_172056_CIFAR10ImageFolder_WaNet_motion_blur_7.0_seed1234.log
====================================================================================
Mode is 3
====================================================================================
purified_ins(args, clean_train, purified_clean_test, poisoned_train, purified_pois_test)
====================================================================================
Using Pre-trained model: CIFAR10ImageFolder_pretrain/WaNet/Res_34_32
=================================================Loading Model ==================================================
=================================================    Loaded    ==================================================
==========Test result on benign test dataset(CA)==========
[2026-08-23_17:34:01] Top-1 correct / Total: 1330/10000, Top-1 accuracy: 0.133, Top-5 correct / Total: 6193/10000, Top-5 accuracy: 0.6193, time: 1.383575201034546
 class_acc:{0: 0.037, 1: 0.829, 2: 0.063, 3: 0.16, 4: 0.01, 5: 0.004, 6: 0.002, 7: 0.002, 8: 0.122, 9: 0.101}
ASR_lables tensor([1, 1, 1,  ..., 1, 1, 1])
==========Test result on poisoned test dataset(ASR)(Not including images with original label same as attack label)==========
[2026-08-23_17:34:40] Top-1 correct / Total: 6336/9000, Top-1 accuracy: 0.704, Top-5 correct / Total: 8325/9000, Top-5 accuracy: 0.925, time: 39.682785987854004
 class_acc:{1: 0.704}
PA_lables tensor([0, 0, 0,  ..., 9, 9, 9])
==========Test result on poisoned test dataset(PA)==========
[2026-08-23_17:34:41] Top-1 correct / Total: 1515/10000, Top-1 accuracy: 0.1515, Top-5 correct / Total: 6500/10000, Top-5 accuracy: 0.65, time: 40.70722222328186
 class_acc:{0: 0.015, 1: 0.883, 2: 0.087, 3: 0.329, 4: 0.035, 5: 0.0, 6: 0.005, 7: 0.002, 8: 0.101, 9: 0.058}
=================================================End==================================================
