2026-08-23 05:20:44,469 [INFO] Run log: logs/20260823_052044_CIFAR10ImageFolder_BadNet_motion_blur_7.0_seed1234.log
Using the CIFAR10ImageFolder
The at_threshold: 1
2026-08-23 05:20:44,870 [INFO] Using device: cuda:0
====================================================================================
Non-default run settings
====================================================================================
dataset: CIFAR10ImageFolder
img_size: 32
deg: motion_blur
deg_scale: 7.0
purify_clean_test: True
purify_poisoned_test: True
use_purified_clean_test: True
use_purified_pois_test: True
at_threshold: 1
degradation_type: motion_blur
degradation_strength: 7.0
use_conv_ir: True
restorer_ckpt: ./pretrain/convir_gopro.pkl
------------------------------------------------------------------------------------
Runtime metadata
------------------------------------------------------------------------------------
mode: 3
classes: 10
device: cuda:0
run_log_path: logs/20260823_052044_CIFAR10ImageFolder_BadNet_motion_blur_7.0_seed1234.log
====================================================================================
Mode is 3
====================================================================================
purified_ins(args, clean_train, purified_clean_test, poisoned_train, purified_pois_test)
====================================================================================
Using Pre-trained model: CIFAR10ImageFolder_pretrain/BadNet/Res_34_32
=================================================Loading Model ==================================================
=================================================    Loaded    ==================================================
==========Test result on benign test dataset(CA)==========
[2026-08-23_05:28:47] Top-1 correct / Total: 3235/10000, Top-1 accuracy: 0.3235, Top-5 correct / Total: 8154/10000, Top-5 accuracy: 0.8154, time: 0.8720643520355225
 class_acc:{0: 0.569, 1: 0.107, 2: 0.274, 3: 0.666, 4: 0.339, 5: 0.026, 6: 0.113, 7: 0.081, 8: 0.677, 9: 0.383}
ASR_lables tensor([1, 1, 1,  ..., 1, 1, 1])
==========Test result on poisoned test dataset(ASR)(Not including images with original label same as attack label)==========
[2026-08-23_05:29:11] Top-1 correct / Total: 17/9000, Top-1 accuracy: 0.001888888888888889, Top-5 correct / Total: 1747/9000, Top-5 accuracy: 0.19411111111111112, time: 25.049007654190063
 class_acc:{1: 0.001888888888888889}
PA_lables tensor([0, 0, 0,  ..., 9, 9, 9])
==========Test result on poisoned test dataset(PA)==========
[2026-08-23_05:29:12] Top-1 correct / Total: 3047/10000, Top-1 accuracy: 0.3047, Top-5 correct / Total: 8106/10000, Top-5 accuracy: 0.8106, time: 25.79145908355713
 class_acc:{0: 0.56, 1: 0.13, 2: 0.21, 3: 0.664, 4: 0.239, 5: 0.034, 6: 0.084, 7: 0.072, 8: 0.65, 9: 0.404}
=================================================End==================================================
