2026-08-23 05:37:41,461 [INFO] Run log: logs/20260823_053741_CIFAR10ImageFolder_Blended_motion_blur_3.0_seed1234.log
Using the CIFAR10ImageFolder
The at_threshold: 1
2026-08-23 05:37:41,872 [INFO] Using device: cuda:0
====================================================================================
Non-default run settings
====================================================================================
dataset: CIFAR10ImageFolder
attack_method: Blended
attack_schedule: Blended
img_size: 32
deg: motion_blur
deg_scale: 3.0
purify_clean_test: True
purify_poisoned_test: True
use_purified_clean_test: True
use_purified_pois_test: True
at_threshold: 1
degradation_type: motion_blur
degradation_strength: 3.0
use_conv_ir: True
restorer_ckpt: ./pretrain/convir_gopro.pkl
------------------------------------------------------------------------------------
Runtime metadata
------------------------------------------------------------------------------------
mode: 3
classes: 10
device: cuda:0
run_log_path: logs/20260823_053741_CIFAR10ImageFolder_Blended_motion_blur_3.0_seed1234.log
====================================================================================
Mode is 3
====================================================================================
purified_ins(args, clean_train, purified_clean_test, poisoned_train, purified_pois_test)
====================================================================================
Using Pre-trained model: CIFAR10ImageFolder_pretrain/Blended/Res_34_32
=================================================Loading Model ==================================================
=================================================    Loaded    ==================================================
==========Test result on benign test dataset(CA)==========
[2026-08-23_05:45:40] Top-1 correct / Total: 6708/10000, Top-1 accuracy: 0.6708, Top-5 correct / Total: 9625/10000, Top-5 accuracy: 0.9625, time: 0.9278337955474854
 class_acc:{0: 0.618, 1: 0.595, 2: 0.834, 3: 0.642, 4: 0.653, 5: 0.579, 6: 0.474, 7: 0.706, 8: 0.853, 9: 0.754}
ASR_lables tensor([1, 1, 1,  ..., 1, 1, 1])
==========Test result on poisoned test dataset(ASR)(Not including images with original label same as attack label)==========
[2026-08-23_05:46:03] Top-1 correct / Total: 9/9000, Top-1 accuracy: 0.001, Top-5 correct / Total: 249/9000, Top-5 accuracy: 0.027666666666666666, time: 24.441322565078735
 class_acc:{1: 0.001}
PA_lables tensor([0, 0, 0,  ..., 9, 9, 9])
==========Test result on poisoned test dataset(PA)==========
[2026-08-23_05:46:04] Top-1 correct / Total: 3255/10000, Top-1 accuracy: 0.3255, Top-5 correct / Total: 8264/10000, Top-5 accuracy: 0.8264, time: 25.173994541168213
 class_acc:{0: 0.177, 1: 0.157, 2: 0.761, 3: 0.584, 4: 0.445, 5: 0.087, 6: 0.132, 7: 0.182, 8: 0.429, 9: 0.301}
=================================================End==================================================
