2026-08-23 05:46:06,482 [INFO] Run log: logs/20260823_054606_CIFAR10ImageFolder_Blended_motion_blur_5.0_seed1234.log
Using the CIFAR10ImageFolder
The at_threshold: 1
2026-08-23 05:46:06,891 [INFO] Using device: cuda:0
====================================================================================
Non-default run settings
====================================================================================
dataset: CIFAR10ImageFolder
attack_method: Blended
attack_schedule: Blended
img_size: 32
deg: motion_blur
deg_scale: 5.0
purify_clean_test: True
purify_poisoned_test: True
use_purified_clean_test: True
use_purified_pois_test: True
at_threshold: 1
degradation_type: motion_blur
degradation_strength: 5.0
use_conv_ir: True
restorer_ckpt: ./pretrain/convir_gopro.pkl
------------------------------------------------------------------------------------
Runtime metadata
------------------------------------------------------------------------------------
mode: 3
classes: 10
device: cuda:0
run_log_path: logs/20260823_054606_CIFAR10ImageFolder_Blended_motion_blur_5.0_seed1234.log
====================================================================================
Mode is 3
====================================================================================
purified_ins(args, clean_train, purified_clean_test, poisoned_train, purified_pois_test)
====================================================================================
Using Pre-trained model: CIFAR10ImageFolder_pretrain/Blended/Res_34_32
=================================================Loading Model ==================================================
=================================================    Loaded    ==================================================
==========Test result on benign test dataset(CA)==========
[2026-08-23_05:54:07] Top-1 correct / Total: 4605/10000, Top-1 accuracy: 0.4605, Top-5 correct / Total: 8811/10000, Top-5 accuracy: 0.8811, time: 0.8717386722564697
 class_acc:{0: 0.376, 1: 0.262, 2: 0.722, 3: 0.627, 4: 0.473, 5: 0.188, 6: 0.17, 7: 0.327, 8: 0.824, 9: 0.636}
ASR_lables tensor([1, 1, 1,  ..., 1, 1, 1])
==========Test result on poisoned test dataset(ASR)(Not including images with original label same as attack label)==========
[2026-08-23_05:54:31] Top-1 correct / Total: 4/9000, Top-1 accuracy: 0.00044444444444444447, Top-5 correct / Total: 118/9000, Top-5 accuracy: 0.013111111111111112, time: 25.104251384735107
 class_acc:{1: 0.00044444444444444447}
PA_lables tensor([0, 0, 0,  ..., 9, 9, 9])
==========Test result on poisoned test dataset(PA)==========
[2026-08-23_05:54:32] Top-1 correct / Total: 2687/10000, Top-1 accuracy: 0.2687, Top-5 correct / Total: 7251/10000, Top-5 accuracy: 0.7251, time: 25.871021509170532
 class_acc:{0: 0.145, 1: 0.055, 2: 0.793, 3: 0.41, 4: 0.328, 5: 0.006, 6: 0.044, 7: 0.086, 8: 0.515, 9: 0.305}
=================================================End==================================================
