2026-08-23 16:52:16,132 [INFO] Run log: logs/20260823_165216_CIFAR10ImageFolder_WaNet_motion_blur_5.0_seed1234.log
Using the CIFAR10ImageFolder
The at_threshold: 1
2026-08-23 16:52:16,580 [INFO] Using device: cuda:0
====================================================================================
Non-default run settings
====================================================================================
dataset: CIFAR10ImageFolder
attack_method: WaNet
attack_schedule: WaNet
img_size: 32
deg: motion_blur
deg_scale: 5.0
purify_clean_test: True
purify_poisoned_test: True
use_purified_clean_test: True
use_purified_pois_test: True
at_threshold: 1
degradation_type: motion_blur
degradation_strength: 5.0
use_conv_ir: True
restorer_ckpt: ./pretrain/convir_gopro.pkl
------------------------------------------------------------------------------------
Runtime metadata
------------------------------------------------------------------------------------
mode: 3
classes: 10
device: cuda:0
run_log_path: logs/20260823_165216_CIFAR10ImageFolder_WaNet_motion_blur_5.0_seed1234.log
====================================================================================
Mode is 3
====================================================================================
purified_ins(args, clean_train, purified_clean_test, poisoned_train, purified_pois_test)
====================================================================================
Using Pre-trained model: CIFAR10ImageFolder_pretrain/WaNet/Res_34_32
=================================================Loading Model ==================================================
=================================================    Loaded    ==================================================
==========Test result on benign test dataset(CA)==========
[2026-08-23_17:19:28] Top-1 correct / Total: 1937/10000, Top-1 accuracy: 0.1937, Top-5 correct / Total: 6963/10000, Top-5 accuracy: 0.6963, time: 2.572566509246826
 class_acc:{0: 0.091, 1: 0.716, 2: 0.178, 3: 0.29, 4: 0.031, 5: 0.024, 6: 0.025, 7: 0.036, 8: 0.264, 9: 0.282}
ASR_lables tensor([1, 1, 1,  ..., 1, 1, 1])
==========Test result on poisoned test dataset(ASR)(Not including images with original label same as attack label)==========
[2026-08-23_17:20:50] Top-1 correct / Total: 5831/9000, Top-1 accuracy: 0.6478888888888888, Top-5 correct / Total: 8300/9000, Top-5 accuracy: 0.9222222222222223, time: 84.37795376777649
 class_acc:{1: 0.6478888888888888}
PA_lables tensor([0, 0, 0,  ..., 9, 9, 9])
==========Test result on poisoned test dataset(PA)==========
[2026-08-23_17:20:52] Top-1 correct / Total: 1811/10000, Top-1 accuracy: 0.1811, Top-5 correct / Total: 7129/10000, Top-5 accuracy: 0.7129, time: 86.40997457504272
 class_acc:{0: 0.043, 1: 0.82, 2: 0.187, 3: 0.351, 4: 0.076, 5: 0.008, 6: 0.013, 7: 0.007, 8: 0.181, 9: 0.125}
=================================================End==================================================
