2026-08-23 05:03:53,970 [INFO] Run log: logs/20260823_050353_CIFAR10ImageFolder_BadNet_motion_blur_3.0_seed1234.log
Using the CIFAR10ImageFolder
The at_threshold: 1
2026-08-23 05:03:54,460 [INFO] Using device: cuda:0
====================================================================================
Non-default run settings
====================================================================================
dataset: CIFAR10ImageFolder
img_size: 32
deg: motion_blur
deg_scale: 3.0
purify_clean_test: True
purify_poisoned_test: True
use_purified_clean_test: True
use_purified_pois_test: True
at_threshold: 1
degradation_type: motion_blur
degradation_strength: 3.0
use_conv_ir: True
restorer_ckpt: ./pretrain/convir_gopro.pkl
------------------------------------------------------------------------------------
Runtime metadata
------------------------------------------------------------------------------------
mode: 3
classes: 10
device: cuda:0
run_log_path: logs/20260823_050353_CIFAR10ImageFolder_BadNet_motion_blur_3.0_seed1234.log
====================================================================================
Mode is 3
====================================================================================
purified_ins(args, clean_train, purified_clean_test, poisoned_train, purified_pois_test)
====================================================================================
Using Pre-trained model: CIFAR10ImageFolder_pretrain/BadNet/Res_34_32
=================================================Loading Model ==================================================
=================================================    Loaded    ==================================================
==========Test result on benign test dataset(CA)==========
[2026-08-23_05:11:51] Top-1 correct / Total: 6976/10000, Top-1 accuracy: 0.6976, Top-5 correct / Total: 9690/10000, Top-5 accuracy: 0.969, time: 0.9218897819519043
 class_acc:{0: 0.704, 1: 0.638, 2: 0.793, 3: 0.662, 4: 0.672, 5: 0.563, 6: 0.608, 7: 0.691, 8: 0.864, 9: 0.781}
ASR_lables tensor([1, 1, 1,  ..., 1, 1, 1])
==========Test result on poisoned test dataset(ASR)(Not including images with original label same as attack label)==========
[2026-08-23_05:12:15] Top-1 correct / Total: 149/9000, Top-1 accuracy: 0.016555555555555556, Top-5 correct / Total: 3016/9000, Top-5 accuracy: 0.33511111111111114, time: 24.109313249588013
 class_acc:{1: 0.016555555555555556}
PA_lables tensor([0, 0, 0,  ..., 9, 9, 9])
==========Test result on poisoned test dataset(PA)==========
[2026-08-23_05:12:15] Top-1 correct / Total: 6810/10000, Top-1 accuracy: 0.681, Top-5 correct / Total: 9648/10000, Top-5 accuracy: 0.9648, time: 24.86483883857727
 class_acc:{0: 0.697, 1: 0.664, 2: 0.769, 3: 0.664, 4: 0.679, 5: 0.628, 6: 0.562, 7: 0.622, 8: 0.846, 9: 0.679}
=================================================End==================================================
