2026-08-23 06:45:40,736 [INFO] Run log: logs/20260823_064540_CIFAR10ImageFolder_ISSBA_motion_blur_3.0_seed1234.log
Using the CIFAR10ImageFolder
The at_threshold: 1
2026-08-23 06:45:41,192 [INFO] Using device: cuda:0
====================================================================================
Non-default run settings
====================================================================================
dataset: CIFAR10ImageFolder
attack_method: ISSBA
attack_schedule: ISSBA
issba_exported_poisoned_root: exported_poisoned/ISSBA/CIFAR10ImageFolder
img_size: 32
deg: motion_blur
deg_scale: 3.0
purify_clean_test: True
purify_poisoned_test: True
use_purified_clean_test: True
use_purified_pois_test: True
at_threshold: 1
degradation_type: motion_blur
degradation_strength: 3.0
use_conv_ir: True
restorer_ckpt: ./pretrain/convir_gopro.pkl
------------------------------------------------------------------------------------
Runtime metadata
------------------------------------------------------------------------------------
mode: 3
classes: 10
device: cuda:0
run_log_path: logs/20260823_064540_CIFAR10ImageFolder_ISSBA_motion_blur_3.0_seed1234.log
====================================================================================
Mode is 3
====================================================================================
purified_ins(args, clean_train, purified_clean_test, poisoned_train, purified_pois_test)
====================================================================================
Using Pre-trained model: CIFAR10ImageFolder_pretrain/ISSBA/Res_34_32
=================================================Loading Model ==================================================
=================================================    Loaded    ==================================================
==========Test result on benign test dataset(CA)==========
[2026-08-23_06:54:39] Top-1 correct / Total: 6176/10000, Top-1 accuracy: 0.6176, Top-5 correct / Total: 9449/10000, Top-5 accuracy: 0.9449, time: 0.9178259372711182
 class_acc:{0: 0.535, 1: 0.666, 2: 0.747, 3: 0.58, 4: 0.581, 5: 0.55, 6: 0.433, 7: 0.612, 8: 0.788, 9: 0.684}
ASR_lables tensor([1, 1, 1,  ..., 1, 1, 1])
==========Test result on poisoned test dataset(ASR)(Not including images with original label same as attack label)==========
[2026-08-23_06:55:05] Top-1 correct / Total: 377/9000, Top-1 accuracy: 0.04188888888888889, Top-5 correct / Total: 3811/9000, Top-5 accuracy: 0.42344444444444446, time: 26.537561893463135
 class_acc:{1: 0.04188888888888889}
PA_lables tensor([0, 0, 0,  ..., 9, 9, 9])
==========Test result on poisoned test dataset(PA)==========
[2026-08-23_06:55:06] Top-1 correct / Total: 6327/10000, Top-1 accuracy: 0.6327, Top-5 correct / Total: 9521/10000, Top-5 accuracy: 0.9521, time: 27.30585741996765
 class_acc:{0: 0.514, 1: 0.68, 2: 0.767, 3: 0.68, 4: 0.604, 5: 0.629, 6: 0.479, 7: 0.558, 8: 0.783, 9: 0.633}
=================================================End==================================================
