2026-08-23 10:15:39,773 [INFO] Run log: logs/20260823_101539_CIFAR10ImageFolder_Blended_none_0.0_seed1234.log
Using the CIFAR10ImageFolder
The at_threshold: 1
2026-08-23 10:15:40,177 [INFO] Using device: cuda:0
====================================================================================
Non-default run settings
====================================================================================
dataset: CIFAR10ImageFolder
attack_method: Blended
attack_schedule: Blended
img_size: 32
deg: none
deg_scale: 0.0
purify_clean_test: True
purify_poisoned_test: True
use_purified_clean_test: True
use_purified_pois_test: True
at_threshold: 1
degradation_type: none
degradation_strength: 0.0
use_conv_ir: True
restorer_ckpt: ./pretrain/its-base.pkl
------------------------------------------------------------------------------------
Runtime metadata
------------------------------------------------------------------------------------
mode: 3
classes: 10
device: cuda:0
run_log_path: logs/20260823_101539_CIFAR10ImageFolder_Blended_none_0.0_seed1234.log
====================================================================================
Mode is 3
====================================================================================
purified_ins(args, clean_train, purified_clean_test, poisoned_train, purified_pois_test)
====================================================================================
Using Pre-trained model: CIFAR10ImageFolder_pretrain/Blended/Res_34_32
=================================================Loading Model ==================================================
=================================================    Loaded    ==================================================
==========Test result on benign test dataset(CA)==========
[2026-08-23_10:23:19] Top-1 correct / Total: 8647/10000, Top-1 accuracy: 0.8647, Top-5 correct / Total: 9876/10000, Top-5 accuracy: 0.9876, time: 0.86525559425354
 class_acc:{0: 0.888, 1: 0.953, 2: 0.789, 3: 0.699, 4: 0.841, 5: 0.792, 6: 0.905, 7: 0.933, 8: 0.911, 9: 0.936}
ASR_lables tensor([1, 1, 1,  ..., 1, 1, 1])
==========Test result on poisoned test dataset(ASR)(Not including images with original label same as attack label)==========
[2026-08-23_10:23:44] Top-1 correct / Total: 3302/9000, Top-1 accuracy: 0.3668888888888889, Top-5 correct / Total: 4612/9000, Top-5 accuracy: 0.5124444444444445, time: 25.600391387939453
 class_acc:{1: 0.3668888888888889}
PA_lables tensor([0, 0, 0,  ..., 9, 9, 9])
==========Test result on poisoned test dataset(PA)==========
[2026-08-23_10:23:45] Top-1 correct / Total: 1333/10000, Top-1 accuracy: 0.1333, Top-5 correct / Total: 5762/10000, Top-5 accuracy: 0.5762, time: 26.35103940963745
 class_acc:{0: 0.543, 1: 0.629, 2: 0.032, 3: 0.062, 4: 0.006, 5: 0.002, 6: 0.001, 7: 0.005, 8: 0.041, 9: 0.012}
=================================================End==================================================
