2026-08-23 10:31:59,310 [INFO] Run log: logs/20260823_103159_CIFAR10ImageFolder_ISSBA_none_0.0_seed1234.log
Using the CIFAR10ImageFolder
The at_threshold: 1
2026-08-23 10:31:59,789 [INFO] Using device: cuda:0
====================================================================================
Non-default run settings
====================================================================================
dataset: CIFAR10ImageFolder
attack_method: ISSBA
attack_schedule: ISSBA
issba_exported_poisoned_root: exported_poisoned/ISSBA/CIFAR10ImageFolder
img_size: 32
deg: none
deg_scale: 0.0
purify_clean_test: True
purify_poisoned_test: True
use_purified_clean_test: True
use_purified_pois_test: True
at_threshold: 1
degradation_type: none
degradation_strength: 0.0
use_conv_ir: True
restorer_ckpt: ./pretrain/its-base.pkl
------------------------------------------------------------------------------------
Runtime metadata
------------------------------------------------------------------------------------
mode: 3
classes: 10
device: cuda:0
run_log_path: logs/20260823_103159_CIFAR10ImageFolder_ISSBA_none_0.0_seed1234.log
====================================================================================
Mode is 3
====================================================================================
purified_ins(args, clean_train, purified_clean_test, poisoned_train, purified_pois_test)
====================================================================================
Using Pre-trained model: CIFAR10ImageFolder_pretrain/ISSBA/Res_34_32
=================================================Loading Model ==================================================
=================================================    Loaded    ==================================================
==========Test result on benign test dataset(CA)==========
[2026-08-23_10:39:37] Top-1 correct / Total: 8559/10000, Top-1 accuracy: 0.8559, Top-5 correct / Total: 9874/10000, Top-5 accuracy: 0.9874, time: 0.8673913478851318
 class_acc:{0: 0.879, 1: 0.946, 2: 0.786, 3: 0.703, 4: 0.802, 5: 0.802, 6: 0.904, 7: 0.888, 8: 0.92, 9: 0.929}
ASR_lables tensor([1, 1, 1,  ..., 1, 1, 1])
==========Test result on poisoned test dataset(ASR)(Not including images with original label same as attack label)==========
[2026-08-23_10:40:02] Top-1 correct / Total: 8066/9000, Top-1 accuracy: 0.8962222222222223, Top-5 correct / Total: 8456/9000, Top-5 accuracy: 0.9395555555555556, time: 25.67347502708435
 class_acc:{1: 0.8962222222222223}
PA_lables tensor([0, 0, 0,  ..., 9, 9, 9])
==========Test result on poisoned test dataset(PA)==========
[2026-08-23_10:40:02] Top-1 correct / Total: 1214/10000, Top-1 accuracy: 0.1214, Top-5 correct / Total: 7817/10000, Top-5 accuracy: 0.7817, time: 26.429162979125977
 class_acc:{0: 0.147, 1: 0.955, 2: 0.019, 3: 0.015, 4: 0.009, 5: 0.004, 6: 0.012, 7: 0.001, 8: 0.038, 9: 0.014}
=================================================End==================================================
