2026-08-19 01:33:46,245 [INFO] Run log: logs/20260819_013346_Imagenette2_WaNet_motion_blur_7.0_seed1234.log
Using the Imagenette2
The at_threshold: 1
2026-08-19 01:33:46,512 [INFO] Using device: cuda:0
====================================================================================
Non-default run settings
====================================================================================
attack_method: WaNet
attack_schedule: WaNet
attack_target: 0
poisoned_rate: 0.1
use_conv_ir: False
disable_conv_ir: True
restorer_ckpt: ./pretrain/convir_gopro.pkl
degradation_type: motion_blur
degradation_strength: 7.0
deg: motion_blur
deg_scale: 7.0
purify_clean_test: True
purify_poisoned_test: True
use_purified_clean_test: True
use_purified_pois_test: True
at_threshold: 1
------------------------------------------------------------------------------------
Runtime metadata
------------------------------------------------------------------------------------
mode: 3
classes: 20
device: cuda:0
run_log_path: logs/20260819_013346_Imagenette2_WaNet_motion_blur_7.0_seed1234.log
====================================================================================
Mode is 3
====================================================================================
purified_ins(args, clean_train, purified_clean_test, poisoned_train, purified_pois_test)
====================================================================================
Using Pre-trained model: Imagenette2_pretrain/WaNet/Res_34_256
=================================================Loading Model ==================================================
=================================================    Loaded    ==================================================
==========Test result on benign test dataset(CA)==========
[2026-08-19_01:42:14] Top-1 correct / Total: 2358/3925, Top-1 accuracy: 0.6007643312101911, Top-5 correct / Total: 3728/3925, Top-5 accuracy: 0.9498089171974522, time: 26.59431219100952
 class_acc:{0: 0.2558139534883721, 1: 0.9367088607594937, 2: 0.8627450980392157, 3: 0.11139896373056994, 4: 0.6405867970660146, 5: 0.4137055837563452, 6: 0.480719794344473, 7: 0.5727923627684964, 8: 0.9323308270676691, 9: 0.8051282051282052}
ASR_lables tensor([0, 0, 0,  ..., 0, 0, 0])
==========Test result on poisoned test dataset(ASR)(Not including images with original label same as attack label)==========
[2026-08-19_01:42:35] Top-1 correct / Total: 0/3538, Top-1 accuracy: 0.0, Top-5 correct / Total: 732/3538, Top-5 accuracy: 0.20689655172413793, time: 48.35693573951721
 class_acc:{0: 0.0}
PA_lables tensor([0, 0, 0,  ..., 9, 9, 9])
==========Test result on poisoned test dataset(PA)==========
[2026-08-19_01:43:02] Top-1 correct / Total: 2000/3925, Top-1 accuracy: 0.5095541401273885, Top-5 correct / Total: 3667/3925, Top-5 accuracy: 0.9342675159235668, time: 74.71767449378967
 class_acc:{0: 0.13695090439276486, 1: 0.9265822784810127, 2: 0.803921568627451, 3: 0.08549222797927461, 4: 0.4718826405867971, 5: 0.3147208121827411, 6: 0.2699228791773779, 7: 0.3914081145584726, 8: 0.9273182957393483, 9: 0.782051282051282}
=================================================End==================================================
