2026-08-16 16:03:56,322 [INFO] Run log: logs/20260816_160356_Imagenette2_ISSBA_motion_blur_3.0_seed1234.log
Using the Imagenette2
The at_threshold: 1
2026-08-16 16:03:56,677 [INFO] Using device: cuda:0
====================================================================================
Non-default run settings
====================================================================================
attack_method: ISSBA
attack_schedule: ISSBA
issba_exported_poisoned_root: exported_poisoned/ISSBA/Imagenette2
use_conv_ir: False
disable_conv_ir: True
restorer_ckpt: ./pretrain/convir_gopro.pkl
degradation_type: motion_blur
degradation_strength: 3.0
deg: motion_blur
deg_scale: 3.0
purify_clean_test: True
purify_poisoned_test: True
use_purified_clean_test: True
use_purified_pois_test: True
at_threshold: 1
------------------------------------------------------------------------------------
Runtime metadata
------------------------------------------------------------------------------------
mode: 3
classes: 20
device: cuda:0
run_log_path: logs/20260816_160356_Imagenette2_ISSBA_motion_blur_3.0_seed1234.log
====================================================================================
Mode is 3
====================================================================================
purified_ins(args, clean_train, purified_clean_test, poisoned_train, purified_pois_test)
====================================================================================
Using Pre-trained model: Imagenette2_pretrain/ISSBA/Res_34_256
=================================================Loading Model ==================================================
=================================================    Loaded    ==================================================
==========Test result on benign test dataset(CA)==========
[2026-08-16_16:12:43] Top-1 correct / Total: 3244/3925, Top-1 accuracy: 0.8264968152866242, Top-5 correct / Total: 3865/3925, Top-5 accuracy: 0.9847133757961783, time: 57.223538875579834
 class_acc:{0: 0.9043927648578811, 1: 0.8734177215189873, 2: 0.8851540616246498, 3: 0.6010362694300518, 4: 0.8777506112469438, 5: 0.7157360406091371, 6: 0.8817480719794345, 7: 0.766109785202864, 8: 0.899749373433584, 9: 0.8641025641025641}
ASR_lables tensor([1, 1, 1,  ..., 1, 1, 1])
==========Test result on poisoned test dataset(ASR)(Not including images with original label same as attack label)==========
[2026-08-16_16:13:28] Top-1 correct / Total: 3504/3530, Top-1 accuracy: 0.9926345609065156, Top-5 correct / Total: 3529/3530, Top-5 accuracy: 0.9997167138810198, time: 102.96020317077637
 class_acc:{1: 0.9926345609065156}
PA_lables tensor([0, 0, 0,  ..., 9, 9, 9])
==========Test result on poisoned test dataset(PA)==========
[2026-08-16_16:14:20] Top-1 correct / Total: 415/3925, Top-1 accuracy: 0.10573248407643313, Top-5 correct / Total: 3306/3925, Top-5 accuracy: 0.8422929936305732, time: 154.4227795600891
 class_acc:{0: 0.0, 1: 1.0, 2: 0.0028011204481792717, 3: 0.0, 4: 0.0024449877750611247, 5: 0.027918781725888325, 6: 0.0, 7: 0.00477326968973747, 8: 0.002506265664160401, 9: 0.010256410256410256}
=================================================End==================================================
