2026-08-16 15:08:15,686 [INFO] Run log: logs/20260816_150815_Imagenette2_Blended_motion_blur_7.0_seed1234.log
Using the Imagenette2
The at_threshold: 1
2026-08-16 15:08:15,952 [INFO] Using device: cuda:0
====================================================================================
Non-default run settings
====================================================================================
attack_method: Blended
attack_schedule: Blended
use_conv_ir: False
disable_conv_ir: True
restorer_ckpt: ./pretrain/convir_gopro.pkl
degradation_type: motion_blur
degradation_strength: 7.0
deg: motion_blur
deg_scale: 7.0
purify_clean_test: True
purify_poisoned_test: True
use_purified_clean_test: True
use_purified_pois_test: True
at_threshold: 1
------------------------------------------------------------------------------------
Runtime metadata
------------------------------------------------------------------------------------
mode: 3
classes: 20
device: cuda:0
run_log_path: logs/20260816_150815_Imagenette2_Blended_motion_blur_7.0_seed1234.log
====================================================================================
Mode is 3
====================================================================================
purified_ins(args, clean_train, purified_clean_test, poisoned_train, purified_pois_test)
====================================================================================
Using Pre-trained model: Imagenette2_pretrain/Blended/Res_34_256
=================================================Loading Model ==================================================
=================================================    Loaded    ==================================================
==========Test result on benign test dataset(CA)==========
[2026-08-16_15:15:44] Top-1 correct / Total: 2819/3925, Top-1 accuracy: 0.7182165605095542, Top-5 correct / Total: 3780/3925, Top-5 accuracy: 0.9630573248407643, time: 26.434420108795166
 class_acc:{0: 0.49612403100775193, 1: 0.9164556962025316, 2: 0.9131652661064426, 3: 0.3471502590673575, 4: 0.9070904645476773, 5: 0.4213197969543147, 6: 0.7455012853470437, 7: 0.6897374701670644, 8: 0.8446115288220551, 9: 0.9025641025641026}
ASR_lables tensor([1, 1, 1,  ..., 1, 1, 1])
==========Test result on poisoned test dataset(ASR)(Not including images with original label same as attack label)==========
[2026-08-16_15:16:06] Top-1 correct / Total: 1980/3530, Top-1 accuracy: 0.5609065155807366, Top-5 correct / Total: 3529/3530, Top-5 accuracy: 0.9997167138810198, time: 47.684452533721924
 class_acc:{1: 0.5609065155807366}
PA_lables tensor([0, 0, 0,  ..., 9, 9, 9])
==========Test result on poisoned test dataset(PA)==========
[2026-08-16_15:16:31] Top-1 correct / Total: 1098/3925, Top-1 accuracy: 0.2797452229299363, Top-5 correct / Total: 2960/3925, Top-5 accuracy: 0.7541401273885351, time: 73.03361892700195
 class_acc:{0: 0.002583979328165375, 1: 0.9645569620253165, 2: 0.058823529411764705, 3: 0.007772020725388601, 4: 0.7603911980440098, 5: 0.01015228426395939, 6: 0.002570694087403599, 7: 0.06921241050119331, 8: 0.13533834586466165, 9: 0.7512820512820513}
=================================================End==================================================
