2026-08-16 16:35:24,198 [INFO] Run log: logs/20260816_163524_Imagenette2_ISSBA_motion_blur_9.0_seed1234.log
Using the Imagenette2
The at_threshold: 1
2026-08-16 16:35:24,490 [INFO] Using device: cuda:0
====================================================================================
Non-default run settings
====================================================================================
attack_method: ISSBA
attack_schedule: ISSBA
issba_exported_poisoned_root: exported_poisoned/ISSBA/Imagenette2
use_conv_ir: False
disable_conv_ir: True
restorer_ckpt: ./pretrain/convir_gopro.pkl
degradation_type: motion_blur
degradation_strength: 9.0
deg: motion_blur
deg_scale: 9.0
purify_clean_test: True
purify_poisoned_test: True
use_purified_clean_test: True
use_purified_pois_test: True
at_threshold: 1
------------------------------------------------------------------------------------
Runtime metadata
------------------------------------------------------------------------------------
mode: 3
classes: 20
device: cuda:0
run_log_path: logs/20260816_163524_Imagenette2_ISSBA_motion_blur_9.0_seed1234.log
====================================================================================
Mode is 3
====================================================================================
purified_ins(args, clean_train, purified_clean_test, poisoned_train, purified_pois_test)
====================================================================================
Using Pre-trained model: Imagenette2_pretrain/ISSBA/Res_34_256
=================================================Loading Model ==================================================
=================================================    Loaded    ==================================================
==========Test result on benign test dataset(CA)==========
[2026-08-16_16:44:23] Top-1 correct / Total: 2766/3925, Top-1 accuracy: 0.7047133757961783, Top-5 correct / Total: 3722/3925, Top-5 accuracy: 0.94828025477707, time: 52.04148054122925
 class_acc:{0: 0.5891472868217055, 1: 0.9088607594936708, 2: 0.9019607843137255, 3: 0.2538860103626943, 4: 0.843520782396088, 5: 0.4137055837563452, 6: 0.6426735218508998, 7: 0.7828162291169452, 8: 0.8897243107769424, 9: 0.8153846153846154}
ASR_lables tensor([1, 1, 1,  ..., 1, 1, 1])
==========Test result on poisoned test dataset(ASR)(Not including images with original label same as attack label)==========
[2026-08-16_16:45:11] Top-1 correct / Total: 3510/3530, Top-1 accuracy: 0.9943342776203966, Top-5 correct / Total: 3529/3530, Top-5 accuracy: 0.9997167138810198, time: 100.08049416542053
 class_acc:{1: 0.9943342776203966}
PA_lables tensor([0, 0, 0,  ..., 9, 9, 9])
==========Test result on poisoned test dataset(PA)==========
[2026-08-16_16:46:02] Top-1 correct / Total: 412/3925, Top-1 accuracy: 0.10496815286624203, Top-5 correct / Total: 3350/3925, Top-5 accuracy: 0.8535031847133758, time: 150.24652409553528
 class_acc:{0: 0.0, 1: 1.0, 2: 0.0056022408963585435, 3: 0.0, 4: 0.004889975550122249, 5: 0.005076142131979695, 6: 0.0, 7: 0.007159904534606206, 8: 0.005012531328320802, 9: 0.015384615384615385}
=================================================End==================================================
