2026-08-16 16:14:23,750 [INFO] Run log: logs/20260816_161423_Imagenette2_ISSBA_motion_blur_5.0_seed1234.log
Using the Imagenette2
The at_threshold: 1
2026-08-16 16:14:24,046 [INFO] Using device: cuda:0
====================================================================================
Non-default run settings
====================================================================================
attack_method: ISSBA
attack_schedule: ISSBA
issba_exported_poisoned_root: exported_poisoned/ISSBA/Imagenette2
use_conv_ir: False
disable_conv_ir: True
restorer_ckpt: ./pretrain/convir_gopro.pkl
degradation_type: motion_blur
degradation_strength: 5.0
deg: motion_blur
deg_scale: 5.0
purify_clean_test: True
purify_poisoned_test: True
use_purified_clean_test: True
use_purified_pois_test: True
at_threshold: 1
------------------------------------------------------------------------------------
Runtime metadata
------------------------------------------------------------------------------------
mode: 3
classes: 20
device: cuda:0
run_log_path: logs/20260816_161423_Imagenette2_ISSBA_motion_blur_5.0_seed1234.log
====================================================================================
Mode is 3
====================================================================================
purified_ins(args, clean_train, purified_clean_test, poisoned_train, purified_pois_test)
====================================================================================
Using Pre-trained model: Imagenette2_pretrain/ISSBA/Res_34_256
=================================================Loading Model ==================================================
=================================================    Loaded    ==================================================
==========Test result on benign test dataset(CA)==========
[2026-08-16_16:23:04] Top-1 correct / Total: 3193/3925, Top-1 accuracy: 0.8135031847133758, Top-5 correct / Total: 3843/3925, Top-5 accuracy: 0.979108280254777, time: 52.235968828201294
 class_acc:{0: 0.8888888888888888, 1: 0.9240506329113924, 2: 0.8851540616246498, 3: 0.5129533678756477, 4: 0.8753056234718827, 5: 0.6598984771573604, 6: 0.87146529562982, 7: 0.7708830548926014, 8: 0.899749373433584, 9: 0.8487179487179487}
ASR_lables tensor([1, 1, 1,  ..., 1, 1, 1])
==========Test result on poisoned test dataset(ASR)(Not including images with original label same as attack label)==========
[2026-08-16_16:23:52] Top-1 correct / Total: 3506/3530, Top-1 accuracy: 0.9932011331444759, Top-5 correct / Total: 3529/3530, Top-5 accuracy: 0.9997167138810198, time: 100.11564803123474
 class_acc:{1: 0.9932011331444759}
PA_lables tensor([0, 0, 0,  ..., 9, 9, 9])
==========Test result on poisoned test dataset(PA)==========
[2026-08-16_16:24:42] Top-1 correct / Total: 414/3925, Top-1 accuracy: 0.10547770700636942, Top-5 correct / Total: 3338/3925, Top-5 accuracy: 0.8504458598726115, time: 150.08034920692444
 class_acc:{0: 0.0, 1: 1.0, 2: 0.0028011204481792717, 3: 0.0, 4: 0.004889975550122249, 5: 0.02030456852791878, 6: 0.0, 7: 0.007159904534606206, 8: 0.002506265664160401, 9: 0.010256410256410256}
=================================================End==================================================
