2026-08-16 16:24:45,972 [INFO] Run log: logs/20260816_162445_Imagenette2_ISSBA_motion_blur_7.0_seed1234.log
Using the Imagenette2
The at_threshold: 1
2026-08-16 16:24:46,261 [INFO] Using device: cuda:0
====================================================================================
Non-default run settings
====================================================================================
attack_method: ISSBA
attack_schedule: ISSBA
issba_exported_poisoned_root: exported_poisoned/ISSBA/Imagenette2
use_conv_ir: False
disable_conv_ir: True
restorer_ckpt: ./pretrain/convir_gopro.pkl
degradation_type: motion_blur
degradation_strength: 7.0
deg: motion_blur
deg_scale: 7.0
purify_clean_test: True
purify_poisoned_test: True
use_purified_clean_test: True
use_purified_pois_test: True
at_threshold: 1
------------------------------------------------------------------------------------
Runtime metadata
------------------------------------------------------------------------------------
mode: 3
classes: 20
device: cuda:0
run_log_path: logs/20260816_162445_Imagenette2_ISSBA_motion_blur_7.0_seed1234.log
====================================================================================
Mode is 3
====================================================================================
purified_ins(args, clean_train, purified_clean_test, poisoned_train, purified_pois_test)
====================================================================================
Using Pre-trained model: Imagenette2_pretrain/ISSBA/Res_34_256
=================================================Loading Model ==================================================
=================================================    Loaded    ==================================================
==========Test result on benign test dataset(CA)==========
[2026-08-16_16:33:44] Top-1 correct / Total: 2994/3925, Top-1 accuracy: 0.7628025477707007, Top-5 correct / Total: 3805/3925, Top-5 accuracy: 0.9694267515923567, time: 52.89054584503174
 class_acc:{0: 0.7571059431524548, 1: 0.9189873417721519, 2: 0.9019607843137255, 3: 0.37823834196891193, 4: 0.8679706601466992, 5: 0.5177664974619289, 6: 0.7892030848329049, 7: 0.7828162291169452, 8: 0.9047619047619048, 9: 0.8076923076923077}
ASR_lables tensor([1, 1, 1,  ..., 1, 1, 1])
==========Test result on poisoned test dataset(ASR)(Not including images with original label same as attack label)==========
[2026-08-16_16:34:31] Top-1 correct / Total: 3512/3530, Top-1 accuracy: 0.9949008498583569, Top-5 correct / Total: 3529/3530, Top-5 accuracy: 0.9997167138810198, time: 99.48631715774536
 class_acc:{1: 0.9949008498583569}
PA_lables tensor([0, 0, 0,  ..., 9, 9, 9])
==========Test result on poisoned test dataset(PA)==========
[2026-08-16_16:35:20] Top-1 correct / Total: 410/3925, Top-1 accuracy: 0.10445859872611465, Top-5 correct / Total: 3353/3925, Top-5 accuracy: 0.8542675159235669, time: 149.32915139198303
 class_acc:{0: 0.0, 1: 1.0, 2: 0.0028011204481792717, 3: 0.0, 4: 0.004889975550122249, 5: 0.007614213197969543, 6: 0.0, 7: 0.007159904534606206, 8: 0.005012531328320802, 9: 0.010256410256410256}
=================================================End==================================================
