2026-08-16 14:33:09,875 [INFO] Run log: logs/20260816_143309_Imagenette2_BadNet_motion_blur_7.0_seed1234.log
Using the Imagenette2
The at_threshold: 1
2026-08-16 14:33:10,141 [INFO] Using device: cuda:0
====================================================================================
Non-default run settings
====================================================================================
use_conv_ir: False
disable_conv_ir: True
restorer_ckpt: ./pretrain/convir_gopro.pkl
degradation_type: motion_blur
degradation_strength: 7.0
deg: motion_blur
deg_scale: 7.0
purify_clean_test: True
purify_poisoned_test: True
use_purified_clean_test: True
use_purified_pois_test: True
at_threshold: 1
------------------------------------------------------------------------------------
Runtime metadata
------------------------------------------------------------------------------------
mode: 3
classes: 20
device: cuda:0
run_log_path: logs/20260816_143309_Imagenette2_BadNet_motion_blur_7.0_seed1234.log
====================================================================================
Mode is 3
Using the pattern size: 9*9
====================================================================================
purified_ins(args, clean_train, purified_clean_test, poisoned_train, purified_pois_test)
====================================================================================
Using Pre-trained model: Imagenette2_pretrain/BadNet/Res_34_256
=================================================Loading Model ==================================================
=================================================    Loaded    ==================================================
==========Test result on benign test dataset(CA)==========
[2026-08-16_14:42:31] Top-1 correct / Total: 2935/3925, Top-1 accuracy: 0.7477707006369426, Top-5 correct / Total: 3807/3925, Top-5 accuracy: 0.9699363057324841, time: 25.795403242111206
 class_acc:{0: 0.5658914728682171, 1: 0.9164556962025316, 2: 0.9047619047619048, 3: 0.344559585492228, 4: 0.8753056234718827, 5: 0.7030456852791879, 6: 0.7969151670951157, 7: 0.6563245823389021, 8: 0.8972431077694235, 9: 0.8205128205128205}
ASR_lables tensor([1, 1, 1,  ..., 1, 1, 1])
==========Test result on poisoned test dataset(ASR)(Not including images with original label same as attack label)==========
[2026-08-16_14:42:58] Top-1 correct / Total: 316/3530, Top-1 accuracy: 0.08951841359773371, Top-5 correct / Total: 2850/3530, Top-5 accuracy: 0.8073654390934845, time: 53.24369263648987
 class_acc:{1: 0.08951841359773371}
PA_lables tensor([0, 0, 0,  ..., 9, 9, 9])
==========Test result on poisoned test dataset(PA)==========
[2026-08-16_14:43:24] Top-1 correct / Total: 2937/3925, Top-1 accuracy: 0.74828025477707, Top-5 correct / Total: 3807/3925, Top-5 accuracy: 0.9699363057324841, time: 78.95937132835388
 class_acc:{0: 0.5607235142118863, 1: 0.9189873417721519, 2: 0.9019607843137255, 3: 0.3549222797927461, 4: 0.8728606356968215, 5: 0.6979695431472082, 6: 0.7994858611825193, 7: 0.6610978520286396, 8: 0.8972431077694235, 9: 0.8205128205128205}
=================================================End==================================================
