2026-08-16 14:52:38,590 [INFO] Run log: logs/20260816_145238_Imagenette2_Blended_motion_blur_3.0_seed1234.log
Using the Imagenette2
The at_threshold: 1
2026-08-16 14:52:38,857 [INFO] Using device: cuda:0
====================================================================================
Non-default run settings
====================================================================================
attack_method: Blended
attack_schedule: Blended
use_conv_ir: False
disable_conv_ir: True
restorer_ckpt: ./pretrain/convir_gopro.pkl
degradation_type: motion_blur
degradation_strength: 3.0
deg: motion_blur
deg_scale: 3.0
purify_clean_test: True
purify_poisoned_test: True
use_purified_clean_test: True
use_purified_pois_test: True
at_threshold: 1
------------------------------------------------------------------------------------
Runtime metadata
------------------------------------------------------------------------------------
mode: 3
classes: 20
device: cuda:0
run_log_path: logs/20260816_145238_Imagenette2_Blended_motion_blur_3.0_seed1234.log
====================================================================================
Mode is 3
====================================================================================
purified_ins(args, clean_train, purified_clean_test, poisoned_train, purified_pois_test)
====================================================================================
Using Pre-trained model: Imagenette2_pretrain/Blended/Res_34_256
=================================================Loading Model ==================================================
=================================================    Loaded    ==================================================
==========Test result on benign test dataset(CA)==========
[2026-08-16_14:59:27] Top-1 correct / Total: 3297/3925, Top-1 accuracy: 0.84, Top-5 correct / Total: 3863/3925, Top-5 accuracy: 0.9842038216560509, time: 26.28744125366211
 class_acc:{0: 0.8320413436692506, 1: 0.9367088607594937, 2: 0.9019607843137255, 3: 0.5673575129533679, 4: 0.9168704156479217, 5: 0.7918781725888325, 6: 0.8508997429305912, 7: 0.7875894988066826, 8: 0.899749373433584, 9: 0.9153846153846154}
ASR_lables tensor([1, 1, 1,  ..., 1, 1, 1])
==========Test result on poisoned test dataset(ASR)(Not including images with original label same as attack label)==========
[2026-08-16_14:59:49] Top-1 correct / Total: 2992/3530, Top-1 accuracy: 0.8475920679886686, Top-5 correct / Total: 3530/3530, Top-5 accuracy: 1.0, time: 47.65510940551758
 class_acc:{1: 0.8475920679886686}
PA_lables tensor([0, 0, 0,  ..., 9, 9, 9])
==========Test result on poisoned test dataset(PA)==========
[2026-08-16_15:00:14] Top-1 correct / Total: 848/3925, Top-1 accuracy: 0.21605095541401273, Top-5 correct / Total: 3423/3925, Top-5 accuracy: 0.8721019108280255, time: 73.26400375366211
 class_acc:{0: 0.007751937984496124, 1: 1.0, 2: 0.047619047619047616, 3: 0.02072538860103627, 4: 0.5476772616136919, 5: 0.08121827411167512, 6: 0.005141388174807198, 7: 0.03818615751789976, 8: 0.13283208020050125, 9: 0.2512820512820513}
=================================================End==================================================
