2026-08-16 15:00:17,884 [INFO] Run log: logs/20260816_150017_Imagenette2_Blended_motion_blur_5.0_seed1234.log
Using the Imagenette2
The at_threshold: 1
2026-08-16 15:00:18,148 [INFO] Using device: cuda:0
====================================================================================
Non-default run settings
====================================================================================
attack_method: Blended
attack_schedule: Blended
use_conv_ir: False
disable_conv_ir: True
restorer_ckpt: ./pretrain/convir_gopro.pkl
degradation_type: motion_blur
degradation_strength: 5.0
deg: motion_blur
deg_scale: 5.0
purify_clean_test: True
purify_poisoned_test: True
use_purified_clean_test: True
use_purified_pois_test: True
at_threshold: 1
------------------------------------------------------------------------------------
Runtime metadata
------------------------------------------------------------------------------------
mode: 3
classes: 20
device: cuda:0
run_log_path: logs/20260816_150017_Imagenette2_Blended_motion_blur_5.0_seed1234.log
====================================================================================
Mode is 3
====================================================================================
purified_ins(args, clean_train, purified_clean_test, poisoned_train, purified_pois_test)
====================================================================================
Using Pre-trained model: Imagenette2_pretrain/Blended/Res_34_256
=================================================Loading Model ==================================================
=================================================    Loaded    ==================================================
==========Test result on benign test dataset(CA)==========
[2026-08-16_15:07:25] Top-1 correct / Total: 3058/3925, Top-1 accuracy: 0.7791082802547771, Top-5 correct / Total: 3839/3925, Top-5 accuracy: 0.9780891719745223, time: 26.29239583015442
 class_acc:{0: 0.6563307493540051, 1: 0.9265822784810127, 2: 0.9131652661064426, 3: 0.43005181347150256, 4: 0.9119804400977995, 5: 0.6700507614213198, 6: 0.7660668380462725, 7: 0.7350835322195705, 8: 0.8847117794486216, 9: 0.8974358974358975}
ASR_lables tensor([1, 1, 1,  ..., 1, 1, 1])
==========Test result on poisoned test dataset(ASR)(Not including images with original label same as attack label)==========
[2026-08-16_15:07:47] Top-1 correct / Total: 2241/3530, Top-1 accuracy: 0.6348441926345609, Top-5 correct / Total: 3530/3530, Top-5 accuracy: 1.0, time: 47.704853534698486
 class_acc:{1: 0.6348441926345609}
PA_lables tensor([0, 0, 0,  ..., 9, 9, 9])
==========Test result on poisoned test dataset(PA)==========
[2026-08-16_15:08:12] Top-1 correct / Total: 1117/3925, Top-1 accuracy: 0.2845859872611465, Top-5 correct / Total: 3165/3925, Top-5 accuracy: 0.8063694267515924, time: 73.24072861671448
 class_acc:{0: 0.0, 1: 0.9873417721518988, 2: 0.04201680672268908, 3: 0.012953367875647668, 4: 0.78239608801956, 5: 0.0532994923857868, 6: 0.007712082262210797, 7: 0.10739856801909307, 8: 0.18045112781954886, 9: 0.6307692307692307}
=================================================End==================================================
