2026-08-19 01:14:06,365 [INFO] Run log: logs/20260819_011406_Imagenette2_WaNet_motion_blur_3.0_seed1234.log
Using the Imagenette2
The at_threshold: 1
2026-08-19 01:14:06,644 [INFO] Using device: cuda:0
====================================================================================
Non-default run settings
====================================================================================
attack_method: WaNet
attack_schedule: WaNet
attack_target: 0
poisoned_rate: 0.1
use_conv_ir: False
disable_conv_ir: True
restorer_ckpt: ./pretrain/convir_gopro.pkl
degradation_type: motion_blur
degradation_strength: 3.0
deg: motion_blur
deg_scale: 3.0
purify_clean_test: True
purify_poisoned_test: True
use_purified_clean_test: True
use_purified_pois_test: True
at_threshold: 1
------------------------------------------------------------------------------------
Runtime metadata
------------------------------------------------------------------------------------
mode: 3
classes: 20
device: cuda:0
run_log_path: logs/20260819_011406_Imagenette2_WaNet_motion_blur_3.0_seed1234.log
====================================================================================
Mode is 3
====================================================================================
purified_ins(args, clean_train, purified_clean_test, poisoned_train, purified_pois_test)
====================================================================================
Using Pre-trained model: Imagenette2_pretrain/WaNet/Res_34_256
=================================================Loading Model ==================================================
=================================================    Loaded    ==================================================
==========Test result on benign test dataset(CA)==========
[2026-08-19_01:23:03] Top-1 correct / Total: 2994/3925, Top-1 accuracy: 0.7628025477707007, Top-5 correct / Total: 3831/3925, Top-5 accuracy: 0.9760509554140128, time: 26.580498456954956
 class_acc:{0: 0.8217054263565892, 1: 0.8835443037974684, 2: 0.9159663865546218, 3: 0.3626943005181347, 4: 0.7628361858190709, 5: 0.8248730964467005, 6: 0.6735218508997429, 7: 0.639618138424821, 8: 0.9398496240601504, 9: 0.8153846153846154}
ASR_lables tensor([0, 0, 0,  ..., 0, 0, 0])
==========Test result on poisoned test dataset(ASR)(Not including images with original label same as attack label)==========
[2026-08-19_01:23:25] Top-1 correct / Total: 166/3538, Top-1 accuracy: 0.046919163369135104, Top-5 correct / Total: 2197/3538, Top-5 accuracy: 0.6209723007348784, time: 48.63569903373718
 class_acc:{0: 0.046919163369135104}
PA_lables tensor([0, 0, 0,  ..., 9, 9, 9])
==========Test result on poisoned test dataset(PA)==========
[2026-08-19_01:23:50] Top-1 correct / Total: 2850/3925, Top-1 accuracy: 0.7261146496815286, Top-5 correct / Total: 3787/3925, Top-5 accuracy: 0.9648407643312102, time: 73.9938383102417
 class_acc:{0: 0.8397932816537468, 1: 0.8936708860759494, 2: 0.8907563025210085, 3: 0.3601036269430052, 4: 0.6381418092909535, 5: 0.7614213197969543, 6: 0.5629820051413882, 7: 0.5775656324582339, 8: 0.9398496240601504, 9: 0.8153846153846154}
=================================================End==================================================
