2026-08-16 15:16:34,594 [INFO] Run log: logs/20260816_151634_Imagenette2_Blended_motion_blur_9.0_seed1234.log
Using the Imagenette2
The at_threshold: 1
2026-08-16 15:16:34,849 [INFO] Using device: cuda:0
====================================================================================
Non-default run settings
====================================================================================
attack_method: Blended
attack_schedule: Blended
use_conv_ir: False
disable_conv_ir: True
restorer_ckpt: ./pretrain/convir_gopro.pkl
degradation_type: motion_blur
degradation_strength: 9.0
deg: motion_blur
deg_scale: 9.0
purify_clean_test: True
purify_poisoned_test: True
use_purified_clean_test: True
use_purified_pois_test: True
at_threshold: 1
------------------------------------------------------------------------------------
Runtime metadata
------------------------------------------------------------------------------------
mode: 3
classes: 20
device: cuda:0
run_log_path: logs/20260816_151634_Imagenette2_Blended_motion_blur_9.0_seed1234.log
====================================================================================
Mode is 3
====================================================================================
purified_ins(args, clean_train, purified_clean_test, poisoned_train, purified_pois_test)
====================================================================================
Using Pre-trained model: Imagenette2_pretrain/Blended/Res_34_256
=================================================Loading Model ==================================================
=================================================    Loaded    ==================================================
==========Test result on benign test dataset(CA)==========
[2026-08-16_15:24:14] Top-1 correct / Total: 2562/3925, Top-1 accuracy: 0.6527388535031847, Top-5 correct / Total: 3677/3925, Top-5 accuracy: 0.9368152866242038, time: 26.7841796875
 class_acc:{0: 0.3643410852713178, 1: 0.8683544303797468, 2: 0.907563025210084, 3: 0.2823834196891192, 4: 0.8581907090464548, 5: 0.18527918781725888, 6: 0.7146529562982005, 7: 0.6539379474940334, 8: 0.7919799498746867, 9: 0.9051282051282051}
ASR_lables tensor([1, 1, 1,  ..., 1, 1, 1])
==========Test result on poisoned test dataset(ASR)(Not including images with original label same as attack label)==========
[2026-08-16_15:24:35] Top-1 correct / Total: 1394/3530, Top-1 accuracy: 0.39490084985835694, Top-5 correct / Total: 3528/3530, Top-5 accuracy: 0.9994334277620397, time: 48.38611960411072
 class_acc:{1: 0.39490084985835694}
PA_lables tensor([0, 0, 0,  ..., 9, 9, 9])
==========Test result on poisoned test dataset(PA)==========
[2026-08-16_15:25:01] Top-1 correct / Total: 1046/3925, Top-1 accuracy: 0.2664968152866242, Top-5 correct / Total: 2715/3925, Top-5 accuracy: 0.6917197452229299, time: 74.17715048789978
 class_acc:{0: 0.0, 1: 0.8734177215189873, 2: 0.05042016806722689, 3: 0.0, 4: 0.589242053789731, 5: 0.0, 6: 0.012853470437017995, 7: 0.12410501193317422, 8: 0.12531328320802004, 9: 0.8589743589743589}
=================================================End==================================================
