2026-08-16 14:14:40,879 [INFO] Run log: logs/20260816_141440_Imagenette2_BadNet_motion_blur_3.0_seed1234.log
Using the Imagenette2
The at_threshold: 1
2026-08-16 14:14:41,169 [INFO] Using device: cuda:0
====================================================================================
Non-default run settings
====================================================================================
use_conv_ir: False
disable_conv_ir: True
restorer_ckpt: ./pretrain/convir_gopro.pkl
degradation_type: motion_blur
degradation_strength: 3.0
deg: motion_blur
deg_scale: 3.0
purify_clean_test: True
purify_poisoned_test: True
use_purified_clean_test: True
use_purified_pois_test: True
at_threshold: 1
------------------------------------------------------------------------------------
Runtime metadata
------------------------------------------------------------------------------------
mode: 3
classes: 20
device: cuda:0
run_log_path: logs/20260816_141440_Imagenette2_BadNet_motion_blur_3.0_seed1234.log
====================================================================================
Mode is 3
Using the pattern size: 9*9
====================================================================================
purified_ins(args, clean_train, purified_clean_test, poisoned_train, purified_pois_test)
====================================================================================
Using Pre-trained model: Imagenette2_pretrain/BadNet/Res_34_256
=================================================Loading Model ==================================================
=================================================    Loaded    ==================================================
==========Test result on benign test dataset(CA)==========
[2026-08-16_14:22:45] Top-1 correct / Total: 3284/3925, Top-1 accuracy: 0.836687898089172, Top-5 correct / Total: 3861/3925, Top-5 accuracy: 0.9836942675159236, time: 26.711655616760254
 class_acc:{0: 0.8604651162790697, 1: 0.9493670886075949, 2: 0.9159663865546218, 3: 0.6295336787564767, 4: 0.8606356968215159, 5: 0.8045685279187818, 6: 0.8663239074550129, 7: 0.7255369928400954, 8: 0.8972431077694235, 9: 0.8666666666666667}
ASR_lables tensor([1, 1, 1,  ..., 1, 1, 1])
==========Test result on poisoned test dataset(ASR)(Not including images with original label same as attack label)==========
[2026-08-16_14:23:07] Top-1 correct / Total: 1416/3530, Top-1 accuracy: 0.4011331444759207, Top-5 correct / Total: 3530/3530, Top-5 accuracy: 1.0, time: 48.11385893821716
 class_acc:{1: 0.4011331444759207}
PA_lables tensor([0, 0, 0,  ..., 9, 9, 9])
==========Test result on poisoned test dataset(PA)==========
[2026-08-16_14:23:33] Top-1 correct / Total: 2404/3925, Top-1 accuracy: 0.612484076433121, Top-5 correct / Total: 3843/3925, Top-5 accuracy: 0.979108280254777, time: 74.0484139919281
 class_acc:{0: 0.5297157622739018, 1: 1.0, 2: 0.6974789915966386, 3: 0.31865284974093266, 4: 0.6552567237163814, 5: 0.5736040609137056, 6: 0.6118251928020566, 7: 0.477326968973747, 8: 0.6365914786967418, 9: 0.6307692307692307}
=================================================End==================================================
