2026-08-16 14:43:27,748 [INFO] Run log: logs/20260816_144327_Imagenette2_BadNet_motion_blur_9.0_seed1234.log
Using the Imagenette2
The at_threshold: 1
2026-08-16 14:43:28,042 [INFO] Using device: cuda:0
====================================================================================
Non-default run settings
====================================================================================
use_conv_ir: False
disable_conv_ir: True
restorer_ckpt: ./pretrain/convir_gopro.pkl
degradation_type: motion_blur
degradation_strength: 9.0
deg: motion_blur
deg_scale: 9.0
purify_clean_test: True
purify_poisoned_test: True
use_purified_clean_test: True
use_purified_pois_test: True
at_threshold: 1
------------------------------------------------------------------------------------
Runtime metadata
------------------------------------------------------------------------------------
mode: 3
classes: 20
device: cuda:0
run_log_path: logs/20260816_144327_Imagenette2_BadNet_motion_blur_9.0_seed1234.log
====================================================================================
Mode is 3
Using the pattern size: 9*9
====================================================================================
purified_ins(args, clean_train, purified_clean_test, poisoned_train, purified_pois_test)
====================================================================================
Using Pre-trained model: Imagenette2_pretrain/BadNet/Res_34_256
=================================================Loading Model ==================================================
=================================================    Loaded    ==================================================
==========Test result on benign test dataset(CA)==========
[2026-08-16_14:51:48] Top-1 correct / Total: 2670/3925, Top-1 accuracy: 0.6802547770700637, Top-5 correct / Total: 3735/3925, Top-5 accuracy: 0.9515923566878981, time: 26.506435871124268
 class_acc:{0: 0.3669250645994832, 1: 0.8531645569620253, 2: 0.8823529411764706, 3: 0.2694300518134715, 4: 0.8215158924205379, 5: 0.5786802030456852, 6: 0.7172236503856041, 7: 0.60381861575179, 8: 0.8822055137844611, 9: 0.8307692307692308}
ASR_lables tensor([1, 1, 1,  ..., 1, 1, 1])
==========Test result on poisoned test dataset(ASR)(Not including images with original label same as attack label)==========
[2026-08-16_14:52:09] Top-1 correct / Total: 294/3530, Top-1 accuracy: 0.08328611898016997, Top-5 correct / Total: 2739/3530, Top-5 accuracy: 0.7759206798866856, time: 48.262978076934814
 class_acc:{1: 0.08328611898016997}
PA_lables tensor([0, 0, 0,  ..., 9, 9, 9])
==========Test result on poisoned test dataset(PA)==========
[2026-08-16_14:52:35] Top-1 correct / Total: 2664/3925, Top-1 accuracy: 0.6787261146496816, Top-5 correct / Total: 3736/3925, Top-5 accuracy: 0.9518471337579618, time: 73.82421016693115
 class_acc:{0: 0.3669250645994832, 1: 0.8531645569620253, 2: 0.8823529411764706, 3: 0.2694300518134715, 4: 0.8117359413202934, 5: 0.5736040609137056, 6: 0.7172236503856041, 7: 0.60381861575179, 8: 0.8796992481203008, 9: 0.8333333333333334}
=================================================End==================================================
