2026-08-16 06:47:01,312 [INFO] Run log: logs/20260816_064701_Imagenette2_Blended_none_0.0_seed1234.log
Using the Imagenette2
The at_threshold: 1
2026-08-16 06:47:01,607 [INFO] Using device: cuda:0
====================================================================================
Non-default run settings
====================================================================================
attack_method: Blended
attack_schedule: Blended
restorer_ckpt: ./pretrain/ots-base.pkl
degradation_type: none
degradation_strength: 0.0
deg: none
deg_scale: 0.0
purify_clean_test: True
purify_poisoned_test: True
use_purified_clean_test: True
use_purified_pois_test: True
at_threshold: 1
------------------------------------------------------------------------------------
Runtime metadata
------------------------------------------------------------------------------------
mode: 3
classes: 20
device: cuda:0
run_log_path: logs/20260816_064701_Imagenette2_Blended_none_0.0_seed1234.log
====================================================================================
Mode is 3
====================================================================================
purified_ins(args, clean_train, purified_clean_test, poisoned_train, purified_pois_test)
====================================================================================
Using Pre-trained model: Imagenette2_pretrain/Blended/Res_34_256
=================================================Loading Model ==================================================
=================================================    Loaded    ==================================================
==========Test result on benign test dataset(CA)==========
[2026-08-16_07:01:24] Top-1 correct / Total: 3386/3925, Top-1 accuracy: 0.8626751592356688, Top-5 correct / Total: 3865/3925, Top-5 accuracy: 0.9847133757961783, time: 30.79454469680786
 class_acc:{0: 0.9121447028423773, 1: 0.9113924050632911, 2: 0.8683473389355743, 3: 0.689119170984456, 4: 0.921760391198044, 5: 0.8223350253807107, 6: 0.8766066838046273, 7: 0.8114558472553699, 8: 0.8922305764411027, 9: 0.9205128205128205}
ASR_lables tensor([1, 1, 1,  ..., 1, 1, 1])
==========Test result on poisoned test dataset(ASR)(Not including images with original label same as attack label)==========
[2026-08-16_07:01:49] Top-1 correct / Total: 3521/3530, Top-1 accuracy: 0.9974504249291785, Top-5 correct / Total: 3530/3530, Top-5 accuracy: 1.0, time: 55.60454964637756
 class_acc:{1: 0.9974504249291785}
PA_lables tensor([0, 0, 0,  ..., 9, 9, 9])
==========Test result on poisoned test dataset(PA)==========
[2026-08-16_07:02:19] Top-1 correct / Total: 404/3925, Top-1 accuracy: 0.10292993630573248, Top-5 correct / Total: 3075/3925, Top-5 accuracy: 0.7834394904458599, time: 85.68022727966309
 class_acc:{0: 0.0, 1: 1.0, 2: 0.0028011204481792717, 3: 0.0, 4: 0.007334963325183374, 5: 0.005076142131979695, 6: 0.0, 7: 0.0, 8: 0.007518796992481203, 9: 0.0}
=================================================End==================================================
