2026-08-16 07:19:18,294 [INFO] Run log: logs/20260816_071918_Imagenette2_ISSBA_none_0.0_seed1234.log
Using the Imagenette2
The at_threshold: 1
2026-08-16 07:19:18,591 [INFO] Using device: cuda:0
====================================================================================
Non-default run settings
====================================================================================
attack_method: ISSBA
attack_schedule: ISSBA
issba_exported_poisoned_root: exported_poisoned/ISSBA/Imagenette2
restorer_ckpt: ./pretrain/ots-base.pkl
degradation_type: none
degradation_strength: 0.0
deg: none
deg_scale: 0.0
purify_clean_test: True
purify_poisoned_test: True
use_purified_clean_test: True
use_purified_pois_test: True
at_threshold: 1
------------------------------------------------------------------------------------
Runtime metadata
------------------------------------------------------------------------------------
mode: 3
classes: 20
device: cuda:0
run_log_path: logs/20260816_071918_Imagenette2_ISSBA_none_0.0_seed1234.log
====================================================================================
Mode is 3
====================================================================================
purified_ins(args, clean_train, purified_clean_test, poisoned_train, purified_pois_test)
====================================================================================
Using Pre-trained model: Imagenette2_pretrain/ISSBA/Res_34_256
=================================================Loading Model ==================================================
=================================================    Loaded    ==================================================
==========Test result on benign test dataset(CA)==========
[2026-08-16_07:35:09] Top-1 correct / Total: 3236/3925, Top-1 accuracy: 0.8244585987261146, Top-5 correct / Total: 3863/3925, Top-5 accuracy: 0.9842038216560509, time: 29.882845163345337
 class_acc:{0: 0.8940568475452196, 1: 0.8329113924050633, 2: 0.8739495798319328, 3: 0.6373056994818653, 4: 0.8801955990220048, 5: 0.7588832487309645, 6: 0.8637532133676092, 7: 0.7517899761336515, 8: 0.8922305764411027, 9: 0.8641025641025641}
ASR_lables tensor([1, 1, 1,  ..., 1, 1, 1])
==========Test result on poisoned test dataset(ASR)(Not including images with original label same as attack label)==========
[2026-08-16_07:35:34] Top-1 correct / Total: 44/3530, Top-1 accuracy: 0.012464589235127478, Top-5 correct / Total: 1444/3530, Top-5 accuracy: 0.40906515580736547, time: 54.894843101501465
 class_acc:{1: 0.012464589235127478}
PA_lables tensor([0, 0, 0,  ..., 9, 9, 9])
==========Test result on poisoned test dataset(PA)==========
[2026-08-16_07:36:04] Top-1 correct / Total: 3233/3925, Top-1 accuracy: 0.8236942675159236, Top-5 correct / Total: 3864/3925, Top-5 accuracy: 0.9844585987261146, time: 84.44395875930786
 class_acc:{0: 0.896640826873385, 1: 0.8354430379746836, 2: 0.8739495798319328, 3: 0.6424870466321243, 4: 0.8777506112469438, 5: 0.7563451776649747, 6: 0.8586118251928021, 7: 0.7494033412887828, 8: 0.8922305764411027, 9: 0.8589743589743589}
=================================================End==================================================
