2026-08-18 23:55:37,642 [INFO] Run log: logs/20260818_235537_Imagenette2_WaNet_none_0.0_seed1234.log
Using the Imagenette2
The at_threshold: 1
2026-08-18 23:55:37,920 [INFO] Using device: cuda:0
====================================================================================
Non-default run settings
====================================================================================
attack_method: WaNet
attack_schedule: WaNet
attack_target: 0
poisoned_rate: 0.1
restorer_ckpt: ./pretrain/ots-base.pkl
degradation_type: none
degradation_strength: 0.0
deg: none
deg_scale: 0.0
purify_clean_test: True
purify_poisoned_test: True
use_purified_clean_test: True
use_purified_pois_test: True
at_threshold: 1
------------------------------------------------------------------------------------
Runtime metadata
------------------------------------------------------------------------------------
mode: 3
classes: 20
device: cuda:0
run_log_path: logs/20260818_235537_Imagenette2_WaNet_none_0.0_seed1234.log
====================================================================================
Mode is 3
====================================================================================
purified_ins(args, clean_train, purified_clean_test, poisoned_train, purified_pois_test)
====================================================================================
Using Pre-trained model: Imagenette2_pretrain/WaNet/Res_34_256
=================================================Loading Model ==================================================
=================================================    Loaded    ==================================================
==========Test result on benign test dataset(CA)==========
[2026-08-19_00:11:26] Top-1 correct / Total: 3365/3925, Top-1 accuracy: 0.8573248407643312, Top-5 correct / Total: 3876/3925, Top-5 accuracy: 0.987515923566879, time: 30.516855716705322
 class_acc:{0: 0.8888888888888888, 1: 0.8886075949367088, 2: 0.8851540616246498, 3: 0.7357512953367875, 4: 0.9144254278728606, 5: 0.8375634517766497, 6: 0.8663239074550129, 7: 0.7756563245823389, 8: 0.9022556390977443, 9: 0.882051282051282}
ASR_lables tensor([0, 0, 0,  ..., 0, 0, 0])
==========Test result on poisoned test dataset(ASR)(Not including images with original label same as attack label)==========
[2026-08-19_00:11:51] Top-1 correct / Total: 3465/3538, Top-1 accuracy: 0.9793668739400792, Top-5 correct / Total: 3538/3538, Top-5 accuracy: 1.0, time: 55.271939754486084
 class_acc:{0: 0.9793668739400792}
PA_lables tensor([0, 0, 0,  ..., 9, 9, 9])
==========Test result on poisoned test dataset(PA)==========
[2026-08-19_00:12:21] Top-1 correct / Total: 457/3925, Top-1 accuracy: 0.11643312101910828, Top-5 correct / Total: 3401/3925, Top-5 accuracy: 0.8664968152866243, time: 85.05908370018005
 class_acc:{0: 1.0, 1: 0.017721518987341773, 2: 0.0, 3: 0.0025906735751295338, 4: 0.061124694376528114, 5: 0.0025380710659898475, 6: 0.0, 7: 0.0, 8: 0.03508771929824561, 9: 0.05641025641025641}
=================================================End==================================================
