2026-08-19 00:18:25,277 [INFO] Run log: logs/20260819_001825_Imagenette2_WaNet_haze_0.75_seed1234.log
Using the Imagenette2
The at_threshold: 1
2026-08-19 00:18:25,552 [INFO] Using device: cuda:0
====================================================================================
Non-default run settings
====================================================================================
attack_method: WaNet
attack_schedule: WaNet
attack_target: 0
poisoned_rate: 0.1
restorer_ckpt: ./pretrain/haze4k-base.pkl
degradation_type: haze
degradation_strength: 0.75
deg: haze
deg_scale: 0.75
purify_clean_test: True
purify_poisoned_test: True
use_purified_clean_test: True
use_purified_pois_test: True
at_threshold: 1
------------------------------------------------------------------------------------
Runtime metadata
------------------------------------------------------------------------------------
mode: 3
classes: 20
device: cuda:0
run_log_path: logs/20260819_001825_Imagenette2_WaNet_haze_0.75_seed1234.log
====================================================================================
Mode is 3
====================================================================================
purified_ins(args, clean_train, purified_clean_test, poisoned_train, purified_pois_test)
====================================================================================
Using Pre-trained model: Imagenette2_pretrain/WaNet/Res_34_256
=================================================Loading Model ==================================================
=================================================    Loaded    ==================================================
==========Test result on benign test dataset(CA)==========
[2026-08-19_00:33:34] Top-1 correct / Total: 3361/3925, Top-1 accuracy: 0.8563057324840765, Top-5 correct / Total: 3863/3925, Top-5 accuracy: 0.9842038216560509, time: 30.58750295639038
 class_acc:{0: 0.8888888888888888, 1: 0.8936708860759494, 2: 0.8879551820728291, 3: 0.7253886010362695, 4: 0.9119804400977995, 5: 0.850253807106599, 6: 0.8791773778920309, 7: 0.7637231503579952, 8: 0.9022556390977443, 9: 0.8641025641025641}
ASR_lables tensor([0, 0, 0,  ..., 0, 0, 0])
==========Test result on poisoned test dataset(ASR)(Not including images with original label same as attack label)==========
[2026-08-19_00:33:58] Top-1 correct / Total: 3460/3538, Top-1 accuracy: 0.9779536461277558, Top-5 correct / Total: 3538/3538, Top-5 accuracy: 1.0, time: 54.759825229644775
 class_acc:{0: 0.9779536461277558}
PA_lables tensor([0, 0, 0,  ..., 9, 9, 9])
==========Test result on poisoned test dataset(PA)==========
[2026-08-19_00:34:28] Top-1 correct / Total: 453/3925, Top-1 accuracy: 0.1154140127388535, Top-5 correct / Total: 3401/3925, Top-5 accuracy: 0.8664968152866243, time: 84.75439238548279
 class_acc:{0: 0.9948320413436692, 1: 0.020253164556962026, 2: 0.0, 3: 0.007772020725388601, 4: 0.04156479217603912, 5: 0.0025380710659898475, 6: 0.0, 7: 0.0, 8: 0.05012531328320802, 9: 0.04871794871794872}
=================================================End==================================================
