2026-08-16 00:50:04,488 [INFO] Run log: logs/20260816_005004_Imagenette2_Blended_haze_0.9_seed1234.log
Using the Imagenette2
The at_threshold: 1
2026-08-16 00:50:04,797 [INFO] Using device: cuda:0
====================================================================================
Non-default run settings
====================================================================================
attack_method: Blended
attack_schedule: Blended
restorer_ckpt: ./pretrain/haze4k-base.pkl
degradation_type: haze
degradation_strength: 0.9
deg: haze
deg_scale: 0.9
purify_clean_test: True
purify_poisoned_test: True
use_purified_clean_test: True
use_purified_pois_test: True
at_threshold: 1
------------------------------------------------------------------------------------
Runtime metadata
------------------------------------------------------------------------------------
mode: 3
classes: 20
device: cuda:0
run_log_path: logs/20260816_005004_Imagenette2_Blended_haze_0.9_seed1234.log
====================================================================================
Mode is 3
====================================================================================
purified_ins(args, clean_train, purified_clean_test, poisoned_train, purified_pois_test)
====================================================================================
Using Pre-trained model: Imagenette2_pretrain/Blended/Res_34_256
=================================================Loading Model ==================================================
=================================================    Loaded    ==================================================
==========Test result on benign test dataset(CA)==========
[2026-08-16_01:05:15] Top-1 correct / Total: 2909/3925, Top-1 accuracy: 0.7411464968152867, Top-5 correct / Total: 3807/3925, Top-5 accuracy: 0.9699363057324841, time: 31.973367929458618
 class_acc:{0: 0.8036175710594315, 1: 0.7291139240506329, 2: 0.927170868347339, 3: 0.30569948186528495, 4: 0.8264058679706602, 5: 0.5634517766497462, 6: 0.8508997429305912, 7: 0.639618138424821, 8: 0.8546365914786967, 9: 0.9256410256410257}
ASR_lables tensor([1, 1, 1,  ..., 1, 1, 1])
==========Test result on poisoned test dataset(ASR)(Not including images with original label same as attack label)==========
[2026-08-16_01:05:39] Top-1 correct / Total: 3149/3530, Top-1 accuracy: 0.8920679886685552, Top-5 correct / Total: 3530/3530, Top-5 accuracy: 1.0, time: 56.66685342788696
 class_acc:{1: 0.8920679886685552}
PA_lables tensor([0, 0, 0,  ..., 9, 9, 9])
==========Test result on poisoned test dataset(PA)==========
[2026-08-16_01:06:10] Top-1 correct / Total: 592/3925, Top-1 accuracy: 0.15082802547770702, Top-5 correct / Total: 3216/3925, Top-5 accuracy: 0.8193630573248407, time: 86.89402914047241
 class_acc:{0: 0.012919896640826873, 1: 0.9873417721518988, 2: 0.05042016806722689, 3: 0.0, 4: 0.014669926650366748, 5: 0.012690355329949238, 6: 0.0, 7: 0.011933174224343675, 8: 0.16541353383458646, 9: 0.24871794871794872}
=================================================End==================================================
