2026-08-16 03:29:49,900 [INFO] Run log: logs/20260816_032949_Imagenette2_ISSBA_haze_0.9_seed1234.log
Using the Imagenette2
The at_threshold: 1
2026-08-16 03:29:50,204 [INFO] Using device: cuda:0
====================================================================================
Non-default run settings
====================================================================================
attack_method: ISSBA
attack_schedule: ISSBA
issba_exported_poisoned_root: exported_poisoned/ISSBA/Imagenette2
restorer_ckpt: ./pretrain/haze4k-base.pkl
degradation_type: haze
degradation_strength: 0.9
deg: haze
deg_scale: 0.9
purify_clean_test: True
purify_poisoned_test: True
use_purified_clean_test: True
use_purified_pois_test: True
at_threshold: 1
------------------------------------------------------------------------------------
Runtime metadata
------------------------------------------------------------------------------------
mode: 3
classes: 20
device: cuda:0
run_log_path: logs/20260816_032949_Imagenette2_ISSBA_haze_0.9_seed1234.log
====================================================================================
Mode is 3
====================================================================================
purified_ins(args, clean_train, purified_clean_test, poisoned_train, purified_pois_test)
====================================================================================
Using Pre-trained model: Imagenette2_pretrain/ISSBA/Res_34_256
=================================================Loading Model ==================================================
=================================================    Loaded    ==================================================
==========Test result on benign test dataset(CA)==========
[2026-08-16_03:44:01] Top-1 correct / Total: 2810/3925, Top-1 accuracy: 0.7159235668789808, Top-5 correct / Total: 3786/3925, Top-5 accuracy: 0.9645859872611465, time: 21.706778287887573
 class_acc:{0: 0.7777777777777778, 1: 0.5974683544303797, 2: 0.9523809523809523, 3: 0.43523316062176165, 4: 0.7579462102689487, 5: 0.434010152284264, 6: 0.8149100257069408, 7: 0.6205250596658711, 8: 0.8822055137844611, 9: 0.9102564102564102}
ASR_lables tensor([1, 1, 1,  ..., 1, 1, 1])
==========Test result on poisoned test dataset(ASR)(Not including images with original label same as attack label)==========
[2026-08-16_03:44:21] Top-1 correct / Total: 63/3530, Top-1 accuracy: 0.017847025495750707, Top-5 correct / Total: 1572/3530, Top-5 accuracy: 0.4453257790368272, time: 41.48259973526001
 class_acc:{1: 0.017847025495750707}
PA_lables tensor([0, 0, 0,  ..., 9, 9, 9])
==========Test result on poisoned test dataset(PA)==========
[2026-08-16_03:44:42] Top-1 correct / Total: 2813/3925, Top-1 accuracy: 0.716687898089172, Top-5 correct / Total: 3783/3925, Top-5 accuracy: 0.9638216560509554, time: 62.882628202438354
 class_acc:{0: 0.7700258397932817, 1: 0.6455696202531646, 2: 0.9355742296918768, 3: 0.4015544041450777, 4: 0.7799511002444988, 5: 0.434010152284264, 6: 0.8251928020565553, 7: 0.6276849642004774, 8: 0.8546365914786967, 9: 0.9128205128205128}
=================================================End==================================================
