2026-08-19 00:34:32,085 [INFO] Run log: logs/20260819_003432_Imagenette2_WaNet_haze_0.9_seed1234.log
Using the Imagenette2
The at_threshold: 1
2026-08-19 00:34:32,343 [INFO] Using device: cuda:0
====================================================================================
Non-default run settings
====================================================================================
attack_method: WaNet
attack_schedule: WaNet
attack_target: 0
poisoned_rate: 0.1
restorer_ckpt: ./pretrain/haze4k-base.pkl
degradation_type: haze
degradation_strength: 0.9
deg: haze
deg_scale: 0.9
purify_clean_test: True
purify_poisoned_test: True
use_purified_clean_test: True
use_purified_pois_test: True
at_threshold: 1
------------------------------------------------------------------------------------
Runtime metadata
------------------------------------------------------------------------------------
mode: 3
classes: 20
device: cuda:0
run_log_path: logs/20260819_003432_Imagenette2_WaNet_haze_0.9_seed1234.log
====================================================================================
Mode is 3
====================================================================================
purified_ins(args, clean_train, purified_clean_test, poisoned_train, purified_pois_test)
====================================================================================
Using Pre-trained model: Imagenette2_pretrain/WaNet/Res_34_256
=================================================Loading Model ==================================================
=================================================    Loaded    ==================================================
==========Test result on benign test dataset(CA)==========
[2026-08-19_00:50:53] Top-1 correct / Total: 2917/3925, Top-1 accuracy: 0.7431847133757962, Top-5 correct / Total: 3811/3925, Top-5 accuracy: 0.9709554140127389, time: 30.42648482322693
 class_acc:{0: 0.8604651162790697, 1: 0.6177215189873417, 2: 0.9243697478991597, 3: 0.38860103626943004, 4: 0.7970660146699267, 5: 0.6040609137055838, 6: 0.8457583547557841, 7: 0.6348448687350835, 8: 0.8972431077694235, 9: 0.8794871794871795}
ASR_lables tensor([0, 0, 0,  ..., 0, 0, 0])
==========Test result on poisoned test dataset(ASR)(Not including images with original label same as attack label)==========
[2026-08-19_00:51:17] Top-1 correct / Total: 3458/3538, Top-1 accuracy: 0.9773883550028265, Top-5 correct / Total: 3538/3538, Top-5 accuracy: 1.0, time: 54.63769268989563
 class_acc:{0: 0.9773883550028265}
PA_lables tensor([0, 0, 0,  ..., 9, 9, 9])
==========Test result on poisoned test dataset(PA)==========
[2026-08-19_00:51:47] Top-1 correct / Total: 454/3925, Top-1 accuracy: 0.11566878980891719, Top-5 correct / Total: 3321/3925, Top-5 accuracy: 0.8461146496815286, time: 84.29622983932495
 class_acc:{0: 0.9948320413436692, 1: 0.0, 2: 0.0, 3: 0.0, 4: 0.017114914425427872, 5: 0.0, 6: 0.0, 7: 0.0, 8: 0.08270676691729323, 9: 0.07435897435897436}
=================================================End==================================================
