2026-08-16 02:45:27,901 [INFO] Run log: logs/20260816_024527_Imagenette2_ISSBA_haze_0.2_seed1234.log
Using the Imagenette2
The at_threshold: 1
2026-08-16 02:45:28,167 [INFO] Using device: cuda:0
====================================================================================
Non-default run settings
====================================================================================
attack_method: ISSBA
attack_schedule: ISSBA
issba_exported_poisoned_root: exported_poisoned/ISSBA/Imagenette2
restorer_ckpt: ./pretrain/haze4k-base.pkl
degradation_type: haze
degradation_strength: 0.2
deg: haze
deg_scale: 0.2
purify_clean_test: True
purify_poisoned_test: True
use_purified_clean_test: True
use_purified_pois_test: True
at_threshold: 1
------------------------------------------------------------------------------------
Runtime metadata
------------------------------------------------------------------------------------
mode: 3
classes: 20
device: cuda:0
run_log_path: logs/20260816_024527_Imagenette2_ISSBA_haze_0.2_seed1234.log
====================================================================================
Mode is 3
====================================================================================
purified_ins(args, clean_train, purified_clean_test, poisoned_train, purified_pois_test)
====================================================================================
Using Pre-trained model: Imagenette2_pretrain/ISSBA/Res_34_256
=================================================Loading Model ==================================================
=================================================    Loaded    ==================================================
==========Test result on benign test dataset(CA)==========
[2026-08-16_02:59:29] Top-1 correct / Total: 3220/3925, Top-1 accuracy: 0.8203821656050956, Top-5 correct / Total: 3859/3925, Top-5 accuracy: 0.9831847133757962, time: 25.666571140289307
 class_acc:{0: 0.896640826873385, 1: 0.8455696202531645, 2: 0.8739495798319328, 3: 0.6373056994818653, 4: 0.8728606356968215, 5: 0.7538071065989848, 6: 0.8586118251928021, 7: 0.7494033412887828, 8: 0.8696741854636592, 9: 0.8512820512820513}
ASR_lables tensor([1, 1, 1,  ..., 1, 1, 1])
==========Test result on poisoned test dataset(ASR)(Not including images with original label same as attack label)==========
[2026-08-16_02:59:50] Top-1 correct / Total: 3493/3530, Top-1 accuracy: 0.9895184135977337, Top-5 correct / Total: 3529/3530, Top-5 accuracy: 0.9997167138810198, time: 46.88327145576477
 class_acc:{1: 0.9895184135977337}
PA_lables tensor([0, 0, 0,  ..., 9, 9, 9])
==========Test result on poisoned test dataset(PA)==========
[2026-08-16_03:00:16] Top-1 correct / Total: 427/3925, Top-1 accuracy: 0.10878980891719746, Top-5 correct / Total: 3332/3925, Top-5 accuracy: 0.8489171974522293, time: 72.87108898162842
 class_acc:{0: 0.0, 1: 1.0, 2: 0.0056022408963585435, 3: 0.0, 4: 0.009779951100244499, 5: 0.03807106598984772, 6: 0.002570694087403599, 7: 0.007159904534606206, 8: 0.005012531328320802, 9: 0.01282051282051282}
=================================================End==================================================
