2026-08-16 00:35:16,490 [INFO] Run log: logs/20260816_003516_Imagenette2_Blended_haze_0.75_seed1234.log
Using the Imagenette2
The at_threshold: 1
2026-08-16 00:35:16,773 [INFO] Using device: cuda:0
====================================================================================
Non-default run settings
====================================================================================
attack_method: Blended
attack_schedule: Blended
restorer_ckpt: ./pretrain/haze4k-base.pkl
degradation_type: haze
degradation_strength: 0.75
deg: haze
deg_scale: 0.75
purify_clean_test: True
purify_poisoned_test: True
use_purified_clean_test: True
use_purified_pois_test: True
at_threshold: 1
------------------------------------------------------------------------------------
Runtime metadata
------------------------------------------------------------------------------------
mode: 3
classes: 20
device: cuda:0
run_log_path: logs/20260816_003516_Imagenette2_Blended_haze_0.75_seed1234.log
====================================================================================
Mode is 3
====================================================================================
purified_ins(args, clean_train, purified_clean_test, poisoned_train, purified_pois_test)
====================================================================================
Using Pre-trained model: Imagenette2_pretrain/Blended/Res_34_256
=================================================Loading Model ==================================================
=================================================    Loaded    ==================================================
==========Test result on benign test dataset(CA)==========
[2026-08-16_00:49:05] Top-1 correct / Total: 3373/3925, Top-1 accuracy: 0.8593630573248408, Top-5 correct / Total: 3870/3925, Top-5 accuracy: 0.9859872611464968, time: 31.329780101776123
 class_acc:{0: 0.9069767441860465, 1: 0.9113924050632911, 2: 0.876750700280112, 3: 0.6683937823834197, 4: 0.9070904645476773, 5: 0.8299492385786802, 6: 0.8791773778920309, 7: 0.8042959427207638, 8: 0.8897243107769424, 9: 0.9205128205128205}
ASR_lables tensor([1, 1, 1,  ..., 1, 1, 1])
==========Test result on poisoned test dataset(ASR)(Not including images with original label same as attack label)==========
[2026-08-16_00:49:30] Top-1 correct / Total: 3516/3530, Top-1 accuracy: 0.9960339943342776, Top-5 correct / Total: 3528/3530, Top-5 accuracy: 0.9994334277620397, time: 56.21387720108032
 class_acc:{1: 0.9960339943342776}
PA_lables tensor([0, 0, 0,  ..., 9, 9, 9])
==========Test result on poisoned test dataset(PA)==========
[2026-08-16_00:50:00] Top-1 correct / Total: 405/3925, Top-1 accuracy: 0.10318471337579618, Top-5 correct / Total: 3107/3925, Top-5 accuracy: 0.7915923566878981, time: 86.92060852050781
 class_acc:{0: 0.0, 1: 1.0, 2: 0.0028011204481792717, 3: 0.0, 4: 0.0024449877750611247, 5: 0.007614213197969543, 6: 0.0, 7: 0.0, 8: 0.010025062656641603, 9: 0.002564102564102564}
=================================================End==================================================
