2026-08-19 00:01:55,775 [INFO] Run log: logs/20260819_000155_Imagenette2_WaNet_haze_0.5_seed1234.log
Using the Imagenette2
The at_threshold: 1
2026-08-19 00:01:56,066 [INFO] Using device: cuda:0
====================================================================================
Non-default run settings
====================================================================================
attack_method: WaNet
attack_schedule: WaNet
attack_target: 0
poisoned_rate: 0.1
restorer_ckpt: ./pretrain/haze4k-base.pkl
degradation_type: haze
degradation_strength: 0.5
deg: haze
deg_scale: 0.5
purify_clean_test: True
purify_poisoned_test: True
use_purified_clean_test: True
use_purified_pois_test: True
at_threshold: 1
------------------------------------------------------------------------------------
Runtime metadata
------------------------------------------------------------------------------------
mode: 3
classes: 20
device: cuda:0
run_log_path: logs/20260819_000155_Imagenette2_WaNet_haze_0.5_seed1234.log
====================================================================================
Mode is 3
====================================================================================
purified_ins(args, clean_train, purified_clean_test, poisoned_train, purified_pois_test)
====================================================================================
Using Pre-trained model: Imagenette2_pretrain/WaNet/Res_34_256
=================================================Loading Model ==================================================
=================================================    Loaded    ==================================================
==========Test result on benign test dataset(CA)==========
[2026-08-19_00:17:34] Top-1 correct / Total: 3343/3925, Top-1 accuracy: 0.8517197452229299, Top-5 correct / Total: 3855/3925, Top-5 accuracy: 0.9821656050955414, time: 26.272204160690308
 class_acc:{0: 0.8888888888888888, 1: 0.8810126582278481, 2: 0.8795518207282913, 3: 0.7383419689119171, 4: 0.9095354523227384, 5: 0.8426395939086294, 6: 0.8740359897172236, 7: 0.7756563245823389, 8: 0.8671679197994987, 9: 0.8641025641025641}
ASR_lables tensor([0, 0, 0,  ..., 0, 0, 0])
==========Test result on poisoned test dataset(ASR)(Not including images with original label same as attack label)==========
[2026-08-19_00:17:56] Top-1 correct / Total: 3457/3538, Top-1 accuracy: 0.9771057094403618, Top-5 correct / Total: 3534/3538, Top-5 accuracy: 0.9988694177501414, time: 48.18541693687439
 class_acc:{0: 0.9771057094403618}
PA_lables tensor([0, 0, 0,  ..., 9, 9, 9])
==========Test result on poisoned test dataset(PA)==========
[2026-08-19_00:18:21] Top-1 correct / Total: 453/3925, Top-1 accuracy: 0.1154140127388535, Top-5 correct / Total: 3364/3925, Top-5 accuracy: 0.8570700636942675, time: 74.0522894859314
 class_acc:{0: 1.0, 1: 0.015189873417721518, 2: 0.0, 3: 0.0051813471502590676, 4: 0.05378973105134474, 5: 0.0025380710659898475, 6: 0.0, 7: 0.0, 8: 0.040100250626566414, 9: 0.04871794871794872}
=================================================End==================================================
