2026-08-18 23:28:32,200 [INFO] Run log: logs/20260818_232832_Imagenette2_WaNet_haze_0.15_seed1234.log
Using the Imagenette2
The at_threshold: 1
2026-08-18 23:28:32,480 [INFO] Using device: cuda:0
====================================================================================
Non-default run settings
====================================================================================
attack_method: WaNet
attack_schedule: WaNet
attack_target: 0
poisoned_rate: 0.1
restorer_ckpt: ./pretrain/haze4k-base.pkl
degradation_type: haze
degradation_strength: 0.15
deg: haze
deg_scale: 0.15
purify_clean_test: True
purify_poisoned_test: True
use_purified_clean_test: True
use_purified_pois_test: True
at_threshold: 1
------------------------------------------------------------------------------------
Runtime metadata
------------------------------------------------------------------------------------
mode: 3
classes: 20
device: cuda:0
run_log_path: logs/20260818_232832_Imagenette2_WaNet_haze_0.15_seed1234.log
====================================================================================
Mode is 3
====================================================================================
purified_ins(args, clean_train, purified_clean_test, poisoned_train, purified_pois_test)
====================================================================================
Using Pre-trained model: Imagenette2_pretrain/WaNet/Res_34_256
=================================================Loading Model ==================================================
=================================================    Loaded    ==================================================
==========Test result on benign test dataset(CA)==========
[2026-08-18_23:44:28] Top-1 correct / Total: 3347/3925, Top-1 accuracy: 0.8527388535031847, Top-5 correct / Total: 3862/3925, Top-5 accuracy: 0.9839490445859873, time: 30.486725091934204
 class_acc:{0: 0.8811369509043928, 1: 0.8835443037974684, 2: 0.8851540616246498, 3: 0.7435233160621761, 4: 0.9144254278728606, 5: 0.8401015228426396, 6: 0.8611825192802056, 7: 0.7708830548926014, 8: 0.8897243107769424, 9: 0.8615384615384616}
ASR_lables tensor([0, 0, 0,  ..., 0, 0, 0])
==========Test result on poisoned test dataset(ASR)(Not including images with original label same as attack label)==========
[2026-08-18_23:44:52] Top-1 correct / Total: 3449/3538, Top-1 accuracy: 0.9748445449406444, Top-5 correct / Total: 3537/3538, Top-5 accuracy: 0.9997173544375353, time: 54.866344928741455
 class_acc:{0: 0.9748445449406444}
PA_lables tensor([0, 0, 0,  ..., 9, 9, 9])
==========Test result on poisoned test dataset(PA)==========
[2026-08-18_23:45:22] Top-1 correct / Total: 454/3925, Top-1 accuracy: 0.11566878980891719, Top-5 correct / Total: 3368/3925, Top-5 accuracy: 0.8580891719745223, time: 85.12442278862
 class_acc:{0: 0.9948320413436692, 1: 0.015189873417721518, 2: 0.0, 3: 0.0051813471502590676, 4: 0.05867970660146699, 5: 0.0025380710659898475, 6: 0.0, 7: 0.0, 8: 0.03258145363408521, 9: 0.05897435897435897}
=================================================End==================================================
