2026-08-16 03:00:20,155 [INFO] Run log: logs/20260816_030020_Imagenette2_ISSBA_haze_0.5_seed1234.log
Using the Imagenette2
The at_threshold: 1
2026-08-16 03:00:20,424 [INFO] Using device: cuda:0
====================================================================================
Non-default run settings
====================================================================================
attack_method: ISSBA
attack_schedule: ISSBA
issba_exported_poisoned_root: exported_poisoned/ISSBA/Imagenette2
restorer_ckpt: ./pretrain/haze4k-base.pkl
degradation_type: haze
degradation_strength: 0.5
deg: haze
deg_scale: 0.5
purify_clean_test: True
purify_poisoned_test: True
use_purified_clean_test: True
use_purified_pois_test: True
at_threshold: 1
------------------------------------------------------------------------------------
Runtime metadata
------------------------------------------------------------------------------------
mode: 3
classes: 20
device: cuda:0
run_log_path: logs/20260816_030020_Imagenette2_ISSBA_haze_0.5_seed1234.log
====================================================================================
Mode is 3
====================================================================================
purified_ins(args, clean_train, purified_clean_test, poisoned_train, purified_pois_test)
====================================================================================
Using Pre-trained model: Imagenette2_pretrain/ISSBA/Res_34_256
=================================================Loading Model ==================================================
=================================================    Loaded    ==================================================
==========Test result on benign test dataset(CA)==========
[2026-08-16_03:14:20] Top-1 correct / Total: 3225/3925, Top-1 accuracy: 0.821656050955414, Top-5 correct / Total: 3848/3925, Top-5 accuracy: 0.9803821656050955, time: 25.980597972869873
 class_acc:{0: 0.9018087855297158, 1: 0.8455696202531645, 2: 0.8795518207282913, 3: 0.6321243523316062, 4: 0.8728606356968215, 5: 0.7614213197969543, 6: 0.8637532133676092, 7: 0.7541766109785203, 8: 0.8596491228070176, 9: 0.8512820512820513}
ASR_lables tensor([1, 1, 1,  ..., 1, 1, 1])
==========Test result on poisoned test dataset(ASR)(Not including images with original label same as attack label)==========
[2026-08-16_03:14:41] Top-1 correct / Total: 3440/3530, Top-1 accuracy: 0.9745042492917847, Top-5 correct / Total: 3527/3530, Top-5 accuracy: 0.9991501416430595, time: 46.77814269065857
 class_acc:{1: 0.9745042492917847}
PA_lables tensor([0, 0, 0,  ..., 9, 9, 9])
==========Test result on poisoned test dataset(PA)==========
[2026-08-16_03:15:06] Top-1 correct / Total: 476/3925, Top-1 accuracy: 0.12127388535031847, Top-5 correct / Total: 3407/3925, Top-5 accuracy: 0.8680254777070063, time: 72.04505848884583
 class_acc:{0: 0.0, 1: 1.0, 2: 0.04201680672268908, 3: 0.023316062176165803, 4: 0.02444987775061125, 5: 0.0532994923857868, 6: 0.002570694087403599, 7: 0.011933174224343675, 8: 0.017543859649122806, 9: 0.03333333333333333}
=================================================End==================================================
