2026-08-15 22:56:27,515 [INFO] Run log: logs/20260815_225627_Imagenette2_BadNet_haze_0.5_seed1234.log
Using the Imagenette2
The at_threshold: 1
2026-08-15 22:56:27,813 [INFO] Using device: cuda:0
====================================================================================
Non-default run settings
====================================================================================
restorer_ckpt: ./pretrain/haze4k-base.pkl
degradation_type: haze
degradation_strength: 0.5
deg: haze
deg_scale: 0.5
purify_clean_test: True
purify_poisoned_test: True
use_purified_clean_test: True
use_purified_pois_test: True
at_threshold: 1
------------------------------------------------------------------------------------
Runtime metadata
------------------------------------------------------------------------------------
mode: 3
classes: 20
device: cuda:0
run_log_path: logs/20260815_225627_Imagenette2_BadNet_haze_0.5_seed1234.log
====================================================================================
Mode is 3
Using the pattern size: 9*9
====================================================================================
purified_ins(args, clean_train, purified_clean_test, poisoned_train, purified_pois_test)
====================================================================================
Using Pre-trained model: Imagenette2_pretrain/BadNet/Res_34_256
=================================================Loading Model ==================================================
=================================================    Loaded    ==================================================
==========Test result on benign test dataset(CA)==========
[2026-08-15_23:12:32] Top-1 correct / Total: 3294/3925, Top-1 accuracy: 0.8392356687898089, Top-5 correct / Total: 3862/3925, Top-5 accuracy: 0.9839490445859873, time: 31.54515290260315
 class_acc:{0: 0.875968992248062, 1: 0.8784810126582279, 2: 0.8851540616246498, 3: 0.6968911917098446, 4: 0.9070904645476773, 5: 0.817258883248731, 6: 0.884318766066838, 7: 0.7565632458233891, 8: 0.8245614035087719, 9: 0.8717948717948718}
ASR_lables tensor([1, 1, 1,  ..., 1, 1, 1])
==========Test result on poisoned test dataset(ASR)(Not including images with original label same as attack label)==========
[2026-08-15_23:12:57] Top-1 correct / Total: 2710/3530, Top-1 accuracy: 0.7677053824362606, Top-5 correct / Total: 3527/3530, Top-5 accuracy: 0.9991501416430595, time: 56.52284097671509
 class_acc:{1: 0.7677053824362606}
PA_lables tensor([0, 0, 0,  ..., 9, 9, 9])
==========Test result on poisoned test dataset(PA)==========
[2026-08-15_23:13:27] Top-1 correct / Total: 1200/3925, Top-1 accuracy: 0.3057324840764331, Top-5 correct / Total: 3846/3925, Top-5 accuracy: 0.9798726114649682, time: 86.7115044593811
 class_acc:{0: 0.2739018087855297, 1: 0.9949367088607595, 2: 0.2913165266106443, 3: 0.09844559585492228, 4: 0.38875305623471884, 5: 0.3147208121827411, 6: 0.1953727506426735, 7: 0.1718377088305489, 8: 0.22807017543859648, 9: 0.09487179487179487}
=================================================End==================================================
