2026-08-16 00:19:52,105 [INFO] Run log: logs/20260816_001952_Imagenette2_Blended_haze_0.5_seed1234.log
Using the Imagenette2
The at_threshold: 1
2026-08-16 00:19:52,393 [INFO] Using device: cuda:0
====================================================================================
Non-default run settings
====================================================================================
attack_method: Blended
attack_schedule: Blended
restorer_ckpt: ./pretrain/haze4k-base.pkl
degradation_type: haze
degradation_strength: 0.5
deg: haze
deg_scale: 0.5
purify_clean_test: True
purify_poisoned_test: True
use_purified_clean_test: True
use_purified_pois_test: True
at_threshold: 1
------------------------------------------------------------------------------------
Runtime metadata
------------------------------------------------------------------------------------
mode: 3
classes: 20
device: cuda:0
run_log_path: logs/20260816_001952_Imagenette2_Blended_haze_0.5_seed1234.log
====================================================================================
Mode is 3
====================================================================================
purified_ins(args, clean_train, purified_clean_test, poisoned_train, purified_pois_test)
====================================================================================
Using Pre-trained model: Imagenette2_pretrain/Blended/Res_34_256
=================================================Loading Model ==================================================
=================================================    Loaded    ==================================================
==========Test result on benign test dataset(CA)==========
[2026-08-16_00:34:25] Top-1 correct / Total: 3359/3925, Top-1 accuracy: 0.855796178343949, Top-5 correct / Total: 3859/3925, Top-5 accuracy: 0.9831847133757962, time: 26.696818828582764
 class_acc:{0: 0.9095607235142119, 1: 0.9088607594936708, 2: 0.8599439775910365, 3: 0.6839378238341969, 4: 0.9070904645476773, 5: 0.8274111675126904, 6: 0.884318766066838, 7: 0.8066825775656324, 8: 0.8446115288220551, 9: 0.9256410256410257}
ASR_lables tensor([1, 1, 1,  ..., 1, 1, 1])
==========Test result on poisoned test dataset(ASR)(Not including images with original label same as attack label)==========
[2026-08-16_00:34:47] Top-1 correct / Total: 3522/3530, Top-1 accuracy: 0.9977337110481587, Top-5 correct / Total: 3530/3530, Top-5 accuracy: 1.0, time: 48.31282162666321
 class_acc:{1: 0.9977337110481587}
PA_lables tensor([0, 0, 0,  ..., 9, 9, 9])
==========Test result on poisoned test dataset(PA)==========
[2026-08-16_00:35:13] Top-1 correct / Total: 403/3925, Top-1 accuracy: 0.10267515923566879, Top-5 correct / Total: 3034/3925, Top-5 accuracy: 0.7729936305732484, time: 74.28084921836853
 class_acc:{0: 0.0, 1: 1.0, 2: 0.0028011204481792717, 3: 0.0, 4: 0.0024449877750611247, 5: 0.007614213197969543, 6: 0.0, 7: 0.0, 8: 0.007518796992481203, 9: 0.0}
=================================================End==================================================
