2026-08-15 23:48:12,125 [INFO] Run log: logs/20260815_234812_Imagenette2_Blended_haze_0.15_seed1234.log
Using the Imagenette2
The at_threshold: 1
2026-08-15 23:48:12,402 [INFO] Using device: cuda:0
====================================================================================
Non-default run settings
====================================================================================
attack_method: Blended
attack_schedule: Blended
restorer_ckpt: ./pretrain/haze4k-base.pkl
degradation_type: haze
degradation_strength: 0.15
deg: haze
deg_scale: 0.15
purify_clean_test: True
purify_poisoned_test: True
use_purified_clean_test: True
use_purified_pois_test: True
at_threshold: 1
------------------------------------------------------------------------------------
Runtime metadata
------------------------------------------------------------------------------------
mode: 3
classes: 20
device: cuda:0
run_log_path: logs/20260815_234812_Imagenette2_Blended_haze_0.15_seed1234.log
====================================================================================
Mode is 3
====================================================================================
purified_ins(args, clean_train, purified_clean_test, poisoned_train, purified_pois_test)
====================================================================================
Using Pre-trained model: Imagenette2_pretrain/Blended/Res_34_256
=================================================Loading Model ==================================================
=================================================    Loaded    ==================================================
==========Test result on benign test dataset(CA)==========
[2026-08-16_00:02:59] Top-1 correct / Total: 3361/3925, Top-1 accuracy: 0.8563057324840765, Top-5 correct / Total: 3860/3925, Top-5 accuracy: 0.9834394904458599, time: 31.3839168548584
 class_acc:{0: 0.9121447028423773, 1: 0.9139240506329114, 2: 0.865546218487395, 3: 0.6917098445595855, 4: 0.9119804400977995, 5: 0.8197969543147208, 6: 0.8740359897172236, 7: 0.801909307875895, 8: 0.8596491228070176, 9: 0.9128205128205128}
ASR_lables tensor([1, 1, 1,  ..., 1, 1, 1])
==========Test result on poisoned test dataset(ASR)(Not including images with original label same as attack label)==========
[2026-08-16_00:03:24] Top-1 correct / Total: 3522/3530, Top-1 accuracy: 0.9977337110481587, Top-5 correct / Total: 3530/3530, Top-5 accuracy: 1.0, time: 56.381606101989746
 class_acc:{1: 0.9977337110481587}
PA_lables tensor([0, 0, 0,  ..., 9, 9, 9])
==========Test result on poisoned test dataset(PA)==========
[2026-08-16_00:03:54] Top-1 correct / Total: 402/3925, Top-1 accuracy: 0.10242038216560509, Top-5 correct / Total: 3050/3925, Top-5 accuracy: 0.7770700636942676, time: 86.73220324516296
 class_acc:{0: 0.0, 1: 1.0, 2: 0.0028011204481792717, 3: 0.0, 4: 0.0024449877750611247, 5: 0.005076142131979695, 6: 0.0, 7: 0.0, 8: 0.007518796992481203, 9: 0.0}
=================================================End==================================================
