2026-08-16 03:15:10,109 [INFO] Run log: logs/20260816_031510_Imagenette2_ISSBA_haze_0.75_seed1234.log
Using the Imagenette2
The at_threshold: 1
2026-08-16 03:15:10,386 [INFO] Using device: cuda:0
====================================================================================
Non-default run settings
====================================================================================
attack_method: ISSBA
attack_schedule: ISSBA
issba_exported_poisoned_root: exported_poisoned/ISSBA/Imagenette2
restorer_ckpt: ./pretrain/haze4k-base.pkl
degradation_type: haze
degradation_strength: 0.75
deg: haze
deg_scale: 0.75
purify_clean_test: True
purify_poisoned_test: True
use_purified_clean_test: True
use_purified_pois_test: True
at_threshold: 1
------------------------------------------------------------------------------------
Runtime metadata
------------------------------------------------------------------------------------
mode: 3
classes: 20
device: cuda:0
run_log_path: logs/20260816_031510_Imagenette2_ISSBA_haze_0.75_seed1234.log
====================================================================================
Mode is 3
====================================================================================
purified_ins(args, clean_train, purified_clean_test, poisoned_train, purified_pois_test)
====================================================================================
Using Pre-trained model: Imagenette2_pretrain/ISSBA/Res_34_256
=================================================Loading Model ==================================================
=================================================    Loaded    ==================================================
==========Test result on benign test dataset(CA)==========
[2026-08-16_03:29:05] Top-1 correct / Total: 3221/3925, Top-1 accuracy: 0.8206369426751592, Top-5 correct / Total: 3861/3925, Top-5 accuracy: 0.9836942675159236, time: 21.66872811317444
 class_acc:{0: 0.896640826873385, 1: 0.8379746835443038, 2: 0.8907563025210085, 3: 0.6139896373056994, 4: 0.8655256723716381, 5: 0.7614213197969543, 6: 0.8740359897172236, 7: 0.7374701670644391, 8: 0.8822055137844611, 9: 0.8538461538461538}
ASR_lables tensor([1, 1, 1,  ..., 1, 1, 1])
==========Test result on poisoned test dataset(ASR)(Not including images with original label same as attack label)==========
[2026-08-16_03:29:25] Top-1 correct / Total: 2709/3530, Top-1 accuracy: 0.7674220963172804, Top-5 correct / Total: 3447/3530, Top-5 accuracy: 0.9764872521246459, time: 41.271525859832764
 class_acc:{1: 0.7674220963172804}
PA_lables tensor([0, 0, 0,  ..., 9, 9, 9])
==========Test result on poisoned test dataset(PA)==========
[2026-08-16_03:29:46] Top-1 correct / Total: 1135/3925, Top-1 accuracy: 0.289171974522293, Top-5 correct / Total: 3711/3925, Top-5 accuracy: 0.9454777070063695, time: 62.62020659446716
 class_acc:{0: 0.12403100775193798, 1: 1.0, 2: 0.5322128851540616, 3: 0.11658031088082901, 4: 0.14425427872860636, 5: 0.2436548223350254, 6: 0.18508997429305912, 7: 0.14797136038186157, 8: 0.20802005012531327, 9: 0.21794871794871795}
=================================================End==================================================
