2026-08-16 02:29:26,205 [INFO] Run log: logs/20260816_022926_Imagenette2_ISSBA_haze_0.15_seed1234.log
Using the Imagenette2
The at_threshold: 1
2026-08-16 02:29:26,478 [INFO] Using device: cuda:0
====================================================================================
Non-default run settings
====================================================================================
attack_method: ISSBA
attack_schedule: ISSBA
issba_exported_poisoned_root: exported_poisoned/ISSBA/Imagenette2
restorer_ckpt: ./pretrain/haze4k-base.pkl
degradation_type: haze
degradation_strength: 0.15
deg: haze
deg_scale: 0.15
purify_clean_test: True
purify_poisoned_test: True
use_purified_clean_test: True
use_purified_pois_test: True
at_threshold: 1
------------------------------------------------------------------------------------
Runtime metadata
------------------------------------------------------------------------------------
mode: 3
classes: 20
device: cuda:0
run_log_path: logs/20260816_022926_Imagenette2_ISSBA_haze_0.15_seed1234.log
====================================================================================
Mode is 3
====================================================================================
purified_ins(args, clean_train, purified_clean_test, poisoned_train, purified_pois_test)
====================================================================================
Using Pre-trained model: Imagenette2_pretrain/ISSBA/Res_34_256
=================================================Loading Model ==================================================
=================================================    Loaded    ==================================================
==========Test result on benign test dataset(CA)==========
[2026-08-16_02:44:38] Top-1 correct / Total: 3209/3925, Top-1 accuracy: 0.8175796178343949, Top-5 correct / Total: 3858/3925, Top-5 accuracy: 0.9829299363057324, time: 25.960856676101685
 class_acc:{0: 0.8940568475452196, 1: 0.8455696202531645, 2: 0.8683473389355743, 3: 0.6398963730569949, 4: 0.8704156479217604, 5: 0.7538071065989848, 6: 0.8586118251928021, 7: 0.7398568019093079, 8: 0.8671679197994987, 9: 0.8435897435897436}
ASR_lables tensor([1, 1, 1,  ..., 1, 1, 1])
==========Test result on poisoned test dataset(ASR)(Not including images with original label same as attack label)==========
[2026-08-16_02:44:59] Top-1 correct / Total: 3498/3530, Top-1 accuracy: 0.9909348441926346, Top-5 correct / Total: 3529/3530, Top-5 accuracy: 0.9997167138810198, time: 47.23700571060181
 class_acc:{1: 0.9909348441926346}
PA_lables tensor([0, 0, 0,  ..., 9, 9, 9])
==========Test result on poisoned test dataset(PA)==========
[2026-08-16_02:45:24] Top-1 correct / Total: 423/3925, Top-1 accuracy: 0.10777070063694268, Top-5 correct / Total: 3318/3925, Top-5 accuracy: 0.8453503184713376, time: 72.44162106513977
 class_acc:{0: 0.0, 1: 1.0, 2: 0.0028011204481792717, 3: 0.0, 4: 0.007334963325183374, 5: 0.03553299492385787, 6: 0.002570694087403599, 7: 0.007159904534606206, 8: 0.007518796992481203, 9: 0.007692307692307693}
=================================================End==================================================
