2026-08-18 23:45:26,371 [INFO] Run log: logs/20260818_234526_Imagenette2_WaNet_haze_0.2_seed1234.log
Using the Imagenette2
The at_threshold: 1
2026-08-18 23:45:26,651 [INFO] Using device: cuda:0
====================================================================================
Non-default run settings
====================================================================================
attack_method: WaNet
attack_schedule: WaNet
attack_target: 0
poisoned_rate: 0.1
restorer_ckpt: ./pretrain/haze4k-base.pkl
degradation_type: haze
degradation_strength: 0.2
deg: haze
deg_scale: 0.2
purify_clean_test: True
purify_poisoned_test: True
use_purified_clean_test: True
use_purified_pois_test: True
at_threshold: 1
------------------------------------------------------------------------------------
Runtime metadata
------------------------------------------------------------------------------------
mode: 3
classes: 20
device: cuda:0
run_log_path: logs/20260818_234526_Imagenette2_WaNet_haze_0.2_seed1234.log
====================================================================================
Mode is 3
====================================================================================
purified_ins(args, clean_train, purified_clean_test, poisoned_train, purified_pois_test)
====================================================================================
Using Pre-trained model: Imagenette2_pretrain/WaNet/Res_34_256
=================================================Loading Model ==================================================
=================================================    Loaded    ==================================================
==========Test result on benign test dataset(CA)==========
[2026-08-19_00:00:57] Top-1 correct / Total: 3348/3925, Top-1 accuracy: 0.8529936305732484, Top-5 correct / Total: 3865/3925, Top-5 accuracy: 0.9847133757961783, time: 30.661402940750122
 class_acc:{0: 0.8837209302325582, 1: 0.8835443037974684, 2: 0.8851540616246498, 3: 0.7331606217616581, 4: 0.9095354523227384, 5: 0.8401015228426396, 6: 0.8688946015424165, 7: 0.7732696897374701, 8: 0.8922305764411027, 9: 0.8641025641025641}
ASR_lables tensor([0, 0, 0,  ..., 0, 0, 0])
==========Test result on poisoned test dataset(ASR)(Not including images with original label same as attack label)==========
[2026-08-19_00:01:21] Top-1 correct / Total: 3453/3538, Top-1 accuracy: 0.9759751271905031, Top-5 correct / Total: 3535/3538, Top-5 accuracy: 0.999152063312606, time: 54.74763298034668
 class_acc:{0: 0.9759751271905031}
PA_lables tensor([0, 0, 0,  ..., 9, 9, 9])
==========Test result on poisoned test dataset(PA)==========
[2026-08-19_00:01:52] Top-1 correct / Total: 454/3925, Top-1 accuracy: 0.11566878980891719, Top-5 correct / Total: 3380/3925, Top-5 accuracy: 0.8611464968152867, time: 85.04604601860046
 class_acc:{0: 0.9974160206718347, 1: 0.015189873417721518, 2: 0.0, 3: 0.0051813471502590676, 4: 0.05623471882640587, 5: 0.0025380710659898475, 6: 0.0, 7: 0.0, 8: 0.03007518796992481, 9: 0.06153846153846154}
=================================================End==================================================
