2026-08-16 00:03:58,205 [INFO] Run log: logs/20260816_000358_Imagenette2_Blended_haze_0.2_seed1234.log
Using the Imagenette2
The at_threshold: 1
2026-08-16 00:03:58,469 [INFO] Using device: cuda:0
====================================================================================
Non-default run settings
====================================================================================
attack_method: Blended
attack_schedule: Blended
restorer_ckpt: ./pretrain/haze4k-base.pkl
degradation_type: haze
degradation_strength: 0.2
deg: haze
deg_scale: 0.2
purify_clean_test: True
purify_poisoned_test: True
use_purified_clean_test: True
use_purified_pois_test: True
at_threshold: 1
------------------------------------------------------------------------------------
Runtime metadata
------------------------------------------------------------------------------------
mode: 3
classes: 20
device: cuda:0
run_log_path: logs/20260816_000358_Imagenette2_Blended_haze_0.2_seed1234.log
====================================================================================
Mode is 3
====================================================================================
purified_ins(args, clean_train, purified_clean_test, poisoned_train, purified_pois_test)
====================================================================================
Using Pre-trained model: Imagenette2_pretrain/Blended/Res_34_256
=================================================Loading Model ==================================================
=================================================    Loaded    ==================================================
==========Test result on benign test dataset(CA)==========
[2026-08-16_00:18:53] Top-1 correct / Total: 3367/3925, Top-1 accuracy: 0.8578343949044586, Top-5 correct / Total: 3867/3925, Top-5 accuracy: 0.9852229299363058, time: 30.887545347213745
 class_acc:{0: 0.9121447028423773, 1: 0.9164556962025316, 2: 0.865546218487395, 3: 0.6839378238341969, 4: 0.9119804400977995, 5: 0.8197969543147208, 6: 0.8817480719794345, 7: 0.8066825775656324, 8: 0.8646616541353384, 9: 0.9153846153846154}
ASR_lables tensor([1, 1, 1,  ..., 1, 1, 1])
==========Test result on poisoned test dataset(ASR)(Not including images with original label same as attack label)==========
[2026-08-16_00:19:18] Top-1 correct / Total: 3521/3530, Top-1 accuracy: 0.9974504249291785, Top-5 correct / Total: 3529/3530, Top-5 accuracy: 0.9997167138810198, time: 55.816643476486206
 class_acc:{1: 0.9974504249291785}
PA_lables tensor([0, 0, 0,  ..., 9, 9, 9])
==========Test result on poisoned test dataset(PA)==========
[2026-08-16_00:19:48] Top-1 correct / Total: 402/3925, Top-1 accuracy: 0.10242038216560509, Top-5 correct / Total: 3046/3925, Top-5 accuracy: 0.7760509554140127, time: 86.44947218894958
 class_acc:{0: 0.0, 1: 1.0, 2: 0.0028011204481792717, 3: 0.0, 4: 0.0024449877750611247, 5: 0.005076142131979695, 6: 0.0, 7: 0.0, 8: 0.007518796992481203, 9: 0.0}
=================================================End==================================================
