2026-08-15 22:22:23,981 [INFO] Run log: logs/20260815_222223_Imagenette2_BadNet_haze_0.15_seed1234.log
Using the Imagenette2
The at_threshold: 1
2026-08-15 22:22:24,272 [INFO] Using device: cuda:0
====================================================================================
Non-default run settings
====================================================================================
restorer_ckpt: ./pretrain/haze4k-base.pkl
degradation_type: haze
degradation_strength: 0.15
deg: haze
deg_scale: 0.15
purify_clean_test: True
purify_poisoned_test: True
use_purified_clean_test: True
use_purified_pois_test: True
at_threshold: 1
------------------------------------------------------------------------------------
Runtime metadata
------------------------------------------------------------------------------------
mode: 3
classes: 20
device: cuda:0
run_log_path: logs/20260815_222223_Imagenette2_BadNet_haze_0.15_seed1234.log
====================================================================================
Mode is 3
Using the pattern size: 9*9
====================================================================================
purified_ins(args, clean_train, purified_clean_test, poisoned_train, purified_pois_test)
====================================================================================
Using Pre-trained model: Imagenette2_pretrain/BadNet/Res_34_256
=================================================Loading Model ==================================================
=================================================    Loaded    ==================================================
==========Test result on benign test dataset(CA)==========
[2026-08-15_22:38:32] Top-1 correct / Total: 3299/3925, Top-1 accuracy: 0.8405095541401274, Top-5 correct / Total: 3861/3925, Top-5 accuracy: 0.9836942675159236, time: 31.41813015937805
 class_acc:{0: 0.8785529715762274, 1: 0.8835443037974684, 2: 0.8823529411764706, 3: 0.689119170984456, 4: 0.9070904645476773, 5: 0.8197969543147208, 6: 0.8791773778920309, 7: 0.7613365155131265, 8: 0.8395989974937343, 9: 0.8692307692307693}
ASR_lables tensor([1, 1, 1,  ..., 1, 1, 1])
==========Test result on poisoned test dataset(ASR)(Not including images with original label same as attack label)==========
[2026-08-15_22:38:57] Top-1 correct / Total: 2925/3530, Top-1 accuracy: 0.8286118980169972, Top-5 correct / Total: 3405/3530, Top-5 accuracy: 0.9645892351274787, time: 56.37041258811951
 class_acc:{1: 0.8286118980169972}
PA_lables tensor([0, 0, 0,  ..., 9, 9, 9])
==========Test result on poisoned test dataset(PA)==========
[2026-08-15_22:39:28] Top-1 correct / Total: 706/3925, Top-1 accuracy: 0.17987261146496816, Top-5 correct / Total: 3618/3925, Top-5 accuracy: 0.9217834394904458, time: 86.92765188217163
 class_acc:{0: 0.07751937984496124, 1: 0.9696202531645569, 2: 0.05322128851540616, 3: 0.03367875647668394, 4: 0.2200488997555012, 5: 0.1319796954314721, 6: 0.08483290488431877, 7: 0.059665871121718374, 8: 0.11528822055137844, 9: 0.038461538461538464}
=================================================End==================================================
