2026-08-15 23:13:30,618 [INFO] Run log: logs/20260815_231330_Imagenette2_BadNet_haze_0.75_seed1234.log
Using the Imagenette2
The at_threshold: 1
2026-08-15 23:13:30,917 [INFO] Using device: cuda:0
====================================================================================
Non-default run settings
====================================================================================
restorer_ckpt: ./pretrain/haze4k-base.pkl
degradation_type: haze
degradation_strength: 0.75
deg: haze
deg_scale: 0.75
purify_clean_test: True
purify_poisoned_test: True
use_purified_clean_test: True
use_purified_pois_test: True
at_threshold: 1
------------------------------------------------------------------------------------
Runtime metadata
------------------------------------------------------------------------------------
mode: 3
classes: 20
device: cuda:0
run_log_path: logs/20260815_231330_Imagenette2_BadNet_haze_0.75_seed1234.log
====================================================================================
Mode is 3
Using the pattern size: 9*9
====================================================================================
purified_ins(args, clean_train, purified_clean_test, poisoned_train, purified_pois_test)
====================================================================================
Using Pre-trained model: Imagenette2_pretrain/BadNet/Res_34_256
=================================================Loading Model ==================================================
=================================================    Loaded    ==================================================
==========Test result on benign test dataset(CA)==========
[2026-08-15_23:29:15] Top-1 correct / Total: 3296/3925, Top-1 accuracy: 0.8397452229299363, Top-5 correct / Total: 3870/3925, Top-5 accuracy: 0.9859872611464968, time: 31.445903539657593
 class_acc:{0: 0.8837209302325582, 1: 0.8784810126582279, 2: 0.8907563025210085, 3: 0.6839378238341969, 4: 0.8924205378973105, 5: 0.817258883248731, 6: 0.8817480719794345, 7: 0.7517899761336515, 8: 0.8521303258145363, 9: 0.8717948717948718}
ASR_lables tensor([1, 1, 1,  ..., 1, 1, 1])
==========Test result on poisoned test dataset(ASR)(Not including images with original label same as attack label)==========
[2026-08-15_23:29:40] Top-1 correct / Total: 1984/3530, Top-1 accuracy: 0.5620396600566572, Top-5 correct / Total: 3530/3530, Top-5 accuracy: 1.0, time: 56.17477250099182
 class_acc:{1: 0.5620396600566572}
PA_lables tensor([0, 0, 0,  ..., 9, 9, 9])
==========Test result on poisoned test dataset(PA)==========
[2026-08-15_23:30:11] Top-1 correct / Total: 1903/3925, Top-1 accuracy: 0.4848407643312102, Top-5 correct / Total: 3853/3925, Top-5 accuracy: 0.981656050955414, time: 86.94925117492676
 class_acc:{0: 0.46511627906976744, 1: 0.9974683544303797, 2: 0.6022408963585434, 3: 0.21761658031088082, 4: 0.4938875305623472, 5: 0.45685279187817257, 6: 0.5398457583547558, 7: 0.33890214797136037, 8: 0.43609022556390975, 9: 0.3128205128205128}
=================================================End==================================================
