2026-08-15 23:26:31,589 [INFO] Run log: logs/20260815_232631_Imagenette2_Blended_motion_blur_3.0_seed1234.log
Using the Imagenette2
The at_threshold: 1
2026-08-15 23:26:31,860 [INFO] Using device: cuda:0
====================================================================================
Non-default run settings
====================================================================================
attack_method: Blended
attack_schedule: Blended
restorer_ckpt: ./pretrain/convir_gopro.pkl
degradation_type: motion_blur
degradation_strength: 3.0
deg: motion_blur
deg_scale: 3.0
purify_clean_test: True
purify_poisoned_test: True
use_purified_clean_test: True
use_purified_pois_test: True
at_threshold: 1
------------------------------------------------------------------------------------
Runtime metadata
------------------------------------------------------------------------------------
mode: 3
classes: 20
device: cuda:0
run_log_path: logs/20260815_232631_Imagenette2_Blended_motion_blur_3.0_seed1234.log
====================================================================================
Mode is 3
====================================================================================
purified_ins(args, clean_train, purified_clean_test, poisoned_train, purified_pois_test)
====================================================================================
Using Pre-trained model: Imagenette2_pretrain/Blended/Res_34_256
=================================================Loading Model ==================================================
=================================================    Loaded    ==================================================
==========Test result on benign test dataset(CA)==========
[2026-08-15_23:40:44] Top-1 correct / Total: 3081/3925, Top-1 accuracy: 0.784968152866242, Top-5 correct / Total: 3848/3925, Top-5 accuracy: 0.9803821656050955, time: 30.250391244888306
 class_acc:{0: 0.7183462532299741, 1: 0.9341772151898734, 2: 0.8683473389355743, 3: 0.582901554404145, 4: 0.9657701711491442, 5: 0.7766497461928934, 6: 0.6889460154241646, 7: 0.6610978520286396, 8: 0.8170426065162907, 9: 0.8384615384615385}
ASR_lables tensor([1, 1, 1,  ..., 1, 1, 1])
==========Test result on poisoned test dataset(ASR)(Not including images with original label same as attack label)==========
[2026-08-15_23:41:09] Top-1 correct / Total: 3213/3530, Top-1 accuracy: 0.9101983002832861, Top-5 correct / Total: 3530/3530, Top-5 accuracy: 1.0, time: 55.0232880115509
 class_acc:{1: 0.9101983002832861}
PA_lables tensor([0, 0, 0,  ..., 9, 9, 9])
==========Test result on poisoned test dataset(PA)==========
[2026-08-15_23:41:39] Top-1 correct / Total: 642/3925, Top-1 accuracy: 0.16356687898089173, Top-5 correct / Total: 3332/3925, Top-5 accuracy: 0.8489171974522293, time: 85.00841879844666
 class_acc:{0: 0.0, 1: 1.0, 2: 0.028011204481792718, 3: 0.0051813471502590676, 4: 0.3545232273838631, 5: 0.08375634517766498, 6: 0.0, 7: 0.002386634844868735, 8: 0.07017543859649122, 9: 0.07179487179487179}
=================================================End==================================================
