2026-08-16 01:55:34,086 [INFO] Run log: logs/20260816_015534_Imagenette2_ISSBA_motion_blur_5.0_seed1234.log
Using the Imagenette2
The at_threshold: 1
2026-08-16 01:55:34,363 [INFO] Using device: cuda:0
====================================================================================
Non-default run settings
====================================================================================
attack_method: ISSBA
attack_schedule: ISSBA
issba_exported_poisoned_root: exported_poisoned/ISSBA/Imagenette2
restorer_ckpt: ./pretrain/convir_gopro.pkl
degradation_type: motion_blur
degradation_strength: 5.0
deg: motion_blur
deg_scale: 5.0
purify_clean_test: True
purify_poisoned_test: True
use_purified_clean_test: True
use_purified_pois_test: True
at_threshold: 1
------------------------------------------------------------------------------------
Runtime metadata
------------------------------------------------------------------------------------
mode: 3
classes: 20
device: cuda:0
run_log_path: logs/20260816_015534_Imagenette2_ISSBA_motion_blur_5.0_seed1234.log
====================================================================================
Mode is 3
====================================================================================
purified_ins(args, clean_train, purified_clean_test, poisoned_train, purified_pois_test)
====================================================================================
Using Pre-trained model: Imagenette2_pretrain/ISSBA/Res_34_256
=================================================Loading Model ==================================================
=================================================    Loaded    ==================================================
==========Test result on benign test dataset(CA)==========
[2026-08-16_02:09:55] Top-1 correct / Total: 3148/3925, Top-1 accuracy: 0.8020382165605096, Top-5 correct / Total: 3837/3925, Top-5 accuracy: 0.977579617834395, time: 25.95740842819214
 class_acc:{0: 0.8708010335917312, 1: 0.9215189873417722, 2: 0.803921568627451, 3: 0.5440414507772021, 4: 0.8924205378973105, 5: 0.7208121827411168, 6: 0.8431876606683805, 7: 0.7446300715990454, 8: 0.8471177944862155, 9: 0.8282051282051283}
ASR_lables tensor([1, 1, 1,  ..., 1, 1, 1])
==========Test result on poisoned test dataset(ASR)(Not including images with original label same as attack label)==========
[2026-08-16_02:10:17] Top-1 correct / Total: 2531/3530, Top-1 accuracy: 0.7169971671388102, Top-5 correct / Total: 3523/3530, Top-5 accuracy: 0.9980169971671388, time: 47.99630379676819
 class_acc:{1: 0.7169971671388102}
PA_lables tensor([0, 0, 0,  ..., 9, 9, 9])
==========Test result on poisoned test dataset(PA)==========
[2026-08-16_02:10:42] Top-1 correct / Total: 1266/3925, Top-1 accuracy: 0.32254777070063695, Top-5 correct / Total: 3698/3925, Top-5 accuracy: 0.9421656050955414, time: 73.43146681785583
 class_acc:{0: 0.4728682170542636, 1: 0.9949367088607595, 2: 0.16526610644257703, 3: 0.13730569948186527, 4: 0.5183374083129584, 5: 0.3147208121827411, 6: 0.18766066838046272, 7: 0.162291169451074, 8: 0.20300751879699247, 9: 0.05128205128205128}
=================================================End==================================================
