2026-08-15 22:35:45,499 [INFO] Run log: logs/20260815_223545_Imagenette2_BadNet_motion_blur_5.0_seed1234.log
Using the Imagenette2
The at_threshold: 1
2026-08-15 22:35:45,795 [INFO] Using device: cuda:0
====================================================================================
Non-default run settings
====================================================================================
restorer_ckpt: ./pretrain/convir_gopro.pkl
degradation_type: motion_blur
degradation_strength: 5.0
deg: motion_blur
deg_scale: 5.0
purify_clean_test: True
purify_poisoned_test: True
use_purified_clean_test: True
use_purified_pois_test: True
at_threshold: 1
------------------------------------------------------------------------------------
Runtime metadata
------------------------------------------------------------------------------------
mode: 3
classes: 20
device: cuda:0
run_log_path: logs/20260815_223545_Imagenette2_BadNet_motion_blur_5.0_seed1234.log
====================================================================================
Mode is 3
Using the pattern size: 9*9
====================================================================================
purified_ins(args, clean_train, purified_clean_test, poisoned_train, purified_pois_test)
====================================================================================
Using Pre-trained model: Imagenette2_pretrain/BadNet/Res_34_256
=================================================Loading Model ==================================================
=================================================    Loaded    ==================================================
==========Test result on benign test dataset(CA)==========
[2026-08-15_22:51:38] Top-1 correct / Total: 3106/3925, Top-1 accuracy: 0.7913375796178344, Top-5 correct / Total: 3827/3925, Top-5 accuracy: 0.975031847133758, time: 31.16174006462097
 class_acc:{0: 0.7183462532299741, 1: 0.959493670886076, 2: 0.8431372549019608, 3: 0.5854922279792746, 4: 0.8508557457212714, 5: 0.8324873096446701, 6: 0.8020565552699229, 7: 0.6515513126491647, 8: 0.849624060150376, 9: 0.8256410256410256}
ASR_lables tensor([1, 1, 1,  ..., 1, 1, 1])
==========Test result on poisoned test dataset(ASR)(Not including images with original label same as attack label)==========
[2026-08-15_22:52:02] Top-1 correct / Total: 234/3530, Top-1 accuracy: 0.06628895184135977, Top-5 correct / Total: 2855/3530, Top-5 accuracy: 0.8087818696883853, time: 55.59323740005493
 class_acc:{1: 0.06628895184135977}
PA_lables tensor([0, 0, 0,  ..., 9, 9, 9])
==========Test result on poisoned test dataset(PA)==========
[2026-08-15_22:52:33] Top-1 correct / Total: 3117/3925, Top-1 accuracy: 0.794140127388535, Top-5 correct / Total: 3828/3925, Top-5 accuracy: 0.9752866242038216, time: 86.16847801208496
 class_acc:{0: 0.7183462532299741, 1: 0.9696202531645569, 2: 0.8375350140056023, 3: 0.6036269430051814, 4: 0.8581907090464548, 5: 0.8274111675126904, 6: 0.7840616966580977, 7: 0.6610978520286396, 8: 0.8596491228070176, 9: 0.8256410256410256}
=================================================End==================================================
