2026-08-18 22:49:40,713 [INFO] Run log: logs/20260818_224940_Imagenette2_WaNet_motion_blur_3.0_seed1234.log
Using the Imagenette2
The at_threshold: 1
2026-08-18 22:49:41,021 [INFO] Using device: cuda:0
====================================================================================
Non-default run settings
====================================================================================
attack_method: WaNet
attack_schedule: WaNet
attack_target: 0
poisoned_rate: 0.1
restorer_ckpt: ./pretrain/convir_gopro.pkl
degradation_type: motion_blur
degradation_strength: 3.0
deg: motion_blur
deg_scale: 3.0
purify_clean_test: True
purify_poisoned_test: True
use_purified_clean_test: True
use_purified_pois_test: True
at_threshold: 1
------------------------------------------------------------------------------------
Runtime metadata
------------------------------------------------------------------------------------
mode: 3
classes: 20
device: cuda:0
run_log_path: logs/20260818_224940_Imagenette2_WaNet_motion_blur_3.0_seed1234.log
====================================================================================
Mode is 3
====================================================================================
purified_ins(args, clean_train, purified_clean_test, poisoned_train, purified_pois_test)
====================================================================================
Using Pre-trained model: Imagenette2_pretrain/WaNet/Res_34_256
=================================================Loading Model ==================================================
=================================================    Loaded    ==================================================
==========Test result on benign test dataset(CA)==========
[2026-08-18_23:04:37] Top-1 correct / Total: 2174/3925, Top-1 accuracy: 0.5538853503184713, Top-5 correct / Total: 3677/3925, Top-5 accuracy: 0.9368152866242038, time: 21.96658158302307
 class_acc:{0: 0.8733850129198967, 1: 0.5265822784810127, 2: 0.834733893557423, 3: 0.23316062176165803, 4: 0.9193154034229829, 5: 0.5101522842639594, 6: 0.4318766066838046, 7: 0.42482100238663484, 8: 0.2581453634085213, 9: 0.5487179487179488}
ASR_lables tensor([0, 0, 0,  ..., 0, 0, 0])
==========Test result on poisoned test dataset(ASR)(Not including images with original label same as attack label)==========
[2026-08-18_23:04:56] Top-1 correct / Total: 1272/3538, Top-1 accuracy: 0.35952515545505936, Top-5 correct / Total: 3047/3538, Top-5 accuracy: 0.8612210288298474, time: 41.44439244270325
 class_acc:{0: 0.35952515545505936}
PA_lables tensor([0, 0, 0,  ..., 9, 9, 9])
==========Test result on poisoned test dataset(PA)==========
[2026-08-18_23:05:18] Top-1 correct / Total: 2023/3925, Top-1 accuracy: 0.5154140127388535, Top-5 correct / Total: 3657/3925, Top-5 accuracy: 0.9317197452229299, time: 62.97579789161682
 class_acc:{0: 0.9689922480620154, 1: 0.3569620253164557, 2: 0.7983193277310925, 3: 0.22279792746113988, 4: 0.7530562347188264, 5: 0.44923857868020306, 6: 0.4190231362467866, 7: 0.4105011933174224, 8: 0.21804511278195488, 9: 0.5871794871794872}
=================================================End==================================================
