2026-08-15 23:57:40,596 [INFO] Run log: logs/20260815_235740_Imagenette2_Blended_motion_blur_7.0_seed1234.log
Using the Imagenette2
The at_threshold: 1
2026-08-15 23:57:40,894 [INFO] Using device: cuda:0
====================================================================================
Non-default run settings
====================================================================================
attack_method: Blended
attack_schedule: Blended
restorer_ckpt: ./pretrain/convir_gopro.pkl
degradation_type: motion_blur
degradation_strength: 7.0
deg: motion_blur
deg_scale: 7.0
purify_clean_test: True
purify_poisoned_test: True
use_purified_clean_test: True
use_purified_pois_test: True
at_threshold: 1
------------------------------------------------------------------------------------
Runtime metadata
------------------------------------------------------------------------------------
mode: 3
classes: 20
device: cuda:0
run_log_path: logs/20260815_235740_Imagenette2_Blended_motion_blur_7.0_seed1234.log
====================================================================================
Mode is 3
====================================================================================
purified_ins(args, clean_train, purified_clean_test, poisoned_train, purified_pois_test)
====================================================================================
Using Pre-trained model: Imagenette2_pretrain/Blended/Res_34_256
=================================================Loading Model ==================================================
=================================================    Loaded    ==================================================
==========Test result on benign test dataset(CA)==========
[2026-08-16_00:12:33] Top-1 correct / Total: 2480/3925, Top-1 accuracy: 0.6318471337579618, Top-5 correct / Total: 3755/3925, Top-5 accuracy: 0.956687898089172, time: 31.811599254608154
 class_acc:{0: 0.32558139534883723, 1: 0.9493670886075949, 2: 0.8431372549019608, 3: 0.3316062176165803, 4: 0.9633251833740831, 5: 0.3756345177664975, 6: 0.4498714652956298, 7: 0.5751789976133651, 8: 0.6942355889724311, 9: 0.8076923076923077}
ASR_lables tensor([1, 1, 1,  ..., 1, 1, 1])
==========Test result on poisoned test dataset(ASR)(Not including images with original label same as attack label)==========
[2026-08-16_00:13:02] Top-1 correct / Total: 2161/3530, Top-1 accuracy: 0.6121813031161473, Top-5 correct / Total: 3530/3530, Top-5 accuracy: 1.0, time: 60.61903429031372
 class_acc:{1: 0.6121813031161473}
PA_lables tensor([0, 0, 0,  ..., 9, 9, 9])
==========Test result on poisoned test dataset(PA)==========
[2026-08-16_00:13:31] Top-1 correct / Total: 1039/3925, Top-1 accuracy: 0.2647133757961783, Top-5 correct / Total: 3023/3925, Top-5 accuracy: 0.7701910828025478, time: 89.97365713119507
 class_acc:{0: 0.002583979328165375, 1: 0.9848101265822785, 2: 0.03081232492997199, 3: 0.0051813471502590676, 4: 0.8166259168704156, 5: 0.012690355329949238, 6: 0.005141388174807198, 7: 0.03579952267303103, 8: 0.14285714285714285, 9: 0.5717948717948718}
=================================================End==================================================
