2026-08-18 23:20:27,779 [INFO] Run log: logs/20260818_232027_Imagenette2_WaNet_motion_blur_7.0_seed1234.log
Using the Imagenette2
The at_threshold: 1
2026-08-18 23:20:28,039 [INFO] Using device: cuda:0
====================================================================================
Non-default run settings
====================================================================================
attack_method: WaNet
attack_schedule: WaNet
attack_target: 0
poisoned_rate: 0.1
restorer_ckpt: ./pretrain/convir_gopro.pkl
degradation_type: motion_blur
degradation_strength: 7.0
deg: motion_blur
deg_scale: 7.0
purify_clean_test: True
purify_poisoned_test: True
use_purified_clean_test: True
use_purified_pois_test: True
at_threshold: 1
------------------------------------------------------------------------------------
Runtime metadata
------------------------------------------------------------------------------------
mode: 3
classes: 20
device: cuda:0
run_log_path: logs/20260818_232027_Imagenette2_WaNet_motion_blur_7.0_seed1234.log
====================================================================================
Mode is 3
====================================================================================
purified_ins(args, clean_train, purified_clean_test, poisoned_train, purified_pois_test)
====================================================================================
Using Pre-trained model: Imagenette2_pretrain/WaNet/Res_34_256
=================================================Loading Model ==================================================
=================================================    Loaded    ==================================================
==========Test result on benign test dataset(CA)==========
[2026-08-18_23:35:48] Top-1 correct / Total: 1354/3925, Top-1 accuracy: 0.34496815286624205, Top-5 correct / Total: 3462/3925, Top-5 accuracy: 0.8820382165605095, time: 30.102906703948975
 class_acc:{0: 0.7545219638242894, 1: 0.2481012658227848, 2: 0.7535014005602241, 3: 0.054404145077720206, 4: 0.7995110024449877, 5: 0.030456852791878174, 6: 0.056555269922879174, 7: 0.2529832935560859, 8: 0.09273182957393483, 9: 0.4358974358974359}
ASR_lables tensor([0, 0, 0,  ..., 0, 0, 0])
==========Test result on poisoned test dataset(ASR)(Not including images with original label same as attack label)==========
[2026-08-18_23:36:13] Top-1 correct / Total: 1685/3538, Top-1 accuracy: 0.47625777275296777, Top-5 correct / Total: 3256/3538, Top-5 accuracy: 0.9202939513849633, time: 54.89317440986633
 class_acc:{0: 0.47625777275296777}
PA_lables tensor([0, 0, 0,  ..., 9, 9, 9])
==========Test result on poisoned test dataset(PA)==========
[2026-08-18_23:36:44] Top-1 correct / Total: 1296/3925, Top-1 accuracy: 0.3301910828025478, Top-5 correct / Total: 3457/3925, Top-5 accuracy: 0.880764331210191, time: 85.82040739059448
 class_acc:{0: 0.896640826873385, 1: 0.1341772151898734, 2: 0.7478991596638656, 3: 0.03367875647668394, 4: 0.6748166259168704, 5: 0.027918781725888325, 6: 0.07455012853470437, 7: 0.18138424821002386, 8: 0.06766917293233082, 9: 0.5051282051282051}
=================================================End==================================================
