2026-08-18 23:05:21,492 [INFO] Run log: logs/20260818_230521_Imagenette2_WaNet_motion_blur_5.0_seed1234.log
Using the Imagenette2
The at_threshold: 1
2026-08-18 23:05:21,798 [INFO] Using device: cuda:0
====================================================================================
Non-default run settings
====================================================================================
attack_method: WaNet
attack_schedule: WaNet
attack_target: 0
poisoned_rate: 0.1
restorer_ckpt: ./pretrain/convir_gopro.pkl
degradation_type: motion_blur
degradation_strength: 5.0
deg: motion_blur
deg_scale: 5.0
purify_clean_test: True
purify_poisoned_test: True
use_purified_clean_test: True
use_purified_pois_test: True
at_threshold: 1
------------------------------------------------------------------------------------
Runtime metadata
------------------------------------------------------------------------------------
mode: 3
classes: 20
device: cuda:0
run_log_path: logs/20260818_230521_Imagenette2_WaNet_motion_blur_5.0_seed1234.log
====================================================================================
Mode is 3
====================================================================================
purified_ins(args, clean_train, purified_clean_test, poisoned_train, purified_pois_test)
====================================================================================
Using Pre-trained model: Imagenette2_pretrain/WaNet/Res_34_256
=================================================Loading Model ==================================================
=================================================    Loaded    ==================================================
==========Test result on benign test dataset(CA)==========
[2026-08-18_23:19:37] Top-1 correct / Total: 1594/3925, Top-1 accuracy: 0.40611464968152866, Top-5 correct / Total: 3564/3925, Top-5 accuracy: 0.9080254777070064, time: 26.51063847541809
 class_acc:{0: 0.8087855297157622, 1: 0.26582278481012656, 2: 0.8011204481792717, 3: 0.08290155440414508, 4: 0.902200488997555, 5: 0.19035532994923857, 6: 0.13881748071979436, 7: 0.3126491646778043, 8: 0.12781954887218044, 9: 0.4564102564102564}
ASR_lables tensor([0, 0, 0,  ..., 0, 0, 0])
==========Test result on poisoned test dataset(ASR)(Not including images with original label same as attack label)==========
[2026-08-18_23:19:58] Top-1 correct / Total: 1649/3538, Top-1 accuracy: 0.4660825325042397, Top-5 correct / Total: 3216/3538, Top-5 accuracy: 0.9089881288863765, time: 47.89056849479675
 class_acc:{0: 0.4660825325042397}
PA_lables tensor([0, 0, 0,  ..., 9, 9, 9])
==========Test result on poisoned test dataset(PA)==========
[2026-08-18_23:20:24] Top-1 correct / Total: 1484/3925, Top-1 accuracy: 0.3780891719745223, Top-5 correct / Total: 3551/3925, Top-5 accuracy: 0.9047133757961784, time: 73.89938807487488
 class_acc:{0: 0.9457364341085271, 1: 0.11645569620253164, 2: 0.7871148459383753, 3: 0.05699481865284974, 4: 0.7506112469437652, 5: 0.1598984771573604, 6: 0.15681233933161953, 7: 0.2744630071599045, 8: 0.07017543859649122, 9: 0.5}
=================================================End==================================================
