2026-08-16 02:10:46,145 [INFO] Run log: logs/20260816_021046_Imagenette2_ISSBA_motion_blur_7.0_seed1234.log
Using the Imagenette2
The at_threshold: 1
2026-08-16 02:10:46,430 [INFO] Using device: cuda:0
====================================================================================
Non-default run settings
====================================================================================
attack_method: ISSBA
attack_schedule: ISSBA
issba_exported_poisoned_root: exported_poisoned/ISSBA/Imagenette2
restorer_ckpt: ./pretrain/convir_gopro.pkl
degradation_type: motion_blur
degradation_strength: 7.0
deg: motion_blur
deg_scale: 7.0
purify_clean_test: True
purify_poisoned_test: True
use_purified_clean_test: True
use_purified_pois_test: True
at_threshold: 1
------------------------------------------------------------------------------------
Runtime metadata
------------------------------------------------------------------------------------
mode: 3
classes: 20
device: cuda:0
run_log_path: logs/20260816_021046_Imagenette2_ISSBA_motion_blur_7.0_seed1234.log
====================================================================================
Mode is 3
====================================================================================
purified_ins(args, clean_train, purified_clean_test, poisoned_train, purified_pois_test)
====================================================================================
Using Pre-trained model: Imagenette2_pretrain/ISSBA/Res_34_256
=================================================Loading Model ==================================================
=================================================    Loaded    ==================================================
==========Test result on benign test dataset(CA)==========
[2026-08-16_02:25:08] Top-1 correct / Total: 3006/3925, Top-1 accuracy: 0.7658598726114649, Top-5 correct / Total: 3827/3925, Top-5 accuracy: 0.975031847133758, time: 30.463616847991943
 class_acc:{0: 0.813953488372093, 1: 0.9392405063291139, 2: 0.8067226890756303, 3: 0.4326424870466321, 4: 0.8899755501222494, 5: 0.5812182741116751, 6: 0.7969151670951157, 7: 0.7589498806682577, 8: 0.8370927318295739, 9: 0.7948717948717948}
ASR_lables tensor([1, 1, 1,  ..., 1, 1, 1])
==========Test result on poisoned test dataset(ASR)(Not including images with original label same as attack label)==========
[2026-08-16_02:25:32] Top-1 correct / Total: 2723/3530, Top-1 accuracy: 0.7713881019830028, Top-5 correct / Total: 3526/3530, Top-5 accuracy: 0.9988668555240793, time: 55.0800507068634
 class_acc:{1: 0.7713881019830028}
PA_lables tensor([0, 0, 0,  ..., 9, 9, 9])
==========Test result on poisoned test dataset(PA)==========
[2026-08-16_02:26:02] Top-1 correct / Total: 1091/3925, Top-1 accuracy: 0.27796178343949046, Top-5 correct / Total: 3692/3925, Top-5 accuracy: 0.9406369426751592, time: 84.87761521339417
 class_acc:{0: 0.31266149870801035, 1: 0.9974683544303797, 2: 0.1484593837535014, 3: 0.08808290155440414, 4: 0.4718826405867971, 5: 0.18527918781725888, 6: 0.17737789203084833, 7: 0.1718377088305489, 8: 0.15288220551378445, 9: 0.05384615384615385}
=================================================End==================================================
