2026-08-15 22:52:36,712 [INFO] Run log: logs/20260815_225236_Imagenette2_BadNet_motion_blur_7.0_seed1234.log
Using the Imagenette2
The at_threshold: 1
2026-08-15 22:52:37,001 [INFO] Using device: cuda:0
====================================================================================
Non-default run settings
====================================================================================
restorer_ckpt: ./pretrain/convir_gopro.pkl
degradation_type: motion_blur
degradation_strength: 7.0
deg: motion_blur
deg_scale: 7.0
purify_clean_test: True
purify_poisoned_test: True
use_purified_clean_test: True
use_purified_pois_test: True
at_threshold: 1
------------------------------------------------------------------------------------
Runtime metadata
------------------------------------------------------------------------------------
mode: 3
classes: 20
device: cuda:0
run_log_path: logs/20260815_225236_Imagenette2_BadNet_motion_blur_7.0_seed1234.log
====================================================================================
Mode is 3
Using the pattern size: 9*9
====================================================================================
purified_ins(args, clean_train, purified_clean_test, poisoned_train, purified_pois_test)
====================================================================================
Using Pre-trained model: Imagenette2_pretrain/BadNet/Res_34_256
=================================================Loading Model ==================================================
=================================================    Loaded    ==================================================
==========Test result on benign test dataset(CA)==========
[2026-08-15_23:08:31] Top-1 correct / Total: 2980/3925, Top-1 accuracy: 0.759235668789809, Top-5 correct / Total: 3807/3925, Top-5 accuracy: 0.9699363057324841, time: 30.8019061088562
 class_acc:{0: 0.6072351421188631, 1: 0.9443037974683545, 2: 0.8515406162464986, 3: 0.5259067357512953, 4: 0.882640586797066, 5: 0.7385786802030457, 6: 0.7583547557840618, 7: 0.6539379474940334, 8: 0.8471177944862155, 9: 0.7846153846153846}
ASR_lables tensor([1, 1, 1,  ..., 1, 1, 1])
==========Test result on poisoned test dataset(ASR)(Not including images with original label same as attack label)==========
[2026-08-15_23:08:56] Top-1 correct / Total: 346/3530, Top-1 accuracy: 0.09801699716713881, Top-5 correct / Total: 2888/3530, Top-5 accuracy: 0.8181303116147309, time: 55.670636892318726
 class_acc:{1: 0.09801699716713881}
PA_lables tensor([0, 0, 0,  ..., 9, 9, 9])
==========Test result on poisoned test dataset(PA)==========
[2026-08-15_23:09:27] Top-1 correct / Total: 2963/3925, Top-1 accuracy: 0.7549044585987261, Top-5 correct / Total: 3823/3925, Top-5 accuracy: 0.9740127388535031, time: 86.49703884124756
 class_acc:{0: 0.6201550387596899, 1: 0.9493670886075949, 2: 0.834733893557423, 3: 0.5362694300518135, 4: 0.8581907090464548, 5: 0.6979695431472082, 6: 0.7609254498714653, 7: 0.6587112171837709, 8: 0.8446115288220551, 9: 0.7897435897435897}
=================================================End==================================================
