2026-08-16 02:26:05,892 [INFO] Run log: logs/20260816_022605_Imagenette2_ISSBA_motion_blur_9.0_seed1234.log
Using the Imagenette2
The at_threshold: 1
2026-08-16 02:26:06,168 [INFO] Using device: cuda:0
====================================================================================
Non-default run settings
====================================================================================
attack_method: ISSBA
attack_schedule: ISSBA
issba_exported_poisoned_root: exported_poisoned/ISSBA/Imagenette2
restorer_ckpt: ./pretrain/convir_gopro.pkl
degradation_type: motion_blur
degradation_strength: 9.0
deg: motion_blur
deg_scale: 9.0
purify_clean_test: True
purify_poisoned_test: True
use_purified_clean_test: True
use_purified_pois_test: True
at_threshold: 1
------------------------------------------------------------------------------------
Runtime metadata
------------------------------------------------------------------------------------
mode: 3
classes: 20
device: cuda:0
run_log_path: logs/20260816_022605_Imagenette2_ISSBA_motion_blur_9.0_seed1234.log
====================================================================================
Mode is 3
====================================================================================
purified_ins(args, clean_train, purified_clean_test, poisoned_train, purified_pois_test)
====================================================================================
Using Pre-trained model: Imagenette2_pretrain/ISSBA/Res_34_256
=================================================Loading Model ==================================================
=================================================    Loaded    ==================================================
==========Test result on benign test dataset(CA)==========
[2026-08-16_02:41:30] Top-1 correct / Total: 2905/3925, Top-1 accuracy: 0.7401273885350318, Top-5 correct / Total: 3789/3925, Top-5 accuracy: 0.9653503184713376, time: 31.612852811813354
 class_acc:{0: 0.7338501291989664, 1: 0.9417721518987342, 2: 0.8263305322128851, 3: 0.3704663212435233, 4: 0.8850855745721271, 5: 0.5101522842639594, 6: 0.7532133676092545, 7: 0.7613365155131265, 8: 0.8320802005012531, 9: 0.7794871794871795}
ASR_lables tensor([1, 1, 1,  ..., 1, 1, 1])
==========Test result on poisoned test dataset(ASR)(Not including images with original label same as attack label)==========
[2026-08-16_02:41:55] Top-1 correct / Total: 3006/3530, Top-1 accuracy: 0.851558073654391, Top-5 correct / Total: 3526/3530, Top-5 accuracy: 0.9988668555240793, time: 56.286752223968506
 class_acc:{1: 0.851558073654391}
PA_lables tensor([0, 0, 0,  ..., 9, 9, 9])
==========Test result on poisoned test dataset(PA)==========
[2026-08-16_02:42:26] Top-1 correct / Total: 844/3925, Top-1 accuracy: 0.21503184713375798, Top-5 correct / Total: 3656/3925, Top-5 accuracy: 0.9314649681528663, time: 87.01792407035828
 class_acc:{0: 0.14728682170542637, 1: 0.9974683544303797, 2: 0.11204481792717087, 3: 0.05181347150259067, 4: 0.3374083129584352, 5: 0.08883248730964467, 6: 0.10796915167095116, 7: 0.1360381861575179, 8: 0.09523809523809523, 9: 0.05897435897435897}
=================================================End==================================================
