2026-08-15 22:19:04,065 [INFO] Run log: logs/20260815_221904_Imagenette2_BadNet_motion_blur_3.0_seed1234.log
Using the Imagenette2
The at_threshold: 1
2026-08-15 22:19:04,320 [INFO] Using device: cuda:0
====================================================================================
Non-default run settings
====================================================================================
restorer_ckpt: ./pretrain/convir_gopro.pkl
degradation_type: motion_blur
degradation_strength: 3.0
deg: motion_blur
deg_scale: 3.0
purify_clean_test: True
purify_poisoned_test: True
use_purified_clean_test: True
use_purified_pois_test: True
at_threshold: 1
------------------------------------------------------------------------------------
Runtime metadata
------------------------------------------------------------------------------------
mode: 3
classes: 20
device: cuda:0
run_log_path: logs/20260815_221904_Imagenette2_BadNet_motion_blur_3.0_seed1234.log
====================================================================================
Mode is 3
Using the pattern size: 9*9
====================================================================================
purified_ins(args, clean_train, purified_clean_test, poisoned_train, purified_pois_test)
====================================================================================
Using Pre-trained model: Imagenette2_pretrain/BadNet/Res_34_256
=================================================Loading Model ==================================================
=================================================    Loaded    ==================================================
==========Test result on benign test dataset(CA)==========
[2026-08-15_22:34:47] Top-1 correct / Total: 3211/3925, Top-1 accuracy: 0.8180891719745222, Top-5 correct / Total: 3857/3925, Top-5 accuracy: 0.9826751592356688, time: 49.220210790634155
 class_acc:{0: 0.813953488372093, 1: 0.9240506329113924, 2: 0.8235294117647058, 3: 0.6735751295336787, 4: 0.8777506112469438, 5: 0.8527918781725888, 6: 0.8226221079691517, 7: 0.6921241050119332, 8: 0.8571428571428571, 9: 0.8461538461538461}
ASR_lables tensor([1, 1, 1,  ..., 1, 1, 1])
==========Test result on poisoned test dataset(ASR)(Not including images with original label same as attack label)==========
[2026-08-15_22:35:11] Top-1 correct / Total: 106/3530, Top-1 accuracy: 0.03002832861189802, Top-5 correct / Total: 2743/3530, Top-5 accuracy: 0.7770538243626063, time: 73.92379093170166
 class_acc:{1: 0.03002832861189802}
PA_lables tensor([0, 0, 0,  ..., 9, 9, 9])
==========Test result on poisoned test dataset(PA)==========
[2026-08-15_22:35:42] Top-1 correct / Total: 3209/3925, Top-1 accuracy: 0.8175796178343949, Top-5 correct / Total: 3866/3925, Top-5 accuracy: 0.9849681528662421, time: 104.37309527397156
 class_acc:{0: 0.8087855297157622, 1: 0.9240506329113924, 2: 0.8151260504201681, 3: 0.6865284974093264, 4: 0.8728606356968215, 5: 0.8578680203045685, 6: 0.8097686375321337, 7: 0.711217183770883, 8: 0.849624060150376, 9: 0.841025641025641}
=================================================End==================================================
