2026-08-24 10:55:53,804 [INFO] Run log: logs/20260824_105553_CIFAR10ImageFolder_ISSBA_litebd_full_0.5_seed1234.log
Using the CIFAR10ImageFolder
The at_threshold: 10
2026-08-24 10:55:54,201 [INFO] Using device: cuda:0
====================================================================================
Non-default run settings
====================================================================================
dataset: CIFAR10ImageFolder
attack_method: ISSBA
issba_exported_poisoned_root: exported_poisoned/ISSBA/CIFAR10ImageFolder
img_size: 32
deg: litebd_full
deg_scale: 0.5
use_purified_clean_test: True
use_purified_pois_test: True
purified_label_style: numeric
purifier_backend: none
degradation_type: litebd_full
degradation_strength: 0.5
------------------------------------------------------------------------------------
Runtime metadata
------------------------------------------------------------------------------------
mode: 3
classes: 10
device: cuda:0
run_log_path: logs/20260824_105553_CIFAR10ImageFolder_ISSBA_litebd_full_0.5_seed1234.log
====================================================================================
Mode is 3
====================================================================================
purified_ins(args, clean_train, purified_clean_test, poisoned_train, purified_pois_test)
====================================================================================
Using Pre-trained model: CIFAR10ImageFolder_pretrain/ISSBA/Res_34_32
=================================================Loading Model ==================================================
=================================================    Loaded    ==================================================
==========Test result on benign test dataset(CA)==========
[2026-08-24_10:55:56] Top-1 correct / Total: 8229/10000, Top-1 accuracy: 0.8229, Top-5 correct / Total: 9859/10000, Top-5 accuracy: 0.9859, time: 1.1810722351074219
 class_acc:{0: 0.903, 1: 0.875, 2: 0.771, 3: 0.698, 4: 0.769, 5: 0.764, 6: 0.824, 7: 0.864, 8: 0.889, 9: 0.872}
ASR_lables tensor([1, 1, 1,  ..., 1, 1, 1])
==========Test result on poisoned test dataset(ASR)(Not including images with original label same as attack label)==========
[2026-08-24_10:56:27] Top-1 correct / Total: 308/9000, Top-1 accuracy: 0.03422222222222222, Top-5 correct / Total: 3015/9000, Top-5 accuracy: 0.335, time: 31.889625072479248
 class_acc:{1: 0.03422222222222222}
PA_lables tensor([0, 0, 0,  ..., 9, 9, 9])
==========Test result on poisoned test dataset(PA)==========
[2026-08-24_10:56:28] Top-1 correct / Total: 7489/10000, Top-1 accuracy: 0.7489, Top-5 correct / Total: 9771/10000, Top-5 accuracy: 0.9771, time: 32.74520659446716
 class_acc:{0: 0.913, 1: 0.888, 2: 0.737, 3: 0.638, 4: 0.579, 5: 0.695, 6: 0.633, 7: 0.839, 8: 0.81, 9: 0.757}
=================================================End==================================================
