2026-08-24 10:55:20,293 [INFO] Run log: logs/20260824_105520_CIFAR10ImageFolder_WaNet_litebd_full_0.5_seed1234.log
Using the CIFAR10ImageFolder
The at_threshold: 10
2026-08-24 10:55:20,704 [INFO] Using device: cuda:0
====================================================================================
Non-default run settings
====================================================================================
dataset: CIFAR10ImageFolder
attack_method: WaNet
img_size: 32
deg: litebd_full
deg_scale: 0.5
use_purified_clean_test: True
use_purified_pois_test: True
purifier_backend: none
degradation_type: litebd_full
degradation_strength: 0.5
------------------------------------------------------------------------------------
Runtime metadata
------------------------------------------------------------------------------------
mode: 3
classes: 10
device: cuda:0
run_log_path: logs/20260824_105520_CIFAR10ImageFolder_WaNet_litebd_full_0.5_seed1234.log
====================================================================================
Mode is 3
====================================================================================
purified_ins(args, clean_train, purified_clean_test, poisoned_train, purified_pois_test)
====================================================================================
Using Pre-trained model: CIFAR10ImageFolder_pretrain/WaNet/Res_34_32
=================================================Loading Model ==================================================
=================================================    Loaded    ==================================================
==========Test result on benign test dataset(CA)==========
[2026-08-24_10:55:22] Top-1 correct / Total: 7985/10000, Top-1 accuracy: 0.7985, Top-5 correct / Total: 9818/10000, Top-5 accuracy: 0.9818, time: 1.4466321468353271
 class_acc:{0: 0.909, 1: 0.907, 2: 0.734, 3: 0.649, 4: 0.687, 5: 0.71, 6: 0.79, 7: 0.898, 8: 0.849, 9: 0.852}
ASR_lables tensor([1, 1, 1,  ..., 1, 1, 1])
==========Test result on poisoned test dataset(ASR)(Not including images with original label same as attack label)==========
[2026-08-24_10:55:50] Top-1 correct / Total: 2333/9000, Top-1 accuracy: 0.25922222222222224, Top-5 correct / Total: 3999/9000, Top-5 accuracy: 0.44433333333333336, time: 29.438633918762207
 class_acc:{1: 0.25922222222222224}
PA_lables tensor([0, 0, 0,  ..., 9, 9, 9])
==========Test result on poisoned test dataset(PA)==========
[2026-08-24_10:55:51] Top-1 correct / Total: 5707/10000, Top-1 accuracy: 0.5707, Top-5 correct / Total: 9228/10000, Top-5 accuracy: 0.9228, time: 30.27732253074646
 class_acc:{0: 0.777, 1: 0.948, 2: 0.533, 3: 0.52, 4: 0.396, 5: 0.563, 6: 0.345, 7: 0.645, 8: 0.558, 9: 0.422}
=================================================End==================================================
