2026-08-24 10:54:46,001 [INFO] Run log: logs/20260824_105446_CIFAR10ImageFolder_Blended_litebd_full_0.5_seed1234.log
Using the CIFAR10ImageFolder
The at_threshold: 10
2026-08-24 10:54:46,418 [INFO] Using device: cuda:0
====================================================================================
Non-default run settings
====================================================================================
dataset: CIFAR10ImageFolder
attack_method: Blended
img_size: 32
deg: litebd_full
deg_scale: 0.5
use_purified_clean_test: True
use_purified_pois_test: True
purifier_backend: none
degradation_type: litebd_full
degradation_strength: 0.5
------------------------------------------------------------------------------------
Runtime metadata
------------------------------------------------------------------------------------
mode: 3
classes: 10
device: cuda:0
run_log_path: logs/20260824_105446_CIFAR10ImageFolder_Blended_litebd_full_0.5_seed1234.log
====================================================================================
Mode is 3
====================================================================================
purified_ins(args, clean_train, purified_clean_test, poisoned_train, purified_pois_test)
====================================================================================
Using Pre-trained model: CIFAR10ImageFolder_pretrain/Blended/Res_34_32
=================================================Loading Model ==================================================
=================================================    Loaded    ==================================================
==========Test result on benign test dataset(CA)==========
[2026-08-24_10:54:48] Top-1 correct / Total: 8003/10000, Top-1 accuracy: 0.8003, Top-5 correct / Total: 9817/10000, Top-5 accuracy: 0.9817, time: 1.368520975112915
 class_acc:{0: 0.901, 1: 0.875, 2: 0.763, 3: 0.62, 4: 0.752, 5: 0.703, 6: 0.772, 7: 0.899, 8: 0.859, 9: 0.859}
ASR_lables tensor([1, 1, 1,  ..., 1, 1, 1])
==========Test result on poisoned test dataset(ASR)(Not including images with original label same as attack label)==========
[2026-08-24_10:55:17] Top-1 correct / Total: 985/9000, Top-1 accuracy: 0.10944444444444444, Top-5 correct / Total: 1783/9000, Top-5 accuracy: 0.1981111111111111, time: 30.099161624908447
 class_acc:{1: 0.10944444444444444}
PA_lables tensor([0, 0, 0,  ..., 9, 9, 9])
==========Test result on poisoned test dataset(PA)==========
[2026-08-24_10:55:18] Top-1 correct / Total: 5704/10000, Top-1 accuracy: 0.5704, Top-5 correct / Total: 9292/10000, Top-5 accuracy: 0.9292, time: 30.94664168357849
 class_acc:{0: 0.702, 1: 0.825, 2: 0.427, 3: 0.494, 4: 0.574, 5: 0.636, 6: 0.561, 7: 0.656, 8: 0.447, 9: 0.382}
=================================================End==================================================
