2026-08-22 20:14:40,919 [INFO] Run log: logs/20260822_201440_CIFAR10ImageFolder_BadNet_haze_0.5_seed1234.log
Using the CIFAR10ImageFolder
The at_threshold: 1
2026-08-22 20:14:41,413 [INFO] Using device: cuda:0
====================================================================================
Non-default run settings
====================================================================================
dataset: CIFAR10ImageFolder
img_size: 32
deg: haze
deg_scale: 0.5
purify_clean_test: True
purify_poisoned_test: True
use_purified_clean_test: True
use_purified_pois_test: True
at_threshold: 1
degradation_type: haze
degradation_strength: 0.5
disable_conv_ir: True
restorer_ckpt: ./pretrain/haze4k-base.pkl
------------------------------------------------------------------------------------
Runtime metadata
------------------------------------------------------------------------------------
mode: 3
classes: 10
device: cuda:0
run_log_path: logs/20260822_201440_CIFAR10ImageFolder_BadNet_haze_0.5_seed1234.log
====================================================================================
Mode is 3
====================================================================================
purified_ins(args, clean_train, purified_clean_test, poisoned_train, purified_pois_test)
====================================================================================
Using Pre-trained model: CIFAR10ImageFolder_pretrain/BadNet/Res_34_32
=================================================Loading Model ==================================================
=================================================    Loaded    ==================================================
==========Test result on benign test dataset(CA)==========
[2026-08-22_20:14:51] Top-1 correct / Total: 7462/10000, Top-1 accuracy: 0.7462, Top-5 correct / Total: 9786/10000, Top-5 accuracy: 0.9786, time: 1.0954070091247559
 class_acc:{0: 0.891, 1: 0.715, 2: 0.669, 3: 0.812, 4: 0.792, 5: 0.556, 6: 0.7, 7: 0.714, 8: 0.926, 9: 0.687}
ASR_lables tensor([1, 1, 1,  ..., 1, 1, 1])
==========Test result on poisoned test dataset(ASR)(Not including images with original label same as attack label)==========
[2026-08-22_20:15:24] Top-1 correct / Total: 8999/9000, Top-1 accuracy: 0.9998888888888889, Top-5 correct / Total: 9000/9000, Top-5 accuracy: 1.0, time: 34.44277620315552
 class_acc:{1: 0.9998888888888889}
PA_lables tensor([0, 0, 0,  ..., 9, 9, 9])
==========Test result on poisoned test dataset(PA)==========
[2026-08-22_20:15:28] Top-1 correct / Total: 1001/10000, Top-1 accuracy: 0.1001, Top-5 correct / Total: 7961/10000, Top-5 accuracy: 0.7961, time: 37.745381355285645
 class_acc:{0: 0.0, 1: 1.0, 2: 0.0, 3: 0.0, 4: 0.0, 5: 0.0, 6: 0.001, 7: 0.0, 8: 0.0, 9: 0.0}
=================================================End==================================================
