2026-08-22 20:16:58,906 [INFO] Run log: logs/20260822_201658_CIFAR10ImageFolder_BadNet_haze_0.9_seed1234.log
Using the CIFAR10ImageFolder
The at_threshold: 1
2026-08-22 20:16:59,341 [INFO] Using device: cuda:0
====================================================================================
Non-default run settings
====================================================================================
dataset: CIFAR10ImageFolder
img_size: 32
deg: haze
deg_scale: 0.9
purify_clean_test: True
purify_poisoned_test: True
use_purified_clean_test: True
use_purified_pois_test: True
at_threshold: 1
degradation_type: haze
degradation_strength: 0.9
disable_conv_ir: True
restorer_ckpt: ./pretrain/haze4k-base.pkl
------------------------------------------------------------------------------------
Runtime metadata
------------------------------------------------------------------------------------
mode: 3
classes: 10
device: cuda:0
run_log_path: logs/20260822_201658_CIFAR10ImageFolder_BadNet_haze_0.9_seed1234.log
====================================================================================
Mode is 3
====================================================================================
purified_ins(args, clean_train, purified_clean_test, poisoned_train, purified_pois_test)
====================================================================================
Using Pre-trained model: CIFAR10ImageFolder_pretrain/BadNet/Res_34_32
=================================================Loading Model ==================================================
=================================================    Loaded    ==================================================
==========Test result on benign test dataset(CA)==========
[2026-08-22_20:17:47] Top-1 correct / Total: 1005/10000, Top-1 accuracy: 0.1005, Top-5 correct / Total: 5149/10000, Top-5 accuracy: 0.5149, time: 5.109236478805542
 class_acc:{0: 0.998, 1: 0.0, 2: 0.0, 3: 0.0, 4: 0.0, 5: 0.0, 6: 0.0, 7: 0.0, 8: 0.007, 9: 0.0}
ASR_lables tensor([1, 1, 1,  ..., 1, 1, 1])
==========Test result on poisoned test dataset(ASR)(Not including images with original label same as attack label)==========
[2026-08-22_20:18:33] Top-1 correct / Total: 3/9000, Top-1 accuracy: 0.0003333333333333333, Top-5 correct / Total: 6531/9000, Top-5 accuracy: 0.7256666666666667, time: 51.09509229660034
 class_acc:{1: 0.0003333333333333333}
PA_lables tensor([0, 0, 0,  ..., 9, 9, 9])
==========Test result on poisoned test dataset(PA)==========
[2026-08-22_20:18:34] Top-1 correct / Total: 1004/10000, Top-1 accuracy: 0.1004, Top-5 correct / Total: 5180/10000, Top-5 accuracy: 0.518, time: 52.05250811576843
 class_acc:{0: 0.998, 1: 0.0, 2: 0.0, 3: 0.0, 4: 0.0, 5: 0.0, 6: 0.0, 7: 0.0, 8: 0.006, 9: 0.0}
=================================================End==================================================
