2026-08-23 19:18:14,619 [INFO] Run log: logs/20260823_191814_CIFAR10ImageFolder_WaNet_haze_0.75_seed1234.log
Using the CIFAR10ImageFolder
The at_threshold: 1
2026-08-23 19:18:15,120 [INFO] Using device: cuda:0
====================================================================================
Non-default run settings
====================================================================================
dataset: CIFAR10ImageFolder
attack_method: WaNet
attack_schedule: WaNet
img_size: 32
deg: haze
deg_scale: 0.75
purify_clean_test: True
purify_poisoned_test: True
use_purified_clean_test: True
use_purified_pois_test: True
at_threshold: 1
degradation_type: haze
degradation_strength: 0.75
disable_conv_ir: True
restorer_ckpt: ./pretrain/haze4k-base.pkl
------------------------------------------------------------------------------------
Runtime metadata
------------------------------------------------------------------------------------
mode: 3
classes: 10
device: cuda:0
run_log_path: logs/20260823_191814_CIFAR10ImageFolder_WaNet_haze_0.75_seed1234.log
====================================================================================
Mode is 3
====================================================================================
purified_ins(args, clean_train, purified_clean_test, poisoned_train, purified_pois_test)
====================================================================================
Using Pre-trained model: CIFAR10ImageFolder_pretrain/WaNet/Res_34_32
=================================================Loading Model ==================================================
=================================================    Loaded    ==================================================
==========Test result on benign test dataset(CA)==========
[2026-08-23_19:18:28] Top-1 correct / Total: 3536/10000, Top-1 accuracy: 0.3536, Top-5 correct / Total: 8124/10000, Top-5 accuracy: 0.8124, time: 3.405843734741211
 class_acc:{0: 0.883, 1: 0.189, 2: 0.167, 3: 0.63, 4: 0.44, 5: 0.112, 6: 0.197, 7: 0.3, 8: 0.564, 9: 0.054}
ASR_lables tensor([1, 1, 1,  ..., 1, 1, 1])
==========Test result on poisoned test dataset(ASR)(Not including images with original label same as attack label)==========
[2026-08-23_19:19:44] Top-1 correct / Total: 8872/9000, Top-1 accuracy: 0.9857777777777778, Top-5 correct / Total: 8998/9000, Top-5 accuracy: 0.9997777777777778, time: 79.32666015625
 class_acc:{1: 0.9857777777777778}
PA_lables tensor([0, 0, 0,  ..., 9, 9, 9])
==========Test result on poisoned test dataset(PA)==========
[2026-08-23_19:19:46] Top-1 correct / Total: 1028/10000, Top-1 accuracy: 0.1028, Top-5 correct / Total: 5558/10000, Top-5 accuracy: 0.5558, time: 81.0091392993927
 class_acc:{0: 0.023, 1: 0.999, 2: 0.001, 3: 0.001, 4: 0.003, 5: 0.0, 6: 0.0, 7: 0.0, 8: 0.001, 9: 0.0}
=================================================End==================================================
