2026-08-22 20:35:23,179 [INFO] Run log: logs/20260822_203523_CIFAR10ImageFolder_ISSBA_haze_0.2_seed1234.log
Using the CIFAR10ImageFolder
The at_threshold: 1
2026-08-22 20:35:23,524 [INFO] Using device: cuda:0
====================================================================================
Non-default run settings
====================================================================================
dataset: CIFAR10ImageFolder
attack_method: ISSBA
attack_schedule: ISSBA
issba_exported_poisoned_root: exported_poisoned/ISSBA/CIFAR10ImageFolder
img_size: 32
deg: haze
deg_scale: 0.2
purify_clean_test: True
purify_poisoned_test: True
use_purified_clean_test: True
use_purified_pois_test: True
at_threshold: 1
degradation_type: haze
degradation_strength: 0.2
disable_conv_ir: True
restorer_ckpt: ./pretrain/haze4k-base.pkl
------------------------------------------------------------------------------------
Runtime metadata
------------------------------------------------------------------------------------
mode: 3
classes: 10
device: cuda:0
run_log_path: logs/20260822_203523_CIFAR10ImageFolder_ISSBA_haze_0.2_seed1234.log
====================================================================================
Mode is 3
====================================================================================
purified_ins(args, clean_train, purified_clean_test, poisoned_train, purified_pois_test)
====================================================================================
Using Pre-trained model: CIFAR10ImageFolder_pretrain/ISSBA/Res_34_32
=================================================Loading Model ==================================================
=================================================    Loaded    ==================================================
==========Test result on benign test dataset(CA)==========
[2026-08-22_20:35:33] Top-1 correct / Total: 8545/10000, Top-1 accuracy: 0.8545, Top-5 correct / Total: 9908/10000, Top-5 accuracy: 0.9908, time: 1.4103350639343262
 class_acc:{0: 0.909, 1: 0.896, 2: 0.832, 3: 0.747, 4: 0.856, 5: 0.736, 6: 0.875, 7: 0.858, 8: 0.948, 9: 0.888}
ASR_lables tensor([1, 1, 1,  ..., 1, 1, 1])
==========Test result on poisoned test dataset(ASR)(Not including images with original label same as attack label)==========
[2026-08-22_20:36:23] Top-1 correct / Total: 8995/9000, Top-1 accuracy: 0.9994444444444445, Top-5 correct / Total: 9000/9000, Top-5 accuracy: 1.0, time: 51.474623680114746
 class_acc:{1: 0.9994444444444445}
PA_lables tensor([0, 0, 0,  ..., 9, 9, 9])
==========Test result on poisoned test dataset(PA)==========
[2026-08-22_20:36:26] Top-1 correct / Total: 1005/10000, Top-1 accuracy: 0.1005, Top-5 correct / Total: 8422/10000, Top-5 accuracy: 0.8422, time: 55.071218967437744
 class_acc:{0: 0.002, 1: 1.0, 2: 0.0, 3: 0.0, 4: 0.0, 5: 0.0, 6: 0.003, 7: 0.0, 8: 0.0, 9: 0.0}
=================================================End==================================================
