2026-08-23 19:19:48,443 [INFO] Run log: logs/20260823_191948_CIFAR10ImageFolder_WaNet_haze_0.9_seed1234.log
Using the CIFAR10ImageFolder
The at_threshold: 1
2026-08-23 19:19:48,962 [INFO] Using device: cuda:0
====================================================================================
Non-default run settings
====================================================================================
dataset: CIFAR10ImageFolder
attack_method: WaNet
attack_schedule: WaNet
img_size: 32
deg: haze
deg_scale: 0.9
purify_clean_test: True
purify_poisoned_test: True
use_purified_clean_test: True
use_purified_pois_test: True
at_threshold: 1
degradation_type: haze
degradation_strength: 0.9
disable_conv_ir: True
restorer_ckpt: ./pretrain/haze4k-base.pkl
------------------------------------------------------------------------------------
Runtime metadata
------------------------------------------------------------------------------------
mode: 3
classes: 10
device: cuda:0
run_log_path: logs/20260823_191948_CIFAR10ImageFolder_WaNet_haze_0.9_seed1234.log
====================================================================================
Mode is 3
====================================================================================
purified_ins(args, clean_train, purified_clean_test, poisoned_train, purified_pois_test)
====================================================================================
Using Pre-trained model: CIFAR10ImageFolder_pretrain/WaNet/Res_34_32
=================================================Loading Model ==================================================
=================================================    Loaded    ==================================================
==========Test result on benign test dataset(CA)==========
[2026-08-23_19:20:03] Top-1 correct / Total: 1009/10000, Top-1 accuracy: 0.1009, Top-5 correct / Total: 5577/10000, Top-5 accuracy: 0.5577, time: 3.4824962615966797
 class_acc:{0: 0.999, 1: 0.0, 2: 0.0, 3: 0.003, 4: 0.007, 5: 0.0, 6: 0.0, 7: 0.0, 8: 0.0, 9: 0.0}
ASR_lables tensor([1, 1, 1,  ..., 1, 1, 1])
==========Test result on poisoned test dataset(ASR)(Not including images with original label same as attack label)==========
[2026-08-23_19:21:13] Top-1 correct / Total: 4504/9000, Top-1 accuracy: 0.5004444444444445, Top-5 correct / Total: 8535/9000, Top-5 accuracy: 0.9483333333333334, time: 72.98325848579407
 class_acc:{1: 0.5004444444444445}
PA_lables tensor([0, 0, 0,  ..., 9, 9, 9])
==========Test result on poisoned test dataset(PA)==========
[2026-08-23_19:21:14] Top-1 correct / Total: 1221/10000, Top-1 accuracy: 0.1221, Top-5 correct / Total: 5457/10000, Top-5 accuracy: 0.5457, time: 74.53827047348022
 class_acc:{0: 0.433, 1: 0.787, 2: 0.0, 3: 0.0, 4: 0.0, 5: 0.0, 6: 0.0, 7: 0.0, 8: 0.001, 9: 0.0}
=================================================End==================================================
