2026-08-22 20:37:47,835 [INFO] Run log: logs/20260822_203747_CIFAR10ImageFolder_ISSBA_haze_0.75_seed1234.log
Using the CIFAR10ImageFolder
The at_threshold: 1
2026-08-22 20:37:49,131 [INFO] Using device: cuda:0
====================================================================================
Non-default run settings
====================================================================================
dataset: CIFAR10ImageFolder
attack_method: ISSBA
attack_schedule: ISSBA
issba_exported_poisoned_root: exported_poisoned/ISSBA/CIFAR10ImageFolder
img_size: 32
deg: haze
deg_scale: 0.75
purify_clean_test: True
purify_poisoned_test: True
use_purified_clean_test: True
use_purified_pois_test: True
at_threshold: 1
degradation_type: haze
degradation_strength: 0.75
disable_conv_ir: True
restorer_ckpt: ./pretrain/haze4k-base.pkl
------------------------------------------------------------------------------------
Runtime metadata
------------------------------------------------------------------------------------
mode: 3
classes: 10
device: cuda:0
run_log_path: logs/20260822_203747_CIFAR10ImageFolder_ISSBA_haze_0.75_seed1234.log
====================================================================================
Mode is 3
====================================================================================
purified_ins(args, clean_train, purified_clean_test, poisoned_train, purified_pois_test)
====================================================================================
Using Pre-trained model: CIFAR10ImageFolder_pretrain/ISSBA/Res_34_32
=================================================Loading Model ==================================================
=================================================    Loaded    ==================================================
==========Test result on benign test dataset(CA)==========
[2026-08-22_20:38:34] Top-1 correct / Total: 2240/10000, Top-1 accuracy: 0.224, Top-5 correct / Total: 6926/10000, Top-5 accuracy: 0.6926, time: 5.018013000488281
 class_acc:{0: 0.842, 1: 0.017, 2: 0.077, 3: 0.315, 4: 0.124, 5: 0.161, 6: 0.069, 7: 0.086, 8: 0.533, 9: 0.016}
ASR_lables tensor([1, 1, 1,  ..., 1, 1, 1])
==========Test result on poisoned test dataset(ASR)(Not including images with original label same as attack label)==========
[2026-08-22_20:39:11] Top-1 correct / Total: 8437/9000, Top-1 accuracy: 0.9374444444444444, Top-5 correct / Total: 8972/9000, Top-5 accuracy: 0.9968888888888889, time: 41.75201916694641
 class_acc:{1: 0.9374444444444444}
PA_lables tensor([0, 0, 0,  ..., 9, 9, 9])
==========Test result on poisoned test dataset(PA)==========
[2026-08-22_20:39:12] Top-1 correct / Total: 1196/10000, Top-1 accuracy: 0.1196, Top-5 correct / Total: 6174/10000, Top-5 accuracy: 0.6174, time: 42.69658088684082
 class_acc:{0: 0.076, 1: 0.935, 2: 0.009, 3: 0.016, 4: 0.009, 5: 0.022, 6: 0.014, 7: 0.015, 8: 0.099, 9: 0.001}
=================================================End==================================================
