2026-08-22 20:36:36,501 [INFO] Run log: logs/20260822_203636_CIFAR10ImageFolder_ISSBA_haze_0.5_seed1234.log
Using the CIFAR10ImageFolder
The at_threshold: 1
2026-08-22 20:36:37,637 [INFO] Using device: cuda:0
====================================================================================
Non-default run settings
====================================================================================
dataset: CIFAR10ImageFolder
attack_method: ISSBA
attack_schedule: ISSBA
issba_exported_poisoned_root: exported_poisoned/ISSBA/CIFAR10ImageFolder
img_size: 32
deg: haze
deg_scale: 0.5
purify_clean_test: True
purify_poisoned_test: True
use_purified_clean_test: True
use_purified_pois_test: True
at_threshold: 1
degradation_type: haze
degradation_strength: 0.5
disable_conv_ir: True
restorer_ckpt: ./pretrain/haze4k-base.pkl
------------------------------------------------------------------------------------
Runtime metadata
------------------------------------------------------------------------------------
mode: 3
classes: 10
device: cuda:0
run_log_path: logs/20260822_203636_CIFAR10ImageFolder_ISSBA_haze_0.5_seed1234.log
====================================================================================
Mode is 3
====================================================================================
purified_ins(args, clean_train, purified_clean_test, poisoned_train, purified_pois_test)
====================================================================================
Using Pre-trained model: CIFAR10ImageFolder_pretrain/ISSBA/Res_34_32
=================================================Loading Model ==================================================
=================================================    Loaded    ==================================================
==========Test result on benign test dataset(CA)==========
[2026-08-22_20:37:06] Top-1 correct / Total: 7002/10000, Top-1 accuracy: 0.7002, Top-5 correct / Total: 9674/10000, Top-5 accuracy: 0.9674, time: 1.4331157207489014
 class_acc:{0: 0.861, 1: 0.62, 2: 0.651, 3: 0.77, 4: 0.732, 5: 0.547, 6: 0.662, 7: 0.646, 8: 0.934, 9: 0.579}
ASR_lables tensor([1, 1, 1,  ..., 1, 1, 1])
==========Test result on poisoned test dataset(ASR)(Not including images with original label same as attack label)==========
[2026-08-22_20:37:38] Top-1 correct / Total: 8976/9000, Top-1 accuracy: 0.9973333333333333, Top-5 correct / Total: 8998/9000, Top-5 accuracy: 0.9997777777777778, time: 34.08188343048096
 class_acc:{1: 0.9973333333333333}
PA_lables tensor([0, 0, 0,  ..., 9, 9, 9])
==========Test result on poisoned test dataset(PA)==========
[2026-08-22_20:37:39] Top-1 correct / Total: 1023/10000, Top-1 accuracy: 0.1023, Top-5 correct / Total: 8358/10000, Top-5 accuracy: 0.8358, time: 34.92713642120361
 class_acc:{0: 0.007, 1: 1.0, 2: 0.001, 3: 0.002, 4: 0.0, 5: 0.0, 6: 0.01, 7: 0.001, 8: 0.002, 9: 0.0}
=================================================End==================================================
