2026-08-22 20:18:37,013 [INFO] Run log: logs/20260822_201837_CIFAR10ImageFolder_Blended_haze_0.15_seed1234.log
Using the CIFAR10ImageFolder
The at_threshold: 1
2026-08-22 20:18:37,375 [INFO] Using device: cuda:0
====================================================================================
Non-default run settings
====================================================================================
dataset: CIFAR10ImageFolder
attack_method: Blended
attack_schedule: Blended
img_size: 32
deg: haze
deg_scale: 0.15
purify_clean_test: True
purify_poisoned_test: True
use_purified_clean_test: True
use_purified_pois_test: True
at_threshold: 1
degradation_type: haze
degradation_strength: 0.15
disable_conv_ir: True
restorer_ckpt: ./pretrain/haze4k-base.pkl
------------------------------------------------------------------------------------
Runtime metadata
------------------------------------------------------------------------------------
mode: 3
classes: 10
device: cuda:0
run_log_path: logs/20260822_201837_CIFAR10ImageFolder_Blended_haze_0.15_seed1234.log
====================================================================================
Mode is 3
====================================================================================
purified_ins(args, clean_train, purified_clean_test, poisoned_train, purified_pois_test)
====================================================================================
Using Pre-trained model: CIFAR10ImageFolder_pretrain/Blended/Res_34_32
=================================================Loading Model ==================================================
=================================================    Loaded    ==================================================
==========Test result on benign test dataset(CA)==========
[2026-08-22_20:19:03] Top-1 correct / Total: 8740/10000, Top-1 accuracy: 0.874, Top-5 correct / Total: 9933/10000, Top-5 accuracy: 0.9933, time: 5.135794639587402
 class_acc:{0: 0.901, 1: 0.923, 2: 0.828, 3: 0.768, 4: 0.904, 5: 0.751, 6: 0.902, 7: 0.916, 8: 0.932, 9: 0.915}
ASR_lables tensor([1, 1, 1,  ..., 1, 1, 1])
==========Test result on poisoned test dataset(ASR)(Not including images with original label same as attack label)==========
[2026-08-22_20:20:07] Top-1 correct / Total: 9000/9000, Top-1 accuracy: 1.0, Top-5 correct / Total: 9000/9000, Top-5 accuracy: 1.0, time: 69.32638311386108
 class_acc:{1: 1.0}
PA_lables tensor([0, 0, 0,  ..., 9, 9, 9])
==========Test result on poisoned test dataset(PA)==========
[2026-08-22_20:20:08] Top-1 correct / Total: 1000/10000, Top-1 accuracy: 0.1, Top-5 correct / Total: 5511/10000, Top-5 accuracy: 0.5511, time: 70.26719498634338
 class_acc:{0: 0.0, 1: 1.0, 2: 0.0, 3: 0.0, 4: 0.0, 5: 0.0, 6: 0.0, 7: 0.0, 8: 0.0, 9: 0.0}
=================================================End==================================================
