2026-08-23 19:14:26,867 [INFO] Run log: logs/20260823_191426_CIFAR10ImageFolder_WaNet_haze_0.15_seed1234.log
Using the CIFAR10ImageFolder
The at_threshold: 1
2026-08-23 19:14:27,327 [INFO] Using device: cuda:0
====================================================================================
Non-default run settings
====================================================================================
dataset: CIFAR10ImageFolder
attack_method: WaNet
attack_schedule: WaNet
img_size: 32
deg: haze
deg_scale: 0.15
purify_clean_test: True
purify_poisoned_test: True
use_purified_clean_test: True
use_purified_pois_test: True
at_threshold: 1
degradation_type: haze
degradation_strength: 0.15
disable_conv_ir: True
restorer_ckpt: ./pretrain/haze4k-base.pkl
------------------------------------------------------------------------------------
Runtime metadata
------------------------------------------------------------------------------------
mode: 3
classes: 10
device: cuda:0
run_log_path: logs/20260823_191426_CIFAR10ImageFolder_WaNet_haze_0.15_seed1234.log
====================================================================================
Mode is 3
====================================================================================
purified_ins(args, clean_train, purified_clean_test, poisoned_train, purified_pois_test)
====================================================================================
Using Pre-trained model: CIFAR10ImageFolder_pretrain/WaNet/Res_34_32
=================================================Loading Model ==================================================
=================================================    Loaded    ==================================================
==========Test result on benign test dataset(CA)==========
[2026-08-23_19:14:38] Top-1 correct / Total: 8749/10000, Top-1 accuracy: 0.8749, Top-5 correct / Total: 9932/10000, Top-5 accuracy: 0.9932, time: 1.7029352188110352
 class_acc:{0: 0.901, 1: 0.929, 2: 0.829, 3: 0.779, 4: 0.894, 5: 0.772, 6: 0.891, 7: 0.909, 8: 0.949, 9: 0.896}
ASR_lables tensor([1, 1, 1,  ..., 1, 1, 1])
==========Test result on poisoned test dataset(ASR)(Not including images with original label same as attack label)==========
[2026-08-23_19:15:19] Top-1 correct / Total: 8970/9000, Top-1 accuracy: 0.9966666666666667, Top-5 correct / Total: 8998/9000, Top-5 accuracy: 0.9997777777777778, time: 42.87516188621521
 class_acc:{1: 0.9966666666666667}
PA_lables tensor([0, 0, 0,  ..., 9, 9, 9])
==========Test result on poisoned test dataset(PA)==========
[2026-08-23_19:15:20] Top-1 correct / Total: 1027/10000, Top-1 accuracy: 0.1027, Top-5 correct / Total: 6940/10000, Top-5 accuracy: 0.694, time: 43.894479751586914
 class_acc:{0: 0.006, 1: 1.0, 2: 0.011, 3: 0.002, 4: 0.001, 5: 0.0, 6: 0.004, 7: 0.0, 8: 0.003, 9: 0.0}
=================================================End==================================================
