2026-08-22 20:13:25,164 [INFO] Run log: logs/20260822_201325_CIFAR10ImageFolder_BadNet_haze_0.15_seed1234.log
Using the CIFAR10ImageFolder
The at_threshold: 1
2026-08-22 20:13:25,652 [INFO] Using device: cuda:0
====================================================================================
Non-default run settings
====================================================================================
dataset: CIFAR10ImageFolder
img_size: 32
deg: haze
deg_scale: 0.15
purify_clean_test: True
purify_poisoned_test: True
use_purified_clean_test: True
use_purified_pois_test: True
at_threshold: 1
degradation_type: haze
degradation_strength: 0.15
disable_conv_ir: True
restorer_ckpt: ./pretrain/haze4k-base.pkl
------------------------------------------------------------------------------------
Runtime metadata
------------------------------------------------------------------------------------
mode: 3
classes: 10
device: cuda:0
run_log_path: logs/20260822_201325_CIFAR10ImageFolder_BadNet_haze_0.15_seed1234.log
====================================================================================
Mode is 3
====================================================================================
purified_ins(args, clean_train, purified_clean_test, poisoned_train, purified_pois_test)
====================================================================================
Using Pre-trained model: CIFAR10ImageFolder_pretrain/BadNet/Res_34_32
=================================================Loading Model ==================================================
=================================================    Loaded    ==================================================
==========Test result on benign test dataset(CA)==========
[2026-08-22_20:13:35] Top-1 correct / Total: 8676/10000, Top-1 accuracy: 0.8676, Top-5 correct / Total: 9932/10000, Top-5 accuracy: 0.9932, time: 1.124654769897461
 class_acc:{0: 0.909, 1: 0.909, 2: 0.814, 3: 0.765, 4: 0.876, 5: 0.769, 6: 0.897, 7: 0.886, 8: 0.941, 9: 0.91}
ASR_lables tensor([1, 1, 1,  ..., 1, 1, 1])
==========Test result on poisoned test dataset(ASR)(Not including images with original label same as attack label)==========
[2026-08-22_20:14:00] Top-1 correct / Total: 9000/9000, Top-1 accuracy: 1.0, Top-5 correct / Total: 9000/9000, Top-5 accuracy: 1.0, time: 26.01800274848938
 class_acc:{1: 1.0}
PA_lables tensor([0, 0, 0,  ..., 9, 9, 9])
==========Test result on poisoned test dataset(PA)==========
[2026-08-22_20:14:01] Top-1 correct / Total: 1000/10000, Top-1 accuracy: 0.1, Top-5 correct / Total: 7937/10000, Top-5 accuracy: 0.7937, time: 26.758470058441162
 class_acc:{0: 0.0, 1: 1.0, 2: 0.0, 3: 0.0, 4: 0.0, 5: 0.0, 6: 0.0, 7: 0.0, 8: 0.0, 9: 0.0}
=================================================End==================================================
