2026-08-23 19:16:45,002 [INFO] Run log: logs/20260823_191645_CIFAR10ImageFolder_WaNet_haze_0.5_seed1234.log
Using the CIFAR10ImageFolder
The at_threshold: 1
2026-08-23 19:16:45,526 [INFO] Using device: cuda:0
====================================================================================
Non-default run settings
====================================================================================
dataset: CIFAR10ImageFolder
attack_method: WaNet
attack_schedule: WaNet
img_size: 32
deg: haze
deg_scale: 0.5
purify_clean_test: True
purify_poisoned_test: True
use_purified_clean_test: True
use_purified_pois_test: True
at_threshold: 1
degradation_type: haze
degradation_strength: 0.5
disable_conv_ir: True
restorer_ckpt: ./pretrain/haze4k-base.pkl
------------------------------------------------------------------------------------
Runtime metadata
------------------------------------------------------------------------------------
mode: 3
classes: 10
device: cuda:0
run_log_path: logs/20260823_191645_CIFAR10ImageFolder_WaNet_haze_0.5_seed1234.log
====================================================================================
Mode is 3
====================================================================================
purified_ins(args, clean_train, purified_clean_test, poisoned_train, purified_pois_test)
====================================================================================
Using Pre-trained model: CIFAR10ImageFolder_pretrain/WaNet/Res_34_32
=================================================Loading Model ==================================================
=================================================    Loaded    ==================================================
==========Test result on benign test dataset(CA)==========
[2026-08-23_19:16:58] Top-1 correct / Total: 7562/10000, Top-1 accuracy: 0.7562, Top-5 correct / Total: 9771/10000, Top-5 accuracy: 0.9771, time: 3.471953868865967
 class_acc:{0: 0.882, 1: 0.751, 2: 0.64, 3: 0.838, 4: 0.813, 5: 0.529, 6: 0.733, 7: 0.748, 8: 0.937, 9: 0.691}
ASR_lables tensor([1, 1, 1,  ..., 1, 1, 1])
==========Test result on poisoned test dataset(ASR)(Not including images with original label same as attack label)==========
[2026-08-23_19:18:10] Top-1 correct / Total: 8964/9000, Top-1 accuracy: 0.996, Top-5 correct / Total: 8998/9000, Top-5 accuracy: 0.9997777777777778, time: 75.73669862747192
 class_acc:{1: 0.996}
PA_lables tensor([0, 0, 0,  ..., 9, 9, 9])
==========Test result on poisoned test dataset(PA)==========
[2026-08-23_19:18:12] Top-1 correct / Total: 1029/10000, Top-1 accuracy: 0.1029, Top-5 correct / Total: 6367/10000, Top-5 accuracy: 0.6367, time: 77.40709781646729
 class_acc:{0: 0.011, 1: 1.0, 2: 0.008, 3: 0.003, 4: 0.002, 5: 0.0, 6: 0.003, 7: 0.0, 8: 0.002, 9: 0.0}
=================================================End==================================================
