2026-08-22 20:24:45,703 [INFO] Run log: logs/20260822_202445_CIFAR10ImageFolder_Blended_haze_0.9_seed1234.log
Using the CIFAR10ImageFolder
The at_threshold: 1
2026-08-22 20:24:46,702 [INFO] Using device: cuda:0
====================================================================================
Non-default run settings
====================================================================================
dataset: CIFAR10ImageFolder
attack_method: Blended
attack_schedule: Blended
img_size: 32
deg: haze
deg_scale: 0.9
purify_clean_test: True
purify_poisoned_test: True
use_purified_clean_test: True
use_purified_pois_test: True
at_threshold: 1
degradation_type: haze
degradation_strength: 0.9
disable_conv_ir: True
restorer_ckpt: ./pretrain/haze4k-base.pkl
------------------------------------------------------------------------------------
Runtime metadata
------------------------------------------------------------------------------------
mode: 3
classes: 10
device: cuda:0
run_log_path: logs/20260822_202445_CIFAR10ImageFolder_Blended_haze_0.9_seed1234.log
====================================================================================
Mode is 3
====================================================================================
purified_ins(args, clean_train, purified_clean_test, poisoned_train, purified_pois_test)
====================================================================================
Using Pre-trained model: CIFAR10ImageFolder_pretrain/Blended/Res_34_32
=================================================Loading Model ==================================================
=================================================    Loaded    ==================================================
==========Test result on benign test dataset(CA)==========
[2026-08-22_20:25:02] Top-1 correct / Total: 1011/10000, Top-1 accuracy: 0.1011, Top-5 correct / Total: 5195/10000, Top-5 accuracy: 0.5195, time: 1.453028917312622
 class_acc:{0: 0.989, 1: 0.0, 2: 0.002, 3: 0.013, 4: 0.001, 5: 0.0, 6: 0.0, 7: 0.0, 8: 0.006, 9: 0.0}
ASR_lables tensor([1, 1, 1,  ..., 1, 1, 1])
==========Test result on poisoned test dataset(ASR)(Not including images with original label same as attack label)==========
[2026-08-22_20:25:53] Top-1 correct / Total: 0/9000, Top-1 accuracy: 0.0, Top-5 correct / Total: 0/9000, Top-5 accuracy: 0.0, time: 52.00019145011902
 class_acc:{1: 0.0}
PA_lables tensor([0, 0, 0,  ..., 9, 9, 9])
==========Test result on poisoned test dataset(PA)==========
[2026-08-22_20:25:56] Top-1 correct / Total: 999/10000, Top-1 accuracy: 0.0999, Top-5 correct / Total: 5016/10000, Top-5 accuracy: 0.5016, time: 55.40538430213928
 class_acc:{0: 0.997, 1: 0.0, 2: 0.0, 3: 0.002, 4: 0.0, 5: 0.0, 6: 0.0, 7: 0.0, 8: 0.0, 9: 0.0}
=================================================End==================================================
