2026-08-22 20:33:46,084 [INFO] Run log: logs/20260822_203346_CIFAR10ImageFolder_ISSBA_haze_0.15_seed1234.log
Using the CIFAR10ImageFolder
The at_threshold: 1
2026-08-22 20:33:46,464 [INFO] Using device: cuda:0
====================================================================================
Non-default run settings
====================================================================================
dataset: CIFAR10ImageFolder
attack_method: ISSBA
attack_schedule: ISSBA
issba_exported_poisoned_root: exported_poisoned/ISSBA/CIFAR10ImageFolder
img_size: 32
deg: haze
deg_scale: 0.15
purify_clean_test: True
purify_poisoned_test: True
use_purified_clean_test: True
use_purified_pois_test: True
at_threshold: 1
degradation_type: haze
degradation_strength: 0.15
disable_conv_ir: True
restorer_ckpt: ./pretrain/haze4k-base.pkl
------------------------------------------------------------------------------------
Runtime metadata
------------------------------------------------------------------------------------
mode: 3
classes: 10
device: cuda:0
run_log_path: logs/20260822_203346_CIFAR10ImageFolder_ISSBA_haze_0.15_seed1234.log
====================================================================================
Mode is 3
====================================================================================
purified_ins(args, clean_train, purified_clean_test, poisoned_train, purified_pois_test)
====================================================================================
Using Pre-trained model: CIFAR10ImageFolder_pretrain/ISSBA/Res_34_32
=================================================Loading Model ==================================================
=================================================    Loaded    ==================================================
==========Test result on benign test dataset(CA)==========
[2026-08-22_20:33:56] Top-1 correct / Total: 8632/10000, Top-1 accuracy: 0.8632, Top-5 correct / Total: 9914/10000, Top-5 accuracy: 0.9914, time: 1.434248447418213
 class_acc:{0: 0.909, 1: 0.917, 2: 0.835, 3: 0.745, 4: 0.86, 5: 0.756, 6: 0.89, 7: 0.875, 8: 0.942, 9: 0.903}
ASR_lables tensor([1, 1, 1,  ..., 1, 1, 1])
==========Test result on poisoned test dataset(ASR)(Not including images with original label same as attack label)==========
[2026-08-22_20:35:12] Top-1 correct / Total: 8995/9000, Top-1 accuracy: 0.9994444444444445, Top-5 correct / Total: 9000/9000, Top-5 accuracy: 1.0, time: 77.17095470428467
 class_acc:{1: 0.9994444444444445}
PA_lables tensor([0, 0, 0,  ..., 9, 9, 9])
==========Test result on poisoned test dataset(PA)==========
[2026-08-22_20:35:15] Top-1 correct / Total: 1005/10000, Top-1 accuracy: 0.1005, Top-5 correct / Total: 8327/10000, Top-5 accuracy: 0.8327, time: 80.40882396697998
 class_acc:{0: 0.002, 1: 1.0, 2: 0.0, 3: 0.0, 4: 0.0, 5: 0.0, 6: 0.003, 7: 0.0, 8: 0.0, 9: 0.0}
=================================================End==================================================
