2026-08-22 20:15:37,537 [INFO] Run log: logs/20260822_201537_CIFAR10ImageFolder_BadNet_haze_0.75_seed1234.log
Using the CIFAR10ImageFolder
The at_threshold: 1
2026-08-22 20:15:38,737 [INFO] Using device: cuda:0
====================================================================================
Non-default run settings
====================================================================================
dataset: CIFAR10ImageFolder
img_size: 32
deg: haze
deg_scale: 0.75
purify_clean_test: True
purify_poisoned_test: True
use_purified_clean_test: True
use_purified_pois_test: True
at_threshold: 1
degradation_type: haze
degradation_strength: 0.75
disable_conv_ir: True
restorer_ckpt: ./pretrain/haze4k-base.pkl
------------------------------------------------------------------------------------
Runtime metadata
------------------------------------------------------------------------------------
mode: 3
classes: 10
device: cuda:0
run_log_path: logs/20260822_201537_CIFAR10ImageFolder_BadNet_haze_0.75_seed1234.log
====================================================================================
Mode is 3
====================================================================================
purified_ins(args, clean_train, purified_clean_test, poisoned_train, purified_pois_test)
====================================================================================
Using Pre-trained model: CIFAR10ImageFolder_pretrain/BadNet/Res_34_32
=================================================Loading Model ==================================================
=================================================    Loaded    ==================================================
==========Test result on benign test dataset(CA)==========
[2026-08-22_20:16:22] Top-1 correct / Total: 2966/10000, Top-1 accuracy: 0.2966, Top-5 correct / Total: 8226/10000, Top-5 accuracy: 0.8226, time: 3.0737500190734863
 class_acc:{0: 0.91, 1: 0.109, 2: 0.151, 3: 0.439, 4: 0.226, 5: 0.122, 6: 0.101, 7: 0.25, 8: 0.605, 9: 0.053}
ASR_lables tensor([1, 1, 1,  ..., 1, 1, 1])
==========Test result on poisoned test dataset(ASR)(Not including images with original label same as attack label)==========
[2026-08-22_20:16:55] Top-1 correct / Total: 8919/9000, Top-1 accuracy: 0.991, Top-5 correct / Total: 8998/9000, Top-5 accuracy: 0.9997777777777778, time: 36.39138078689575
 class_acc:{1: 0.991}
PA_lables tensor([0, 0, 0,  ..., 9, 9, 9])
==========Test result on poisoned test dataset(PA)==========
[2026-08-22_20:16:56] Top-1 correct / Total: 1062/10000, Top-1 accuracy: 0.1062, Top-5 correct / Total: 6404/10000, Top-5 accuracy: 0.6404, time: 37.33697533607483
 class_acc:{0: 0.033, 1: 0.995, 2: 0.005, 3: 0.003, 4: 0.002, 5: 0.0, 6: 0.003, 7: 0.009, 8: 0.011, 9: 0.001}
=================================================End==================================================
