2026-08-22 20:23:16,594 [INFO] Run log: logs/20260822_202316_CIFAR10ImageFolder_Blended_haze_0.75_seed1234.log
Using the CIFAR10ImageFolder
The at_threshold: 1
2026-08-22 20:23:16,976 [INFO] Using device: cuda:0
====================================================================================
Non-default run settings
====================================================================================
dataset: CIFAR10ImageFolder
attack_method: Blended
attack_schedule: Blended
img_size: 32
deg: haze
deg_scale: 0.75
purify_clean_test: True
purify_poisoned_test: True
use_purified_clean_test: True
use_purified_pois_test: True
at_threshold: 1
degradation_type: haze
degradation_strength: 0.75
disable_conv_ir: True
restorer_ckpt: ./pretrain/haze4k-base.pkl
------------------------------------------------------------------------------------
Runtime metadata
------------------------------------------------------------------------------------
mode: 3
classes: 10
device: cuda:0
run_log_path: logs/20260822_202316_CIFAR10ImageFolder_Blended_haze_0.75_seed1234.log
====================================================================================
Mode is 3
====================================================================================
purified_ins(args, clean_train, purified_clean_test, poisoned_train, purified_pois_test)
====================================================================================
Using Pre-trained model: CIFAR10ImageFolder_pretrain/Blended/Res_34_32
=================================================Loading Model ==================================================
=================================================    Loaded    ==================================================
==========Test result on benign test dataset(CA)==========
[2026-08-22_20:23:27] Top-1 correct / Total: 3754/10000, Top-1 accuracy: 0.3754, Top-5 correct / Total: 8013/10000, Top-5 accuracy: 0.8013, time: 1.4283864498138428
 class_acc:{0: 0.848, 1: 0.176, 2: 0.244, 3: 0.684, 4: 0.374, 5: 0.171, 6: 0.207, 7: 0.287, 8: 0.664, 9: 0.099}
ASR_lables tensor([1, 1, 1,  ..., 1, 1, 1])
==========Test result on poisoned test dataset(ASR)(Not including images with original label same as attack label)==========
[2026-08-22_20:24:33] Top-1 correct / Total: 7121/9000, Top-1 accuracy: 0.7912222222222223, Top-5 correct / Total: 8835/9000, Top-5 accuracy: 0.9816666666666667, time: 67.14649486541748
 class_acc:{1: 0.7912222222222223}
PA_lables tensor([0, 0, 0,  ..., 9, 9, 9])
==========Test result on poisoned test dataset(PA)==========
[2026-08-22_20:24:36] Top-1 correct / Total: 1188/10000, Top-1 accuracy: 0.1188, Top-5 correct / Total: 5415/10000, Top-5 accuracy: 0.5415, time: 70.78084588050842
 class_acc:{0: 0.217, 1: 0.758, 2: 0.027, 3: 0.026, 4: 0.048, 5: 0.0, 6: 0.019, 7: 0.002, 8: 0.091, 9: 0.0}
=================================================End==================================================
