2026-08-22 20:21:45,784 [INFO] Run log: logs/20260822_202145_CIFAR10ImageFolder_Blended_haze_0.5_seed1234.log
Using the CIFAR10ImageFolder
The at_threshold: 1
2026-08-22 20:21:46,151 [INFO] Using device: cuda:0
====================================================================================
Non-default run settings
====================================================================================
dataset: CIFAR10ImageFolder
attack_method: Blended
attack_schedule: Blended
img_size: 32
deg: haze
deg_scale: 0.5
purify_clean_test: True
purify_poisoned_test: True
use_purified_clean_test: True
use_purified_pois_test: True
at_threshold: 1
degradation_type: haze
degradation_strength: 0.5
disable_conv_ir: True
restorer_ckpt: ./pretrain/haze4k-base.pkl
------------------------------------------------------------------------------------
Runtime metadata
------------------------------------------------------------------------------------
mode: 3
classes: 10
device: cuda:0
run_log_path: logs/20260822_202145_CIFAR10ImageFolder_Blended_haze_0.5_seed1234.log
====================================================================================
Mode is 3
====================================================================================
purified_ins(args, clean_train, purified_clean_test, poisoned_train, purified_pois_test)
====================================================================================
Using Pre-trained model: CIFAR10ImageFolder_pretrain/Blended/Res_34_32
=================================================Loading Model ==================================================
=================================================    Loaded    ==================================================
==========Test result on benign test dataset(CA)==========
[2026-08-22_20:21:56] Top-1 correct / Total: 7845/10000, Top-1 accuracy: 0.7845, Top-5 correct / Total: 9776/10000, Top-5 accuracy: 0.9776, time: 1.429960012435913
 class_acc:{0: 0.873, 1: 0.77, 2: 0.694, 3: 0.825, 4: 0.863, 5: 0.574, 6: 0.751, 7: 0.793, 8: 0.932, 9: 0.77}
ASR_lables tensor([1, 1, 1,  ..., 1, 1, 1])
==========Test result on poisoned test dataset(ASR)(Not including images with original label same as attack label)==========
[2026-08-22_20:23:13] Top-1 correct / Total: 8992/9000, Top-1 accuracy: 0.9991111111111111, Top-5 correct / Total: 9000/9000, Top-5 accuracy: 1.0, time: 78.77460789680481
 class_acc:{1: 0.9991111111111111}
PA_lables tensor([0, 0, 0,  ..., 9, 9, 9])
==========Test result on poisoned test dataset(PA)==========
[2026-08-22_20:23:14] Top-1 correct / Total: 1008/10000, Top-1 accuracy: 0.1008, Top-5 correct / Total: 5630/10000, Top-5 accuracy: 0.563, time: 79.64872145652771
 class_acc:{0: 0.0, 1: 1.0, 2: 0.006, 3: 0.0, 4: 0.0, 5: 0.0, 6: 0.001, 7: 0.0, 8: 0.001, 9: 0.0}
=================================================End==================================================
