2026-08-23 19:15:22,712 [INFO] Run log: logs/20260823_191522_CIFAR10ImageFolder_WaNet_haze_0.2_seed1234.log
Using the CIFAR10ImageFolder
The at_threshold: 1
2026-08-23 19:15:23,150 [INFO] Using device: cuda:0
====================================================================================
Non-default run settings
====================================================================================
dataset: CIFAR10ImageFolder
attack_method: WaNet
attack_schedule: WaNet
img_size: 32
deg: haze
deg_scale: 0.2
purify_clean_test: True
purify_poisoned_test: True
use_purified_clean_test: True
use_purified_pois_test: True
at_threshold: 1
degradation_type: haze
degradation_strength: 0.2
disable_conv_ir: True
restorer_ckpt: ./pretrain/haze4k-base.pkl
------------------------------------------------------------------------------------
Runtime metadata
------------------------------------------------------------------------------------
mode: 3
classes: 10
device: cuda:0
run_log_path: logs/20260823_191522_CIFAR10ImageFolder_WaNet_haze_0.2_seed1234.log
====================================================================================
Mode is 3
====================================================================================
purified_ins(args, clean_train, purified_clean_test, poisoned_train, purified_pois_test)
====================================================================================
Using Pre-trained model: CIFAR10ImageFolder_pretrain/WaNet/Res_34_32
=================================================Loading Model ==================================================
=================================================    Loaded    ==================================================
==========Test result on benign test dataset(CA)==========
[2026-08-23_19:15:33] Top-1 correct / Total: 8695/10000, Top-1 accuracy: 0.8695, Top-5 correct / Total: 9923/10000, Top-5 accuracy: 0.9923, time: 1.7353084087371826
 class_acc:{0: 0.906, 1: 0.922, 2: 0.824, 3: 0.788, 4: 0.898, 5: 0.75, 6: 0.88, 7: 0.894, 8: 0.948, 9: 0.885}
ASR_lables tensor([1, 1, 1,  ..., 1, 1, 1])
==========Test result on poisoned test dataset(ASR)(Not including images with original label same as attack label)==========
[2026-08-23_19:16:41] Top-1 correct / Total: 8973/9000, Top-1 accuracy: 0.997, Top-5 correct / Total: 8998/9000, Top-5 accuracy: 0.9997777777777778, time: 68.93473696708679
 class_acc:{1: 0.997}
PA_lables tensor([0, 0, 0,  ..., 9, 9, 9])
==========Test result on poisoned test dataset(PA)==========
[2026-08-23_19:16:42] Top-1 correct / Total: 1023/10000, Top-1 accuracy: 0.1023, Top-5 correct / Total: 6922/10000, Top-5 accuracy: 0.6922, time: 70.61135530471802
 class_acc:{0: 0.006, 1: 1.0, 2: 0.009, 3: 0.001, 4: 0.001, 5: 0.0, 6: 0.003, 7: 0.0, 8: 0.003, 9: 0.0}
=================================================End==================================================
