2026-08-16 02:21:52,416 [INFO] Run log: logs/20260816_022152_Imagenette2_BadNet_none_0.0_seed1234.log
Using the Imagenette2
The at_threshold: 1
2026-08-16 02:21:52,753 [INFO] Using device: cuda:0
====================================================================================
Non-default run settings
====================================================================================
restorer_ckpt: ./pretrain/haze4k-base.pkl
degradation_type: none
degradation_strength: 0.0
deg: none
deg_scale: 0.0
purify_clean_test: True
purify_poisoned_test: True
use_purified_clean_test: True
use_purified_pois_test: True
at_threshold: 1
------------------------------------------------------------------------------------
Runtime metadata
------------------------------------------------------------------------------------
mode: 3
classes: 20
device: cuda:0
run_log_path: logs/20260816_022152_Imagenette2_BadNet_none_0.0_seed1234.log
====================================================================================
Mode is 3
Using the pattern size: 9*9
====================================================================================
purified_ins(args, clean_train, purified_clean_test, poisoned_train, purified_pois_test)
====================================================================================
Using Pre-trained model: Imagenette2_pretrain/BadNet/Res_34_256
=================================================Loading Model ==================================================
=================================================    Loaded    ==================================================
==========Test result on benign test dataset(CA)==========
[2026-08-16_02:37:32] Top-1 correct / Total: 3290/3925, Top-1 accuracy: 0.8382165605095542, Top-5 correct / Total: 3855/3925, Top-5 accuracy: 0.9821656050955414, time: 31.291459560394287
 class_acc:{0: 0.8733850129198967, 1: 0.8784810126582279, 2: 0.8823529411764706, 3: 0.6865284974093264, 4: 0.9095354523227384, 5: 0.817258883248731, 6: 0.8663239074550129, 7: 0.7565632458233891, 8: 0.8471177944862155, 9: 0.8692307692307693}
ASR_lables tensor([1, 1, 1,  ..., 1, 1, 1])
==========Test result on poisoned test dataset(ASR)(Not including images with original label same as attack label)==========
[2026-08-16_02:37:58] Top-1 correct / Total: 2609/3530, Top-1 accuracy: 0.7390934844192635, Top-5 correct / Total: 3244/3530, Top-5 accuracy: 0.9189801699716714, time: 57.01417946815491
 class_acc:{1: 0.7390934844192635}
PA_lables tensor([0, 0, 0,  ..., 9, 9, 9])
==========Test result on poisoned test dataset(PA)==========
[2026-08-16_02:38:29] Top-1 correct / Total: 673/3925, Top-1 accuracy: 0.17146496815286624, Top-5 correct / Total: 3403/3925, Top-5 accuracy: 0.8670063694267516, time: 88.26381182670593
 class_acc:{0: 0.05167958656330749, 1: 0.9215189873417722, 2: 0.058823529411764705, 3: 0.04404145077720207, 4: 0.24205378973105135, 5: 0.1065989847715736, 6: 0.11825192802056556, 7: 0.0405727923627685, 8: 0.05263157894736842, 9: 0.06666666666666667}
=================================================End==================================================
