2026-08-16 02:38:33,262 [INFO] Run log: logs/20260816_023833_Imagenette2_Blended_none_0.0_seed1234.log
Using the Imagenette2
The at_threshold: 1
2026-08-16 02:38:33,528 [INFO] Using device: cuda:0
====================================================================================
Non-default run settings
====================================================================================
attack_method: Blended
attack_schedule: Blended
restorer_ckpt: ./pretrain/haze4k-base.pkl
degradation_type: none
degradation_strength: 0.0
deg: none
deg_scale: 0.0
purify_clean_test: True
purify_poisoned_test: True
use_purified_clean_test: True
use_purified_pois_test: True
at_threshold: 1
------------------------------------------------------------------------------------
Runtime metadata
------------------------------------------------------------------------------------
mode: 3
classes: 20
device: cuda:0
run_log_path: logs/20260816_023833_Imagenette2_Blended_none_0.0_seed1234.log
====================================================================================
Mode is 3
====================================================================================
purified_ins(args, clean_train, purified_clean_test, poisoned_train, purified_pois_test)
====================================================================================
Using Pre-trained model: Imagenette2_pretrain/Blended/Res_34_256
=================================================Loading Model ==================================================
=================================================    Loaded    ==================================================
==========Test result on benign test dataset(CA)==========
[2026-08-16_02:51:56] Top-1 correct / Total: 3345/3925, Top-1 accuracy: 0.8522292993630574, Top-5 correct / Total: 3849/3925, Top-5 accuracy: 0.9806369426751592, time: 25.81905961036682
 class_acc:{0: 0.9043927648578811, 1: 0.9139240506329114, 2: 0.865546218487395, 3: 0.6839378238341969, 4: 0.9168704156479217, 5: 0.8223350253807107, 6: 0.8663239074550129, 7: 0.7899761336515513, 8: 0.8646616541353384, 9: 0.8948717948717949}
ASR_lables tensor([1, 1, 1,  ..., 1, 1, 1])
==========Test result on poisoned test dataset(ASR)(Not including images with original label same as attack label)==========
[2026-08-16_02:52:17] Top-1 correct / Total: 3518/3530, Top-1 accuracy: 0.996600566572238, Top-5 correct / Total: 3528/3530, Top-5 accuracy: 0.9994334277620397, time: 47.19013714790344
 class_acc:{1: 0.996600566572238}
PA_lables tensor([0, 0, 0,  ..., 9, 9, 9])
==========Test result on poisoned test dataset(PA)==========
[2026-08-16_02:52:43] Top-1 correct / Total: 403/3925, Top-1 accuracy: 0.10267515923566879, Top-5 correct / Total: 3052/3925, Top-5 accuracy: 0.7775796178343949, time: 73.17274069786072
 class_acc:{0: 0.0, 1: 1.0, 2: 0.0028011204481792717, 3: 0.0, 4: 0.0024449877750611247, 5: 0.005076142131979695, 6: 0.0, 7: 0.0, 8: 0.010025062656641603, 9: 0.0}
=================================================End==================================================
