2026-08-23 14:15:41,102 [INFO] Run log: logs/20260823_141541_CIFAR10ImageFolder_WaNet_haze_0.2_seed1234.log
Using the CIFAR10ImageFolder
The at_threshold: 1
2026-08-23 14:15:41,554 [INFO] Using device: cuda:0
====================================================================================
Non-default run settings
====================================================================================
dataset: CIFAR10ImageFolder
attack_method: WaNet
attack_schedule: WaNet
img_size: 32
deg: haze
deg_scale: 0.2
purify_clean_test: True
purify_poisoned_test: True
use_purified_clean_test: True
use_purified_pois_test: True
at_threshold: 1
degradation_type: haze
degradation_strength: 0.2
use_conv_ir: True
------------------------------------------------------------------------------------
Runtime metadata
------------------------------------------------------------------------------------
mode: 3
classes: 10
device: cuda:0
run_log_path: logs/20260823_141541_CIFAR10ImageFolder_WaNet_haze_0.2_seed1234.log
====================================================================================
Mode is 3
====================================================================================
purified_ins(args, clean_train, purified_clean_test, poisoned_train, purified_pois_test)
====================================================================================
Using Pre-trained model: CIFAR10ImageFolder_pretrain/WaNet/Res_34_32
=================================================Loading Model ==================================================
=================================================    Loaded    ==================================================
==========Test result on benign test dataset(CA)==========
[2026-08-23_14:24:55] Top-1 correct / Total: 8818/10000, Top-1 accuracy: 0.8818, Top-5 correct / Total: 9931/10000, Top-5 accuracy: 0.9931, time: 1.4830224514007568
 class_acc:{0: 0.906, 1: 0.958, 2: 0.814, 3: 0.751, 4: 0.872, 5: 0.818, 6: 0.92, 7: 0.93, 8: 0.93, 9: 0.919}
ASR_lables tensor([1, 1, 1,  ..., 1, 1, 1])
==========Test result on poisoned test dataset(ASR)(Not including images with original label same as attack label)==========
[2026-08-23_14:25:34] Top-1 correct / Total: 8937/9000, Top-1 accuracy: 0.993, Top-5 correct / Total: 8998/9000, Top-5 accuracy: 0.9997777777777778, time: 40.546875
 class_acc:{1: 0.993}
PA_lables tensor([0, 0, 0,  ..., 9, 9, 9])
==========Test result on poisoned test dataset(PA)==========
[2026-08-23_14:25:35] Top-1 correct / Total: 1059/10000, Top-1 accuracy: 0.1059, Top-5 correct / Total: 7352/10000, Top-5 accuracy: 0.7352, time: 41.58239674568176
 class_acc:{0: 0.012, 1: 1.0, 2: 0.018, 3: 0.003, 4: 0.003, 5: 0.003, 6: 0.014, 7: 0.001, 8: 0.005, 9: 0.0}
=================================================End==================================================
