2026-08-23 14:35:34,000 [INFO] Run log: logs/20260823_143534_CIFAR10ImageFolder_WaNet_haze_0.75_seed1234.log
Using the CIFAR10ImageFolder
The at_threshold: 1
2026-08-23 14:35:34,449 [INFO] Using device: cuda:0
====================================================================================
Non-default run settings
====================================================================================
dataset: CIFAR10ImageFolder
attack_method: WaNet
attack_schedule: WaNet
img_size: 32
deg: haze
deg_scale: 0.75
purify_clean_test: True
purify_poisoned_test: True
use_purified_clean_test: True
use_purified_pois_test: True
at_threshold: 1
degradation_type: haze
degradation_strength: 0.75
use_conv_ir: True
------------------------------------------------------------------------------------
Runtime metadata
------------------------------------------------------------------------------------
mode: 3
classes: 10
device: cuda:0
run_log_path: logs/20260823_143534_CIFAR10ImageFolder_WaNet_haze_0.75_seed1234.log
====================================================================================
Mode is 3
====================================================================================
purified_ins(args, clean_train, purified_clean_test, poisoned_train, purified_pois_test)
====================================================================================
Using Pre-trained model: CIFAR10ImageFolder_pretrain/WaNet/Res_34_32
=================================================Loading Model ==================================================
=================================================    Loaded    ==================================================
==========Test result on benign test dataset(CA)==========
[2026-08-23_14:44:51] Top-1 correct / Total: 8450/10000, Top-1 accuracy: 0.845, Top-5 correct / Total: 9888/10000, Top-5 accuracy: 0.9888, time: 1.3307950496673584
 class_acc:{0: 0.894, 1: 0.929, 2: 0.722, 3: 0.778, 4: 0.817, 5: 0.726, 6: 0.863, 7: 0.904, 8: 0.922, 9: 0.895}
ASR_lables tensor([1, 1, 1,  ..., 1, 1, 1])
==========Test result on poisoned test dataset(ASR)(Not including images with original label same as attack label)==========
[2026-08-23_14:45:30] Top-1 correct / Total: 8594/9000, Top-1 accuracy: 0.9548888888888889, Top-5 correct / Total: 8973/9000, Top-5 accuracy: 0.997, time: 39.621217250823975
 class_acc:{1: 0.9548888888888889}
PA_lables tensor([0, 0, 0,  ..., 9, 9, 9])
==========Test result on poisoned test dataset(PA)==========
[2026-08-23_14:45:31] Top-1 correct / Total: 1275/10000, Top-1 accuracy: 0.1275, Top-5 correct / Total: 7841/10000, Top-5 accuracy: 0.7841, time: 40.64331007003784
 class_acc:{0: 0.036, 1: 0.999, 2: 0.059, 3: 0.028, 4: 0.05, 5: 0.01, 6: 0.037, 7: 0.017, 8: 0.037, 9: 0.002}
=================================================End==================================================
