2026-08-22 23:30:43,823 [INFO] Run log: logs/20260822_233043_CIFAR10ImageFolder_ISSBA_haze_0.9_seed1234.log
Using the CIFAR10ImageFolder
The at_threshold: 1
2026-08-22 23:30:44,226 [INFO] Using device: cuda:0
====================================================================================
Non-default run settings
====================================================================================
dataset: CIFAR10ImageFolder
attack_method: ISSBA
attack_schedule: ISSBA
issba_exported_poisoned_root: exported_poisoned/ISSBA/CIFAR10ImageFolder
img_size: 32
deg: haze
deg_scale: 0.9
purify_clean_test: True
purify_poisoned_test: True
use_purified_clean_test: True
use_purified_pois_test: True
at_threshold: 1
degradation_type: haze
degradation_strength: 0.9
use_conv_ir: True
------------------------------------------------------------------------------------
Runtime metadata
------------------------------------------------------------------------------------
mode: 3
classes: 10
device: cuda:0
run_log_path: logs/20260822_233043_CIFAR10ImageFolder_ISSBA_haze_0.9_seed1234.log
====================================================================================
Mode is 3
====================================================================================
purified_ins(args, clean_train, purified_clean_test, poisoned_train, purified_pois_test)
====================================================================================
Using Pre-trained model: CIFAR10ImageFolder_pretrain/ISSBA/Res_34_32
=================================================Loading Model ==================================================
=================================================    Loaded    ==================================================
==========Test result on benign test dataset(CA)==========
[2026-08-22_23:38:22] Top-1 correct / Total: 2528/10000, Top-1 accuracy: 0.2528, Top-5 correct / Total: 6870/10000, Top-5 accuracy: 0.687, time: 0.8864536285400391
 class_acc:{0: 0.909, 1: 0.162, 2: 0.075, 3: 0.32, 4: 0.135, 5: 0.179, 6: 0.114, 7: 0.204, 8: 0.271, 9: 0.159}
ASR_lables tensor([1, 1, 1,  ..., 1, 1, 1])
==========Test result on poisoned test dataset(ASR)(Not including images with original label same as attack label)==========
[2026-08-22_23:38:46] Top-1 correct / Total: 102/9000, Top-1 accuracy: 0.011333333333333334, Top-5 correct / Total: 705/9000, Top-5 accuracy: 0.07833333333333334, time: 25.001699924468994
 class_acc:{1: 0.011333333333333334}
PA_lables tensor([0, 0, 0,  ..., 9, 9, 9])
==========Test result on poisoned test dataset(PA)==========
[2026-08-22_23:38:47] Top-1 correct / Total: 2466/10000, Top-1 accuracy: 0.2466, Top-5 correct / Total: 6848/10000, Top-5 accuracy: 0.6848, time: 25.781236171722412
 class_acc:{0: 0.907, 1: 0.181, 2: 0.068, 3: 0.302, 4: 0.128, 5: 0.173, 6: 0.103, 7: 0.197, 8: 0.27, 9: 0.137}
=================================================End==================================================
