2026-08-22 20:56:23,285 [INFO] Run log: logs/20260822_205623_CIFAR10ImageFolder_BadNet_haze_0.15_seed1234.log
Using the CIFAR10ImageFolder
The at_threshold: 1
2026-08-22 20:56:23,812 [INFO] Using device: cuda:0
====================================================================================
Non-default run settings
====================================================================================
dataset: CIFAR10ImageFolder
img_size: 32
deg: haze
deg_scale: 0.15
purify_clean_test: True
purify_poisoned_test: True
use_purified_clean_test: True
use_purified_pois_test: True
at_threshold: 1
degradation_type: haze
degradation_strength: 0.15
use_conv_ir: True
------------------------------------------------------------------------------------
Runtime metadata
------------------------------------------------------------------------------------
mode: 3
classes: 10
device: cuda:0
run_log_path: logs/20260822_205623_CIFAR10ImageFolder_BadNet_haze_0.15_seed1234.log
====================================================================================
Mode is 3
====================================================================================
purified_ins(args, clean_train, purified_clean_test, poisoned_train, purified_pois_test)
====================================================================================
Using Pre-trained model: CIFAR10ImageFolder_pretrain/BadNet/Res_34_32
=================================================Loading Model ==================================================
=================================================    Loaded    ==================================================
==========Test result on benign test dataset(CA)==========
[2026-08-22_21:04:04] Top-1 correct / Total: 8745/10000, Top-1 accuracy: 0.8745, Top-5 correct / Total: 9927/10000, Top-5 accuracy: 0.9927, time: 0.9024372100830078
 class_acc:{0: 0.906, 1: 0.942, 2: 0.812, 3: 0.721, 4: 0.853, 5: 0.812, 6: 0.921, 7: 0.913, 8: 0.932, 9: 0.933}
ASR_lables tensor([1, 1, 1,  ..., 1, 1, 1])
==========Test result on poisoned test dataset(ASR)(Not including images with original label same as attack label)==========
[2026-08-22_21:04:27] Top-1 correct / Total: 8992/9000, Top-1 accuracy: 0.9991111111111111, Top-5 correct / Total: 9000/9000, Top-5 accuracy: 1.0, time: 24.137670516967773
 class_acc:{1: 0.9991111111111111}
PA_lables tensor([0, 0, 0,  ..., 9, 9, 9])
==========Test result on poisoned test dataset(PA)==========
[2026-08-22_21:04:28] Top-1 correct / Total: 1008/10000, Top-1 accuracy: 0.1008, Top-5 correct / Total: 8853/10000, Top-5 accuracy: 0.8853, time: 24.883190870285034
 class_acc:{0: 0.001, 1: 1.0, 2: 0.0, 3: 0.0, 4: 0.0, 5: 0.0, 6: 0.002, 7: 0.001, 8: 0.001, 9: 0.003}
=================================================End==================================================
