2026-08-23 14:05:46,916 [INFO] Run log: logs/20260823_140546_CIFAR10ImageFolder_WaNet_haze_0.15_seed1234.log
Using the CIFAR10ImageFolder
The at_threshold: 1
2026-08-23 14:05:47,363 [INFO] Using device: cuda:0
====================================================================================
Non-default run settings
====================================================================================
dataset: CIFAR10ImageFolder
attack_method: WaNet
attack_schedule: WaNet
img_size: 32
deg: haze
deg_scale: 0.15
purify_clean_test: True
purify_poisoned_test: True
use_purified_clean_test: True
use_purified_pois_test: True
at_threshold: 1
degradation_type: haze
degradation_strength: 0.15
use_conv_ir: True
------------------------------------------------------------------------------------
Runtime metadata
------------------------------------------------------------------------------------
mode: 3
classes: 10
device: cuda:0
run_log_path: logs/20260823_140546_CIFAR10ImageFolder_WaNet_haze_0.15_seed1234.log
====================================================================================
Mode is 3
====================================================================================
purified_ins(args, clean_train, purified_clean_test, poisoned_train, purified_pois_test)
====================================================================================
Using Pre-trained model: CIFAR10ImageFolder_pretrain/WaNet/Res_34_32
=================================================Loading Model ==================================================
=================================================    Loaded    ==================================================
==========Test result on benign test dataset(CA)==========
[2026-08-23_14:15:00] Top-1 correct / Total: 8824/10000, Top-1 accuracy: 0.8824, Top-5 correct / Total: 9933/10000, Top-5 accuracy: 0.9933, time: 1.2887539863586426
 class_acc:{0: 0.908, 1: 0.96, 2: 0.816, 3: 0.752, 4: 0.871, 5: 0.82, 6: 0.921, 7: 0.93, 8: 0.927, 9: 0.919}
ASR_lables tensor([1, 1, 1,  ..., 1, 1, 1])
==========Test result on poisoned test dataset(ASR)(Not including images with original label same as attack label)==========
[2026-08-23_14:15:37] Top-1 correct / Total: 8941/9000, Top-1 accuracy: 0.9934444444444445, Top-5 correct / Total: 8998/9000, Top-5 accuracy: 0.9997777777777778, time: 39.01220989227295
 class_acc:{1: 0.9934444444444445}
PA_lables tensor([0, 0, 0,  ..., 9, 9, 9])
==========Test result on poisoned test dataset(PA)==========
[2026-08-23_14:15:38] Top-1 correct / Total: 1055/10000, Top-1 accuracy: 0.1055, Top-5 correct / Total: 7323/10000, Top-5 accuracy: 0.7323, time: 40.03540301322937
 class_acc:{0: 0.01, 1: 1.0, 2: 0.018, 3: 0.003, 4: 0.002, 5: 0.003, 6: 0.014, 7: 0.001, 8: 0.004, 9: 0.0}
=================================================End==================================================
