2026-08-22 21:37:02,322 [INFO] Run log: logs/20260822_213702_CIFAR10ImageFolder_Blended_haze_0.15_seed1234.log
Using the CIFAR10ImageFolder
The at_threshold: 1
2026-08-22 21:37:02,715 [INFO] Using device: cuda:0
====================================================================================
Non-default run settings
====================================================================================
dataset: CIFAR10ImageFolder
attack_method: Blended
attack_schedule: Blended
img_size: 32
deg: haze
deg_scale: 0.15
purify_clean_test: True
purify_poisoned_test: True
use_purified_clean_test: True
use_purified_pois_test: True
at_threshold: 1
degradation_type: haze
degradation_strength: 0.15
use_conv_ir: True
------------------------------------------------------------------------------------
Runtime metadata
------------------------------------------------------------------------------------
mode: 3
classes: 10
device: cuda:0
run_log_path: logs/20260822_213702_CIFAR10ImageFolder_Blended_haze_0.15_seed1234.log
====================================================================================
Mode is 3
====================================================================================
purified_ins(args, clean_train, purified_clean_test, poisoned_train, purified_pois_test)
====================================================================================
Using Pre-trained model: CIFAR10ImageFolder_pretrain/Blended/Res_34_32
=================================================Loading Model ==================================================
=================================================    Loaded    ==================================================
==========Test result on benign test dataset(CA)==========
[2026-08-22_21:44:40] Top-1 correct / Total: 8784/10000, Top-1 accuracy: 0.8784, Top-5 correct / Total: 9928/10000, Top-5 accuracy: 0.9928, time: 0.8525595664978027
 class_acc:{0: 0.897, 1: 0.955, 2: 0.826, 3: 0.725, 4: 0.872, 5: 0.795, 6: 0.922, 7: 0.936, 8: 0.921, 9: 0.935}
ASR_lables tensor([1, 1, 1,  ..., 1, 1, 1])
==========Test result on poisoned test dataset(ASR)(Not including images with original label same as attack label)==========
[2026-08-22_21:45:05] Top-1 correct / Total: 9000/9000, Top-1 accuracy: 1.0, Top-5 correct / Total: 9000/9000, Top-5 accuracy: 1.0, time: 25.7523136138916
 class_acc:{1: 1.0}
PA_lables tensor([0, 0, 0,  ..., 9, 9, 9])
==========Test result on poisoned test dataset(PA)==========
[2026-08-22_21:45:06] Top-1 correct / Total: 1000/10000, Top-1 accuracy: 0.1, Top-5 correct / Total: 5612/10000, Top-5 accuracy: 0.5612, time: 26.49648928642273
 class_acc:{0: 0.0, 1: 1.0, 2: 0.0, 3: 0.0, 4: 0.0, 5: 0.0, 6: 0.0, 7: 0.0, 8: 0.0, 9: 0.0}
=================================================End==================================================
