2026-08-22 23:14:28,730 [INFO] Run log: logs/20260822_231428_CIFAR10ImageFolder_ISSBA_haze_0.5_seed1234.log
Using the CIFAR10ImageFolder
The at_threshold: 1
2026-08-22 23:14:29,124 [INFO] Using device: cuda:0
====================================================================================
Non-default run settings
====================================================================================
dataset: CIFAR10ImageFolder
attack_method: ISSBA
attack_schedule: ISSBA
issba_exported_poisoned_root: exported_poisoned/ISSBA/CIFAR10ImageFolder
img_size: 32
deg: haze
deg_scale: 0.5
purify_clean_test: True
purify_poisoned_test: True
use_purified_clean_test: True
use_purified_pois_test: True
at_threshold: 1
degradation_type: haze
degradation_strength: 0.5
use_conv_ir: True
------------------------------------------------------------------------------------
Runtime metadata
------------------------------------------------------------------------------------
mode: 3
classes: 10
device: cuda:0
run_log_path: logs/20260822_231428_CIFAR10ImageFolder_ISSBA_haze_0.5_seed1234.log
====================================================================================
Mode is 3
====================================================================================
purified_ins(args, clean_train, purified_clean_test, poisoned_train, purified_pois_test)
====================================================================================
Using Pre-trained model: CIFAR10ImageFolder_pretrain/ISSBA/Res_34_32
=================================================Loading Model ==================================================
=================================================    Loaded    ==================================================
==========Test result on benign test dataset(CA)==========
[2026-08-22_23:22:05] Top-1 correct / Total: 8689/10000, Top-1 accuracy: 0.8689, Top-5 correct / Total: 9917/10000, Top-5 accuracy: 0.9917, time: 0.9299900531768799
 class_acc:{0: 0.907, 1: 0.946, 2: 0.813, 3: 0.723, 4: 0.844, 5: 0.8, 6: 0.912, 7: 0.895, 8: 0.928, 9: 0.921}
ASR_lables tensor([1, 1, 1,  ..., 1, 1, 1])
==========Test result on poisoned test dataset(ASR)(Not including images with original label same as attack label)==========
[2026-08-22_23:22:29] Top-1 correct / Total: 7748/9000, Top-1 accuracy: 0.8608888888888889, Top-5 correct / Total: 8933/9000, Top-5 accuracy: 0.9925555555555555, time: 24.87703585624695
 class_acc:{1: 0.8608888888888889}
PA_lables tensor([0, 0, 0,  ..., 9, 9, 9])
==========Test result on poisoned test dataset(PA)==========
[2026-08-22_23:22:30] Top-1 correct / Total: 2151/10000, Top-1 accuracy: 0.2151, Top-5 correct / Total: 9527/10000, Top-5 accuracy: 0.9527, time: 25.622431993484497
 class_acc:{0: 0.134, 1: 0.995, 2: 0.084, 3: 0.053, 4: 0.084, 5: 0.065, 6: 0.188, 7: 0.167, 8: 0.162, 9: 0.219}
=================================================End==================================================
