2026-08-23 14:45:33,556 [INFO] Run log: logs/20260823_144533_CIFAR10ImageFolder_WaNet_haze_0.9_seed1234.log
Using the CIFAR10ImageFolder
The at_threshold: 1
2026-08-23 14:45:34,229 [INFO] Using device: cuda:0
====================================================================================
Non-default run settings
====================================================================================
dataset: CIFAR10ImageFolder
attack_method: WaNet
attack_schedule: WaNet
img_size: 32
deg: haze
deg_scale: 0.9
purify_clean_test: True
purify_poisoned_test: True
use_purified_clean_test: True
use_purified_pois_test: True
at_threshold: 1
degradation_type: haze
degradation_strength: 0.9
use_conv_ir: True
------------------------------------------------------------------------------------
Runtime metadata
------------------------------------------------------------------------------------
mode: 3
classes: 10
device: cuda:0
run_log_path: logs/20260823_144533_CIFAR10ImageFolder_WaNet_haze_0.9_seed1234.log
====================================================================================
Mode is 3
====================================================================================
purified_ins(args, clean_train, purified_clean_test, poisoned_train, purified_pois_test)
====================================================================================
Using Pre-trained model: CIFAR10ImageFolder_pretrain/WaNet/Res_34_32
=================================================Loading Model ==================================================
=================================================    Loaded    ==================================================
==========Test result on benign test dataset(CA)==========
[2026-08-23_14:54:50] Top-1 correct / Total: 3097/10000, Top-1 accuracy: 0.3097, Top-5 correct / Total: 7702/10000, Top-5 accuracy: 0.7702, time: 1.521946668624878
 class_acc:{0: 0.933, 1: 0.267, 2: 0.091, 3: 0.455, 4: 0.235, 5: 0.146, 6: 0.149, 7: 0.306, 8: 0.276, 9: 0.239}
ASR_lables tensor([1, 1, 1,  ..., 1, 1, 1])
==========Test result on poisoned test dataset(ASR)(Not including images with original label same as attack label)==========
[2026-08-23_14:55:29] Top-1 correct / Total: 3385/9000, Top-1 accuracy: 0.3761111111111111, Top-5 correct / Total: 6963/9000, Top-5 accuracy: 0.7736666666666666, time: 40.12342834472656
 class_acc:{1: 0.3761111111111111}
PA_lables tensor([0, 0, 0,  ..., 9, 9, 9])
==========Test result on poisoned test dataset(PA)==========
[2026-08-23_14:55:30] Top-1 correct / Total: 1509/10000, Top-1 accuracy: 0.1509, Top-5 correct / Total: 6520/10000, Top-5 accuracy: 0.652, time: 41.17912244796753
 class_acc:{0: 0.531, 1: 0.639, 2: 0.008, 3: 0.125, 4: 0.077, 5: 0.011, 6: 0.016, 7: 0.022, 8: 0.073, 9: 0.007}
=================================================End==================================================
