2026-08-22 21:20:50,201 [INFO] Run log: logs/20260822_212050_CIFAR10ImageFolder_BadNet_haze_0.75_seed1234.log
Using the CIFAR10ImageFolder
The at_threshold: 1
2026-08-22 21:20:50,603 [INFO] Using device: cuda:0
====================================================================================
Non-default run settings
====================================================================================
dataset: CIFAR10ImageFolder
img_size: 32
deg: haze
deg_scale: 0.75
purify_clean_test: True
purify_poisoned_test: True
use_purified_clean_test: True
use_purified_pois_test: True
at_threshold: 1
degradation_type: haze
degradation_strength: 0.75
use_conv_ir: True
------------------------------------------------------------------------------------
Runtime metadata
------------------------------------------------------------------------------------
mode: 3
classes: 10
device: cuda:0
run_log_path: logs/20260822_212050_CIFAR10ImageFolder_BadNet_haze_0.75_seed1234.log
====================================================================================
Mode is 3
====================================================================================
purified_ins(args, clean_train, purified_clean_test, poisoned_train, purified_pois_test)
====================================================================================
Using Pre-trained model: CIFAR10ImageFolder_pretrain/BadNet/Res_34_32
=================================================Loading Model ==================================================
=================================================    Loaded    ==================================================
==========Test result on benign test dataset(CA)==========
[2026-08-22_21:28:29] Top-1 correct / Total: 8386/10000, Top-1 accuracy: 0.8386, Top-5 correct / Total: 9893/10000, Top-5 accuracy: 0.9893, time: 0.8710319995880127
 class_acc:{0: 0.902, 1: 0.908, 2: 0.754, 3: 0.745, 4: 0.807, 5: 0.71, 6: 0.859, 7: 0.885, 8: 0.92, 9: 0.896}
ASR_lables tensor([1, 1, 1,  ..., 1, 1, 1])
==========Test result on poisoned test dataset(ASR)(Not including images with original label same as attack label)==========
[2026-08-22_21:28:52] Top-1 correct / Total: 8743/9000, Top-1 accuracy: 0.9714444444444444, Top-5 correct / Total: 8991/9000, Top-5 accuracy: 0.999, time: 24.348095655441284
 class_acc:{1: 0.9714444444444444}
PA_lables tensor([0, 0, 0,  ..., 9, 9, 9])
==========Test result on poisoned test dataset(PA)==========
[2026-08-22_21:28:53] Top-1 correct / Total: 1224/10000, Top-1 accuracy: 0.1224, Top-5 correct / Total: 9206/10000, Top-5 accuracy: 0.9206, time: 25.099637031555176
 class_acc:{0: 0.071, 1: 0.996, 2: 0.025, 3: 0.015, 4: 0.002, 5: 0.007, 6: 0.036, 7: 0.018, 8: 0.036, 9: 0.018}
=================================================End==================================================
