2026-08-22 22:58:14,477 [INFO] Run log: logs/20260822_225814_CIFAR10ImageFolder_ISSBA_haze_0.15_seed1234.log
Using the CIFAR10ImageFolder
The at_threshold: 1
2026-08-22 22:58:14,894 [INFO] Using device: cuda:0
====================================================================================
Non-default run settings
====================================================================================
dataset: CIFAR10ImageFolder
attack_method: ISSBA
attack_schedule: ISSBA
issba_exported_poisoned_root: exported_poisoned/ISSBA/CIFAR10ImageFolder
img_size: 32
deg: haze
deg_scale: 0.15
purify_clean_test: True
purify_poisoned_test: True
use_purified_clean_test: True
use_purified_pois_test: True
at_threshold: 1
degradation_type: haze
degradation_strength: 0.15
use_conv_ir: True
------------------------------------------------------------------------------------
Runtime metadata
------------------------------------------------------------------------------------
mode: 3
classes: 10
device: cuda:0
run_log_path: logs/20260822_225814_CIFAR10ImageFolder_ISSBA_haze_0.15_seed1234.log
====================================================================================
Mode is 3
====================================================================================
purified_ins(args, clean_train, purified_clean_test, poisoned_train, purified_pois_test)
====================================================================================
Using Pre-trained model: CIFAR10ImageFolder_pretrain/ISSBA/Res_34_32
=================================================Loading Model ==================================================
=================================================    Loaded    ==================================================
==========Test result on benign test dataset(CA)==========
[2026-08-22_23:05:55] Top-1 correct / Total: 8718/10000, Top-1 accuracy: 0.8718, Top-5 correct / Total: 9925/10000, Top-5 accuracy: 0.9925, time: 0.8797564506530762
 class_acc:{0: 0.9, 1: 0.955, 2: 0.823, 3: 0.72, 4: 0.842, 5: 0.81, 6: 0.917, 7: 0.899, 8: 0.928, 9: 0.924}
ASR_lables tensor([1, 1, 1,  ..., 1, 1, 1])
==========Test result on poisoned test dataset(ASR)(Not including images with original label same as attack label)==========
[2026-08-22_23:06:19] Top-1 correct / Total: 8193/9000, Top-1 accuracy: 0.9103333333333333, Top-5 correct / Total: 8974/9000, Top-5 accuracy: 0.9971111111111111, time: 24.289986848831177
 class_acc:{1: 0.9103333333333333}
PA_lables tensor([0, 0, 0,  ..., 9, 9, 9])
==========Test result on poisoned test dataset(PA)==========
[2026-08-22_23:06:20] Top-1 correct / Total: 1752/10000, Top-1 accuracy: 0.1752, Top-5 correct / Total: 9469/10000, Top-5 accuracy: 0.9469, time: 25.056614875793457
 class_acc:{0: 0.067, 1: 0.998, 2: 0.043, 3: 0.03, 4: 0.047, 5: 0.041, 6: 0.161, 7: 0.117, 8: 0.088, 9: 0.16}
=================================================End==================================================
