2026-08-22 21:04:30,429 [INFO] Run log: logs/20260822_210430_CIFAR10ImageFolder_BadNet_haze_0.2_seed1234.log
Using the CIFAR10ImageFolder
The at_threshold: 1
2026-08-22 21:04:30,810 [INFO] Using device: cuda:0
====================================================================================
Non-default run settings
====================================================================================
dataset: CIFAR10ImageFolder
img_size: 32
deg: haze
deg_scale: 0.2
purify_clean_test: True
purify_poisoned_test: True
use_purified_clean_test: True
use_purified_pois_test: True
at_threshold: 1
degradation_type: haze
degradation_strength: 0.2
use_conv_ir: True
------------------------------------------------------------------------------------
Runtime metadata
------------------------------------------------------------------------------------
mode: 3
classes: 10
device: cuda:0
run_log_path: logs/20260822_210430_CIFAR10ImageFolder_BadNet_haze_0.2_seed1234.log
====================================================================================
Mode is 3
====================================================================================
purified_ins(args, clean_train, purified_clean_test, poisoned_train, purified_pois_test)
====================================================================================
Using Pre-trained model: CIFAR10ImageFolder_pretrain/BadNet/Res_34_32
=================================================Loading Model ==================================================
=================================================    Loaded    ==================================================
==========Test result on benign test dataset(CA)==========
[2026-08-22_21:12:11] Top-1 correct / Total: 8736/10000, Top-1 accuracy: 0.8736, Top-5 correct / Total: 9929/10000, Top-5 accuracy: 0.9929, time: 0.8595821857452393
 class_acc:{0: 0.906, 1: 0.939, 2: 0.811, 3: 0.722, 4: 0.851, 5: 0.81, 6: 0.921, 7: 0.913, 8: 0.932, 9: 0.931}
ASR_lables tensor([1, 1, 1,  ..., 1, 1, 1])
==========Test result on poisoned test dataset(ASR)(Not including images with original label same as attack label)==========
[2026-08-22_21:12:35] Top-1 correct / Total: 8991/9000, Top-1 accuracy: 0.999, Top-5 correct / Total: 9000/9000, Top-5 accuracy: 1.0, time: 25.46552348136902
 class_acc:{1: 0.999}
PA_lables tensor([0, 0, 0,  ..., 9, 9, 9])
==========Test result on poisoned test dataset(PA)==========
[2026-08-22_21:12:36] Top-1 correct / Total: 1008/10000, Top-1 accuracy: 0.1008, Top-5 correct / Total: 8919/10000, Top-5 accuracy: 0.8919, time: 26.225241899490356
 class_acc:{0: 0.001, 1: 0.999, 2: 0.0, 3: 0.0, 4: 0.0, 5: 0.0, 6: 0.002, 7: 0.001, 8: 0.002, 9: 0.003}
=================================================End==================================================
