2026-08-23 14:25:38,057 [INFO] Run log: logs/20260823_142538_CIFAR10ImageFolder_WaNet_haze_0.5_seed1234.log
Using the CIFAR10ImageFolder
The at_threshold: 1
2026-08-23 14:25:38,531 [INFO] Using device: cuda:0
====================================================================================
Non-default run settings
====================================================================================
dataset: CIFAR10ImageFolder
attack_method: WaNet
attack_schedule: WaNet
img_size: 32
deg: haze
deg_scale: 0.5
purify_clean_test: True
purify_poisoned_test: True
use_purified_clean_test: True
use_purified_pois_test: True
at_threshold: 1
degradation_type: haze
degradation_strength: 0.5
use_conv_ir: True
------------------------------------------------------------------------------------
Runtime metadata
------------------------------------------------------------------------------------
mode: 3
classes: 10
device: cuda:0
run_log_path: logs/20260823_142538_CIFAR10ImageFolder_WaNet_haze_0.5_seed1234.log
====================================================================================
Mode is 3
====================================================================================
purified_ins(args, clean_train, purified_clean_test, poisoned_train, purified_pois_test)
====================================================================================
Using Pre-trained model: CIFAR10ImageFolder_pretrain/WaNet/Res_34_32
=================================================Loading Model ==================================================
=================================================    Loaded    ==================================================
==========Test result on benign test dataset(CA)==========
[2026-08-23_14:34:52] Top-1 correct / Total: 8791/10000, Top-1 accuracy: 0.8791, Top-5 correct / Total: 9929/10000, Top-5 accuracy: 0.9929, time: 1.3903555870056152
 class_acc:{0: 0.912, 1: 0.953, 2: 0.809, 3: 0.751, 4: 0.873, 5: 0.808, 6: 0.91, 7: 0.931, 8: 0.931, 9: 0.913}
ASR_lables tensor([1, 1, 1,  ..., 1, 1, 1])
==========Test result on poisoned test dataset(ASR)(Not including images with original label same as attack label)==========
[2026-08-23_14:35:30] Top-1 correct / Total: 8891/9000, Top-1 accuracy: 0.9878888888888889, Top-5 correct / Total: 8994/9000, Top-5 accuracy: 0.9993333333333333, time: 39.94102454185486
 class_acc:{1: 0.9878888888888889}
PA_lables tensor([0, 0, 0,  ..., 9, 9, 9])
==========Test result on poisoned test dataset(PA)==========
[2026-08-23_14:35:31] Top-1 correct / Total: 1095/10000, Top-1 accuracy: 0.1095, Top-5 correct / Total: 7533/10000, Top-5 accuracy: 0.7533, time: 40.96473145484924
 class_acc:{0: 0.015, 1: 1.0, 2: 0.029, 3: 0.005, 4: 0.008, 5: 0.004, 6: 0.023, 7: 0.002, 8: 0.009, 9: 0.0}
=================================================End==================================================
