2026-08-22 23:06:22,304 [INFO] Run log: logs/20260822_230622_CIFAR10ImageFolder_ISSBA_haze_0.2_seed1234.log
Using the CIFAR10ImageFolder
The at_threshold: 1
2026-08-22 23:06:22,797 [INFO] Using device: cuda:0
====================================================================================
Non-default run settings
====================================================================================
dataset: CIFAR10ImageFolder
attack_method: ISSBA
attack_schedule: ISSBA
issba_exported_poisoned_root: exported_poisoned/ISSBA/CIFAR10ImageFolder
img_size: 32
deg: haze
deg_scale: 0.2
purify_clean_test: True
purify_poisoned_test: True
use_purified_clean_test: True
use_purified_pois_test: True
at_threshold: 1
degradation_type: haze
degradation_strength: 0.2
use_conv_ir: True
------------------------------------------------------------------------------------
Runtime metadata
------------------------------------------------------------------------------------
mode: 3
classes: 10
device: cuda:0
run_log_path: logs/20260822_230622_CIFAR10ImageFolder_ISSBA_haze_0.2_seed1234.log
====================================================================================
Mode is 3
====================================================================================
purified_ins(args, clean_train, purified_clean_test, poisoned_train, purified_pois_test)
====================================================================================
Using Pre-trained model: CIFAR10ImageFolder_pretrain/ISSBA/Res_34_32
=================================================Loading Model ==================================================
=================================================    Loaded    ==================================================
==========Test result on benign test dataset(CA)==========
[2026-08-22_23:14:02] Top-1 correct / Total: 8710/10000, Top-1 accuracy: 0.871, Top-5 correct / Total: 9928/10000, Top-5 accuracy: 0.9928, time: 0.8718314170837402
 class_acc:{0: 0.903, 1: 0.955, 2: 0.822, 3: 0.719, 4: 0.841, 5: 0.809, 6: 0.914, 7: 0.897, 8: 0.928, 9: 0.922}
ASR_lables tensor([1, 1, 1,  ..., 1, 1, 1])
==========Test result on poisoned test dataset(ASR)(Not including images with original label same as attack label)==========
[2026-08-22_23:14:25] Top-1 correct / Total: 8162/9000, Top-1 accuracy: 0.9068888888888889, Top-5 correct / Total: 8970/9000, Top-5 accuracy: 0.9966666666666667, time: 24.590126991271973
 class_acc:{1: 0.9068888888888889}
PA_lables tensor([0, 0, 0,  ..., 9, 9, 9])
==========Test result on poisoned test dataset(PA)==========
[2026-08-22_23:14:26] Top-1 correct / Total: 1780/10000, Top-1 accuracy: 0.178, Top-5 correct / Total: 9472/10000, Top-5 accuracy: 0.9472, time: 25.33971619606018
 class_acc:{0: 0.074, 1: 0.998, 2: 0.047, 3: 0.036, 4: 0.047, 5: 0.044, 6: 0.16, 7: 0.118, 8: 0.095, 9: 0.161}
=================================================End==================================================
