2026-08-22 22:01:17,768 [INFO] Run log: logs/20260822_220117_CIFAR10ImageFolder_Blended_haze_0.75_seed1234.log
Using the CIFAR10ImageFolder
The at_threshold: 1
2026-08-22 22:01:18,294 [INFO] Using device: cuda:0
====================================================================================
Non-default run settings
====================================================================================
dataset: CIFAR10ImageFolder
attack_method: Blended
attack_schedule: Blended
img_size: 32
deg: haze
deg_scale: 0.75
purify_clean_test: True
purify_poisoned_test: True
use_purified_clean_test: True
use_purified_pois_test: True
at_threshold: 1
degradation_type: haze
degradation_strength: 0.75
use_conv_ir: True
------------------------------------------------------------------------------------
Runtime metadata
------------------------------------------------------------------------------------
mode: 3
classes: 10
device: cuda:0
run_log_path: logs/20260822_220117_CIFAR10ImageFolder_Blended_haze_0.75_seed1234.log
====================================================================================
Mode is 3
====================================================================================
purified_ins(args, clean_train, purified_clean_test, poisoned_train, purified_pois_test)
====================================================================================
Using Pre-trained model: CIFAR10ImageFolder_pretrain/Blended/Res_34_32
=================================================Loading Model ==================================================
=================================================    Loaded    ==================================================
==========Test result on benign test dataset(CA)==========
[2026-08-22_22:08:56] Top-1 correct / Total: 8469/10000, Top-1 accuracy: 0.8469, Top-5 correct / Total: 9903/10000, Top-5 accuracy: 0.9903, time: 0.8813741207122803
 class_acc:{0: 0.895, 1: 0.923, 2: 0.739, 3: 0.754, 4: 0.848, 5: 0.717, 6: 0.859, 7: 0.913, 8: 0.915, 9: 0.906}
ASR_lables tensor([1, 1, 1,  ..., 1, 1, 1])
==========Test result on poisoned test dataset(ASR)(Not including images with original label same as attack label)==========
[2026-08-22_22:09:20] Top-1 correct / Total: 8995/9000, Top-1 accuracy: 0.9994444444444445, Top-5 correct / Total: 9000/9000, Top-5 accuracy: 1.0, time: 25.058313131332397
 class_acc:{1: 0.9994444444444445}
PA_lables tensor([0, 0, 0,  ..., 9, 9, 9])
==========Test result on poisoned test dataset(PA)==========
[2026-08-22_22:09:21] Top-1 correct / Total: 1003/10000, Top-1 accuracy: 0.1003, Top-5 correct / Total: 5720/10000, Top-5 accuracy: 0.572, time: 25.79786252975464
 class_acc:{0: 0.001, 1: 0.999, 2: 0.001, 3: 0.0, 4: 0.0, 5: 0.0, 6: 0.001, 7: 0.0, 8: 0.001, 9: 0.0}
=================================================End==================================================
