2026-08-22 21:12:38,737 [INFO] Run log: logs/20260822_211238_CIFAR10ImageFolder_BadNet_haze_0.5_seed1234.log
Using the CIFAR10ImageFolder
The at_threshold: 1
2026-08-22 21:12:39,238 [INFO] Using device: cuda:0
====================================================================================
Non-default run settings
====================================================================================
dataset: CIFAR10ImageFolder
img_size: 32
deg: haze
deg_scale: 0.5
purify_clean_test: True
purify_poisoned_test: True
use_purified_clean_test: True
use_purified_pois_test: True
at_threshold: 1
degradation_type: haze
degradation_strength: 0.5
use_conv_ir: True
------------------------------------------------------------------------------------
Runtime metadata
------------------------------------------------------------------------------------
mode: 3
classes: 10
device: cuda:0
run_log_path: logs/20260822_211238_CIFAR10ImageFolder_BadNet_haze_0.5_seed1234.log
====================================================================================
Mode is 3
====================================================================================
purified_ins(args, clean_train, purified_clean_test, poisoned_train, purified_pois_test)
====================================================================================
Using Pre-trained model: CIFAR10ImageFolder_pretrain/BadNet/Res_34_32
=================================================Loading Model ==================================================
=================================================    Loaded    ==================================================
==========Test result on benign test dataset(CA)==========
[2026-08-22_21:20:23] Top-1 correct / Total: 8722/10000, Top-1 accuracy: 0.8722, Top-5 correct / Total: 9931/10000, Top-5 accuracy: 0.9931, time: 0.9211442470550537
 class_acc:{0: 0.904, 1: 0.932, 2: 0.811, 3: 0.731, 4: 0.851, 5: 0.803, 6: 0.912, 7: 0.915, 8: 0.933, 9: 0.93}
ASR_lables tensor([1, 1, 1,  ..., 1, 1, 1])
==========Test result on poisoned test dataset(ASR)(Not including images with original label same as attack label)==========
[2026-08-22_21:20:47] Top-1 correct / Total: 8970/9000, Top-1 accuracy: 0.9966666666666667, Top-5 correct / Total: 9000/9000, Top-5 accuracy: 1.0, time: 24.856147527694702
 class_acc:{1: 0.9966666666666667}
PA_lables tensor([0, 0, 0,  ..., 9, 9, 9])
==========Test result on poisoned test dataset(PA)==========
[2026-08-22_21:20:47] Top-1 correct / Total: 1027/10000, Top-1 accuracy: 0.1027, Top-5 correct / Total: 9188/10000, Top-5 accuracy: 0.9188, time: 25.622591018676758
 class_acc:{0: 0.003, 1: 0.999, 2: 0.001, 3: 0.001, 4: 0.0, 5: 0.002, 6: 0.003, 7: 0.005, 8: 0.006, 9: 0.007}
=================================================End==================================================
