2026-08-22 23:22:32,412 [INFO] Run log: logs/20260822_232232_CIFAR10ImageFolder_ISSBA_haze_0.75_seed1234.log
Using the CIFAR10ImageFolder
The at_threshold: 1
2026-08-22 23:22:32,804 [INFO] Using device: cuda:0
====================================================================================
Non-default run settings
====================================================================================
dataset: CIFAR10ImageFolder
attack_method: ISSBA
attack_schedule: ISSBA
issba_exported_poisoned_root: exported_poisoned/ISSBA/CIFAR10ImageFolder
img_size: 32
deg: haze
deg_scale: 0.75
purify_clean_test: True
purify_poisoned_test: True
use_purified_clean_test: True
use_purified_pois_test: True
at_threshold: 1
degradation_type: haze
degradation_strength: 0.75
use_conv_ir: True
------------------------------------------------------------------------------------
Runtime metadata
------------------------------------------------------------------------------------
mode: 3
classes: 10
device: cuda:0
run_log_path: logs/20260822_232232_CIFAR10ImageFolder_ISSBA_haze_0.75_seed1234.log
====================================================================================
Mode is 3
====================================================================================
purified_ins(args, clean_train, purified_clean_test, poisoned_train, purified_pois_test)
====================================================================================
Using Pre-trained model: CIFAR10ImageFolder_pretrain/ISSBA/Res_34_32
=================================================Loading Model ==================================================
=================================================    Loaded    ==================================================
==========Test result on benign test dataset(CA)==========
[2026-08-22_23:30:16] Top-1 correct / Total: 8254/10000, Top-1 accuracy: 0.8254, Top-5 correct / Total: 9866/10000, Top-5 accuracy: 0.9866, time: 0.8630459308624268
 class_acc:{0: 0.898, 1: 0.92, 2: 0.721, 3: 0.728, 4: 0.777, 5: 0.713, 6: 0.839, 7: 0.861, 8: 0.921, 9: 0.876}
ASR_lables tensor([1, 1, 1,  ..., 1, 1, 1])
==========Test result on poisoned test dataset(ASR)(Not including images with original label same as attack label)==========
[2026-08-22_23:30:40] Top-1 correct / Total: 4406/9000, Top-1 accuracy: 0.4895555555555556, Top-5 correct / Total: 8117/9000, Top-5 accuracy: 0.9018888888888889, time: 25.217204570770264
 class_acc:{1: 0.4895555555555556}
PA_lables tensor([0, 0, 0,  ..., 9, 9, 9])
==========Test result on poisoned test dataset(PA)==========
[2026-08-22_23:30:41] Top-1 correct / Total: 4805/10000, Top-1 accuracy: 0.4805, Top-5 correct / Total: 9647/10000, Top-5 accuracy: 0.9647, time: 25.97281002998352
 class_acc:{0: 0.593, 1: 0.978, 2: 0.364, 3: 0.271, 4: 0.366, 5: 0.331, 6: 0.388, 7: 0.405, 8: 0.671, 9: 0.438}
=================================================End==================================================
