2026-08-22 22:09:23,972 [INFO] Run log: logs/20260822_220923_CIFAR10ImageFolder_Blended_haze_0.9_seed1234.log
Using the CIFAR10ImageFolder
The at_threshold: 1
2026-08-22 22:09:24,456 [INFO] Using device: cuda:0
====================================================================================
Non-default run settings
====================================================================================
dataset: CIFAR10ImageFolder
attack_method: Blended
attack_schedule: Blended
img_size: 32
deg: haze
deg_scale: 0.9
purify_clean_test: True
purify_poisoned_test: True
use_purified_clean_test: True
use_purified_pois_test: True
at_threshold: 1
degradation_type: haze
degradation_strength: 0.9
use_conv_ir: True
------------------------------------------------------------------------------------
Runtime metadata
------------------------------------------------------------------------------------
mode: 3
classes: 10
device: cuda:0
run_log_path: logs/20260822_220923_CIFAR10ImageFolder_Blended_haze_0.9_seed1234.log
====================================================================================
Mode is 3
====================================================================================
purified_ins(args, clean_train, purified_clean_test, poisoned_train, purified_pois_test)
====================================================================================
Using Pre-trained model: CIFAR10ImageFolder_pretrain/Blended/Res_34_32
=================================================Loading Model ==================================================
=================================================    Loaded    ==================================================
==========Test result on benign test dataset(CA)==========
[2026-08-22_22:17:04] Top-1 correct / Total: 3301/10000, Top-1 accuracy: 0.3301, Top-5 correct / Total: 7542/10000, Top-5 accuracy: 0.7542, time: 0.8790256977081299
 class_acc:{0: 0.895, 1: 0.293, 2: 0.127, 3: 0.499, 4: 0.221, 5: 0.176, 6: 0.162, 7: 0.317, 8: 0.328, 9: 0.283}
ASR_lables tensor([1, 1, 1,  ..., 1, 1, 1])
==========Test result on poisoned test dataset(ASR)(Not including images with original label same as attack label)==========
[2026-08-22_22:17:27] Top-1 correct / Total: 825/9000, Top-1 accuracy: 0.09166666666666666, Top-5 correct / Total: 1991/9000, Top-5 accuracy: 0.2212222222222222, time: 24.626041650772095
 class_acc:{1: 0.09166666666666666}
PA_lables tensor([0, 0, 0,  ..., 9, 9, 9])
==========Test result on poisoned test dataset(PA)==========
[2026-08-22_22:17:28] Top-1 correct / Total: 1327/10000, Top-1 accuracy: 0.1327, Top-5 correct / Total: 5513/10000, Top-5 accuracy: 0.5513, time: 25.374183177947998
 class_acc:{0: 0.852, 1: 0.176, 2: 0.022, 3: 0.064, 4: 0.111, 5: 0.001, 6: 0.018, 7: 0.002, 8: 0.079, 9: 0.002}
=================================================End==================================================
