2026-08-24 10:00:23,096 [INFO] Run log: logs/20260824_100023_CIFAR10ImageFolder_WaNet_litebd_stage1_swinir_0.5_seed1234.log
Using the CIFAR10ImageFolder
The at_threshold: 10
2026-08-24 10:00:23,490 [INFO] Using device: cuda:0
====================================================================================
Non-default run settings
====================================================================================
dataset: CIFAR10ImageFolder
attack_method: WaNet
img_size: 32
deg: litebd_stage1_swinir
deg_scale: 0.5
use_purified_clean_test: True
use_purified_pois_test: True
purifier_backend: none
degradation_type: litebd_stage1_swinir
degradation_strength: 0.5
------------------------------------------------------------------------------------
Runtime metadata
------------------------------------------------------------------------------------
mode: 3
classes: 10
device: cuda:0
run_log_path: logs/20260824_100023_CIFAR10ImageFolder_WaNet_litebd_stage1_swinir_0.5_seed1234.log
====================================================================================
Mode is 3
====================================================================================
purified_ins(args, clean_train, purified_clean_test, poisoned_train, purified_pois_test)
====================================================================================
Using Pre-trained model: CIFAR10ImageFolder_pretrain/WaNet/Res_34_32
=================================================Loading Model ==================================================
=================================================    Loaded    ==================================================
==========Test result on benign test dataset(CA)==========
[2026-08-24_10:00:25] Top-1 correct / Total: 7464/10000, Top-1 accuracy: 0.7464, Top-5 correct / Total: 9764/10000, Top-5 accuracy: 0.9764, time: 1.637688398361206
 class_acc:{0: 0.942, 1: 0.897, 2: 0.715, 3: 0.629, 4: 0.516, 5: 0.681, 6: 0.665, 7: 0.885, 8: 0.787, 9: 0.747}
ASR_lables tensor([1, 1, 1,  ..., 1, 1, 1])
==========Test result on poisoned test dataset(ASR)(Not including images with original label same as attack label)==========
[2026-08-24_10:00:58] Top-1 correct / Total: 69/9000, Top-1 accuracy: 0.007666666666666666, Top-5 correct / Total: 2588/9000, Top-5 accuracy: 0.28755555555555556, time: 33.839684009552
 class_acc:{1: 0.007666666666666666}
PA_lables tensor([0, 0, 0,  ..., 9, 9, 9])
==========Test result on poisoned test dataset(PA)==========
[2026-08-24_10:00:59] Top-1 correct / Total: 7123/10000, Top-1 accuracy: 0.7123, Top-5 correct / Total: 9713/10000, Top-5 accuracy: 0.9713, time: 34.77255892753601
 class_acc:{0: 0.931, 1: 0.815, 2: 0.689, 3: 0.694, 4: 0.518, 5: 0.684, 6: 0.562, 7: 0.843, 8: 0.723, 9: 0.664}
=================================================End==================================================
