2026-08-24 09:59:44,318 [INFO] Run log: logs/20260824_095944_CIFAR10ImageFolder_Blended_litebd_stage1_swinir_0.5_seed1234.log
Using the CIFAR10ImageFolder
The at_threshold: 10
2026-08-24 09:59:44,691 [INFO] Using device: cuda:0
====================================================================================
Non-default run settings
====================================================================================
dataset: CIFAR10ImageFolder
attack_method: Blended
img_size: 32
deg: litebd_stage1_swinir
deg_scale: 0.5
use_purified_clean_test: True
use_purified_pois_test: True
purifier_backend: none
degradation_type: litebd_stage1_swinir
degradation_strength: 0.5
------------------------------------------------------------------------------------
Runtime metadata
------------------------------------------------------------------------------------
mode: 3
classes: 10
device: cuda:0
run_log_path: logs/20260824_095944_CIFAR10ImageFolder_Blended_litebd_stage1_swinir_0.5_seed1234.log
====================================================================================
Mode is 3
====================================================================================
purified_ins(args, clean_train, purified_clean_test, poisoned_train, purified_pois_test)
====================================================================================
Using Pre-trained model: CIFAR10ImageFolder_pretrain/Blended/Res_34_32
=================================================Loading Model ==================================================
=================================================    Loaded    ==================================================
==========Test result on benign test dataset(CA)==========
[2026-08-24_09:59:47] Top-1 correct / Total: 7624/10000, Top-1 accuracy: 0.7624, Top-5 correct / Total: 9758/10000, Top-5 accuracy: 0.9758, time: 1.7275476455688477
 class_acc:{0: 0.936, 1: 0.878, 2: 0.722, 3: 0.585, 4: 0.639, 5: 0.69, 6: 0.682, 7: 0.893, 8: 0.807, 9: 0.792}
ASR_lables tensor([1, 1, 1,  ..., 1, 1, 1])
==========Test result on poisoned test dataset(ASR)(Not including images with original label same as attack label)==========
[2026-08-24_10:00:19] Top-1 correct / Total: 56/9000, Top-1 accuracy: 0.006222222222222222, Top-5 correct / Total: 1273/9000, Top-5 accuracy: 0.14144444444444446, time: 34.45079255104065
 class_acc:{1: 0.006222222222222222}
PA_lables tensor([0, 0, 0,  ..., 9, 9, 9])
==========Test result on poisoned test dataset(PA)==========
[2026-08-24_10:00:20] Top-1 correct / Total: 6036/10000, Top-1 accuracy: 0.6036, Top-5 correct / Total: 9450/10000, Top-5 accuracy: 0.945, time: 35.47050404548645
 class_acc:{0: 0.753, 1: 0.581, 2: 0.469, 3: 0.517, 4: 0.604, 5: 0.662, 6: 0.619, 7: 0.699, 8: 0.527, 9: 0.605}
=================================================End==================================================
