2026-08-24 10:01:01,295 [INFO] Run log: logs/20260824_100101_CIFAR10ImageFolder_ISSBA_litebd_stage1_swinir_0.5_seed1234.log
Using the CIFAR10ImageFolder
The at_threshold: 10
2026-08-24 10:01:01,726 [INFO] Using device: cuda:0
====================================================================================
Non-default run settings
====================================================================================
dataset: CIFAR10ImageFolder
attack_method: ISSBA
issba_exported_poisoned_root: exported_poisoned/ISSBA/CIFAR10ImageFolder
img_size: 32
deg: litebd_stage1_swinir
deg_scale: 0.5
use_purified_clean_test: True
use_purified_pois_test: True
purifier_backend: none
degradation_type: litebd_stage1_swinir
degradation_strength: 0.5
------------------------------------------------------------------------------------
Runtime metadata
------------------------------------------------------------------------------------
mode: 3
classes: 10
device: cuda:0
run_log_path: logs/20260824_100101_CIFAR10ImageFolder_ISSBA_litebd_stage1_swinir_0.5_seed1234.log
====================================================================================
Mode is 3
====================================================================================
purified_ins(args, clean_train, purified_clean_test, poisoned_train, purified_pois_test)
====================================================================================
Using Pre-trained model: CIFAR10ImageFolder_pretrain/ISSBA/Res_34_32
=================================================Loading Model ==================================================
=================================================    Loaded    ==================================================
==========Test result on benign test dataset(CA)==========
[2026-08-24_10:01:04] Top-1 correct / Total: 7622/10000, Top-1 accuracy: 0.7622, Top-5 correct / Total: 9785/10000, Top-5 accuracy: 0.9785, time: 1.684955358505249
 class_acc:{0: 0.926, 1: 0.882, 2: 0.743, 3: 0.634, 4: 0.58, 5: 0.708, 6: 0.633, 7: 0.854, 8: 0.849, 9: 0.813}
ASR_lables tensor([1, 1, 1,  ..., 1, 1, 1])
==========Test result on poisoned test dataset(ASR)(Not including images with original label same as attack label)==========
[2026-08-24_10:01:36] Top-1 correct / Total: 99/9000, Top-1 accuracy: 0.011, Top-5 correct / Total: 2962/9000, Top-5 accuracy: 0.32911111111111113, time: 33.23749089241028
 class_acc:{1: 0.011}
PA_lables tensor([0, 0, 0,  ..., 9, 9, 9])
==========Test result on poisoned test dataset(PA)==========
[2026-08-24_10:01:36] Top-1 correct / Total: 7646/10000, Top-1 accuracy: 0.7646, Top-5 correct / Total: 9787/10000, Top-5 accuracy: 0.9787, time: 34.049773931503296
 class_acc:{0: 0.925, 1: 0.881, 2: 0.745, 3: 0.64, 4: 0.585, 5: 0.706, 6: 0.639, 7: 0.86, 8: 0.85, 9: 0.815}
=================================================End==================================================
