2026-08-24 09:59:05,898 [INFO] Run log: logs/20260824_095905_CIFAR10ImageFolder_BadNet_litebd_stage1_swinir_0.5_seed1234.log
Using the CIFAR10ImageFolder
The at_threshold: 10
2026-08-24 09:59:06,305 [INFO] Using device: cuda:0
====================================================================================
Non-default run settings
====================================================================================
dataset: CIFAR10ImageFolder
img_size: 32
deg: litebd_stage1_swinir
deg_scale: 0.5
use_purified_clean_test: True
use_purified_pois_test: True
purifier_backend: none
degradation_type: litebd_stage1_swinir
degradation_strength: 0.5
------------------------------------------------------------------------------------
Runtime metadata
------------------------------------------------------------------------------------
mode: 3
classes: 10
device: cuda:0
run_log_path: logs/20260824_095905_CIFAR10ImageFolder_BadNet_litebd_stage1_swinir_0.5_seed1234.log
====================================================================================
Mode is 3
====================================================================================
purified_ins(args, clean_train, purified_clean_test, poisoned_train, purified_pois_test)
====================================================================================
Using Pre-trained model: CIFAR10ImageFolder_pretrain/BadNet/Res_34_32
=================================================Loading Model ==================================================
=================================================    Loaded    ==================================================
==========Test result on benign test dataset(CA)==========
[2026-08-24_09:59:08] Top-1 correct / Total: 7553/10000, Top-1 accuracy: 0.7553, Top-5 correct / Total: 9757/10000, Top-5 accuracy: 0.9757, time: 1.6300475597381592
 class_acc:{0: 0.927, 1: 0.889, 2: 0.736, 3: 0.617, 4: 0.55, 5: 0.713, 6: 0.618, 7: 0.864, 8: 0.818, 9: 0.821}
ASR_lables tensor([1, 1, 1,  ..., 1, 1, 1])
==========Test result on poisoned test dataset(ASR)(Not including images with original label same as attack label)==========
[2026-08-24_09:59:41] Top-1 correct / Total: 117/9000, Top-1 accuracy: 0.013, Top-5 correct / Total: 3367/9000, Top-5 accuracy: 0.3741111111111111, time: 34.08361291885376
 class_acc:{1: 0.013}
PA_lables tensor([0, 0, 0,  ..., 9, 9, 9])
==========Test result on poisoned test dataset(PA)==========
[2026-08-24_09:59:42] Top-1 correct / Total: 7383/10000, Top-1 accuracy: 0.7383, Top-5 correct / Total: 9701/10000, Top-5 accuracy: 0.9701, time: 35.01662755012512
 class_acc:{0: 0.934, 1: 0.869, 2: 0.723, 3: 0.59, 4: 0.518, 5: 0.73, 6: 0.564, 7: 0.853, 8: 0.804, 9: 0.798}
=================================================End==================================================
