2026-08-15 23:06:42,600 [INFO] Run log: logs/20260815_230642_Imagenette2_ISSBA_none_0.0_seed1234.log
Using the Imagenette2
The at_threshold: 1
2026-08-15 23:06:42,898 [INFO] Using device: cuda:0
====================================================================================
Non-default run settings
====================================================================================
attack_method: ISSBA
attack_schedule: ISSBA
issba_exported_poisoned_root: exported_poisoned/ISSBA/Imagenette2
restorer_ckpt: ./pretrain/convir_gopro.pkl
degradation_type: none
degradation_strength: 0.0
deg: none
deg_scale: 0.0
purify_clean_test: True
purify_poisoned_test: True
use_purified_clean_test: True
use_purified_pois_test: True
at_threshold: 1
------------------------------------------------------------------------------------
Runtime metadata
------------------------------------------------------------------------------------
mode: 3
classes: 20
device: cuda:0
run_log_path: logs/20260815_230642_Imagenette2_ISSBA_none_0.0_seed1234.log
====================================================================================
Mode is 3
====================================================================================
purified_ins(args, clean_train, purified_clean_test, poisoned_train, purified_pois_test)
====================================================================================
Using Pre-trained model: Imagenette2_pretrain/ISSBA/Res_34_256
=================================================Loading Model ==================================================
=================================================    Loaded    ==================================================
==========Test result on benign test dataset(CA)==========
[2026-08-15_23:21:35] Top-1 correct / Total: 3111/3925, Top-1 accuracy: 0.7926114649681528, Top-5 correct / Total: 3843/3925, Top-5 accuracy: 0.979108280254777, time: 30.15737009048462
 class_acc:{0: 0.8501291989664083, 1: 0.8278481012658228, 2: 0.7843137254901961, 3: 0.6191709844559585, 4: 0.9046454767726161, 5: 0.748730964467005, 6: 0.7969151670951157, 7: 0.7088305489260143, 8: 0.8370927318295739, 9: 0.8461538461538461}
ASR_lables tensor([1, 1, 1,  ..., 1, 1, 1])
==========Test result on poisoned test dataset(ASR)(Not including images with original label same as attack label)==========
[2026-08-15_23:21:59] Top-1 correct / Total: 3108/3530, Top-1 accuracy: 0.8804532577903683, Top-5 correct / Total: 3527/3530, Top-5 accuracy: 0.9991501416430595, time: 54.650301456451416
 class_acc:{1: 0.8804532577903683}
PA_lables tensor([0, 0, 0,  ..., 9, 9, 9])
==========Test result on poisoned test dataset(PA)==========
[2026-08-15_23:22:29] Top-1 correct / Total: 786/3925, Top-1 accuracy: 0.2002547770700637, Top-5 correct / Total: 3579/3925, Top-5 accuracy: 0.9118471337579618, time: 84.4960629940033
 class_acc:{0: 0.32299741602067183, 1: 1.0, 2: 0.10364145658263306, 3: 0.031088082901554404, 4: 0.14180929095354522, 5: 0.19289340101522842, 6: 0.02570694087403599, 7: 0.014319809069212411, 8: 0.13784461152882205, 9: 0.03076923076923077}
=================================================End==================================================
