2026-08-15 22:18:34,155 [INFO] Run log: logs/20260815_221834_Imagenette2_BadNet_none_0.0_seed1234.log
Using the Imagenette2
The at_threshold: 1
2026-08-15 22:18:34,474 [INFO] Using device: cuda:0
====================================================================================
Non-default run settings
====================================================================================
restorer_ckpt: ./pretrain/convir_gopro.pkl
degradation_type: none
degradation_strength: 0.0
deg: none
deg_scale: 0.0
purify_clean_test: True
purify_poisoned_test: True
use_purified_clean_test: True
use_purified_pois_test: True
at_threshold: 1
------------------------------------------------------------------------------------
Runtime metadata
------------------------------------------------------------------------------------
mode: 3
classes: 20
device: cuda:0
run_log_path: logs/20260815_221834_Imagenette2_BadNet_none_0.0_seed1234.log
====================================================================================
Mode is 3
Using the pattern size: 9*9
====================================================================================
purified_ins(args, clean_train, purified_clean_test, poisoned_train, purified_pois_test)
====================================================================================
Using Pre-trained model: Imagenette2_pretrain/BadNet/Res_34_256
=================================================Loading Model ==================================================
=================================================    Loaded    ==================================================
==========Test result on benign test dataset(CA)==========
[2026-08-15_22:33:28] Top-1 correct / Total: 3222/3925, Top-1 accuracy: 0.8208917197452229, Top-5 correct / Total: 3854/3925, Top-5 accuracy: 0.9819108280254777, time: 30.594406843185425
 class_acc:{0: 0.8372093023255814, 1: 0.8607594936708861, 2: 0.7983193277310925, 3: 0.6994818652849741, 4: 0.921760391198044, 5: 0.8223350253807107, 6: 0.8457583547557841, 7: 0.7231503579952268, 8: 0.8395989974937343, 9: 0.8589743589743589}
ASR_lables tensor([1, 1, 1,  ..., 1, 1, 1])
==========Test result on poisoned test dataset(ASR)(Not including images with original label same as attack label)==========
[2026-08-15_22:33:52] Top-1 correct / Total: 45/3530, Top-1 accuracy: 0.012747875354107648, Top-5 correct / Total: 2485/3530, Top-5 accuracy: 0.7039660056657224, time: 55.349382162094116
 class_acc:{1: 0.012747875354107648}
PA_lables tensor([0, 0, 0,  ..., 9, 9, 9])
==========Test result on poisoned test dataset(PA)==========
[2026-08-15_22:34:41] Top-1 correct / Total: 3186/3925, Top-1 accuracy: 0.8117197452229299, Top-5 correct / Total: 3862/3925, Top-5 accuracy: 0.9839490445859873, time: 103.85737204551697
 class_acc:{0: 0.8242894056847545, 1: 0.8455696202531645, 2: 0.7955182072829131, 3: 0.6580310880829016, 4: 0.9168704156479217, 5: 0.8350253807106599, 6: 0.8303341902313625, 7: 0.7350835322195705, 8: 0.8195488721804511, 9: 0.8538461538461538}
=================================================End==================================================
