2026-08-18 22:48:25,439 [INFO] Run log: logs/20260818_224825_Imagenette2_WaNet_none_0.0_seed1234.log
Using the Imagenette2
The at_threshold: 1
2026-08-18 22:48:25,769 [INFO] Using device: cuda:0
====================================================================================
Non-default run settings
====================================================================================
attack_method: WaNet
attack_schedule: WaNet
attack_target: 0
poisoned_rate: 0.1
restorer_ckpt: ./pretrain/convir_gopro.pkl
degradation_type: none
degradation_strength: 0.0
deg: none
deg_scale: 0.0
purify_clean_test: True
purify_poisoned_test: True
use_purified_clean_test: True
use_purified_pois_test: True
at_threshold: 1
------------------------------------------------------------------------------------
Runtime metadata
------------------------------------------------------------------------------------
mode: 3
classes: 20
device: cuda:0
run_log_path: logs/20260818_224825_Imagenette2_WaNet_none_0.0_seed1234.log
====================================================================================
Mode is 3
====================================================================================
purified_ins(args, clean_train, purified_clean_test, poisoned_train, purified_pois_test)
====================================================================================
Using Pre-trained model: Imagenette2_pretrain/WaNet/Res_34_256
=================================================Loading Model ==================================================
=================================================    Loaded    ==================================================
==========Test result on benign test dataset(CA)==========
[2026-08-18_23:02:53] Top-1 correct / Total: 2775/3925, Top-1 accuracy: 0.7070063694267515, Top-5 correct / Total: 3760/3925, Top-5 accuracy: 0.9579617834394905, time: 26.474459648132324
 class_acc:{0: 0.8191214470284238, 1: 0.8050632911392405, 2: 0.8123249299719888, 3: 0.6269430051813472, 4: 0.9462102689486552, 5: 0.6446700507614214, 6: 0.6863753213367609, 7: 0.5560859188544153, 8: 0.49373433583959897, 9: 0.6923076923076923}
ASR_lables tensor([0, 0, 0,  ..., 0, 0, 0])
==========Test result on poisoned test dataset(ASR)(Not including images with original label same as attack label)==========
[2026-08-18_23:03:15] Top-1 correct / Total: 2100/3538, Top-1 accuracy: 0.5935556811758056, Top-5 correct / Total: 3492/3538, Top-5 accuracy: 0.9869983041266253, time: 48.183247804641724
 class_acc:{0: 0.5935556811758056}
PA_lables tensor([0, 0, 0,  ..., 9, 9, 9])
==========Test result on poisoned test dataset(PA)==========
[2026-08-18_23:03:40] Top-1 correct / Total: 1592/3925, Top-1 accuracy: 0.4056050955414013, Top-5 correct / Total: 3678/3925, Top-5 accuracy: 0.9370700636942675, time: 73.80146503448486
 class_acc:{0: 0.9948320413436692, 1: 0.28354430379746837, 2: 0.484593837535014, 3: 0.22279792746113988, 4: 0.6528117359413202, 5: 0.24111675126903553, 6: 0.2416452442159383, 7: 0.2649164677804296, 8: 0.14536340852130325, 9: 0.541025641025641}
=================================================End==================================================
