2026-08-15 22:34:44,688 [INFO] Run log: logs/20260815_223444_Imagenette2_Blended_none_0.0_seed1234.log
Using the Imagenette2
The at_threshold: 1
2026-08-15 22:34:44,971 [INFO] Using device: cuda:0
====================================================================================
Non-default run settings
====================================================================================
attack_method: Blended
attack_schedule: Blended
restorer_ckpt: ./pretrain/convir_gopro.pkl
degradation_type: none
degradation_strength: 0.0
deg: none
deg_scale: 0.0
purify_clean_test: True
purify_poisoned_test: True
use_purified_clean_test: True
use_purified_pois_test: True
at_threshold: 1
------------------------------------------------------------------------------------
Runtime metadata
------------------------------------------------------------------------------------
mode: 3
classes: 20
device: cuda:0
run_log_path: logs/20260815_223444_Imagenette2_Blended_none_0.0_seed1234.log
====================================================================================
Mode is 3
====================================================================================
purified_ins(args, clean_train, purified_clean_test, poisoned_train, purified_pois_test)
====================================================================================
Using Pre-trained model: Imagenette2_pretrain/Blended/Res_34_256
=================================================Loading Model ==================================================
=================================================    Loaded    ==================================================
==========Test result on benign test dataset(CA)==========
[2026-08-15_22:49:22] Top-1 correct / Total: 3197/3925, Top-1 accuracy: 0.8145222929936305, Top-5 correct / Total: 3846/3925, Top-5 accuracy: 0.9798726114649682, time: 30.150922060012817
 class_acc:{0: 0.834625322997416, 1: 0.9265822784810127, 2: 0.8571428571428571, 3: 0.655440414507772, 4: 0.9462102689486552, 5: 0.8096446700507615, 6: 0.7917737789203085, 7: 0.6897374701670644, 8: 0.8020050125313283, 9: 0.8358974358974359}
ASR_lables tensor([1, 1, 1,  ..., 1, 1, 1])
==========Test result on poisoned test dataset(ASR)(Not including images with original label same as attack label)==========
[2026-08-15_22:49:48] Top-1 correct / Total: 3490/3530, Top-1 accuracy: 0.9886685552407932, Top-5 correct / Total: 3529/3530, Top-5 accuracy: 0.9997167138810198, time: 55.598888635635376
 class_acc:{1: 0.9886685552407932}
PA_lables tensor([0, 0, 0,  ..., 9, 9, 9])
==========Test result on poisoned test dataset(PA)==========
[2026-08-15_22:50:18] Top-1 correct / Total: 428/3925, Top-1 accuracy: 0.10904458598726115, Top-5 correct / Total: 3131/3925, Top-5 accuracy: 0.7977070063694267, time: 85.61947059631348
 class_acc:{0: 0.0, 1: 1.0, 2: 0.0196078431372549, 3: 0.0, 4: 0.029339853300733496, 5: 0.030456852791878174, 6: 0.0, 7: 0.002386634844868735, 8: 0.002506265664160401, 9: 0.0}
=================================================End==================================================
