2026-08-21 02:29:40,081 [INFO] Run log: logs/20260821_022940_Imagenette2_BadNet_litebd_full_0.5_seed1234.log
Using the Imagenette2
The at_threshold: 10
2026-08-21 02:29:40,468 [INFO] Using device: cuda:0
====================================================================================
Non-default run settings
====================================================================================
deg: litebd_full
deg_scale: 0.5
use_purified_clean_test: True
use_purified_pois_test: True
purified_label_style: numeric
purifier_backend: none
degradation_type: litebd_full
degradation_strength: 0.5
restorer_ckpt: ./pretrain/ots-base.pkl
restorer_version: base
------------------------------------------------------------------------------------
Runtime metadata
------------------------------------------------------------------------------------
mode: 3
classes: 20
device: cuda:0
run_log_path: logs/20260821_022940_Imagenette2_BadNet_litebd_full_0.5_seed1234.log
====================================================================================
Mode is 3
Using the pattern size: 9*9
====================================================================================
purified_ins(args, clean_train, purified_clean_test, poisoned_train, purified_pois_test)
====================================================================================
Using Pre-trained model: Imagenette2_pretrain/BadNet/Res_34_256
=================================================Loading Model ==================================================
=================================================    Loaded    ==================================================
==========Test result on benign test dataset(CA)==========
[2026-08-21_02:29:46] Top-1 correct / Total: 2686/3925, Top-1 accuracy: 0.6843312101910828, Top-5 correct / Total: 3696/3925, Top-5 accuracy: 0.941656050955414, time: 5.816663503646851
 class_acc:{0: 0.6795865633074936, 1: 0.010126582278481013, 2: 0.8711484593837535, 3: 0.5181347150259067, 4: 0.9095354523227384, 5: 0.8578680203045685, 6: 0.7172236503856041, 7: 0.7303102625298329, 8: 0.7644110275689223, 9: 0.7897435897435897}
ASR_lables tensor([0, 0, 0,  ..., 0, 0, 0])
==========Test result on poisoned test dataset(ASR)(Not including images with original label same as attack label)==========
[2026-08-21_02:29:59] Top-1 correct / Total: 42/3538, Top-1 accuracy: 0.011871113623516111, Top-5 correct / Total: 1087/3538, Top-5 accuracy: 0.3072357263990955, time: 18.7871994972229
 class_acc:{0: 0.011871113623516111}
PA_lables tensor([0, 0, 0,  ..., 9, 9, 9])
==========Test result on poisoned test dataset(PA)==========
[2026-08-21_02:30:05] Top-1 correct / Total: 3250/3925, Top-1 accuracy: 0.8280254777070064, Top-5 correct / Total: 3866/3925, Top-5 accuracy: 0.9849681528662421, time: 24.059133529663086
 class_acc:{0: 0.8552971576227391, 1: 0.8658227848101265, 2: 0.8823529411764706, 3: 0.6373056994818653, 4: 0.8655256723716381, 5: 0.8096446700507615, 6: 0.8894601542416453, 7: 0.7613365155131265, 8: 0.8195488721804511, 9: 0.9}
=================================================End==================================================
