2026-08-21 02:30:07,163 [INFO] Run log: logs/20260821_023007_Imagenette2_Blended_litebd_full_0.5_seed1234.log
Using the Imagenette2
The at_threshold: 10
2026-08-21 02:30:07,463 [INFO] Using device: cuda:0
====================================================================================
Non-default run settings
====================================================================================
attack_method: Blended
deg: litebd_full
deg_scale: 0.5
use_purified_clean_test: True
use_purified_pois_test: True
purified_label_style: numeric
purifier_backend: none
degradation_type: litebd_full
degradation_strength: 0.5
restorer_ckpt: ./pretrain/ots-base.pkl
restorer_version: base
------------------------------------------------------------------------------------
Runtime metadata
------------------------------------------------------------------------------------
mode: 3
classes: 20
device: cuda:0
run_log_path: logs/20260821_023007_Imagenette2_Blended_litebd_full_0.5_seed1234.log
====================================================================================
Mode is 3
====================================================================================
purified_ins(args, clean_train, purified_clean_test, poisoned_train, purified_pois_test)
====================================================================================
Using Pre-trained model: Imagenette2_pretrain/Blended/Res_34_256
=================================================Loading Model ==================================================
=================================================    Loaded    ==================================================
==========Test result on benign test dataset(CA)==========
[2026-08-21_02:30:13] Top-1 correct / Total: 2680/3925, Top-1 accuracy: 0.6828025477707006, Top-5 correct / Total: 3768/3925, Top-5 accuracy: 0.96, time: 5.9602370262146
 class_acc:{0: 0.7183462532299741, 1: 0.09113924050632911, 2: 0.876750700280112, 3: 0.46632124352331605, 4: 0.882640586797066, 5: 0.8527918781725888, 6: 0.7095115681233933, 7: 0.7303102625298329, 8: 0.7243107769423559, 9: 0.782051282051282}
ASR_lables tensor([0, 0, 0,  ..., 0, 0, 0])
==========Test result on poisoned test dataset(ASR)(Not including images with original label same as attack label)==========
[2026-08-21_02:30:26] Top-1 correct / Total: 242/3538, Top-1 accuracy: 0.06840022611644997, Top-5 correct / Total: 2848/3538, Top-5 accuracy: 0.8049745618993782, time: 18.899650812149048
 class_acc:{0: 0.06840022611644997}
PA_lables tensor([0, 0, 0,  ..., 9, 9, 9])
==========Test result on poisoned test dataset(PA)==========
[2026-08-21_02:30:31] Top-1 correct / Total: 1657/3925, Top-1 accuracy: 0.4221656050955414, Top-5 correct / Total: 3299/3925, Top-5 accuracy: 0.8405095541401274, time: 24.140913486480713
 class_acc:{0: 0.7157622739018088, 1: 0.9265822784810127, 2: 0.1484593837535014, 3: 0.4792746113989637, 4: 0.37163814180929094, 5: 0.2715736040609137, 6: 0.10282776349614396, 7: 0.18854415274463007, 8: 0.6165413533834586, 9: 0.38974358974358975}
=================================================End==================================================
