2026-08-21 02:31:01,313 [INFO] Run log: logs/20260821_023101_Imagenette2_ISSBA_litebd_full_0.5_seed1234.log
Using the Imagenette2
The at_threshold: 10
2026-08-21 02:31:01,619 [INFO] Using device: cuda:0
====================================================================================
Non-default run settings
====================================================================================
attack_method: ISSBA
issba_exported_poisoned_root: exported_poisoned/ISSBA/Imagenette2
deg: litebd_full
deg_scale: 0.5
use_purified_clean_test: True
use_purified_pois_test: True
purified_label_style: numeric
purifier_backend: none
degradation_type: litebd_full
degradation_strength: 0.5
restorer_ckpt: ./pretrain/ots-base.pkl
restorer_version: base
------------------------------------------------------------------------------------
Runtime metadata
------------------------------------------------------------------------------------
mode: 3
classes: 20
device: cuda:0
run_log_path: logs/20260821_023101_Imagenette2_ISSBA_litebd_full_0.5_seed1234.log
====================================================================================
Mode is 3
====================================================================================
purified_ins(args, clean_train, purified_clean_test, poisoned_train, purified_pois_test)
====================================================================================
Using Pre-trained model: Imagenette2_pretrain/ISSBA/Res_34_256
=================================================Loading Model ==================================================
=================================================    Loaded    ==================================================
==========Test result on benign test dataset(CA)==========
[2026-08-21_02:31:08] Top-1 correct / Total: 2757/3925, Top-1 accuracy: 0.7024203821656051, Top-5 correct / Total: 3651/3925, Top-5 accuracy: 0.9301910828025478, time: 5.906586647033691
 class_acc:{0: 0.8397932816537468, 1: 0.03291139240506329, 2: 0.865546218487395, 3: 0.5751295336787565, 4: 0.8801955990220048, 5: 0.7588832487309645, 6: 0.781491002570694, 7: 0.6754176610978521, 8: 0.8471177944862155, 9: 0.7794871794871795}
ASR_lables tensor([1, 1, 1,  ..., 1, 1, 1])
==========Test result on poisoned test dataset(ASR)(Not including images with original label same as attack label)==========
[2026-08-21_02:31:21] Top-1 correct / Total: 59/3530, Top-1 accuracy: 0.01671388101983003, Top-5 correct / Total: 1534/3530, Top-5 accuracy: 0.4345609065155807, time: 18.84207010269165
 class_acc:{1: 0.01671388101983003}
PA_lables tensor([0, 0, 0,  ..., 9, 9, 9])
==========Test result on poisoned test dataset(PA)==========
[2026-08-21_02:31:26] Top-1 correct / Total: 3239/3925, Top-1 accuracy: 0.8252229299363057, Top-5 correct / Total: 3850/3925, Top-5 accuracy: 0.9808917197452229, time: 24.099692821502686
 class_acc:{0: 0.9250645994832042, 1: 0.8405063291139241, 2: 0.8711484593837535, 3: 0.6269430051813472, 4: 0.8850855745721271, 5: 0.7436548223350253, 6: 0.8637532133676092, 7: 0.7446300715990454, 8: 0.8897243107769424, 9: 0.8666666666666667}
=================================================End==================================================
