2026-08-24 05:58:05,432 [INFO] Run log: logs/20260824_055805_CIFAR10ImageFolder_WaNet_none_0.0_seed1234.log
Using the CIFAR10ImageFolder
The at_threshold: 10
2026-08-24 05:58:05,838 [INFO] Using device: cuda:0
====================================================================================
Non-default run settings
====================================================================================
dataset: CIFAR10ImageFolder
attack_method: WaNet
attack_schedule: WaNet
img_size: 32
deg: none
deg_scale: 0.0
purify_clean_test: True
purify_poisoned_test: True
use_purified_clean_test: True
use_purified_pois_test: True
purifier_backend: none
degradation_type: none
degradation_strength: 0.0
------------------------------------------------------------------------------------
Runtime metadata
------------------------------------------------------------------------------------
mode: 3
classes: 10
device: cuda:0
run_log_path: logs/20260824_055805_CIFAR10ImageFolder_WaNet_none_0.0_seed1234.log
====================================================================================
Mode is 3
====================================================================================
purified_ins(args, clean_train, purified_clean_test, poisoned_train, purified_pois_test)
====================================================================================
Using Pre-trained model: CIFAR10ImageFolder_pretrain/WaNet/Res_34_32
=================================================Loading Model ==================================================
=================================================    Loaded    ==================================================
==========Test result on benign test dataset(CA)==========
[2026-08-24_05:58:16] Top-1 correct / Total: 8823/10000, Top-1 accuracy: 0.8823, Top-5 correct / Total: 9933/10000, Top-5 accuracy: 0.9933, time: 1.5713951587677002
 class_acc:{0: 0.905, 1: 0.949, 2: 0.812, 3: 0.758, 4: 0.888, 5: 0.818, 6: 0.916, 7: 0.927, 8: 0.93, 9: 0.92}
ASR_lables tensor([1, 1, 1,  ..., 1, 1, 1])
==========Test result on poisoned test dataset(ASR)(Not including images with original label same as attack label)==========
[2026-08-24_05:58:52] Top-1 correct / Total: 8972/9000, Top-1 accuracy: 0.9968888888888889, Top-5 correct / Total: 8998/9000, Top-5 accuracy: 0.9997777777777778, time: 37.56472325325012
 class_acc:{1: 0.9968888888888889}
PA_lables tensor([0, 0, 0,  ..., 9, 9, 9])
==========Test result on poisoned test dataset(PA)==========
[2026-08-24_05:58:53] Top-1 correct / Total: 1025/10000, Top-1 accuracy: 0.1025, Top-5 correct / Total: 7077/10000, Top-5 accuracy: 0.7077, time: 38.49671745300293
 class_acc:{0: 0.004, 1: 1.0, 2: 0.011, 3: 0.002, 4: 0.0, 5: 0.0, 6: 0.005, 7: 0.0, 8: 0.003, 9: 0.0}
=================================================End==================================================
