2026-08-23 12:49:10,498 [INFO] Run log: logs/20260823_124910_CIFAR10ImageFolder_BadNet_none_0.0_seed1234.log
Using the CIFAR10ImageFolder
The at_threshold: 10
2026-08-23 12:49:10,937 [INFO] Using device: cuda:0
====================================================================================
Non-default run settings
====================================================================================
dataset: CIFAR10ImageFolder
img_size: 32
deg: none
deg_scale: 0.0
purify_clean_test: True
purify_poisoned_test: True
use_purified_clean_test: True
use_purified_pois_test: True
purifier_backend: none
degradation_type: none
degradation_strength: 0.0
------------------------------------------------------------------------------------
Runtime metadata
------------------------------------------------------------------------------------
mode: 3
classes: 10
device: cuda:0
run_log_path: logs/20260823_124910_CIFAR10ImageFolder_BadNet_none_0.0_seed1234.log
====================================================================================
Mode is 3
====================================================================================
purified_ins(args, clean_train, purified_clean_test, poisoned_train, purified_pois_test)
====================================================================================
Using Pre-trained model: CIFAR10ImageFolder_pretrain/BadNet/Res_34_32
=================================================Loading Model ==================================================
=================================================    Loaded    ==================================================
==========Test result on benign test dataset(CA)==========
[2026-08-23_12:49:21] Top-1 correct / Total: 8775/10000, Top-1 accuracy: 0.8775, Top-5 correct / Total: 9932/10000, Top-5 accuracy: 0.9932, time: 1.6532049179077148
 class_acc:{0: 0.901, 1: 0.932, 2: 0.808, 3: 0.738, 4: 0.874, 5: 0.814, 6: 0.921, 7: 0.915, 8: 0.939, 9: 0.933}
ASR_lables tensor([1, 1, 1,  ..., 1, 1, 1])
==========Test result on poisoned test dataset(ASR)(Not including images with original label same as attack label)==========
[2026-08-23_12:50:00] Top-1 correct / Total: 9000/9000, Top-1 accuracy: 1.0, Top-5 correct / Total: 9000/9000, Top-5 accuracy: 1.0, time: 41.17199373245239
 class_acc:{1: 1.0}
PA_lables tensor([0, 0, 0,  ..., 9, 9, 9])
==========Test result on poisoned test dataset(PA)==========
[2026-08-23_12:50:01] Top-1 correct / Total: 1000/10000, Top-1 accuracy: 0.1, Top-5 correct / Total: 7654/10000, Top-5 accuracy: 0.7654, time: 42.075117349624634
 class_acc:{0: 0.0, 1: 1.0, 2: 0.0, 3: 0.0, 4: 0.0, 5: 0.0, 6: 0.0, 7: 0.0, 8: 0.0, 9: 0.0}
=================================================End==================================================
