2026-08-23 12:50:03,832 [INFO] Run log: logs/20260823_125003_CIFAR10ImageFolder_Blended_none_0.0_seed1234.log
Using the CIFAR10ImageFolder
The at_threshold: 10
2026-08-23 12:50:04,356 [INFO] Using device: cuda:0
====================================================================================
Non-default run settings
====================================================================================
dataset: CIFAR10ImageFolder
attack_method: Blended
attack_schedule: Blended
img_size: 32
deg: none
deg_scale: 0.0
purify_clean_test: True
purify_poisoned_test: True
use_purified_clean_test: True
use_purified_pois_test: True
purifier_backend: none
degradation_type: none
degradation_strength: 0.0
------------------------------------------------------------------------------------
Runtime metadata
------------------------------------------------------------------------------------
mode: 3
classes: 10
device: cuda:0
run_log_path: logs/20260823_125003_CIFAR10ImageFolder_Blended_none_0.0_seed1234.log
====================================================================================
Mode is 3
====================================================================================
purified_ins(args, clean_train, purified_clean_test, poisoned_train, purified_pois_test)
====================================================================================
Using Pre-trained model: CIFAR10ImageFolder_pretrain/Blended/Res_34_32
=================================================Loading Model ==================================================
=================================================    Loaded    ==================================================
==========Test result on benign test dataset(CA)==========
[2026-08-23_12:50:14] Top-1 correct / Total: 8801/10000, Top-1 accuracy: 0.8801, Top-5 correct / Total: 9929/10000, Top-5 accuracy: 0.9929, time: 1.7787563800811768
 class_acc:{0: 0.895, 1: 0.947, 2: 0.827, 3: 0.735, 4: 0.891, 5: 0.797, 6: 0.922, 7: 0.936, 8: 0.922, 9: 0.929}
ASR_lables tensor([1, 1, 1,  ..., 1, 1, 1])
==========Test result on poisoned test dataset(ASR)(Not including images with original label same as attack label)==========
[2026-08-23_12:50:52] Top-1 correct / Total: 9000/9000, Top-1 accuracy: 1.0, Top-5 correct / Total: 9000/9000, Top-5 accuracy: 1.0, time: 40.090492486953735
 class_acc:{1: 1.0}
PA_lables tensor([0, 0, 0,  ..., 9, 9, 9])
==========Test result on poisoned test dataset(PA)==========
[2026-08-23_12:50:53] Top-1 correct / Total: 1000/10000, Top-1 accuracy: 0.1, Top-5 correct / Total: 5553/10000, Top-5 accuracy: 0.5553, time: 41.084983825683594
 class_acc:{0: 0.0, 1: 1.0, 2: 0.0, 3: 0.0, 4: 0.0, 5: 0.0, 6: 0.0, 7: 0.0, 8: 0.0, 9: 0.0}
=================================================End==================================================
