2026-08-23 12:51:49,083 [INFO] Run log: logs/20260823_125149_CIFAR10ImageFolder_ISSBA_none_0.0_seed1234.log
Using the CIFAR10ImageFolder
The at_threshold: 10
2026-08-23 12:51:49,465 [INFO] Using device: cuda:0
====================================================================================
Non-default run settings
====================================================================================
dataset: CIFAR10ImageFolder
attack_method: ISSBA
attack_schedule: ISSBA
issba_exported_poisoned_root: exported_poisoned/ISSBA/CIFAR10ImageFolder
img_size: 32
deg: none
deg_scale: 0.0
purify_clean_test: True
purify_poisoned_test: True
use_purified_clean_test: True
use_purified_pois_test: True
purifier_backend: none
degradation_type: none
degradation_strength: 0.0
------------------------------------------------------------------------------------
Runtime metadata
------------------------------------------------------------------------------------
mode: 3
classes: 10
device: cuda:0
run_log_path: logs/20260823_125149_CIFAR10ImageFolder_ISSBA_none_0.0_seed1234.log
====================================================================================
Mode is 3
====================================================================================
purified_ins(args, clean_train, purified_clean_test, poisoned_train, purified_pois_test)
====================================================================================
Using Pre-trained model: CIFAR10ImageFolder_pretrain/ISSBA/Res_34_32
=================================================Loading Model ==================================================
=================================================    Loaded    ==================================================
==========Test result on benign test dataset(CA)==========
[2026-08-23_12:51:59] Top-1 correct / Total: 8742/10000, Top-1 accuracy: 0.8742, Top-5 correct / Total: 9932/10000, Top-5 accuracy: 0.9932, time: 1.76078200340271
 class_acc:{0: 0.904, 1: 0.949, 2: 0.83, 3: 0.733, 4: 0.855, 5: 0.8, 6: 0.92, 7: 0.895, 8: 0.932, 9: 0.924}
ASR_lables tensor([1, 1, 1,  ..., 1, 1, 1])
==========Test result on poisoned test dataset(ASR)(Not including images with original label same as attack label)==========
[2026-08-23_12:52:38] Top-1 correct / Total: 8997/9000, Top-1 accuracy: 0.9996666666666667, Top-5 correct / Total: 8999/9000, Top-5 accuracy: 0.9998888888888889, time: 40.719597578048706
 class_acc:{1: 0.9996666666666667}
PA_lables tensor([0, 0, 0,  ..., 9, 9, 9])
==========Test result on poisoned test dataset(PA)==========
[2026-08-23_12:52:39] Top-1 correct / Total: 1003/10000, Top-1 accuracy: 0.1003, Top-5 correct / Total: 8018/10000, Top-5 accuracy: 0.8018, time: 41.72690153121948
 class_acc:{0: 0.002, 1: 1.0, 2: 0.0, 3: 0.0, 4: 0.0, 5: 0.0, 6: 0.001, 7: 0.0, 8: 0.0, 9: 0.0}
=================================================End==================================================
