2026-08-16 01:04:50,416 [INFO] Run log: logs/20260816_010450_Imagenette2_Blended_none_0.0_seed1234.log
Using the Imagenette2
The at_threshold: 1
2026-08-16 01:04:50,707 [INFO] Using device: cuda:0
====================================================================================
Non-default run settings
====================================================================================
attack_method: Blended
attack_schedule: Blended
restorer_ckpt: ./pretrain/its-base.pkl
degradation_type: none
degradation_strength: 0.0
deg: none
deg_scale: 0.0
purify_clean_test: True
purify_poisoned_test: True
use_purified_clean_test: True
use_purified_pois_test: True
at_threshold: 1
------------------------------------------------------------------------------------
Runtime metadata
------------------------------------------------------------------------------------
mode: 3
classes: 20
device: cuda:0
run_log_path: logs/20260816_010450_Imagenette2_Blended_none_0.0_seed1234.log
====================================================================================
Mode is 3
====================================================================================
purified_ins(args, clean_train, purified_clean_test, poisoned_train, purified_pois_test)
====================================================================================
Using Pre-trained model: Imagenette2_pretrain/Blended/Res_34_256
=================================================Loading Model ==================================================
=================================================    Loaded    ==================================================
==========Test result on benign test dataset(CA)==========
[2026-08-16_01:19:14] Top-1 correct / Total: 3195/3925, Top-1 accuracy: 0.8140127388535032, Top-5 correct / Total: 3791/3925, Top-5 accuracy: 0.965859872611465, time: 43.64113140106201
 class_acc:{0: 0.8242894056847545, 1: 0.7974683544303798, 2: 0.8431372549019608, 3: 0.6761658031088082, 4: 0.8997555012224939, 5: 0.7969543147208121, 6: 0.8380462724935732, 7: 0.7708830548926014, 8: 0.8120300751879699, 9: 0.882051282051282}
ASR_lables tensor([1, 1, 1,  ..., 1, 1, 1])
==========Test result on poisoned test dataset(ASR)(Not including images with original label same as attack label)==========
[2026-08-16_01:19:59] Top-1 correct / Total: 791/3530, Top-1 accuracy: 0.22407932011331444, Top-5 correct / Total: 1375/3530, Top-5 accuracy: 0.3895184135977337, time: 88.28925156593323
 class_acc:{1: 0.22407932011331444}
PA_lables tensor([0, 0, 0,  ..., 9, 9, 9])
==========Test result on poisoned test dataset(PA)==========
[2026-08-16_01:20:28] Top-1 correct / Total: 437/3925, Top-1 accuracy: 0.1113375796178344, Top-5 correct / Total: 2199/3925, Top-5 accuracy: 0.5602547770700637, time: 117.67823815345764
 class_acc:{0: 0.0, 1: 0.19240506329113924, 2: 0.0, 3: 0.02849740932642487, 4: 0.12469437652811736, 5: 0.0, 6: 0.0, 7: 0.00477326968973747, 8: 0.015037593984962405, 9: 0.7461538461538462}
=================================================End==================================================
