2026-08-19 00:28:10,799 [INFO] Run log: logs/20260819_002810_Imagenette2_WaNet_none_0.0_seed1234.log
Using the Imagenette2
The at_threshold: 1
2026-08-19 00:28:11,093 [INFO] Using device: cuda:0
====================================================================================
Non-default run settings
====================================================================================
attack_method: WaNet
attack_schedule: WaNet
attack_target: 0
poisoned_rate: 0.1
restorer_ckpt: ./pretrain/its-base.pkl
degradation_type: none
degradation_strength: 0.0
deg: none
deg_scale: 0.0
purify_clean_test: True
purify_poisoned_test: True
use_purified_clean_test: True
use_purified_pois_test: True
at_threshold: 1
------------------------------------------------------------------------------------
Runtime metadata
------------------------------------------------------------------------------------
mode: 3
classes: 20
device: cuda:0
run_log_path: logs/20260819_002810_Imagenette2_WaNet_none_0.0_seed1234.log
====================================================================================
Mode is 3
====================================================================================
purified_ins(args, clean_train, purified_clean_test, poisoned_train, purified_pois_test)
====================================================================================
Using Pre-trained model: Imagenette2_pretrain/WaNet/Res_34_256
=================================================Loading Model ==================================================
=================================================    Loaded    ==================================================
==========Test result on benign test dataset(CA)==========
[2026-08-19_00:44:10] Top-1 correct / Total: 3161/3925, Top-1 accuracy: 0.8053503184713375, Top-5 correct / Total: 3789/3925, Top-5 accuracy: 0.9653503184713376, time: 29.99249768257141
 class_acc:{0: 0.8268733850129198, 1: 0.769620253164557, 2: 0.8571428571428571, 3: 0.6761658031088082, 4: 0.8973105134474327, 5: 0.8045685279187818, 6: 0.8406169665809768, 7: 0.7231503579952268, 8: 0.8320802005012531, 9: 0.8307692307692308}
ASR_lables tensor([0, 0, 0,  ..., 0, 0, 0])
==========Test result on poisoned test dataset(ASR)(Not including images with original label same as attack label)==========
[2026-08-19_00:44:37] Top-1 correct / Total: 3006/3538, Top-1 accuracy: 0.8496325607687959, Top-5 correct / Total: 3518/3538, Top-5 accuracy: 0.9943470887507067, time: 56.2948842048645
 class_acc:{0: 0.8496325607687959}
PA_lables tensor([0, 0, 0,  ..., 9, 9, 9])
==========Test result on poisoned test dataset(PA)==========
[2026-08-19_00:45:06] Top-1 correct / Total: 564/3925, Top-1 accuracy: 0.14369426751592357, Top-5 correct / Total: 3290/3925, Top-5 accuracy: 0.8382165605095542, time: 85.97642135620117
 class_acc:{0: 0.917312661498708, 1: 0.07088607594936709, 2: 0.0196078431372549, 3: 0.02072538860103627, 4: 0.17359413202933985, 5: 0.012690355329949238, 6: 0.002570694087403599, 7: 0.002386634844868735, 8: 0.08020050125313283, 9: 0.14358974358974358}
=================================================End==================================================
