2026-08-16 00:47:46,261 [INFO] Run log: logs/20260816_004746_Imagenette2_BadNet_none_0.0_seed1234.log
Using the Imagenette2
The at_threshold: 1
2026-08-16 00:47:46,578 [INFO] Using device: cuda:0
====================================================================================
Non-default run settings
====================================================================================
restorer_ckpt: ./pretrain/its-base.pkl
degradation_type: none
degradation_strength: 0.0
deg: none
deg_scale: 0.0
purify_clean_test: True
purify_poisoned_test: True
use_purified_clean_test: True
use_purified_pois_test: True
at_threshold: 1
------------------------------------------------------------------------------------
Runtime metadata
------------------------------------------------------------------------------------
mode: 3
classes: 20
device: cuda:0
run_log_path: logs/20260816_004746_Imagenette2_BadNet_none_0.0_seed1234.log
====================================================================================
Mode is 3
Using the pattern size: 9*9
====================================================================================
purified_ins(args, clean_train, purified_clean_test, poisoned_train, purified_pois_test)
====================================================================================
Using Pre-trained model: Imagenette2_pretrain/BadNet/Res_34_256
=================================================Loading Model ==================================================
=================================================    Loaded    ==================================================
==========Test result on benign test dataset(CA)==========
[2026-08-16_01:03:50] Top-1 correct / Total: 3097/3925, Top-1 accuracy: 0.7890445859872611, Top-5 correct / Total: 3799/3925, Top-5 accuracy: 0.9678980891719745, time: 31.143314599990845
 class_acc:{0: 0.8010335917312662, 1: 0.7113924050632912, 2: 0.8487394957983193, 3: 0.6347150259067358, 4: 0.8948655256723717, 5: 0.7969543147208121, 6: 0.8277634961439588, 7: 0.7374701670644391, 8: 0.7969924812030075, 9: 0.8435897435897436}
ASR_lables tensor([1, 1, 1,  ..., 1, 1, 1])
==========Test result on poisoned test dataset(ASR)(Not including images with original label same as attack label)==========
[2026-08-16_01:04:15] Top-1 correct / Total: 2736/3530, Top-1 accuracy: 0.775070821529745, Top-5 correct / Total: 3519/3530, Top-5 accuracy: 0.9968838526912182, time: 56.49538207054138
 class_acc:{1: 0.775070821529745}
PA_lables tensor([0, 0, 0,  ..., 9, 9, 9])
==========Test result on poisoned test dataset(PA)==========
[2026-08-16_01:04:46] Top-1 correct / Total: 1069/3925, Top-1 accuracy: 0.27235668789808914, Top-5 correct / Total: 3799/3925, Top-5 accuracy: 0.9678980891719745, time: 87.49744820594788
 class_acc:{0: 0.1937984496124031, 1: 0.9417721518987342, 2: 0.20168067226890757, 3: 0.06217616580310881, 4: 0.33007334963325186, 5: 0.2436548223350254, 6: 0.2493573264781491, 7: 0.22673031026252982, 8: 0.15538847117794485, 9: 0.10512820512820513}
=================================================End==================================================
