2026-08-16 01:38:08,098 [INFO] Run log: logs/20260816_013808_Imagenette2_ISSBA_none_0.0_seed1234.log
Using the Imagenette2
The at_threshold: 1
2026-08-16 01:38:08,402 [INFO] Using device: cuda:0
====================================================================================
Non-default run settings
====================================================================================
attack_method: ISSBA
attack_schedule: ISSBA
issba_exported_poisoned_root: exported_poisoned/ISSBA/Imagenette2
restorer_ckpt: ./pretrain/its-base.pkl
degradation_type: none
degradation_strength: 0.0
deg: none
deg_scale: 0.0
purify_clean_test: True
purify_poisoned_test: True
use_purified_clean_test: True
use_purified_pois_test: True
at_threshold: 1
------------------------------------------------------------------------------------
Runtime metadata
------------------------------------------------------------------------------------
mode: 3
classes: 20
device: cuda:0
run_log_path: logs/20260816_013808_Imagenette2_ISSBA_none_0.0_seed1234.log
====================================================================================
Mode is 3
====================================================================================
purified_ins(args, clean_train, purified_clean_test, poisoned_train, purified_pois_test)
====================================================================================
Using Pre-trained model: Imagenette2_pretrain/ISSBA/Res_34_256
=================================================Loading Model ==================================================
=================================================    Loaded    ==================================================
==========Test result on benign test dataset(CA)==========
[2026-08-16_01:54:03] Top-1 correct / Total: 2995/3925, Top-1 accuracy: 0.7630573248407644, Top-5 correct / Total: 3779/3925, Top-5 accuracy: 0.9628025477707006, time: 53.48772168159485
 class_acc:{0: 0.7855297157622739, 1: 0.6962025316455697, 2: 0.8375350140056023, 3: 0.5751295336787565, 4: 0.8557457212713936, 5: 0.7639593908629442, 6: 0.8226221079691517, 7: 0.6873508353221957, 8: 0.7819548872180451, 9: 0.8307692307692308}
ASR_lables tensor([1, 1, 1,  ..., 1, 1, 1])
==========Test result on poisoned test dataset(ASR)(Not including images with original label same as attack label)==========
[2026-08-16_01:54:37] Top-1 correct / Total: 3161/3530, Top-1 accuracy: 0.8954674220963172, Top-5 correct / Total: 3391/3530, Top-5 accuracy: 0.9606232294617564, time: 87.8070297241211
 class_acc:{1: 0.8954674220963172}
PA_lables tensor([0, 0, 0,  ..., 9, 9, 9])
==========Test result on poisoned test dataset(PA)==========
[2026-08-16_01:55:30] Top-1 correct / Total: 498/3925, Top-1 accuracy: 0.12687898089171976, Top-5 correct / Total: 3184/3925, Top-5 accuracy: 0.8112101910828026, time: 140.17927408218384
 class_acc:{0: 0.002583979328165375, 1: 0.9164556962025316, 2: 0.0056022408963585435, 3: 0.007772020725388601, 4: 0.03178484107579462, 5: 0.04568527918781726, 6: 0.002570694087403599, 7: 0.007159904534606206, 8: 0.012531328320802004, 9: 0.23076923076923078}
=================================================End==================================================
