2026-08-24 09:57:55,425 [INFO] Run log: logs/20260824_095755_CIFAR10ImageFolder_ISSBA_litebd_stage1_bicubic_0.5_seed1234.log
Using the CIFAR10ImageFolder
The at_threshold: 10
2026-08-24 09:57:55,824 [INFO] Using device: cuda:0
====================================================================================
Non-default run settings
====================================================================================
dataset: CIFAR10ImageFolder
attack_method: ISSBA
issba_exported_poisoned_root: exported_poisoned/ISSBA/CIFAR10ImageFolder
img_size: 32
deg: litebd_stage1_bicubic
deg_scale: 0.5
use_purified_clean_test: True
use_purified_pois_test: True
purified_label_style: numeric
purifier_backend: none
degradation_type: litebd_stage1_bicubic
degradation_strength: 0.5
------------------------------------------------------------------------------------
Runtime metadata
------------------------------------------------------------------------------------
mode: 3
classes: 10
device: cuda:0
run_log_path: logs/20260824_095755_CIFAR10ImageFolder_ISSBA_litebd_stage1_bicubic_0.5_seed1234.log
====================================================================================
Mode is 3
====================================================================================
purified_ins(args, clean_train, purified_clean_test, poisoned_train, purified_pois_test)
====================================================================================
Using Pre-trained model: CIFAR10ImageFolder_pretrain/ISSBA/Res_34_32
=================================================Loading Model ==================================================
=================================================    Loaded    ==================================================
==========Test result on benign test dataset(CA)==========
[2026-08-24_09:57:58] Top-1 correct / Total: 5690/10000, Top-1 accuracy: 0.569, Top-5 correct / Total: 9442/10000, Top-5 accuracy: 0.9442, time: 1.7307665348052979
 class_acc:{0: 0.641, 1: 0.469, 2: 0.596, 3: 0.717, 4: 0.478, 5: 0.698, 6: 0.264, 7: 0.477, 8: 0.797, 9: 0.553}
ASR_lables tensor([1, 1, 1,  ..., 1, 1, 1])
==========Test result on poisoned test dataset(ASR)(Not including images with original label same as attack label)==========
[2026-08-24_09:58:31] Top-1 correct / Total: 17/9000, Top-1 accuracy: 0.001888888888888889, Top-5 correct / Total: 1205/9000, Top-5 accuracy: 0.1338888888888889, time: 34.841524600982666
 class_acc:{1: 0.001888888888888889}
PA_lables tensor([0, 0, 0,  ..., 9, 9, 9])
==========Test result on poisoned test dataset(PA)==========
[2026-08-24_09:58:32] Top-1 correct / Total: 5699/10000, Top-1 accuracy: 0.5699, Top-5 correct / Total: 9442/10000, Top-5 accuracy: 0.9442, time: 35.8096022605896
 class_acc:{0: 0.647, 1: 0.47, 2: 0.599, 3: 0.718, 4: 0.48, 5: 0.697, 6: 0.27, 7: 0.471, 8: 0.798, 9: 0.549}
=================================================End==================================================
