2026-08-24 09:44:09,848 [INFO] Run log: logs/20260824_094409_CIFAR10ImageFolder_WaNet_litebd_stage1_bicubic_0.5_seed1234.log
Using the CIFAR10ImageFolder
The at_threshold: 10
2026-08-24 09:44:10,247 [INFO] Using device: cuda:0
====================================================================================
Non-default run settings
====================================================================================
dataset: CIFAR10ImageFolder
attack_method: WaNet
img_size: 32
deg: litebd_stage1_bicubic
deg_scale: 0.5
use_purified_clean_test: True
use_purified_pois_test: True
purifier_backend: none
degradation_type: litebd_stage1_bicubic
degradation_strength: 0.5
------------------------------------------------------------------------------------
Runtime metadata
------------------------------------------------------------------------------------
mode: 3
classes: 10
device: cuda:0
run_log_path: logs/20260824_094409_CIFAR10ImageFolder_WaNet_litebd_stage1_bicubic_0.5_seed1234.log
====================================================================================
Mode is 3
====================================================================================
purified_ins(args, clean_train, purified_clean_test, poisoned_train, purified_pois_test)
====================================================================================
Using Pre-trained model: CIFAR10ImageFolder_pretrain/WaNet/Res_34_32
=================================================Loading Model ==================================================
=================================================    Loaded    ==================================================
==========Test result on benign test dataset(CA)==========
[2026-08-24_09:44:12] Top-1 correct / Total: 5091/10000, Top-1 accuracy: 0.5091, Top-5 correct / Total: 9322/10000, Top-5 accuracy: 0.9322, time: 1.6990094184875488
 class_acc:{0: 0.564, 1: 0.454, 2: 0.578, 3: 0.737, 4: 0.41, 5: 0.661, 6: 0.244, 7: 0.374, 8: 0.703, 9: 0.366}
ASR_lables tensor([1, 1, 1,  ..., 1, 1, 1])
==========Test result on poisoned test dataset(ASR)(Not including images with original label same as attack label)==========
[2026-08-24_09:44:45] Top-1 correct / Total: 8/9000, Top-1 accuracy: 0.0008888888888888889, Top-5 correct / Total: 1398/9000, Top-5 accuracy: 0.15533333333333332, time: 34.13827872276306
 class_acc:{1: 0.0008888888888888889}
PA_lables tensor([0, 0, 0,  ..., 9, 9, 9])
==========Test result on poisoned test dataset(PA)==========
[2026-08-24_09:44:46] Top-1 correct / Total: 4479/10000, Top-1 accuracy: 0.4479, Top-5 correct / Total: 9053/10000, Top-5 accuracy: 0.9053, time: 35.18739128112793
 class_acc:{0: 0.506, 1: 0.299, 2: 0.562, 3: 0.769, 4: 0.399, 5: 0.566, 6: 0.2, 7: 0.294, 8: 0.641, 9: 0.243}
=================================================End==================================================
