2026-08-24 09:43:31,989 [INFO] Run log: logs/20260824_094331_CIFAR10ImageFolder_Blended_litebd_stage1_bicubic_0.5_seed1234.log
Using the CIFAR10ImageFolder
The at_threshold: 10
2026-08-24 09:43:32,443 [INFO] Using device: cuda:0
====================================================================================
Non-default run settings
====================================================================================
dataset: CIFAR10ImageFolder
attack_method: Blended
img_size: 32
deg: litebd_stage1_bicubic
deg_scale: 0.5
use_purified_clean_test: True
use_purified_pois_test: True
purifier_backend: none
degradation_type: litebd_stage1_bicubic
degradation_strength: 0.5
------------------------------------------------------------------------------------
Runtime metadata
------------------------------------------------------------------------------------
mode: 3
classes: 10
device: cuda:0
run_log_path: logs/20260824_094331_CIFAR10ImageFolder_Blended_litebd_stage1_bicubic_0.5_seed1234.log
====================================================================================
Mode is 3
====================================================================================
purified_ins(args, clean_train, purified_clean_test, poisoned_train, purified_pois_test)
====================================================================================
Using Pre-trained model: CIFAR10ImageFolder_pretrain/Blended/Res_34_32
=================================================Loading Model ==================================================
=================================================    Loaded    ==================================================
==========Test result on benign test dataset(CA)==========
[2026-08-24_09:43:34] Top-1 correct / Total: 5563/10000, Top-1 accuracy: 0.5563, Top-5 correct / Total: 9458/10000, Top-5 accuracy: 0.9458, time: 1.5371136665344238
 class_acc:{0: 0.587, 1: 0.528, 2: 0.583, 3: 0.641, 4: 0.585, 5: 0.711, 6: 0.267, 7: 0.477, 8: 0.687, 9: 0.497}
ASR_lables tensor([1, 1, 1,  ..., 1, 1, 1])
==========Test result on poisoned test dataset(ASR)(Not including images with original label same as attack label)==========
[2026-08-24_09:44:06] Top-1 correct / Total: 10/9000, Top-1 accuracy: 0.0011111111111111111, Top-5 correct / Total: 378/9000, Top-5 accuracy: 0.042, time: 33.478423833847046
 class_acc:{1: 0.0011111111111111111}
PA_lables tensor([0, 0, 0,  ..., 9, 9, 9])
==========Test result on poisoned test dataset(PA)==========
[2026-08-24_09:44:07] Top-1 correct / Total: 3993/10000, Top-1 accuracy: 0.3993, Top-5 correct / Total: 8943/10000, Top-5 accuracy: 0.8943, time: 34.47568964958191
 class_acc:{0: 0.435, 1: 0.259, 2: 0.416, 3: 0.606, 4: 0.482, 5: 0.681, 6: 0.15, 7: 0.287, 8: 0.44, 9: 0.237}
=================================================End==================================================
