2026-08-23 00:03:10,671 [INFO] Run log: logs/20260823_000310_CIFAR10ImageFolder_BadNet_haze_0.75_seed1234.log
Using the CIFAR10ImageFolder
The at_threshold: 1
2026-08-23 00:03:11,084 [INFO] Using device: cuda:0
====================================================================================
Non-default run settings
====================================================================================
dataset: CIFAR10ImageFolder
img_size: 32
deg: haze
deg_scale: 0.75
purify_clean_test: True
purify_poisoned_test: True
use_purified_clean_test: True
use_purified_pois_test: True
at_threshold: 1
degradation_type: haze
degradation_strength: 0.75
use_conv_ir: True
restorer_ckpt: ./pretrain/its-base.pkl
------------------------------------------------------------------------------------
Runtime metadata
------------------------------------------------------------------------------------
mode: 3
classes: 10
device: cuda:0
run_log_path: logs/20260823_000310_CIFAR10ImageFolder_BadNet_haze_0.75_seed1234.log
====================================================================================
Mode is 3
====================================================================================
purified_ins(args, clean_train, purified_clean_test, poisoned_train, purified_pois_test)
====================================================================================
Using Pre-trained model: CIFAR10ImageFolder_pretrain/BadNet/Res_34_32
=================================================Loading Model ==================================================
=================================================    Loaded    ==================================================
==========Test result on benign test dataset(CA)==========
[2026-08-23_00:10:48] Top-1 correct / Total: 8247/10000, Top-1 accuracy: 0.8247, Top-5 correct / Total: 9698/10000, Top-5 accuracy: 0.9698, time: 0.8671591281890869
 class_acc:{0: 0.875, 1: 0.87, 2: 0.762, 3: 0.685, 4: 0.814, 5: 0.75, 6: 0.848, 7: 0.855, 8: 0.901, 9: 0.887}
ASR_lables tensor([1, 1, 1,  ..., 1, 1, 1])
==========Test result on poisoned test dataset(ASR)(Not including images with original label same as attack label)==========
[2026-08-23_00:11:11] Top-1 correct / Total: 8527/9000, Top-1 accuracy: 0.9474444444444444, Top-5 correct / Total: 8754/9000, Top-5 accuracy: 0.9726666666666667, time: 24.34402108192444
 class_acc:{1: 0.9474444444444444}
PA_lables tensor([0, 0, 0,  ..., 9, 9, 9])
==========Test result on poisoned test dataset(PA)==========
[2026-08-23_00:11:12] Top-1 correct / Total: 1171/10000, Top-1 accuracy: 0.1171, Top-5 correct / Total: 8844/10000, Top-5 accuracy: 0.8844, time: 25.094886302947998
 class_acc:{0: 0.072, 1: 0.963, 2: 0.031, 3: 0.021, 4: 0.007, 5: 0.023, 6: 0.012, 7: 0.008, 8: 0.025, 9: 0.009}
=================================================End==================================================
