2026-08-23 00:19:24,900 [INFO] Run log: logs/20260823_001924_CIFAR10ImageFolder_Blended_haze_0.15_seed1234.log
Using the CIFAR10ImageFolder
The at_threshold: 1
2026-08-23 00:19:25,332 [INFO] Using device: cuda:0
====================================================================================
Non-default run settings
====================================================================================
dataset: CIFAR10ImageFolder
attack_method: Blended
attack_schedule: Blended
img_size: 32
deg: haze
deg_scale: 0.15
purify_clean_test: True
purify_poisoned_test: True
use_purified_clean_test: True
use_purified_pois_test: True
at_threshold: 1
degradation_type: haze
degradation_strength: 0.15
use_conv_ir: True
restorer_ckpt: ./pretrain/its-base.pkl
------------------------------------------------------------------------------------
Runtime metadata
------------------------------------------------------------------------------------
mode: 3
classes: 10
device: cuda:0
run_log_path: logs/20260823_001924_CIFAR10ImageFolder_Blended_haze_0.15_seed1234.log
====================================================================================
Mode is 3
====================================================================================
purified_ins(args, clean_train, purified_clean_test, poisoned_train, purified_pois_test)
====================================================================================
Using Pre-trained model: CIFAR10ImageFolder_pretrain/Blended/Res_34_32
=================================================Loading Model ==================================================
=================================================    Loaded    ==================================================
==========Test result on benign test dataset(CA)==========
[2026-08-23_00:27:03] Top-1 correct / Total: 8599/10000, Top-1 accuracy: 0.8599, Top-5 correct / Total: 9859/10000, Top-5 accuracy: 0.9859, time: 0.8715927600860596
 class_acc:{0: 0.887, 1: 0.947, 2: 0.784, 3: 0.707, 4: 0.842, 5: 0.785, 6: 0.893, 7: 0.922, 8: 0.906, 9: 0.926}
ASR_lables tensor([1, 1, 1,  ..., 1, 1, 1])
==========Test result on poisoned test dataset(ASR)(Not including images with original label same as attack label)==========
[2026-08-23_00:27:27] Top-1 correct / Total: 2990/9000, Top-1 accuracy: 0.3322222222222222, Top-5 correct / Total: 4260/9000, Top-5 accuracy: 0.47333333333333333, time: 24.833428382873535
 class_acc:{1: 0.3322222222222222}
PA_lables tensor([0, 0, 0,  ..., 9, 9, 9])
==========Test result on poisoned test dataset(PA)==========
[2026-08-23_00:27:28] Top-1 correct / Total: 1255/10000, Top-1 accuracy: 0.1255, Top-5 correct / Total: 5642/10000, Top-5 accuracy: 0.5642, time: 25.584969997406006
 class_acc:{0: 0.537, 1: 0.544, 2: 0.031, 3: 0.075, 4: 0.011, 5: 0.0, 6: 0.002, 7: 0.002, 8: 0.045, 9: 0.008}
=================================================End==================================================
