2026-08-23 01:40:35,729 [INFO] Run log: logs/20260823_014035_CIFAR10ImageFolder_ISSBA_haze_0.15_seed1234.log
Using the CIFAR10ImageFolder
The at_threshold: 1
2026-08-23 01:40:36,116 [INFO] Using device: cuda:0
====================================================================================
Non-default run settings
====================================================================================
dataset: CIFAR10ImageFolder
attack_method: ISSBA
attack_schedule: ISSBA
issba_exported_poisoned_root: exported_poisoned/ISSBA/CIFAR10ImageFolder
img_size: 32
deg: haze
deg_scale: 0.15
purify_clean_test: True
purify_poisoned_test: True
use_purified_clean_test: True
use_purified_pois_test: True
at_threshold: 1
degradation_type: haze
degradation_strength: 0.15
use_conv_ir: True
restorer_ckpt: ./pretrain/its-base.pkl
------------------------------------------------------------------------------------
Runtime metadata
------------------------------------------------------------------------------------
mode: 3
classes: 10
device: cuda:0
run_log_path: logs/20260823_014035_CIFAR10ImageFolder_ISSBA_haze_0.15_seed1234.log
====================================================================================
Mode is 3
====================================================================================
purified_ins(args, clean_train, purified_clean_test, poisoned_train, purified_pois_test)
====================================================================================
Using Pre-trained model: CIFAR10ImageFolder_pretrain/ISSBA/Res_34_32
=================================================Loading Model ==================================================
=================================================    Loaded    ==================================================
==========Test result on benign test dataset(CA)==========
[2026-08-23_01:48:13] Top-1 correct / Total: 8515/10000, Top-1 accuracy: 0.8515, Top-5 correct / Total: 9858/10000, Top-5 accuracy: 0.9858, time: 0.853595495223999
 class_acc:{0: 0.875, 1: 0.943, 2: 0.776, 3: 0.701, 4: 0.809, 5: 0.801, 6: 0.886, 7: 0.887, 8: 0.922, 9: 0.915}
ASR_lables tensor([1, 1, 1,  ..., 1, 1, 1])
==========Test result on poisoned test dataset(ASR)(Not including images with original label same as attack label)==========
[2026-08-23_01:48:37] Top-1 correct / Total: 8114/9000, Top-1 accuracy: 0.9015555555555556, Top-5 correct / Total: 8462/9000, Top-5 accuracy: 0.9402222222222222, time: 24.301069021224976
 class_acc:{1: 0.9015555555555556}
PA_lables tensor([0, 0, 0,  ..., 9, 9, 9])
==========Test result on poisoned test dataset(PA)==========
[2026-08-23_01:48:37] Top-1 correct / Total: 1062/10000, Top-1 accuracy: 0.1062, Top-5 correct / Total: 7978/10000, Top-5 accuracy: 0.7978, time: 25.05100154876709
 class_acc:{0: 0.06, 1: 0.912, 2: 0.01, 3: 0.022, 4: 0.011, 5: 0.005, 6: 0.008, 7: 0.005, 8: 0.019, 9: 0.01}
=================================================End==================================================
