2026-08-23 00:51:47,124 [INFO] Run log: logs/20260823_005147_CIFAR10ImageFolder_Blended_haze_0.9_seed1234.log
Using the CIFAR10ImageFolder
The at_threshold: 1
2026-08-23 00:51:47,589 [INFO] Using device: cuda:0
====================================================================================
Non-default run settings
====================================================================================
dataset: CIFAR10ImageFolder
attack_method: Blended
attack_schedule: Blended
img_size: 32
deg: haze
deg_scale: 0.9
purify_clean_test: True
purify_poisoned_test: True
use_purified_clean_test: True
use_purified_pois_test: True
at_threshold: 1
degradation_type: haze
degradation_strength: 0.9
use_conv_ir: True
restorer_ckpt: ./pretrain/its-base.pkl
------------------------------------------------------------------------------------
Runtime metadata
------------------------------------------------------------------------------------
mode: 3
classes: 10
device: cuda:0
run_log_path: logs/20260823_005147_CIFAR10ImageFolder_Blended_haze_0.9_seed1234.log
====================================================================================
Mode is 3
====================================================================================
purified_ins(args, clean_train, purified_clean_test, poisoned_train, purified_pois_test)
====================================================================================
Using Pre-trained model: CIFAR10ImageFolder_pretrain/Blended/Res_34_32
=================================================Loading Model ==================================================
=================================================    Loaded    ==================================================
==========Test result on benign test dataset(CA)==========
[2026-08-23_00:59:25] Top-1 correct / Total: 7520/10000, Top-1 accuracy: 0.752, Top-5 correct / Total: 9529/10000, Top-5 accuracy: 0.9529, time: 0.9348647594451904
 class_acc:{0: 0.849, 1: 0.75, 2: 0.625, 3: 0.748, 4: 0.793, 5: 0.648, 6: 0.697, 7: 0.793, 8: 0.893, 9: 0.724}
ASR_lables tensor([1, 1, 1,  ..., 1, 1, 1])
==========Test result on poisoned test dataset(ASR)(Not including images with original label same as attack label)==========
[2026-08-23_00:59:49] Top-1 correct / Total: 7630/9000, Top-1 accuracy: 0.8477777777777777, Top-5 correct / Total: 8009/9000, Top-5 accuracy: 0.8898888888888888, time: 24.917125701904297
 class_acc:{1: 0.8477777777777777}
PA_lables tensor([0, 0, 0,  ..., 9, 9, 9])
==========Test result on poisoned test dataset(PA)==========
[2026-08-23_00:59:50] Top-1 correct / Total: 1173/10000, Top-1 accuracy: 0.1173, Top-5 correct / Total: 5878/10000, Top-5 accuracy: 0.5878, time: 25.6473605632782
 class_acc:{0: 0.135, 1: 0.848, 2: 0.041, 3: 0.042, 4: 0.029, 5: 0.007, 6: 0.033, 7: 0.006, 8: 0.027, 9: 0.005}
=================================================End==================================================
