2026-08-23 15:35:18,989 [INFO] Run log: logs/20260823_153518_CIFAR10ImageFolder_WaNet_haze_0.9_seed1234.log
Using the CIFAR10ImageFolder
The at_threshold: 1
2026-08-23 15:35:19,524 [INFO] Using device: cuda:0
====================================================================================
Non-default run settings
====================================================================================
dataset: CIFAR10ImageFolder
attack_method: WaNet
attack_schedule: WaNet
img_size: 32
deg: haze
deg_scale: 0.9
purify_clean_test: True
purify_poisoned_test: True
use_purified_clean_test: True
use_purified_pois_test: True
at_threshold: 1
degradation_type: haze
degradation_strength: 0.9
use_conv_ir: True
restorer_ckpt: ./pretrain/its-base.pkl
------------------------------------------------------------------------------------
Runtime metadata
------------------------------------------------------------------------------------
mode: 3
classes: 10
device: cuda:0
run_log_path: logs/20260823_153518_CIFAR10ImageFolder_WaNet_haze_0.9_seed1234.log
====================================================================================
Mode is 3
====================================================================================
purified_ins(args, clean_train, purified_clean_test, poisoned_train, purified_pois_test)
====================================================================================
Using Pre-trained model: CIFAR10ImageFolder_pretrain/WaNet/Res_34_32
=================================================Loading Model ==================================================
=================================================    Loaded    ==================================================
==========Test result on benign test dataset(CA)==========
[2026-08-23_15:46:11] Top-1 correct / Total: 7385/10000, Top-1 accuracy: 0.7385, Top-5 correct / Total: 9539/10000, Top-5 accuracy: 0.9539, time: 2.9324138164520264
 class_acc:{0: 0.855, 1: 0.757, 2: 0.599, 3: 0.765, 4: 0.759, 5: 0.647, 6: 0.675, 7: 0.766, 8: 0.87, 9: 0.692}
ASR_lables tensor([1, 1, 1,  ..., 1, 1, 1])
==========Test result on poisoned test dataset(ASR)(Not including images with original label same as attack label)==========
[2026-08-23_15:46:54] Top-1 correct / Total: 5096/9000, Top-1 accuracy: 0.5662222222222222, Top-5 correct / Total: 7731/9000, Top-5 accuracy: 0.859, time: 46.45108699798584
 class_acc:{1: 0.5662222222222222}
PA_lables tensor([0, 0, 0,  ..., 9, 9, 9])
==========Test result on poisoned test dataset(PA)==========
[2026-08-23_15:46:56] Top-1 correct / Total: 2658/10000, Top-1 accuracy: 0.2658, Top-5 correct / Total: 8202/10000, Top-5 accuracy: 0.8202, time: 47.49540662765503
 class_acc:{0: 0.372, 1: 0.889, 2: 0.194, 3: 0.247, 4: 0.309, 5: 0.112, 6: 0.153, 7: 0.12, 8: 0.233, 9: 0.029}
=================================================End==================================================
