2026-08-22 23:55:03,366 [INFO] Run log: logs/20260822_235503_CIFAR10ImageFolder_BadNet_haze_0.5_seed1234.log
Using the CIFAR10ImageFolder
The at_threshold: 1
2026-08-22 23:55:03,870 [INFO] Using device: cuda:0
====================================================================================
Non-default run settings
====================================================================================
dataset: CIFAR10ImageFolder
img_size: 32
deg: haze
deg_scale: 0.5
purify_clean_test: True
purify_poisoned_test: True
use_purified_clean_test: True
use_purified_pois_test: True
at_threshold: 1
degradation_type: haze
degradation_strength: 0.5
use_conv_ir: True
restorer_ckpt: ./pretrain/its-base.pkl
------------------------------------------------------------------------------------
Runtime metadata
------------------------------------------------------------------------------------
mode: 3
classes: 10
device: cuda:0
run_log_path: logs/20260822_235503_CIFAR10ImageFolder_BadNet_haze_0.5_seed1234.log
====================================================================================
Mode is 3
====================================================================================
purified_ins(args, clean_train, purified_clean_test, poisoned_train, purified_pois_test)
====================================================================================
Using Pre-trained model: CIFAR10ImageFolder_pretrain/BadNet/Res_34_32
=================================================Loading Model ==================================================
=================================================    Loaded    ==================================================
==========Test result on benign test dataset(CA)==========
[2026-08-23_00:02:44] Top-1 correct / Total: 8305/10000, Top-1 accuracy: 0.8305, Top-5 correct / Total: 9701/10000, Top-5 accuracy: 0.9701, time: 0.8731057643890381
 class_acc:{0: 0.88, 1: 0.881, 2: 0.766, 3: 0.68, 4: 0.812, 5: 0.762, 6: 0.876, 7: 0.856, 8: 0.896, 9: 0.896}
ASR_lables tensor([1, 1, 1,  ..., 1, 1, 1])
==========Test result on poisoned test dataset(ASR)(Not including images with original label same as attack label)==========
[2026-08-23_00:03:07] Top-1 correct / Total: 8556/9000, Top-1 accuracy: 0.9506666666666667, Top-5 correct / Total: 8708/9000, Top-5 accuracy: 0.9675555555555555, time: 23.84630799293518
 class_acc:{1: 0.9506666666666667}
PA_lables tensor([0, 0, 0,  ..., 9, 9, 9])
==========Test result on poisoned test dataset(PA)==========
[2026-08-23_00:03:08] Top-1 correct / Total: 1004/10000, Top-1 accuracy: 0.1004, Top-5 correct / Total: 8224/10000, Top-5 accuracy: 0.8224, time: 24.61620283126831
 class_acc:{0: 0.015, 1: 0.947, 2: 0.002, 3: 0.009, 4: 0.005, 5: 0.004, 6: 0.005, 7: 0.005, 8: 0.007, 9: 0.005}
=================================================End==================================================
