2026-08-23 02:12:59,279 [INFO] Run log: logs/20260823_021259_CIFAR10ImageFolder_ISSBA_haze_0.9_seed1234.log
Using the CIFAR10ImageFolder
The at_threshold: 1
2026-08-23 02:12:59,761 [INFO] Using device: cuda:0
====================================================================================
Non-default run settings
====================================================================================
dataset: CIFAR10ImageFolder
attack_method: ISSBA
attack_schedule: ISSBA
issba_exported_poisoned_root: exported_poisoned/ISSBA/CIFAR10ImageFolder
img_size: 32
deg: haze
deg_scale: 0.9
purify_clean_test: True
purify_poisoned_test: True
use_purified_clean_test: True
use_purified_pois_test: True
at_threshold: 1
degradation_type: haze
degradation_strength: 0.9
use_conv_ir: True
restorer_ckpt: ./pretrain/its-base.pkl
------------------------------------------------------------------------------------
Runtime metadata
------------------------------------------------------------------------------------
mode: 3
classes: 10
device: cuda:0
run_log_path: logs/20260823_021259_CIFAR10ImageFolder_ISSBA_haze_0.9_seed1234.log
====================================================================================
Mode is 3
====================================================================================
purified_ins(args, clean_train, purified_clean_test, poisoned_train, purified_pois_test)
====================================================================================
Using Pre-trained model: CIFAR10ImageFolder_pretrain/ISSBA/Res_34_32
=================================================Loading Model ==================================================
=================================================    Loaded    ==================================================
==========Test result on benign test dataset(CA)==========
[2026-08-23_02:20:38] Top-1 correct / Total: 7115/10000, Top-1 accuracy: 0.7115, Top-5 correct / Total: 9413/10000, Top-5 accuracy: 0.9413, time: 0.8749668598175049
 class_acc:{0: 0.827, 1: 0.707, 2: 0.602, 3: 0.709, 4: 0.725, 5: 0.651, 6: 0.662, 7: 0.694, 8: 0.886, 9: 0.652}
ASR_lables tensor([1, 1, 1,  ..., 1, 1, 1])
==========Test result on poisoned test dataset(ASR)(Not including images with original label same as attack label)==========
[2026-08-23_02:21:02] Top-1 correct / Total: 520/9000, Top-1 accuracy: 0.057777777777777775, Top-5 correct / Total: 3053/9000, Top-5 accuracy: 0.3392222222222222, time: 24.616529941558838
 class_acc:{1: 0.057777777777777775}
PA_lables tensor([0, 0, 0,  ..., 9, 9, 9])
==========Test result on poisoned test dataset(PA)==========
[2026-08-23_02:21:03] Top-1 correct / Total: 6313/10000, Top-1 accuracy: 0.6313, Top-5 correct / Total: 9202/10000, Top-5 accuracy: 0.9202, time: 25.364896535873413
 class_acc:{0: 0.777, 1: 0.694, 2: 0.504, 3: 0.628, 4: 0.585, 5: 0.562, 6: 0.575, 7: 0.608, 8: 0.825, 9: 0.555}
=================================================End==================================================
