2026-08-23 15:15:27,705 [INFO] Run log: logs/20260823_151527_CIFAR10ImageFolder_WaNet_haze_0.5_seed1234.log
Using the CIFAR10ImageFolder
The at_threshold: 1
2026-08-23 15:15:28,458 [INFO] Using device: cuda:0
====================================================================================
Non-default run settings
====================================================================================
dataset: CIFAR10ImageFolder
attack_method: WaNet
attack_schedule: WaNet
img_size: 32
deg: haze
deg_scale: 0.5
purify_clean_test: True
purify_poisoned_test: True
use_purified_clean_test: True
use_purified_pois_test: True
at_threshold: 1
degradation_type: haze
degradation_strength: 0.5
use_conv_ir: True
restorer_ckpt: ./pretrain/its-base.pkl
------------------------------------------------------------------------------------
Runtime metadata
------------------------------------------------------------------------------------
mode: 3
classes: 10
device: cuda:0
run_log_path: logs/20260823_151527_CIFAR10ImageFolder_WaNet_haze_0.5_seed1234.log
====================================================================================
Mode is 3
====================================================================================
purified_ins(args, clean_train, purified_clean_test, poisoned_train, purified_pois_test)
====================================================================================
Using Pre-trained model: CIFAR10ImageFolder_pretrain/WaNet/Res_34_32
=================================================Loading Model ==================================================
=================================================    Loaded    ==================================================
==========Test result on benign test dataset(CA)==========
[2026-08-23_15:24:41] Top-1 correct / Total: 8343/10000, Top-1 accuracy: 0.8343, Top-5 correct / Total: 9705/10000, Top-5 accuracy: 0.9705, time: 1.5195863246917725
 class_acc:{0: 0.877, 1: 0.93, 2: 0.75, 3: 0.698, 4: 0.813, 5: 0.761, 6: 0.874, 7: 0.87, 8: 0.884, 9: 0.886}
ASR_lables tensor([1, 1, 1,  ..., 1, 1, 1])
==========Test result on poisoned test dataset(ASR)(Not including images with original label same as attack label)==========
[2026-08-23_15:25:18] Top-1 correct / Total: 7837/9000, Top-1 accuracy: 0.8707777777777778, Top-5 correct / Total: 8693/9000, Top-5 accuracy: 0.9658888888888889, time: 38.87873315811157
 class_acc:{1: 0.8707777777777778}
PA_lables tensor([0, 0, 0,  ..., 9, 9, 9])
==========Test result on poisoned test dataset(PA)==========
[2026-08-23_15:25:19] Top-1 correct / Total: 1341/10000, Top-1 accuracy: 0.1341, Top-5 correct / Total: 7670/10000, Top-5 accuracy: 0.767, time: 39.921902656555176
 class_acc:{0: 0.116, 1: 0.886, 2: 0.074, 3: 0.063, 4: 0.035, 5: 0.037, 6: 0.045, 7: 0.018, 8: 0.049, 9: 0.018}
=================================================End==================================================
