2026-08-22 23:38:49,473 [INFO] Run log: logs/20260822_233849_CIFAR10ImageFolder_BadNet_haze_0.15_seed1234.log
Using the CIFAR10ImageFolder
The at_threshold: 1
2026-08-22 23:38:49,953 [INFO] Using device: cuda:0
====================================================================================
Non-default run settings
====================================================================================
dataset: CIFAR10ImageFolder
img_size: 32
deg: haze
deg_scale: 0.15
purify_clean_test: True
purify_poisoned_test: True
use_purified_clean_test: True
use_purified_pois_test: True
at_threshold: 1
degradation_type: haze
degradation_strength: 0.15
use_conv_ir: True
restorer_ckpt: ./pretrain/its-base.pkl
------------------------------------------------------------------------------------
Runtime metadata
------------------------------------------------------------------------------------
mode: 3
classes: 10
device: cuda:0
run_log_path: logs/20260822_233849_CIFAR10ImageFolder_BadNet_haze_0.15_seed1234.log
====================================================================================
Mode is 3
====================================================================================
purified_ins(args, clean_train, purified_clean_test, poisoned_train, purified_pois_test)
====================================================================================
Using Pre-trained model: CIFAR10ImageFolder_pretrain/BadNet/Res_34_32
=================================================Loading Model ==================================================
=================================================    Loaded    ==================================================
==========Test result on benign test dataset(CA)==========
[2026-08-22_23:46:32] Top-1 correct / Total: 8556/10000, Top-1 accuracy: 0.8556, Top-5 correct / Total: 9854/10000, Top-5 accuracy: 0.9854, time: 0.8687477111816406
 class_acc:{0: 0.885, 1: 0.93, 2: 0.775, 3: 0.696, 4: 0.821, 5: 0.809, 6: 0.891, 7: 0.903, 8: 0.922, 9: 0.924}
ASR_lables tensor([1, 1, 1,  ..., 1, 1, 1])
==========Test result on poisoned test dataset(ASR)(Not including images with original label same as attack label)==========
[2026-08-22_23:46:55] Top-1 correct / Total: 2900/9000, Top-1 accuracy: 0.32222222222222224, Top-5 correct / Total: 5514/9000, Top-5 accuracy: 0.6126666666666667, time: 23.6180362701416
 class_acc:{1: 0.32222222222222224}
PA_lables tensor([0, 0, 0,  ..., 9, 9, 9])
==========Test result on poisoned test dataset(PA)==========
[2026-08-22_23:46:56] Top-1 correct / Total: 1037/10000, Top-1 accuracy: 0.1037, Top-5 correct / Total: 5816/10000, Top-5 accuracy: 0.5816, time: 24.380952835083008
 class_acc:{0: 0.52, 1: 0.247, 2: 0.014, 3: 0.05, 4: 0.052, 5: 0.012, 6: 0.016, 7: 0.011, 8: 0.08, 9: 0.035}
=================================================End==================================================
