2026-08-23 02:04:53,281 [INFO] Run log: logs/20260823_020453_CIFAR10ImageFolder_ISSBA_haze_0.75_seed1234.log
Using the CIFAR10ImageFolder
The at_threshold: 1
2026-08-23 02:04:53,757 [INFO] Using device: cuda:0
====================================================================================
Non-default run settings
====================================================================================
dataset: CIFAR10ImageFolder
attack_method: ISSBA
attack_schedule: ISSBA
issba_exported_poisoned_root: exported_poisoned/ISSBA/CIFAR10ImageFolder
img_size: 32
deg: haze
deg_scale: 0.75
purify_clean_test: True
purify_poisoned_test: True
use_purified_clean_test: True
use_purified_pois_test: True
at_threshold: 1
degradation_type: haze
degradation_strength: 0.75
use_conv_ir: True
restorer_ckpt: ./pretrain/its-base.pkl
------------------------------------------------------------------------------------
Runtime metadata
------------------------------------------------------------------------------------
mode: 3
classes: 10
device: cuda:0
run_log_path: logs/20260823_020453_CIFAR10ImageFolder_ISSBA_haze_0.75_seed1234.log
====================================================================================
Mode is 3
====================================================================================
purified_ins(args, clean_train, purified_clean_test, poisoned_train, purified_pois_test)
====================================================================================
Using Pre-trained model: CIFAR10ImageFolder_pretrain/ISSBA/Res_34_32
=================================================Loading Model ==================================================
=================================================    Loaded    ==================================================
==========Test result on benign test dataset(CA)==========
[2026-08-23_02:12:32] Top-1 correct / Total: 8216/10000, Top-1 accuracy: 0.8216, Top-5 correct / Total: 9708/10000, Top-5 accuracy: 0.9708, time: 0.8766160011291504
 class_acc:{0: 0.857, 1: 0.877, 2: 0.755, 3: 0.693, 4: 0.813, 5: 0.745, 6: 0.851, 7: 0.839, 8: 0.902, 9: 0.884}
ASR_lables tensor([1, 1, 1,  ..., 1, 1, 1])
==========Test result on poisoned test dataset(ASR)(Not including images with original label same as attack label)==========
[2026-08-23_02:12:56] Top-1 correct / Total: 7639/9000, Top-1 accuracy: 0.8487777777777777, Top-5 correct / Total: 8596/9000, Top-5 accuracy: 0.9551111111111111, time: 24.362573623657227
 class_acc:{1: 0.8487777777777777}
PA_lables tensor([0, 0, 0,  ..., 9, 9, 9])
==========Test result on poisoned test dataset(PA)==========
[2026-08-23_02:12:57] Top-1 correct / Total: 1873/10000, Top-1 accuracy: 0.1873, Top-5 correct / Total: 8925/10000, Top-5 accuracy: 0.8925, time: 25.10943603515625
 class_acc:{0: 0.295, 1: 0.934, 2: 0.065, 3: 0.046, 4: 0.047, 5: 0.044, 6: 0.044, 7: 0.039, 8: 0.309, 9: 0.05}
=================================================End==================================================
