2026-08-23 00:35:33,790 [INFO] Run log: logs/20260823_003533_CIFAR10ImageFolder_Blended_haze_0.5_seed1234.log
Using the CIFAR10ImageFolder
The at_threshold: 1
2026-08-23 00:35:34,216 [INFO] Using device: cuda:0
====================================================================================
Non-default run settings
====================================================================================
dataset: CIFAR10ImageFolder
attack_method: Blended
attack_schedule: Blended
img_size: 32
deg: haze
deg_scale: 0.5
purify_clean_test: True
purify_poisoned_test: True
use_purified_clean_test: True
use_purified_pois_test: True
at_threshold: 1
degradation_type: haze
degradation_strength: 0.5
use_conv_ir: True
restorer_ckpt: ./pretrain/its-base.pkl
------------------------------------------------------------------------------------
Runtime metadata
------------------------------------------------------------------------------------
mode: 3
classes: 10
device: cuda:0
run_log_path: logs/20260823_003533_CIFAR10ImageFolder_Blended_haze_0.5_seed1234.log
====================================================================================
Mode is 3
====================================================================================
purified_ins(args, clean_train, purified_clean_test, poisoned_train, purified_pois_test)
====================================================================================
Using Pre-trained model: CIFAR10ImageFolder_pretrain/Blended/Res_34_32
=================================================Loading Model ==================================================
=================================================    Loaded    ==================================================
==========Test result on benign test dataset(CA)==========
[2026-08-23_00:43:13] Top-1 correct / Total: 8359/10000, Top-1 accuracy: 0.8359, Top-5 correct / Total: 9682/10000, Top-5 accuracy: 0.9682, time: 0.8965766429901123
 class_acc:{0: 0.869, 1: 0.9, 2: 0.777, 3: 0.702, 4: 0.838, 5: 0.737, 6: 0.873, 7: 0.876, 8: 0.89, 9: 0.897}
ASR_lables tensor([1, 1, 1,  ..., 1, 1, 1])
==========Test result on poisoned test dataset(ASR)(Not including images with original label same as attack label)==========
[2026-08-23_00:43:36] Top-1 correct / Total: 1800/9000, Top-1 accuracy: 0.2, Top-5 correct / Total: 3128/9000, Top-5 accuracy: 0.34755555555555556, time: 24.078691005706787
 class_acc:{1: 0.2}
PA_lables tensor([0, 0, 0,  ..., 9, 9, 9])
==========Test result on poisoned test dataset(PA)==========
[2026-08-23_00:43:37] Top-1 correct / Total: 1000/10000, Top-1 accuracy: 0.1, Top-5 correct / Total: 5326/10000, Top-5 accuracy: 0.5326, time: 24.84541940689087
 class_acc:{0: 0.479, 1: 0.304, 2: 0.047, 3: 0.079, 4: 0.012, 5: 0.0, 6: 0.006, 7: 0.007, 8: 0.044, 9: 0.022}
=================================================End==================================================
