2026-08-23 01:56:44,888 [INFO] Run log: logs/20260823_015644_CIFAR10ImageFolder_ISSBA_haze_0.5_seed1234.log
Using the CIFAR10ImageFolder
The at_threshold: 1
2026-08-23 01:56:45,320 [INFO] Using device: cuda:0
====================================================================================
Non-default run settings
====================================================================================
dataset: CIFAR10ImageFolder
attack_method: ISSBA
attack_schedule: ISSBA
issba_exported_poisoned_root: exported_poisoned/ISSBA/CIFAR10ImageFolder
img_size: 32
deg: haze
deg_scale: 0.5
purify_clean_test: True
purify_poisoned_test: True
use_purified_clean_test: True
use_purified_pois_test: True
at_threshold: 1
degradation_type: haze
degradation_strength: 0.5
use_conv_ir: True
restorer_ckpt: ./pretrain/its-base.pkl
------------------------------------------------------------------------------------
Runtime metadata
------------------------------------------------------------------------------------
mode: 3
classes: 10
device: cuda:0
run_log_path: logs/20260823_015644_CIFAR10ImageFolder_ISSBA_haze_0.5_seed1234.log
====================================================================================
Mode is 3
====================================================================================
purified_ins(args, clean_train, purified_clean_test, poisoned_train, purified_pois_test)
====================================================================================
Using Pre-trained model: CIFAR10ImageFolder_pretrain/ISSBA/Res_34_32
=================================================Loading Model ==================================================
=================================================    Loaded    ==================================================
==========Test result on benign test dataset(CA)==========
[2026-08-23_02:04:26] Top-1 correct / Total: 8300/10000, Top-1 accuracy: 0.83, Top-5 correct / Total: 9703/10000, Top-5 accuracy: 0.9703, time: 0.8614037036895752
 class_acc:{0: 0.867, 1: 0.899, 2: 0.769, 3: 0.69, 4: 0.809, 5: 0.758, 6: 0.88, 7: 0.841, 8: 0.895, 9: 0.892}
ASR_lables tensor([1, 1, 1,  ..., 1, 1, 1])
==========Test result on poisoned test dataset(ASR)(Not including images with original label same as attack label)==========
[2026-08-23_02:04:50] Top-1 correct / Total: 8342/9000, Top-1 accuracy: 0.9268888888888889, Top-5 correct / Total: 8618/9000, Top-5 accuracy: 0.9575555555555556, time: 24.40398931503296
 class_acc:{1: 0.9268888888888889}
PA_lables tensor([0, 0, 0,  ..., 9, 9, 9])
==========Test result on poisoned test dataset(PA)==========
[2026-08-23_02:04:51] Top-1 correct / Total: 1150/10000, Top-1 accuracy: 0.115, Top-5 correct / Total: 8418/10000, Top-5 accuracy: 0.8418, time: 25.15077304840088
 class_acc:{0: 0.092, 1: 0.933, 2: 0.016, 3: 0.016, 4: 0.009, 5: 0.009, 6: 0.016, 7: 0.005, 8: 0.038, 9: 0.016}
=================================================End==================================================
