2026-08-23 00:11:14,861 [INFO] Run log: logs/20260823_001114_CIFAR10ImageFolder_BadNet_haze_0.9_seed1234.log
Using the CIFAR10ImageFolder
The at_threshold: 1
2026-08-23 00:11:15,314 [INFO] Using device: cuda:0
====================================================================================
Non-default run settings
====================================================================================
dataset: CIFAR10ImageFolder
img_size: 32
deg: haze
deg_scale: 0.9
purify_clean_test: True
purify_poisoned_test: True
use_purified_clean_test: True
use_purified_pois_test: True
at_threshold: 1
degradation_type: haze
degradation_strength: 0.9
use_conv_ir: True
restorer_ckpt: ./pretrain/its-base.pkl
------------------------------------------------------------------------------------
Runtime metadata
------------------------------------------------------------------------------------
mode: 3
classes: 10
device: cuda:0
run_log_path: logs/20260823_001114_CIFAR10ImageFolder_BadNet_haze_0.9_seed1234.log
====================================================================================
Mode is 3
====================================================================================
purified_ins(args, clean_train, purified_clean_test, poisoned_train, purified_pois_test)
====================================================================================
Using Pre-trained model: CIFAR10ImageFolder_pretrain/BadNet/Res_34_32
=================================================Loading Model ==================================================
=================================================    Loaded    ==================================================
==========Test result on benign test dataset(CA)==========
[2026-08-23_00:18:58] Top-1 correct / Total: 7293/10000, Top-1 accuracy: 0.7293, Top-5 correct / Total: 9533/10000, Top-5 accuracy: 0.9533, time: 0.8669641017913818
 class_acc:{0: 0.858, 1: 0.721, 2: 0.61, 3: 0.734, 4: 0.727, 5: 0.652, 6: 0.662, 7: 0.753, 8: 0.882, 9: 0.694}
ASR_lables tensor([1, 1, 1,  ..., 1, 1, 1])
==========Test result on poisoned test dataset(ASR)(Not including images with original label same as attack label)==========
[2026-08-23_00:19:21] Top-1 correct / Total: 8371/9000, Top-1 accuracy: 0.9301111111111111, Top-5 correct / Total: 8755/9000, Top-5 accuracy: 0.9727777777777777, time: 24.735915899276733
 class_acc:{1: 0.9301111111111111}
PA_lables tensor([0, 0, 0,  ..., 9, 9, 9])
==========Test result on poisoned test dataset(PA)==========
[2026-08-23_00:19:22] Top-1 correct / Total: 1148/10000, Top-1 accuracy: 0.1148, Top-5 correct / Total: 8172/10000, Top-5 accuracy: 0.8172, time: 25.487329721450806
 class_acc:{0: 0.082, 1: 0.924, 2: 0.013, 3: 0.027, 4: 0.021, 5: 0.009, 6: 0.014, 7: 0.014, 8: 0.032, 9: 0.012}
=================================================End==================================================
