2026-08-23 14:55:32,842 [INFO] Run log: logs/20260823_145532_CIFAR10ImageFolder_WaNet_haze_0.15_seed1234.log
Using the CIFAR10ImageFolder
The at_threshold: 1
2026-08-23 14:55:33,518 [INFO] Using device: cuda:0
====================================================================================
Non-default run settings
====================================================================================
dataset: CIFAR10ImageFolder
attack_method: WaNet
attack_schedule: WaNet
img_size: 32
deg: haze
deg_scale: 0.15
purify_clean_test: True
purify_poisoned_test: True
use_purified_clean_test: True
use_purified_pois_test: True
at_threshold: 1
degradation_type: haze
degradation_strength: 0.15
use_conv_ir: True
restorer_ckpt: ./pretrain/its-base.pkl
------------------------------------------------------------------------------------
Runtime metadata
------------------------------------------------------------------------------------
mode: 3
classes: 10
device: cuda:0
run_log_path: logs/20260823_145532_CIFAR10ImageFolder_WaNet_haze_0.15_seed1234.log
====================================================================================
Mode is 3
====================================================================================
purified_ins(args, clean_train, purified_clean_test, poisoned_train, purified_pois_test)
====================================================================================
Using Pre-trained model: CIFAR10ImageFolder_pretrain/WaNet/Res_34_32
=================================================Loading Model ==================================================
=================================================    Loaded    ==================================================
==========Test result on benign test dataset(CA)==========
[2026-08-23_15:04:48] Top-1 correct / Total: 8567/10000, Top-1 accuracy: 0.8567, Top-5 correct / Total: 9846/10000, Top-5 accuracy: 0.9846, time: 1.4116365909576416
 class_acc:{0: 0.877, 1: 0.948, 2: 0.76, 3: 0.725, 4: 0.822, 5: 0.804, 6: 0.884, 7: 0.916, 8: 0.916, 9: 0.915}
ASR_lables tensor([1, 1, 1,  ..., 1, 1, 1])
==========Test result on poisoned test dataset(ASR)(Not including images with original label same as attack label)==========
[2026-08-23_15:05:26] Top-1 correct / Total: 7110/9000, Top-1 accuracy: 0.79, Top-5 correct / Total: 8285/9000, Top-5 accuracy: 0.9205555555555556, time: 39.32227063179016
 class_acc:{1: 0.79}
PA_lables tensor([0, 0, 0,  ..., 9, 9, 9])
==========Test result on poisoned test dataset(PA)==========
[2026-08-23_15:05:27] Top-1 correct / Total: 1182/10000, Top-1 accuracy: 0.1182, Top-5 correct / Total: 7121/10000, Top-5 accuracy: 0.7121, time: 40.36227345466614
 class_acc:{0: 0.15, 1: 0.809, 2: 0.047, 3: 0.043, 4: 0.02, 5: 0.019, 6: 0.03, 7: 0.015, 8: 0.042, 9: 0.007}
=================================================End==================================================
