2026-08-23 00:43:39,881 [INFO] Run log: logs/20260823_004339_CIFAR10ImageFolder_Blended_haze_0.75_seed1234.log
Using the CIFAR10ImageFolder
The at_threshold: 1
2026-08-23 00:43:40,272 [INFO] Using device: cuda:0
====================================================================================
Non-default run settings
====================================================================================
dataset: CIFAR10ImageFolder
attack_method: Blended
attack_schedule: Blended
img_size: 32
deg: haze
deg_scale: 0.75
purify_clean_test: True
purify_poisoned_test: True
use_purified_clean_test: True
use_purified_pois_test: True
at_threshold: 1
degradation_type: haze
degradation_strength: 0.75
use_conv_ir: True
restorer_ckpt: ./pretrain/its-base.pkl
------------------------------------------------------------------------------------
Runtime metadata
------------------------------------------------------------------------------------
mode: 3
classes: 10
device: cuda:0
run_log_path: logs/20260823_004339_CIFAR10ImageFolder_Blended_haze_0.75_seed1234.log
====================================================================================
Mode is 3
====================================================================================
purified_ins(args, clean_train, purified_clean_test, poisoned_train, purified_pois_test)
====================================================================================
Using Pre-trained model: CIFAR10ImageFolder_pretrain/Blended/Res_34_32
=================================================Loading Model ==================================================
=================================================    Loaded    ==================================================
==========Test result on benign test dataset(CA)==========
[2026-08-23_00:51:20] Top-1 correct / Total: 8254/10000, Top-1 accuracy: 0.8254, Top-5 correct / Total: 9684/10000, Top-5 accuracy: 0.9684, time: 0.8704195022583008
 class_acc:{0: 0.872, 1: 0.883, 2: 0.76, 3: 0.691, 4: 0.838, 5: 0.711, 6: 0.843, 7: 0.882, 8: 0.886, 9: 0.888}
ASR_lables tensor([1, 1, 1,  ..., 1, 1, 1])
==========Test result on poisoned test dataset(ASR)(Not including images with original label same as attack label)==========
[2026-08-23_00:51:44] Top-1 correct / Total: 1999/9000, Top-1 accuracy: 0.22211111111111112, Top-5 correct / Total: 3798/9000, Top-5 accuracy: 0.422, time: 24.208916425704956
 class_acc:{1: 0.22211111111111112}
PA_lables tensor([0, 0, 0,  ..., 9, 9, 9])
==========Test result on poisoned test dataset(PA)==========
[2026-08-23_00:51:45] Top-1 correct / Total: 1090/10000, Top-1 accuracy: 0.109, Top-5 correct / Total: 5447/10000, Top-5 accuracy: 0.5447, time: 24.954514741897583
 class_acc:{0: 0.409, 1: 0.306, 2: 0.058, 3: 0.143, 4: 0.034, 5: 0.002, 6: 0.012, 7: 0.001, 8: 0.092, 9: 0.033}
=================================================End==================================================
