2026-08-23 00:27:30,666 [INFO] Run log: logs/20260823_002730_CIFAR10ImageFolder_Blended_haze_0.2_seed1234.log
Using the CIFAR10ImageFolder
The at_threshold: 1
2026-08-23 00:27:31,074 [INFO] Using device: cuda:0
====================================================================================
Non-default run settings
====================================================================================
dataset: CIFAR10ImageFolder
attack_method: Blended
attack_schedule: Blended
img_size: 32
deg: haze
deg_scale: 0.2
purify_clean_test: True
purify_poisoned_test: True
use_purified_clean_test: True
use_purified_pois_test: True
at_threshold: 1
degradation_type: haze
degradation_strength: 0.2
use_conv_ir: True
restorer_ckpt: ./pretrain/its-base.pkl
------------------------------------------------------------------------------------
Runtime metadata
------------------------------------------------------------------------------------
mode: 3
classes: 10
device: cuda:0
run_log_path: logs/20260823_002730_CIFAR10ImageFolder_Blended_haze_0.2_seed1234.log
====================================================================================
Mode is 3
====================================================================================
purified_ins(args, clean_train, purified_clean_test, poisoned_train, purified_pois_test)
====================================================================================
Using Pre-trained model: CIFAR10ImageFolder_pretrain/Blended/Res_34_32
=================================================Loading Model ==================================================
=================================================    Loaded    ==================================================
==========Test result on benign test dataset(CA)==========
[2026-08-23_00:35:08] Top-1 correct / Total: 8572/10000, Top-1 accuracy: 0.8572, Top-5 correct / Total: 9840/10000, Top-5 accuracy: 0.984, time: 0.8651275634765625
 class_acc:{0: 0.886, 1: 0.945, 2: 0.784, 3: 0.705, 4: 0.839, 5: 0.784, 6: 0.885, 7: 0.914, 8: 0.905, 9: 0.925}
ASR_lables tensor([1, 1, 1,  ..., 1, 1, 1])
==========Test result on poisoned test dataset(ASR)(Not including images with original label same as attack label)==========
[2026-08-23_00:35:30] Top-1 correct / Total: 2719/9000, Top-1 accuracy: 0.3021111111111111, Top-5 correct / Total: 4002/9000, Top-5 accuracy: 0.44466666666666665, time: 23.555945873260498
 class_acc:{1: 0.3021111111111111}
PA_lables tensor([0, 0, 0,  ..., 9, 9, 9])
==========Test result on poisoned test dataset(PA)==========
[2026-08-23_00:35:31] Top-1 correct / Total: 1247/10000, Top-1 accuracy: 0.1247, Top-5 correct / Total: 5561/10000, Top-5 accuracy: 0.5561, time: 24.296523094177246
 class_acc:{0: 0.529, 1: 0.489, 2: 0.055, 3: 0.101, 4: 0.006, 5: 0.002, 6: 0.005, 7: 0.002, 8: 0.04, 9: 0.018}
=================================================End==================================================
