2026-08-23 01:48:40,077 [INFO] Run log: logs/20260823_014840_CIFAR10ImageFolder_ISSBA_haze_0.2_seed1234.log
Using the CIFAR10ImageFolder
The at_threshold: 1
2026-08-23 01:48:40,502 [INFO] Using device: cuda:0
====================================================================================
Non-default run settings
====================================================================================
dataset: CIFAR10ImageFolder
attack_method: ISSBA
attack_schedule: ISSBA
issba_exported_poisoned_root: exported_poisoned/ISSBA/CIFAR10ImageFolder
img_size: 32
deg: haze
deg_scale: 0.2
purify_clean_test: True
purify_poisoned_test: True
use_purified_clean_test: True
use_purified_pois_test: True
at_threshold: 1
degradation_type: haze
degradation_strength: 0.2
use_conv_ir: True
restorer_ckpt: ./pretrain/its-base.pkl
------------------------------------------------------------------------------------
Runtime metadata
------------------------------------------------------------------------------------
mode: 3
classes: 10
device: cuda:0
run_log_path: logs/20260823_014840_CIFAR10ImageFolder_ISSBA_haze_0.2_seed1234.log
====================================================================================
Mode is 3
====================================================================================
purified_ins(args, clean_train, purified_clean_test, poisoned_train, purified_pois_test)
====================================================================================
Using Pre-trained model: CIFAR10ImageFolder_pretrain/ISSBA/Res_34_32
=================================================Loading Model ==================================================
=================================================    Loaded    ==================================================
==========Test result on benign test dataset(CA)==========
[2026-08-23_01:56:18] Top-1 correct / Total: 8505/10000, Top-1 accuracy: 0.8505, Top-5 correct / Total: 9841/10000, Top-5 accuracy: 0.9841, time: 0.8740756511688232
 class_acc:{0: 0.877, 1: 0.945, 2: 0.776, 3: 0.7, 4: 0.812, 5: 0.8, 6: 0.88, 7: 0.881, 8: 0.918, 9: 0.916}
ASR_lables tensor([1, 1, 1,  ..., 1, 1, 1])
==========Test result on poisoned test dataset(ASR)(Not including images with original label same as attack label)==========
[2026-08-23_01:56:41] Top-1 correct / Total: 8077/9000, Top-1 accuracy: 0.8974444444444445, Top-5 correct / Total: 8476/9000, Top-5 accuracy: 0.9417777777777778, time: 24.65160608291626
 class_acc:{1: 0.8974444444444445}
PA_lables tensor([0, 0, 0,  ..., 9, 9, 9])
==========Test result on poisoned test dataset(PA)==========
[2026-08-23_01:56:42] Top-1 correct / Total: 1061/10000, Top-1 accuracy: 0.1061, Top-5 correct / Total: 8031/10000, Top-5 accuracy: 0.8031, time: 25.41996693611145
 class_acc:{0: 0.066, 1: 0.889, 2: 0.014, 3: 0.021, 4: 0.009, 5: 0.006, 6: 0.016, 7: 0.004, 8: 0.025, 9: 0.011}
=================================================End==================================================
