2026-08-23 15:25:22,376 [INFO] Run log: logs/20260823_152522_CIFAR10ImageFolder_WaNet_haze_0.75_seed1234.log
Using the CIFAR10ImageFolder
The at_threshold: 1
2026-08-23 15:25:23,099 [INFO] Using device: cuda:0
====================================================================================
Non-default run settings
====================================================================================
dataset: CIFAR10ImageFolder
attack_method: WaNet
attack_schedule: WaNet
img_size: 32
deg: haze
deg_scale: 0.75
purify_clean_test: True
purify_poisoned_test: True
use_purified_clean_test: True
use_purified_pois_test: True
at_threshold: 1
degradation_type: haze
degradation_strength: 0.75
use_conv_ir: True
restorer_ckpt: ./pretrain/its-base.pkl
------------------------------------------------------------------------------------
Runtime metadata
------------------------------------------------------------------------------------
mode: 3
classes: 10
device: cuda:0
run_log_path: logs/20260823_152522_CIFAR10ImageFolder_WaNet_haze_0.75_seed1234.log
====================================================================================
Mode is 3
====================================================================================
purified_ins(args, clean_train, purified_clean_test, poisoned_train, purified_pois_test)
====================================================================================
Using Pre-trained model: CIFAR10ImageFolder_pretrain/WaNet/Res_34_32
=================================================Loading Model ==================================================
=================================================    Loaded    ==================================================
==========Test result on benign test dataset(CA)==========
[2026-08-23_15:34:37] Top-1 correct / Total: 8234/10000, Top-1 accuracy: 0.8234, Top-5 correct / Total: 9711/10000, Top-5 accuracy: 0.9711, time: 1.3693492412567139
 class_acc:{0: 0.861, 1: 0.915, 2: 0.724, 3: 0.694, 4: 0.809, 5: 0.739, 6: 0.846, 7: 0.872, 8: 0.896, 9: 0.878}
ASR_lables tensor([1, 1, 1,  ..., 1, 1, 1])
==========Test result on poisoned test dataset(ASR)(Not including images with original label same as attack label)==========
[2026-08-23_15:35:15] Top-1 correct / Total: 7086/9000, Top-1 accuracy: 0.7873333333333333, Top-5 correct / Total: 8496/9000, Top-5 accuracy: 0.944, time: 39.42899680137634
 class_acc:{1: 0.7873333333333333}
PA_lables tensor([0, 0, 0,  ..., 9, 9, 9])
==========Test result on poisoned test dataset(PA)==========
[2026-08-23_15:35:16] Top-1 correct / Total: 1743/10000, Top-1 accuracy: 0.1743, Top-5 correct / Total: 7738/10000, Top-5 accuracy: 0.7738, time: 40.47495174407959
 class_acc:{0: 0.171, 1: 0.881, 2: 0.146, 3: 0.13, 4: 0.107, 5: 0.061, 6: 0.092, 7: 0.047, 8: 0.086, 9: 0.022}
=================================================End==================================================
