2026-08-23 15:05:29,509 [INFO] Run log: logs/20260823_150529_CIFAR10ImageFolder_WaNet_haze_0.2_seed1234.log
Using the CIFAR10ImageFolder
The at_threshold: 1
2026-08-23 15:05:30,063 [INFO] Using device: cuda:0
====================================================================================
Non-default run settings
====================================================================================
dataset: CIFAR10ImageFolder
attack_method: WaNet
attack_schedule: WaNet
img_size: 32
deg: haze
deg_scale: 0.2
purify_clean_test: True
purify_poisoned_test: True
use_purified_clean_test: True
use_purified_pois_test: True
at_threshold: 1
degradation_type: haze
degradation_strength: 0.2
use_conv_ir: True
restorer_ckpt: ./pretrain/its-base.pkl
------------------------------------------------------------------------------------
Runtime metadata
------------------------------------------------------------------------------------
mode: 3
classes: 10
device: cuda:0
run_log_path: logs/20260823_150529_CIFAR10ImageFolder_WaNet_haze_0.2_seed1234.log
====================================================================================
Mode is 3
====================================================================================
purified_ins(args, clean_train, purified_clean_test, poisoned_train, purified_pois_test)
====================================================================================
Using Pre-trained model: CIFAR10ImageFolder_pretrain/WaNet/Res_34_32
=================================================Loading Model ==================================================
=================================================    Loaded    ==================================================
==========Test result on benign test dataset(CA)==========
[2026-08-23_15:14:46] Top-1 correct / Total: 8534/10000, Top-1 accuracy: 0.8534, Top-5 correct / Total: 9828/10000, Top-5 accuracy: 0.9828, time: 1.586547613143921
 class_acc:{0: 0.88, 1: 0.949, 2: 0.752, 3: 0.715, 4: 0.814, 5: 0.804, 6: 0.881, 7: 0.91, 8: 0.916, 9: 0.913}
ASR_lables tensor([1, 1, 1,  ..., 1, 1, 1])
==========Test result on poisoned test dataset(ASR)(Not including images with original label same as attack label)==========
[2026-08-23_15:15:24] Top-1 correct / Total: 7130/9000, Top-1 accuracy: 0.7922222222222223, Top-5 correct / Total: 8329/9000, Top-5 accuracy: 0.9254444444444444, time: 39.821823596954346
 class_acc:{1: 0.7922222222222223}
PA_lables tensor([0, 0, 0,  ..., 9, 9, 9])
==========Test result on poisoned test dataset(PA)==========
[2026-08-23_15:15:25] Top-1 correct / Total: 1175/10000, Top-1 accuracy: 0.1175, Top-5 correct / Total: 7184/10000, Top-5 accuracy: 0.7184, time: 40.89769744873047
 class_acc:{0: 0.134, 1: 0.809, 2: 0.05, 3: 0.041, 4: 0.02, 5: 0.022, 6: 0.033, 7: 0.016, 8: 0.042, 9: 0.008}
=================================================End==================================================
