2026-08-23 19:39:04,304 [INFO] Run log: logs/20260823_193904_CIFAR10ImageFolder_WaNet_none_0.0_seed1234.log
Using the CIFAR10ImageFolder
The at_threshold: 1
2026-08-23 19:39:04,884 [INFO] Using device: cuda:0
====================================================================================
Non-default run settings
====================================================================================
dataset: CIFAR10ImageFolder
attack_method: WaNet
attack_schedule: WaNet
img_size: 32
deg: none
deg_scale: 0.0
purify_clean_test: True
purify_poisoned_test: True
use_purified_clean_test: True
use_purified_pois_test: True
at_threshold: 1
degradation_type: none
degradation_strength: 0.0
use_conv_ir: True
------------------------------------------------------------------------------------
Runtime metadata
------------------------------------------------------------------------------------
mode: 3
classes: 10
device: cuda:0
run_log_path: logs/20260823_193904_CIFAR10ImageFolder_WaNet_none_0.0_seed1234.log
====================================================================================
Mode is 3
====================================================================================
purified_ins(args, clean_train, purified_clean_test, poisoned_train, purified_pois_test)
====================================================================================
Using Pre-trained model: CIFAR10ImageFolder_pretrain/WaNet/Res_34_32
=================================================Loading Model ==================================================
=================================================    Loaded    ==================================================
==========Test result on benign test dataset(CA)==========
[2026-08-23_19:48:50] Top-1 correct / Total: 8815/10000, Top-1 accuracy: 0.8815, Top-5 correct / Total: 9932/10000, Top-5 accuracy: 0.9932, time: 2.872344970703125
 class_acc:{0: 0.908, 1: 0.962, 2: 0.807, 3: 0.75, 4: 0.866, 5: 0.829, 6: 0.92, 7: 0.93, 8: 0.923, 9: 0.92}
ASR_lables tensor([1, 1, 1,  ..., 1, 1, 1])
==========Test result on poisoned test dataset(ASR)(Not including images with original label same as attack label)==========
[2026-08-23_19:50:01] Top-1 correct / Total: 8950/9000, Top-1 accuracy: 0.9944444444444445, Top-5 correct / Total: 8998/9000, Top-5 accuracy: 0.9997777777777778, time: 73.99791288375854
 class_acc:{1: 0.9944444444444445}
PA_lables tensor([0, 0, 0,  ..., 9, 9, 9])
==========Test result on poisoned test dataset(PA)==========
[2026-08-23_19:50:03] Top-1 correct / Total: 1046/10000, Top-1 accuracy: 0.1046, Top-5 correct / Total: 7291/10000, Top-5 accuracy: 0.7291, time: 75.68975901603699
 class_acc:{0: 0.008, 1: 1.0, 2: 0.017, 3: 0.002, 4: 0.001, 5: 0.002, 6: 0.011, 7: 0.001, 8: 0.004, 9: 0.0}
=================================================End==================================================
