2026-08-23 11:40:58,193 [INFO] Run log: logs/20260823_114058_CIFAR10ImageFolder_ISSBA_none_0.0_seed1234.log
Using the CIFAR10ImageFolder
The at_threshold: 1
2026-08-23 11:40:58,653 [INFO] Using device: cuda:0
====================================================================================
Non-default run settings
====================================================================================
dataset: CIFAR10ImageFolder
attack_method: ISSBA
attack_schedule: ISSBA
issba_exported_poisoned_root: exported_poisoned/ISSBA/CIFAR10ImageFolder
img_size: 32
deg: none
deg_scale: 0.0
purify_clean_test: True
purify_poisoned_test: True
use_purified_clean_test: True
use_purified_pois_test: True
at_threshold: 1
degradation_type: none
degradation_strength: 0.0
use_conv_ir: True
restorer_ckpt: ./pretrain/convir_gopro.pkl
------------------------------------------------------------------------------------
Runtime metadata
------------------------------------------------------------------------------------
mode: 3
classes: 10
device: cuda:0
run_log_path: logs/20260823_114058_CIFAR10ImageFolder_ISSBA_none_0.0_seed1234.log
====================================================================================
Mode is 3
====================================================================================
purified_ins(args, clean_train, purified_clean_test, poisoned_train, purified_pois_test)
====================================================================================
Using Pre-trained model: CIFAR10ImageFolder_pretrain/ISSBA/Res_34_32
=================================================Loading Model ==================================================
=================================================    Loaded    ==================================================
==========Test result on benign test dataset(CA)==========
[2026-08-23_11:50:10] Top-1 correct / Total: 8056/10000, Top-1 accuracy: 0.8056, Top-5 correct / Total: 9836/10000, Top-5 accuracy: 0.9836, time: 1.4724066257476807
 class_acc:{0: 0.766, 1: 0.877, 2: 0.76, 3: 0.622, 4: 0.815, 5: 0.735, 6: 0.923, 7: 0.815, 8: 0.902, 9: 0.841}
ASR_lables tensor([1, 1, 1,  ..., 1, 1, 1])
==========Test result on poisoned test dataset(ASR)(Not including images with original label same as attack label)==========
[2026-08-23_11:50:49] Top-1 correct / Total: 7634/9000, Top-1 accuracy: 0.8482222222222222, Top-5 correct / Total: 8848/9000, Top-5 accuracy: 0.9831111111111112, time: 40.08074998855591
 class_acc:{1: 0.8482222222222222}
PA_lables tensor([0, 0, 0,  ..., 9, 9, 9])
==========Test result on poisoned test dataset(PA)==========
[2026-08-23_11:50:50] Top-1 correct / Total: 2168/10000, Top-1 accuracy: 0.2168, Top-5 correct / Total: 9102/10000, Top-5 accuracy: 0.9102, time: 41.072920083999634
 class_acc:{0: 0.101, 1: 0.98, 2: 0.066, 3: 0.072, 4: 0.082, 5: 0.085, 6: 0.257, 7: 0.175, 8: 0.13, 9: 0.22}
=================================================End==================================================
