2026-08-23 11:21:06,500 [INFO] Run log: logs/20260823_112106_CIFAR10ImageFolder_Blended_none_0.0_seed1234.log
Using the CIFAR10ImageFolder
The at_threshold: 1
2026-08-23 11:21:06,946 [INFO] Using device: cuda:0
====================================================================================
Non-default run settings
====================================================================================
dataset: CIFAR10ImageFolder
attack_method: Blended
attack_schedule: Blended
img_size: 32
deg: none
deg_scale: 0.0
purify_clean_test: True
purify_poisoned_test: True
use_purified_clean_test: True
use_purified_pois_test: True
at_threshold: 1
degradation_type: none
degradation_strength: 0.0
use_conv_ir: True
restorer_ckpt: ./pretrain/convir_gopro.pkl
------------------------------------------------------------------------------------
Runtime metadata
------------------------------------------------------------------------------------
mode: 3
classes: 10
device: cuda:0
run_log_path: logs/20260823_112106_CIFAR10ImageFolder_Blended_none_0.0_seed1234.log
====================================================================================
Mode is 3
====================================================================================
purified_ins(args, clean_train, purified_clean_test, poisoned_train, purified_pois_test)
====================================================================================
Using Pre-trained model: CIFAR10ImageFolder_pretrain/Blended/Res_34_32
=================================================Loading Model ==================================================
=================================================    Loaded    ==================================================
==========Test result on benign test dataset(CA)==========
[2026-08-23_11:30:21] Top-1 correct / Total: 8161/10000, Top-1 accuracy: 0.8161, Top-5 correct / Total: 9846/10000, Top-5 accuracy: 0.9846, time: 1.4255385398864746
 class_acc:{0: 0.786, 1: 0.834, 2: 0.776, 3: 0.594, 4: 0.84, 5: 0.722, 6: 0.923, 7: 0.887, 8: 0.922, 9: 0.877}
ASR_lables tensor([1, 1, 1,  ..., 1, 1, 1])
==========Test result on poisoned test dataset(ASR)(Not including images with original label same as attack label)==========
[2026-08-23_11:31:00] Top-1 correct / Total: 8997/9000, Top-1 accuracy: 0.9996666666666667, Top-5 correct / Total: 9000/9000, Top-5 accuracy: 1.0, time: 40.09217858314514
 class_acc:{1: 0.9996666666666667}
PA_lables tensor([0, 0, 0,  ..., 9, 9, 9])
==========Test result on poisoned test dataset(PA)==========
[2026-08-23_11:31:01] Top-1 correct / Total: 1003/10000, Top-1 accuracy: 0.1003, Top-5 correct / Total: 5781/10000, Top-5 accuracy: 0.5781, time: 41.11806511878967
 class_acc:{0: 0.0, 1: 1.0, 2: 0.002, 3: 0.0, 4: 0.0, 5: 0.0, 6: 0.0, 7: 0.0, 8: 0.001, 9: 0.0}
=================================================End==================================================
