2026-08-23 11:12:35,867 [INFO] Run log: logs/20260823_111235_CIFAR10ImageFolder_BadNet_none_0.0_seed1234.log
Using the CIFAR10ImageFolder
The at_threshold: 1
2026-08-23 11:12:36,284 [INFO] Using device: cuda:0
====================================================================================
Non-default run settings
====================================================================================
dataset: CIFAR10ImageFolder
img_size: 32
deg: none
deg_scale: 0.0
purify_clean_test: True
purify_poisoned_test: True
use_purified_clean_test: True
use_purified_pois_test: True
at_threshold: 1
degradation_type: none
degradation_strength: 0.0
use_conv_ir: True
restorer_ckpt: ./pretrain/convir_gopro.pkl
------------------------------------------------------------------------------------
Runtime metadata
------------------------------------------------------------------------------------
mode: 3
classes: 10
device: cuda:0
run_log_path: logs/20260823_111235_CIFAR10ImageFolder_BadNet_none_0.0_seed1234.log
====================================================================================
Mode is 3
====================================================================================
purified_ins(args, clean_train, purified_clean_test, poisoned_train, purified_pois_test)
====================================================================================
Using Pre-trained model: CIFAR10ImageFolder_pretrain/BadNet/Res_34_32
=================================================Loading Model ==================================================
=================================================    Loaded    ==================================================
==========Test result on benign test dataset(CA)==========
[2026-08-23_11:20:25] Top-1 correct / Total: 8190/10000, Top-1 accuracy: 0.819, Top-5 correct / Total: 9844/10000, Top-5 accuracy: 0.9844, time: 1.455226182937622
 class_acc:{0: 0.823, 1: 0.855, 2: 0.763, 3: 0.61, 4: 0.821, 5: 0.722, 6: 0.924, 7: 0.861, 8: 0.925, 9: 0.886}
ASR_lables tensor([1, 1, 1,  ..., 1, 1, 1])
==========Test result on poisoned test dataset(ASR)(Not including images with original label same as attack label)==========
[2026-08-23_11:21:03] Top-1 correct / Total: 8965/9000, Top-1 accuracy: 0.9961111111111111, Top-5 correct / Total: 8998/9000, Top-5 accuracy: 0.9997777777777778, time: 39.33193588256836
 class_acc:{1: 0.9961111111111111}
PA_lables tensor([0, 0, 0,  ..., 9, 9, 9])
==========Test result on poisoned test dataset(PA)==========
[2026-08-23_11:21:04] Top-1 correct / Total: 1032/10000, Top-1 accuracy: 0.1032, Top-5 correct / Total: 7677/10000, Top-5 accuracy: 0.7677, time: 40.392723083496094
 class_acc:{0: 0.004, 1: 0.999, 2: 0.006, 3: 0.002, 4: 0.0, 5: 0.001, 6: 0.002, 7: 0.003, 8: 0.008, 9: 0.007}
=================================================End==================================================
