2026-08-23 03:09:56,919 [INFO] Run log: logs/20260823_030956_CIFAR10ImageFolder_Blended_haze_0.2_seed1234.log
Using the CIFAR10ImageFolder
The at_threshold: 1
2026-08-23 03:09:57,312 [INFO] Using device: cuda:0
====================================================================================
Non-default run settings
====================================================================================
dataset: CIFAR10ImageFolder
attack_method: Blended
attack_schedule: Blended
img_size: 32
deg: haze
deg_scale: 0.2
purify_clean_test: True
purify_poisoned_test: True
use_purified_clean_test: True
use_purified_pois_test: True
at_threshold: 1
degradation_type: haze
degradation_strength: 0.2
use_conv_ir: True
restorer_ckpt: ./pretrain/haze4k-base.pkl
------------------------------------------------------------------------------------
Runtime metadata
------------------------------------------------------------------------------------
mode: 3
classes: 10
device: cuda:0
run_log_path: logs/20260823_030956_CIFAR10ImageFolder_Blended_haze_0.2_seed1234.log
====================================================================================
Mode is 3
====================================================================================
purified_ins(args, clean_train, purified_clean_test, poisoned_train, purified_pois_test)
====================================================================================
Using Pre-trained model: CIFAR10ImageFolder_pretrain/Blended/Res_34_32
=================================================Loading Model ==================================================
=================================================    Loaded    ==================================================
==========Test result on benign test dataset(CA)==========
[2026-08-23_03:17:38] Top-1 correct / Total: 8765/10000, Top-1 accuracy: 0.8765, Top-5 correct / Total: 9929/10000, Top-5 accuracy: 0.9929, time: 0.8613026142120361
 class_acc:{0: 0.894, 1: 0.949, 2: 0.815, 3: 0.723, 4: 0.875, 5: 0.797, 6: 0.921, 7: 0.938, 8: 0.922, 9: 0.931}
ASR_lables tensor([1, 1, 1,  ..., 1, 1, 1])
==========Test result on poisoned test dataset(ASR)(Not including images with original label same as attack label)==========
[2026-08-23_03:18:02] Top-1 correct / Total: 8998/9000, Top-1 accuracy: 0.9997777777777778, Top-5 correct / Total: 8999/9000, Top-5 accuracy: 0.9998888888888889, time: 24.43436908721924
 class_acc:{1: 0.9997777777777778}
PA_lables tensor([0, 0, 0,  ..., 9, 9, 9])
==========Test result on poisoned test dataset(PA)==========
[2026-08-23_03:18:03] Top-1 correct / Total: 1002/10000, Top-1 accuracy: 0.1002, Top-5 correct / Total: 5531/10000, Top-5 accuracy: 0.5531, time: 25.180824041366577
 class_acc:{0: 0.001, 1: 1.0, 2: 0.0, 3: 0.0, 4: 0.0, 5: 0.0, 6: 0.0, 7: 0.0, 8: 0.001, 9: 0.0}
=================================================End==================================================
