2026-08-23 02:45:33,955 [INFO] Run log: logs/20260823_024533_CIFAR10ImageFolder_BadNet_haze_0.75_seed1234.log
Using the CIFAR10ImageFolder
The at_threshold: 1
2026-08-23 02:45:34,384 [INFO] Using device: cuda:0
====================================================================================
Non-default run settings
====================================================================================
dataset: CIFAR10ImageFolder
img_size: 32
deg: haze
deg_scale: 0.75
purify_clean_test: True
purify_poisoned_test: True
use_purified_clean_test: True
use_purified_pois_test: True
at_threshold: 1
degradation_type: haze
degradation_strength: 0.75
use_conv_ir: True
restorer_ckpt: ./pretrain/haze4k-base.pkl
------------------------------------------------------------------------------------
Runtime metadata
------------------------------------------------------------------------------------
mode: 3
classes: 10
device: cuda:0
run_log_path: logs/20260823_024533_CIFAR10ImageFolder_BadNet_haze_0.75_seed1234.log
====================================================================================
Mode is 3
====================================================================================
purified_ins(args, clean_train, purified_clean_test, poisoned_train, purified_pois_test)
====================================================================================
Using Pre-trained model: CIFAR10ImageFolder_pretrain/BadNet/Res_34_32
=================================================Loading Model ==================================================
=================================================    Loaded    ==================================================
==========Test result on benign test dataset(CA)==========
[2026-08-23_02:53:14] Top-1 correct / Total: 8536/10000, Top-1 accuracy: 0.8536, Top-5 correct / Total: 9822/10000, Top-5 accuracy: 0.9822, time: 0.8880271911621094
 class_acc:{0: 0.869, 1: 0.915, 2: 0.772, 3: 0.717, 4: 0.843, 5: 0.789, 6: 0.915, 7: 0.87, 8: 0.931, 9: 0.915}
ASR_lables tensor([1, 1, 1,  ..., 1, 1, 1])
==========Test result on poisoned test dataset(ASR)(Not including images with original label same as attack label)==========
[2026-08-23_02:53:38] Top-1 correct / Total: 8875/9000, Top-1 accuracy: 0.9861111111111112, Top-5 correct / Total: 8946/9000, Top-5 accuracy: 0.994, time: 24.253186464309692
 class_acc:{1: 0.9861111111111112}
PA_lables tensor([0, 0, 0,  ..., 9, 9, 9])
==========Test result on poisoned test dataset(PA)==========
[2026-08-23_02:53:38] Top-1 correct / Total: 1012/10000, Top-1 accuracy: 0.1012, Top-5 correct / Total: 8205/10000, Top-5 accuracy: 0.8205, time: 25.014724493026733
 class_acc:{0: 0.013, 1: 0.992, 2: 0.001, 3: 0.001, 4: 0.001, 5: 0.0, 6: 0.0, 7: 0.0, 8: 0.001, 9: 0.003}
=================================================End==================================================
