2026-08-23 16:08:47,601 [INFO] Run log: logs/20260823_160847_CIFAR10ImageFolder_WaNet_haze_0.5_seed1234.log
Using the CIFAR10ImageFolder
The at_threshold: 1
2026-08-23 16:08:48,084 [INFO] Using device: cuda:0
====================================================================================
Non-default run settings
====================================================================================
dataset: CIFAR10ImageFolder
attack_method: WaNet
attack_schedule: WaNet
img_size: 32
deg: haze
deg_scale: 0.5
purify_clean_test: True
purify_poisoned_test: True
use_purified_clean_test: True
use_purified_pois_test: True
at_threshold: 1
degradation_type: haze
degradation_strength: 0.5
use_conv_ir: True
restorer_ckpt: ./pretrain/haze4k-base.pkl
------------------------------------------------------------------------------------
Runtime metadata
------------------------------------------------------------------------------------
mode: 3
classes: 10
device: cuda:0
run_log_path: logs/20260823_160847_CIFAR10ImageFolder_WaNet_haze_0.5_seed1234.log
====================================================================================
Mode is 3
====================================================================================
purified_ins(args, clean_train, purified_clean_test, poisoned_train, purified_pois_test)
====================================================================================
Using Pre-trained model: CIFAR10ImageFolder_pretrain/WaNet/Res_34_32
=================================================Loading Model ==================================================
=================================================    Loaded    ==================================================
==========Test result on benign test dataset(CA)==========
[2026-08-23_16:21:14] Top-1 correct / Total: 8754/10000, Top-1 accuracy: 0.8754, Top-5 correct / Total: 9913/10000, Top-5 accuracy: 0.9913, time: 1.4353749752044678
 class_acc:{0: 0.882, 1: 0.954, 2: 0.79, 3: 0.749, 4: 0.874, 5: 0.819, 6: 0.916, 7: 0.925, 8: 0.925, 9: 0.92}
ASR_lables tensor([1, 1, 1,  ..., 1, 1, 1])
==========Test result on poisoned test dataset(ASR)(Not including images with original label same as attack label)==========
[2026-08-23_16:21:52] Top-1 correct / Total: 8904/9000, Top-1 accuracy: 0.9893333333333333, Top-5 correct / Total: 8991/9000, Top-5 accuracy: 0.999, time: 40.0306978225708
 class_acc:{1: 0.9893333333333333}
PA_lables tensor([0, 0, 0,  ..., 9, 9, 9])
==========Test result on poisoned test dataset(PA)==========
[2026-08-23_16:21:53] Top-1 correct / Total: 1053/10000, Top-1 accuracy: 0.1053, Top-5 correct / Total: 7189/10000, Top-5 accuracy: 0.7189, time: 41.1072256565094
 class_acc:{0: 0.011, 1: 1.0, 2: 0.017, 3: 0.002, 4: 0.003, 5: 0.0, 6: 0.011, 7: 0.001, 8: 0.007, 9: 0.001}
=================================================End==================================================
