2026-08-23 15:56:57,757 [INFO] Run log: logs/20260823_155657_CIFAR10ImageFolder_WaNet_haze_0.2_seed1234.log
Using the CIFAR10ImageFolder
The at_threshold: 1
2026-08-23 15:56:58,167 [INFO] Using device: cuda:0
====================================================================================
Non-default run settings
====================================================================================
dataset: CIFAR10ImageFolder
attack_method: WaNet
attack_schedule: WaNet
img_size: 32
deg: haze
deg_scale: 0.2
purify_clean_test: True
purify_poisoned_test: True
use_purified_clean_test: True
use_purified_pois_test: True
at_threshold: 1
degradation_type: haze
degradation_strength: 0.2
use_conv_ir: True
restorer_ckpt: ./pretrain/haze4k-base.pkl
------------------------------------------------------------------------------------
Runtime metadata
------------------------------------------------------------------------------------
mode: 3
classes: 10
device: cuda:0
run_log_path: logs/20260823_155657_CIFAR10ImageFolder_WaNet_haze_0.2_seed1234.log
====================================================================================
Mode is 3
====================================================================================
purified_ins(args, clean_train, purified_clean_test, poisoned_train, purified_pois_test)
====================================================================================
Using Pre-trained model: CIFAR10ImageFolder_pretrain/WaNet/Res_34_32
=================================================Loading Model ==================================================
=================================================    Loaded    ==================================================
==========Test result on benign test dataset(CA)==========
[2026-08-23_16:08:06] Top-1 correct / Total: 8802/10000, Top-1 accuracy: 0.8802, Top-5 correct / Total: 9930/10000, Top-5 accuracy: 0.993, time: 1.45290207862854
 class_acc:{0: 0.901, 1: 0.956, 2: 0.805, 3: 0.752, 4: 0.877, 5: 0.822, 6: 0.918, 7: 0.928, 8: 0.925, 9: 0.918}
ASR_lables tensor([1, 1, 1,  ..., 1, 1, 1])
==========Test result on poisoned test dataset(ASR)(Not including images with original label same as attack label)==========
[2026-08-23_16:08:44] Top-1 correct / Total: 8950/9000, Top-1 accuracy: 0.9944444444444445, Top-5 correct / Total: 8997/9000, Top-5 accuracy: 0.9996666666666667, time: 39.76510000228882
 class_acc:{1: 0.9944444444444445}
PA_lables tensor([0, 0, 0,  ..., 9, 9, 9])
==========Test result on poisoned test dataset(PA)==========
[2026-08-23_16:08:45] Top-1 correct / Total: 1041/10000, Top-1 accuracy: 0.1041, Top-5 correct / Total: 7140/10000, Top-5 accuracy: 0.714, time: 40.79855179786682
 class_acc:{0: 0.009, 1: 1.0, 2: 0.013, 3: 0.003, 4: 0.001, 5: 0.001, 6: 0.01, 7: 0.001, 8: 0.003, 9: 0.0}
=================================================End==================================================
