2026-08-23 04:55:46,576 [INFO] Run log: logs/20260823_045546_CIFAR10ImageFolder_ISSBA_haze_0.9_seed1234.log
Using the CIFAR10ImageFolder
The at_threshold: 1
2026-08-23 04:55:47,053 [INFO] Using device: cuda:0
====================================================================================
Non-default run settings
====================================================================================
dataset: CIFAR10ImageFolder
attack_method: ISSBA
attack_schedule: ISSBA
issba_exported_poisoned_root: exported_poisoned/ISSBA/CIFAR10ImageFolder
img_size: 32
deg: haze
deg_scale: 0.9
purify_clean_test: True
purify_poisoned_test: True
use_purified_clean_test: True
use_purified_pois_test: True
at_threshold: 1
degradation_type: haze
degradation_strength: 0.9
use_conv_ir: True
restorer_ckpt: ./pretrain/haze4k-base.pkl
------------------------------------------------------------------------------------
Runtime metadata
------------------------------------------------------------------------------------
mode: 3
classes: 10
device: cuda:0
run_log_path: logs/20260823_045546_CIFAR10ImageFolder_ISSBA_haze_0.9_seed1234.log
====================================================================================
Mode is 3
====================================================================================
purified_ins(args, clean_train, purified_clean_test, poisoned_train, purified_pois_test)
====================================================================================
Using Pre-trained model: CIFAR10ImageFolder_pretrain/ISSBA/Res_34_32
=================================================Loading Model ==================================================
=================================================    Loaded    ==================================================
==========Test result on benign test dataset(CA)==========
[2026-08-23_05:03:26] Top-1 correct / Total: 7805/10000, Top-1 accuracy: 0.7805, Top-5 correct / Total: 9771/10000, Top-5 accuracy: 0.9771, time: 0.9550192356109619
 class_acc:{0: 0.877, 1: 0.79, 2: 0.713, 3: 0.75, 4: 0.763, 5: 0.649, 6: 0.746, 7: 0.789, 8: 0.926, 9: 0.802}
ASR_lables tensor([1, 1, 1,  ..., 1, 1, 1])
==========Test result on poisoned test dataset(ASR)(Not including images with original label same as attack label)==========
[2026-08-23_05:03:51] Top-1 correct / Total: 98/9000, Top-1 accuracy: 0.010888888888888889, Top-5 correct / Total: 3767/9000, Top-5 accuracy: 0.41855555555555557, time: 25.279741048812866
 class_acc:{1: 0.010888888888888889}
PA_lables tensor([0, 0, 0,  ..., 9, 9, 9])
==========Test result on poisoned test dataset(PA)==========
[2026-08-23_05:03:51] Top-1 correct / Total: 7705/10000, Top-1 accuracy: 0.7705, Top-5 correct / Total: 9749/10000, Top-5 accuracy: 0.9749, time: 26.015069484710693
 class_acc:{0: 0.852, 1: 0.825, 2: 0.712, 3: 0.747, 4: 0.746, 5: 0.637, 6: 0.71, 7: 0.766, 8: 0.931, 9: 0.779}
=================================================End==================================================
