2026-08-23 03:01:49,013 [INFO] Run log: logs/20260823_030149_CIFAR10ImageFolder_Blended_haze_0.15_seed1234.log
Using the CIFAR10ImageFolder
The at_threshold: 1
2026-08-23 03:01:49,411 [INFO] Using device: cuda:0
====================================================================================
Non-default run settings
====================================================================================
dataset: CIFAR10ImageFolder
attack_method: Blended
attack_schedule: Blended
img_size: 32
deg: haze
deg_scale: 0.15
purify_clean_test: True
purify_poisoned_test: True
use_purified_clean_test: True
use_purified_pois_test: True
at_threshold: 1
degradation_type: haze
degradation_strength: 0.15
use_conv_ir: True
restorer_ckpt: ./pretrain/haze4k-base.pkl
------------------------------------------------------------------------------------
Runtime metadata
------------------------------------------------------------------------------------
mode: 3
classes: 10
device: cuda:0
run_log_path: logs/20260823_030149_CIFAR10ImageFolder_Blended_haze_0.15_seed1234.log
====================================================================================
Mode is 3
====================================================================================
purified_ins(args, clean_train, purified_clean_test, poisoned_train, purified_pois_test)
====================================================================================
Using Pre-trained model: CIFAR10ImageFolder_pretrain/Blended/Res_34_32
=================================================Loading Model ==================================================
=================================================    Loaded    ==================================================
==========Test result on benign test dataset(CA)==========
[2026-08-23_03:09:29] Top-1 correct / Total: 8767/10000, Top-1 accuracy: 0.8767, Top-5 correct / Total: 9927/10000, Top-5 accuracy: 0.9927, time: 0.9523279666900635
 class_acc:{0: 0.895, 1: 0.949, 2: 0.813, 3: 0.72, 4: 0.876, 5: 0.801, 6: 0.921, 7: 0.937, 8: 0.923, 9: 0.932}
ASR_lables tensor([1, 1, 1,  ..., 1, 1, 1])
==========Test result on poisoned test dataset(ASR)(Not including images with original label same as attack label)==========
[2026-08-23_03:09:53] Top-1 correct / Total: 8995/9000, Top-1 accuracy: 0.9994444444444445, Top-5 correct / Total: 8999/9000, Top-5 accuracy: 0.9998888888888889, time: 25.783091068267822
 class_acc:{1: 0.9994444444444445}
PA_lables tensor([0, 0, 0,  ..., 9, 9, 9])
==========Test result on poisoned test dataset(PA)==========
[2026-08-23_03:09:54] Top-1 correct / Total: 1002/10000, Top-1 accuracy: 0.1002, Top-5 correct / Total: 5527/10000, Top-5 accuracy: 0.5527, time: 26.525129079818726
 class_acc:{0: 0.001, 1: 1.0, 2: 0.0, 3: 0.0, 4: 0.001, 5: 0.0, 6: 0.0, 7: 0.0, 8: 0.0, 9: 0.0}
=================================================End==================================================
