2026-08-23 02:53:41,158 [INFO] Run log: logs/20260823_025341_CIFAR10ImageFolder_BadNet_haze_0.9_seed1234.log
Using the CIFAR10ImageFolder
The at_threshold: 1
2026-08-23 02:53:41,592 [INFO] Using device: cuda:0
====================================================================================
Non-default run settings
====================================================================================
dataset: CIFAR10ImageFolder
img_size: 32
deg: haze
deg_scale: 0.9
purify_clean_test: True
purify_poisoned_test: True
use_purified_clean_test: True
use_purified_pois_test: True
at_threshold: 1
degradation_type: haze
degradation_strength: 0.9
use_conv_ir: True
restorer_ckpt: ./pretrain/haze4k-base.pkl
------------------------------------------------------------------------------------
Runtime metadata
------------------------------------------------------------------------------------
mode: 3
classes: 10
device: cuda:0
run_log_path: logs/20260823_025341_CIFAR10ImageFolder_BadNet_haze_0.9_seed1234.log
====================================================================================
Mode is 3
====================================================================================
purified_ins(args, clean_train, purified_clean_test, poisoned_train, purified_pois_test)
====================================================================================
Using Pre-trained model: CIFAR10ImageFolder_pretrain/BadNet/Res_34_32
=================================================Loading Model ==================================================
=================================================    Loaded    ==================================================
==========Test result on benign test dataset(CA)==========
[2026-08-23_03:01:24] Top-1 correct / Total: 8079/10000, Top-1 accuracy: 0.8079, Top-5 correct / Total: 9830/10000, Top-5 accuracy: 0.983, time: 0.8772189617156982
 class_acc:{0: 0.901, 1: 0.824, 2: 0.743, 3: 0.778, 4: 0.811, 5: 0.662, 6: 0.752, 7: 0.84, 8: 0.916, 9: 0.852}
ASR_lables tensor([1, 1, 1,  ..., 1, 1, 1])
==========Test result on poisoned test dataset(ASR)(Not including images with original label same as attack label)==========
[2026-08-23_03:01:46] Top-1 correct / Total: 8984/9000, Top-1 accuracy: 0.9982222222222222, Top-5 correct / Total: 8994/9000, Top-5 accuracy: 0.9993333333333333, time: 22.545912504196167
 class_acc:{1: 0.9982222222222222}
PA_lables tensor([0, 0, 0,  ..., 9, 9, 9])
==========Test result on poisoned test dataset(PA)==========
[2026-08-23_03:01:46] Top-1 correct / Total: 1009/10000, Top-1 accuracy: 0.1009, Top-5 correct / Total: 8679/10000, Top-5 accuracy: 0.8679, time: 23.303864002227783
 class_acc:{0: 0.003, 1: 0.999, 2: 0.0, 3: 0.0, 4: 0.0, 5: 0.0, 6: 0.001, 7: 0.001, 8: 0.004, 9: 0.001}
=================================================End==================================================
