2026-08-23 16:31:52,472 [INFO] Run log: logs/20260823_163152_CIFAR10ImageFolder_WaNet_haze_0.9_seed1234.log
Using the CIFAR10ImageFolder
The at_threshold: 1
2026-08-23 16:31:52,938 [INFO] Using device: cuda:0
====================================================================================
Non-default run settings
====================================================================================
dataset: CIFAR10ImageFolder
attack_method: WaNet
attack_schedule: WaNet
img_size: 32
deg: haze
deg_scale: 0.9
purify_clean_test: True
purify_poisoned_test: True
use_purified_clean_test: True
use_purified_pois_test: True
at_threshold: 1
degradation_type: haze
degradation_strength: 0.9
use_conv_ir: True
restorer_ckpt: ./pretrain/haze4k-base.pkl
------------------------------------------------------------------------------------
Runtime metadata
------------------------------------------------------------------------------------
mode: 3
classes: 10
device: cuda:0
run_log_path: logs/20260823_163152_CIFAR10ImageFolder_WaNet_haze_0.9_seed1234.log
====================================================================================
Mode is 3
====================================================================================
purified_ins(args, clean_train, purified_clean_test, poisoned_train, purified_pois_test)
====================================================================================
Using Pre-trained model: CIFAR10ImageFolder_pretrain/WaNet/Res_34_32
=================================================Loading Model ==================================================
=================================================    Loaded    ==================================================
==========Test result on benign test dataset(CA)==========
[2026-08-23_16:41:08] Top-1 correct / Total: 8138/10000, Top-1 accuracy: 0.8138, Top-5 correct / Total: 9833/10000, Top-5 accuracy: 0.9833, time: 1.4544806480407715
 class_acc:{0: 0.895, 1: 0.856, 2: 0.707, 3: 0.807, 4: 0.816, 5: 0.668, 6: 0.785, 7: 0.849, 8: 0.926, 9: 0.829}
ASR_lables tensor([1, 1, 1,  ..., 1, 1, 1])
==========Test result on poisoned test dataset(ASR)(Not including images with original label same as attack label)==========
[2026-08-23_16:41:47] Top-1 correct / Total: 8607/9000, Top-1 accuracy: 0.9563333333333334, Top-5 correct / Total: 8965/9000, Top-5 accuracy: 0.9961111111111111, time: 41.04315710067749
 class_acc:{1: 0.9563333333333334}
PA_lables tensor([0, 0, 0,  ..., 9, 9, 9])
==========Test result on poisoned test dataset(PA)==========
[2026-08-23_16:41:48] Top-1 correct / Total: 1239/10000, Top-1 accuracy: 0.1239, Top-5 correct / Total: 7728/10000, Top-5 accuracy: 0.7728, time: 42.10907340049744
 class_acc:{0: 0.034, 1: 0.996, 2: 0.056, 3: 0.026, 4: 0.05, 5: 0.008, 6: 0.018, 7: 0.014, 8: 0.036, 9: 0.001}
=================================================End==================================================
