2026-08-23 04:39:29,454 [INFO] Run log: logs/20260823_043929_CIFAR10ImageFolder_ISSBA_haze_0.5_seed1234.log
Using the CIFAR10ImageFolder
The at_threshold: 1
2026-08-23 04:39:29,883 [INFO] Using device: cuda:0
====================================================================================
Non-default run settings
====================================================================================
dataset: CIFAR10ImageFolder
attack_method: ISSBA
attack_schedule: ISSBA
issba_exported_poisoned_root: exported_poisoned/ISSBA/CIFAR10ImageFolder
img_size: 32
deg: haze
deg_scale: 0.5
purify_clean_test: True
purify_poisoned_test: True
use_purified_clean_test: True
use_purified_pois_test: True
at_threshold: 1
degradation_type: haze
degradation_strength: 0.5
use_conv_ir: True
restorer_ckpt: ./pretrain/haze4k-base.pkl
------------------------------------------------------------------------------------
Runtime metadata
------------------------------------------------------------------------------------
mode: 3
classes: 10
device: cuda:0
run_log_path: logs/20260823_043929_CIFAR10ImageFolder_ISSBA_haze_0.5_seed1234.log
====================================================================================
Mode is 3
====================================================================================
purified_ins(args, clean_train, purified_clean_test, poisoned_train, purified_pois_test)
====================================================================================
Using Pre-trained model: CIFAR10ImageFolder_pretrain/ISSBA/Res_34_32
=================================================Loading Model ==================================================
=================================================    Loaded    ==================================================
==========Test result on benign test dataset(CA)==========
[2026-08-23_04:47:13] Top-1 correct / Total: 8676/10000, Top-1 accuracy: 0.8676, Top-5 correct / Total: 9923/10000, Top-5 accuracy: 0.9923, time: 0.8638942241668701
 class_acc:{0: 0.884, 1: 0.95, 2: 0.805, 3: 0.708, 4: 0.843, 5: 0.821, 6: 0.925, 7: 0.896, 8: 0.924, 9: 0.92}
ASR_lables tensor([1, 1, 1,  ..., 1, 1, 1])
==========Test result on poisoned test dataset(ASR)(Not including images with original label same as attack label)==========
[2026-08-23_04:47:38] Top-1 correct / Total: 8912/9000, Top-1 accuracy: 0.9902222222222222, Top-5 correct / Total: 8987/9000, Top-5 accuracy: 0.9985555555555555, time: 25.880624771118164
 class_acc:{1: 0.9902222222222222}
PA_lables tensor([0, 0, 0,  ..., 9, 9, 9])
==========Test result on poisoned test dataset(PA)==========
[2026-08-23_04:47:39] Top-1 correct / Total: 1061/10000, Top-1 accuracy: 0.1061, Top-5 correct / Total: 8881/10000, Top-5 accuracy: 0.8881, time: 26.626230239868164
 class_acc:{0: 0.012, 1: 0.999, 2: 0.001, 3: 0.006, 4: 0.002, 5: 0.002, 6: 0.024, 7: 0.006, 8: 0.006, 9: 0.003}
=================================================End==================================================
