2026-08-23 15:46:58,239 [INFO] Run log: logs/20260823_154658_CIFAR10ImageFolder_WaNet_haze_0.15_seed1234.log
Using the CIFAR10ImageFolder
The at_threshold: 1
2026-08-23 15:46:58,694 [INFO] Using device: cuda:0
====================================================================================
Non-default run settings
====================================================================================
dataset: CIFAR10ImageFolder
attack_method: WaNet
attack_schedule: WaNet
img_size: 32
deg: haze
deg_scale: 0.15
purify_clean_test: True
purify_poisoned_test: True
use_purified_clean_test: True
use_purified_pois_test: True
at_threshold: 1
degradation_type: haze
degradation_strength: 0.15
use_conv_ir: True
restorer_ckpt: ./pretrain/haze4k-base.pkl
------------------------------------------------------------------------------------
Runtime metadata
------------------------------------------------------------------------------------
mode: 3
classes: 10
device: cuda:0
run_log_path: logs/20260823_154658_CIFAR10ImageFolder_WaNet_haze_0.15_seed1234.log
====================================================================================
Mode is 3
====================================================================================
purified_ins(args, clean_train, purified_clean_test, poisoned_train, purified_pois_test)
====================================================================================
Using Pre-trained model: CIFAR10ImageFolder_pretrain/WaNet/Res_34_32
=================================================Loading Model ==================================================
=================================================    Loaded    ==================================================
==========Test result on benign test dataset(CA)==========
[2026-08-23_15:56:15] Top-1 correct / Total: 8799/10000, Top-1 accuracy: 0.8799, Top-5 correct / Total: 9930/10000, Top-5 accuracy: 0.993, time: 1.433753252029419
 class_acc:{0: 0.902, 1: 0.955, 2: 0.803, 3: 0.75, 4: 0.877, 5: 0.821, 6: 0.92, 7: 0.929, 8: 0.924, 9: 0.918}
ASR_lables tensor([1, 1, 1,  ..., 1, 1, 1])
==========Test result on poisoned test dataset(ASR)(Not including images with original label same as attack label)==========
[2026-08-23_15:56:54] Top-1 correct / Total: 8956/9000, Top-1 accuracy: 0.9951111111111111, Top-5 correct / Total: 8995/9000, Top-5 accuracy: 0.9994444444444445, time: 40.309927225112915
 class_acc:{1: 0.9951111111111111}
PA_lables tensor([0, 0, 0,  ..., 9, 9, 9])
==========Test result on poisoned test dataset(PA)==========
[2026-08-23_15:56:55] Top-1 correct / Total: 1036/10000, Top-1 accuracy: 0.1036, Top-5 correct / Total: 7139/10000, Top-5 accuracy: 0.7139, time: 41.34642553329468
 class_acc:{0: 0.006, 1: 1.0, 2: 0.013, 3: 0.002, 4: 0.001, 5: 0.001, 6: 0.009, 7: 0.001, 8: 0.003, 9: 0.0}
=================================================End==================================================
