2026-08-23 02:37:27,290 [INFO] Run log: logs/20260823_023727_CIFAR10ImageFolder_BadNet_haze_0.5_seed1234.log
Using the CIFAR10ImageFolder
The at_threshold: 1
2026-08-23 02:37:28,012 [INFO] Using device: cuda:0
====================================================================================
Non-default run settings
====================================================================================
dataset: CIFAR10ImageFolder
img_size: 32
deg: haze
deg_scale: 0.5
purify_clean_test: True
purify_poisoned_test: True
use_purified_clean_test: True
use_purified_pois_test: True
at_threshold: 1
degradation_type: haze
degradation_strength: 0.5
use_conv_ir: True
restorer_ckpt: ./pretrain/haze4k-base.pkl
------------------------------------------------------------------------------------
Runtime metadata
------------------------------------------------------------------------------------
mode: 3
classes: 10
device: cuda:0
run_log_path: logs/20260823_023727_CIFAR10ImageFolder_BadNet_haze_0.5_seed1234.log
====================================================================================
Mode is 3
====================================================================================
purified_ins(args, clean_train, purified_clean_test, poisoned_train, purified_pois_test)
====================================================================================
Using Pre-trained model: CIFAR10ImageFolder_pretrain/BadNet/Res_34_32
=================================================Loading Model ==================================================
=================================================    Loaded    ==================================================
==========Test result on benign test dataset(CA)==========
[2026-08-23_02:45:07] Top-1 correct / Total: 8698/10000, Top-1 accuracy: 0.8698, Top-5 correct / Total: 9921/10000, Top-5 accuracy: 0.9921, time: 0.8762965202331543
 class_acc:{0: 0.889, 1: 0.939, 2: 0.794, 3: 0.714, 4: 0.854, 5: 0.808, 6: 0.924, 7: 0.913, 8: 0.933, 9: 0.93}
ASR_lables tensor([1, 1, 1,  ..., 1, 1, 1])
==========Test result on poisoned test dataset(ASR)(Not including images with original label same as attack label)==========
[2026-08-23_02:45:30] Top-1 correct / Total: 8975/9000, Top-1 accuracy: 0.9972222222222222, Top-5 correct / Total: 8991/9000, Top-5 accuracy: 0.999, time: 24.775850296020508
 class_acc:{1: 0.9972222222222222}
PA_lables tensor([0, 0, 0,  ..., 9, 9, 9])
==========Test result on poisoned test dataset(PA)==========
[2026-08-23_02:45:31] Top-1 correct / Total: 1007/10000, Top-1 accuracy: 0.1007, Top-5 correct / Total: 8072/10000, Top-5 accuracy: 0.8072, time: 25.541119813919067
 class_acc:{0: 0.006, 1: 1.0, 2: 0.0, 3: 0.0, 4: 0.0, 5: 0.0, 6: 0.0, 7: 0.0, 8: 0.001, 9: 0.0}
=================================================End==================================================
