2026-08-23 03:26:12,059 [INFO] Run log: logs/20260823_032612_CIFAR10ImageFolder_Blended_haze_0.75_seed1234.log
Using the CIFAR10ImageFolder
The at_threshold: 1
2026-08-23 03:26:12,470 [INFO] Using device: cuda:0
====================================================================================
Non-default run settings
====================================================================================
dataset: CIFAR10ImageFolder
attack_method: Blended
attack_schedule: Blended
img_size: 32
deg: haze
deg_scale: 0.75
purify_clean_test: True
purify_poisoned_test: True
use_purified_clean_test: True
use_purified_pois_test: True
at_threshold: 1
degradation_type: haze
degradation_strength: 0.75
use_conv_ir: True
restorer_ckpt: ./pretrain/haze4k-base.pkl
------------------------------------------------------------------------------------
Runtime metadata
------------------------------------------------------------------------------------
mode: 3
classes: 10
device: cuda:0
run_log_path: logs/20260823_032612_CIFAR10ImageFolder_Blended_haze_0.75_seed1234.log
====================================================================================
Mode is 3
====================================================================================
purified_ins(args, clean_train, purified_clean_test, poisoned_train, purified_pois_test)
====================================================================================
Using Pre-trained model: CIFAR10ImageFolder_pretrain/Blended/Res_34_32
=================================================Loading Model ==================================================
=================================================    Loaded    ==================================================
==========Test result on benign test dataset(CA)==========
[2026-08-23_03:33:49] Top-1 correct / Total: 8555/10000, Top-1 accuracy: 0.8555, Top-5 correct / Total: 9812/10000, Top-5 accuracy: 0.9812, time: 0.8715505599975586
 class_acc:{0: 0.854, 1: 0.926, 2: 0.796, 3: 0.718, 4: 0.864, 5: 0.777, 6: 0.91, 7: 0.88, 8: 0.915, 9: 0.915}
ASR_lables tensor([1, 1, 1,  ..., 1, 1, 1])
==========Test result on poisoned test dataset(ASR)(Not including images with original label same as attack label)==========
[2026-08-23_03:34:13] Top-1 correct / Total: 8966/9000, Top-1 accuracy: 0.9962222222222222, Top-5 correct / Total: 8979/9000, Top-5 accuracy: 0.9976666666666667, time: 24.230744123458862
 class_acc:{1: 0.9962222222222222}
PA_lables tensor([0, 0, 0,  ..., 9, 9, 9])
==========Test result on poisoned test dataset(PA)==========
[2026-08-23_03:34:13] Top-1 correct / Total: 1001/10000, Top-1 accuracy: 0.1001, Top-5 correct / Total: 5545/10000, Top-5 accuracy: 0.5545, time: 24.98206377029419
 class_acc:{0: 0.001, 1: 0.997, 2: 0.001, 3: 0.0, 4: 0.0, 5: 0.0, 6: 0.0, 7: 0.0, 8: 0.001, 9: 0.001}
=================================================End==================================================
