2026-08-23 04:31:25,517 [INFO] Run log: logs/20260823_043125_CIFAR10ImageFolder_ISSBA_haze_0.2_seed1234.log
Using the CIFAR10ImageFolder
The at_threshold: 1
2026-08-23 04:31:25,991 [INFO] Using device: cuda:0
====================================================================================
Non-default run settings
====================================================================================
dataset: CIFAR10ImageFolder
attack_method: ISSBA
attack_schedule: ISSBA
issba_exported_poisoned_root: exported_poisoned/ISSBA/CIFAR10ImageFolder
img_size: 32
deg: haze
deg_scale: 0.2
purify_clean_test: True
purify_poisoned_test: True
use_purified_clean_test: True
use_purified_pois_test: True
at_threshold: 1
degradation_type: haze
degradation_strength: 0.2
use_conv_ir: True
restorer_ckpt: ./pretrain/haze4k-base.pkl
------------------------------------------------------------------------------------
Runtime metadata
------------------------------------------------------------------------------------
mode: 3
classes: 10
device: cuda:0
run_log_path: logs/20260823_043125_CIFAR10ImageFolder_ISSBA_haze_0.2_seed1234.log
====================================================================================
Mode is 3
====================================================================================
purified_ins(args, clean_train, purified_clean_test, poisoned_train, purified_pois_test)
====================================================================================
Using Pre-trained model: CIFAR10ImageFolder_pretrain/ISSBA/Res_34_32
=================================================Loading Model ==================================================
=================================================    Loaded    ==================================================
==========Test result on benign test dataset(CA)==========
[2026-08-23_04:39:03] Top-1 correct / Total: 8728/10000, Top-1 accuracy: 0.8728, Top-5 correct / Total: 9926/10000, Top-5 accuracy: 0.9926, time: 0.8541975021362305
 class_acc:{0: 0.898, 1: 0.95, 2: 0.816, 3: 0.721, 4: 0.846, 5: 0.822, 6: 0.924, 7: 0.901, 8: 0.928, 9: 0.922}
ASR_lables tensor([1, 1, 1,  ..., 1, 1, 1])
==========Test result on poisoned test dataset(ASR)(Not including images with original label same as attack label)==========
[2026-08-23_04:39:26] Top-1 correct / Total: 8982/9000, Top-1 accuracy: 0.998, Top-5 correct / Total: 8995/9000, Top-5 accuracy: 0.9994444444444445, time: 24.248743057250977
 class_acc:{1: 0.998}
PA_lables tensor([0, 0, 0,  ..., 9, 9, 9])
==========Test result on poisoned test dataset(PA)==========
[2026-08-23_04:39:27] Top-1 correct / Total: 1011/10000, Top-1 accuracy: 0.1011, Top-5 correct / Total: 8243/10000, Top-5 accuracy: 0.8243, time: 24.98782515525818
 class_acc:{0: 0.003, 1: 1.0, 2: 0.001, 3: 0.0, 4: 0.0, 5: 0.0, 6: 0.007, 7: 0.0, 8: 0.0, 9: 0.0}
=================================================End==================================================
