2026-08-23 03:18:05,211 [INFO] Run log: logs/20260823_031805_CIFAR10ImageFolder_Blended_haze_0.5_seed1234.log
Using the CIFAR10ImageFolder
The at_threshold: 1
2026-08-23 03:18:05,611 [INFO] Using device: cuda:0
====================================================================================
Non-default run settings
====================================================================================
dataset: CIFAR10ImageFolder
attack_method: Blended
attack_schedule: Blended
img_size: 32
deg: haze
deg_scale: 0.5
purify_clean_test: True
purify_poisoned_test: True
use_purified_clean_test: True
use_purified_pois_test: True
at_threshold: 1
degradation_type: haze
degradation_strength: 0.5
use_conv_ir: True
restorer_ckpt: ./pretrain/haze4k-base.pkl
------------------------------------------------------------------------------------
Runtime metadata
------------------------------------------------------------------------------------
mode: 3
classes: 10
device: cuda:0
run_log_path: logs/20260823_031805_CIFAR10ImageFolder_Blended_haze_0.5_seed1234.log
====================================================================================
Mode is 3
====================================================================================
purified_ins(args, clean_train, purified_clean_test, poisoned_train, purified_pois_test)
====================================================================================
Using Pre-trained model: CIFAR10ImageFolder_pretrain/Blended/Res_34_32
=================================================Loading Model ==================================================
=================================================    Loaded    ==================================================
==========Test result on benign test dataset(CA)==========
[2026-08-23_03:25:45] Top-1 correct / Total: 8723/10000, Top-1 accuracy: 0.8723, Top-5 correct / Total: 9916/10000, Top-5 accuracy: 0.9916, time: 0.8700835704803467
 class_acc:{0: 0.878, 1: 0.949, 2: 0.803, 3: 0.718, 4: 0.866, 5: 0.798, 6: 0.92, 7: 0.935, 8: 0.923, 9: 0.933}
ASR_lables tensor([1, 1, 1,  ..., 1, 1, 1])
==========Test result on poisoned test dataset(ASR)(Not including images with original label same as attack label)==========
[2026-08-23_03:26:09] Top-1 correct / Total: 8999/9000, Top-1 accuracy: 0.9998888888888889, Top-5 correct / Total: 8999/9000, Top-5 accuracy: 0.9998888888888889, time: 24.859384298324585
 class_acc:{1: 0.9998888888888889}
PA_lables tensor([0, 0, 0,  ..., 9, 9, 9])
==========Test result on poisoned test dataset(PA)==========
[2026-08-23_03:26:09] Top-1 correct / Total: 1001/10000, Top-1 accuracy: 0.1001, Top-5 correct / Total: 5529/10000, Top-5 accuracy: 0.5529, time: 25.611774444580078
 class_acc:{0: 0.0, 1: 1.0, 2: 0.0, 3: 0.0, 4: 0.001, 5: 0.0, 6: 0.0, 7: 0.0, 8: 0.0, 9: 0.0}
=================================================End==================================================
