2026-08-23 04:22:58,227 [INFO] Run log: logs/20260823_042258_CIFAR10ImageFolder_ISSBA_haze_0.15_seed1234.log
Using the CIFAR10ImageFolder
The at_threshold: 1
2026-08-23 04:22:58,611 [INFO] Using device: cuda:0
====================================================================================
Non-default run settings
====================================================================================
dataset: CIFAR10ImageFolder
attack_method: ISSBA
attack_schedule: ISSBA
issba_exported_poisoned_root: exported_poisoned/ISSBA/CIFAR10ImageFolder
img_size: 32
deg: haze
deg_scale: 0.15
purify_clean_test: True
purify_poisoned_test: True
use_purified_clean_test: True
use_purified_pois_test: True
at_threshold: 1
degradation_type: haze
degradation_strength: 0.15
use_conv_ir: True
restorer_ckpt: ./pretrain/haze4k-base.pkl
------------------------------------------------------------------------------------
Runtime metadata
------------------------------------------------------------------------------------
mode: 3
classes: 10
device: cuda:0
run_log_path: logs/20260823_042258_CIFAR10ImageFolder_ISSBA_haze_0.15_seed1234.log
====================================================================================
Mode is 3
====================================================================================
purified_ins(args, clean_train, purified_clean_test, poisoned_train, purified_pois_test)
====================================================================================
Using Pre-trained model: CIFAR10ImageFolder_pretrain/ISSBA/Res_34_32
=================================================Loading Model ==================================================
=================================================    Loaded    ==================================================
==========Test result on benign test dataset(CA)==========
[2026-08-23_04:30:57] Top-1 correct / Total: 8725/10000, Top-1 accuracy: 0.8725, Top-5 correct / Total: 9924/10000, Top-5 accuracy: 0.9924, time: 0.8613491058349609
 class_acc:{0: 0.9, 1: 0.951, 2: 0.814, 3: 0.723, 4: 0.849, 5: 0.822, 6: 0.92, 7: 0.898, 8: 0.924, 9: 0.924}
ASR_lables tensor([1, 1, 1,  ..., 1, 1, 1])
==========Test result on poisoned test dataset(ASR)(Not including images with original label same as attack label)==========
[2026-08-23_04:31:22] Top-1 correct / Total: 8982/9000, Top-1 accuracy: 0.998, Top-5 correct / Total: 8995/9000, Top-5 accuracy: 0.9994444444444445, time: 25.513861894607544
 class_acc:{1: 0.998}
PA_lables tensor([0, 0, 0,  ..., 9, 9, 9])
==========Test result on poisoned test dataset(PA)==========
[2026-08-23_04:31:23] Top-1 correct / Total: 1007/10000, Top-1 accuracy: 0.1007, Top-5 correct / Total: 8169/10000, Top-5 accuracy: 0.8169, time: 26.268956661224365
 class_acc:{0: 0.002, 1: 1.0, 2: 0.0, 3: 0.0, 4: 0.0, 5: 0.0, 6: 0.005, 7: 0.0, 8: 0.0, 9: 0.0}
=================================================End==================================================
