2026-08-23 16:21:55,943 [INFO] Run log: logs/20260823_162155_CIFAR10ImageFolder_WaNet_haze_0.75_seed1234.log
Using the CIFAR10ImageFolder
The at_threshold: 1
2026-08-23 16:21:56,426 [INFO] Using device: cuda:0
====================================================================================
Non-default run settings
====================================================================================
dataset: CIFAR10ImageFolder
attack_method: WaNet
attack_schedule: WaNet
img_size: 32
deg: haze
deg_scale: 0.75
purify_clean_test: True
purify_poisoned_test: True
use_purified_clean_test: True
use_purified_pois_test: True
at_threshold: 1
degradation_type: haze
degradation_strength: 0.75
use_conv_ir: True
restorer_ckpt: ./pretrain/haze4k-base.pkl
------------------------------------------------------------------------------------
Runtime metadata
------------------------------------------------------------------------------------
mode: 3
classes: 10
device: cuda:0
run_log_path: logs/20260823_162155_CIFAR10ImageFolder_WaNet_haze_0.75_seed1234.log
====================================================================================
Mode is 3
====================================================================================
purified_ins(args, clean_train, purified_clean_test, poisoned_train, purified_pois_test)
====================================================================================
Using Pre-trained model: CIFAR10ImageFolder_pretrain/WaNet/Res_34_32
=================================================Loading Model ==================================================
=================================================    Loaded    ==================================================
==========Test result on benign test dataset(CA)==========
[2026-08-23_16:31:10] Top-1 correct / Total: 8579/10000, Top-1 accuracy: 0.8579, Top-5 correct / Total: 9805/10000, Top-5 accuracy: 0.9805, time: 1.4114875793457031
 class_acc:{0: 0.853, 1: 0.939, 2: 0.776, 3: 0.735, 4: 0.863, 5: 0.805, 6: 0.911, 7: 0.876, 8: 0.925, 9: 0.896}
ASR_lables tensor([1, 1, 1,  ..., 1, 1, 1])
==========Test result on poisoned test dataset(ASR)(Not including images with original label same as attack label)==========
[2026-08-23_16:31:49] Top-1 correct / Total: 8646/9000, Top-1 accuracy: 0.9606666666666667, Top-5 correct / Total: 8910/9000, Top-5 accuracy: 0.99, time: 40.242754220962524
 class_acc:{1: 0.9606666666666667}
PA_lables tensor([0, 0, 0,  ..., 9, 9, 9])
==========Test result on poisoned test dataset(PA)==========
[2026-08-23_16:31:50] Top-1 correct / Total: 1063/10000, Top-1 accuracy: 0.1063, Top-5 correct / Total: 7175/10000, Top-5 accuracy: 0.7175, time: 41.298742055892944
 class_acc:{0: 0.014, 1: 0.975, 2: 0.02, 3: 0.013, 4: 0.009, 5: 0.002, 6: 0.013, 7: 0.001, 8: 0.01, 9: 0.006}
=================================================End==================================================
