2026-08-23 20:05:20,105 [INFO] Run log: logs/20260823_200520_CIFAR10ImageFolder_WaNet_none_0.0_seed1234.log
Using the CIFAR10ImageFolder
The at_threshold: 1
2026-08-23 20:05:20,616 [INFO] Using device: cuda:0
====================================================================================
Non-default run settings
====================================================================================
dataset: CIFAR10ImageFolder
attack_method: WaNet
attack_schedule: WaNet
img_size: 32
deg: none
deg_scale: 0.0
purify_clean_test: True
purify_poisoned_test: True
use_purified_clean_test: True
use_purified_pois_test: True
at_threshold: 1
degradation_type: none
degradation_strength: 0.0
use_conv_ir: True
restorer_ckpt: ./pretrain/haze4k-base.pkl
------------------------------------------------------------------------------------
Runtime metadata
------------------------------------------------------------------------------------
mode: 3
classes: 10
device: cuda:0
run_log_path: logs/20260823_200520_CIFAR10ImageFolder_WaNet_none_0.0_seed1234.log
====================================================================================
Mode is 3
====================================================================================
purified_ins(args, clean_train, purified_clean_test, poisoned_train, purified_pois_test)
====================================================================================
Using Pre-trained model: CIFAR10ImageFolder_pretrain/WaNet/Res_34_32
=================================================Loading Model ==================================================
=================================================    Loaded    ==================================================
==========Test result on benign test dataset(CA)==========
[2026-08-23_20:19:15] Top-1 correct / Total: 8777/10000, Top-1 accuracy: 0.8777, Top-5 correct / Total: 9921/10000, Top-5 accuracy: 0.9921, time: 2.1028292179107666
 class_acc:{0: 0.897, 1: 0.953, 2: 0.804, 3: 0.751, 4: 0.87, 5: 0.822, 6: 0.916, 7: 0.924, 8: 0.92, 9: 0.92}
ASR_lables tensor([1, 1, 1,  ..., 1, 1, 1])
==========Test result on poisoned test dataset(ASR)(Not including images with original label same as attack label)==========
[2026-08-23_20:20:27] Top-1 correct / Total: 8954/9000, Top-1 accuracy: 0.9948888888888889, Top-5 correct / Total: 8996/9000, Top-5 accuracy: 0.9995555555555555, time: 74.8512876033783
 class_acc:{1: 0.9948888888888889}
PA_lables tensor([0, 0, 0,  ..., 9, 9, 9])
==========Test result on poisoned test dataset(PA)==========
[2026-08-23_20:20:29] Top-1 correct / Total: 1035/10000, Top-1 accuracy: 0.1035, Top-5 correct / Total: 7141/10000, Top-5 accuracy: 0.7141, time: 76.27440857887268
 class_acc:{0: 0.008, 1: 0.999, 2: 0.013, 3: 0.002, 4: 0.001, 5: 0.0, 6: 0.008, 7: 0.001, 8: 0.003, 9: 0.0}
=================================================End==================================================
