2026-08-23 11:04:29,872 [INFO] Run log: logs/20260823_110429_CIFAR10ImageFolder_ISSBA_none_0.0_seed1234.log
Using the CIFAR10ImageFolder
The at_threshold: 1
2026-08-23 11:04:30,278 [INFO] Using device: cuda:0
====================================================================================
Non-default run settings
====================================================================================
dataset: CIFAR10ImageFolder
attack_method: ISSBA
attack_schedule: ISSBA
issba_exported_poisoned_root: exported_poisoned/ISSBA/CIFAR10ImageFolder
img_size: 32
deg: none
deg_scale: 0.0
purify_clean_test: True
purify_poisoned_test: True
use_purified_clean_test: True
use_purified_pois_test: True
at_threshold: 1
degradation_type: none
degradation_strength: 0.0
use_conv_ir: True
restorer_ckpt: ./pretrain/haze4k-base.pkl
------------------------------------------------------------------------------------
Runtime metadata
------------------------------------------------------------------------------------
mode: 3
classes: 10
device: cuda:0
run_log_path: logs/20260823_110429_CIFAR10ImageFolder_ISSBA_none_0.0_seed1234.log
====================================================================================
Mode is 3
====================================================================================
purified_ins(args, clean_train, purified_clean_test, poisoned_train, purified_pois_test)
====================================================================================
Using Pre-trained model: CIFAR10ImageFolder_pretrain/ISSBA/Res_34_32
=================================================Loading Model ==================================================
=================================================    Loaded    ==================================================
==========Test result on benign test dataset(CA)==========
[2026-08-23_11:12:09] Top-1 correct / Total: 8707/10000, Top-1 accuracy: 0.8707, Top-5 correct / Total: 9908/10000, Top-5 accuracy: 0.9908, time: 0.8551275730133057
 class_acc:{0: 0.892, 1: 0.946, 2: 0.818, 3: 0.721, 4: 0.847, 5: 0.821, 6: 0.919, 7: 0.897, 8: 0.925, 9: 0.921}
ASR_lables tensor([1, 1, 1,  ..., 1, 1, 1])
==========Test result on poisoned test dataset(ASR)(Not including images with original label same as attack label)==========
[2026-08-23_11:12:33] Top-1 correct / Total: 8958/9000, Top-1 accuracy: 0.9953333333333333, Top-5 correct / Total: 8985/9000, Top-5 accuracy: 0.9983333333333333, time: 24.560560703277588
 class_acc:{1: 0.9953333333333333}
PA_lables tensor([0, 0, 0,  ..., 9, 9, 9])
==========Test result on poisoned test dataset(PA)==========
[2026-08-23_11:12:33] Top-1 correct / Total: 1011/10000, Top-1 accuracy: 0.1011, Top-5 correct / Total: 7971/10000, Top-5 accuracy: 0.7971, time: 25.3137309551239
 class_acc:{0: 0.006, 1: 0.998, 2: 0.002, 3: 0.001, 4: 0.001, 5: 0.0, 6: 0.001, 7: 0.0, 8: 0.002, 9: 0.0}
=================================================End==================================================
