2026-08-23 10:48:11,370 [INFO] Run log: logs/20260823_104811_CIFAR10ImageFolder_Blended_none_0.0_seed1234.log
Using the CIFAR10ImageFolder
The at_threshold: 1
2026-08-23 10:48:11,850 [INFO] Using device: cuda:0
====================================================================================
Non-default run settings
====================================================================================
dataset: CIFAR10ImageFolder
attack_method: Blended
attack_schedule: Blended
img_size: 32
deg: none
deg_scale: 0.0
purify_clean_test: True
purify_poisoned_test: True
use_purified_clean_test: True
use_purified_pois_test: True
at_threshold: 1
degradation_type: none
degradation_strength: 0.0
use_conv_ir: True
restorer_ckpt: ./pretrain/haze4k-base.pkl
------------------------------------------------------------------------------------
Runtime metadata
------------------------------------------------------------------------------------
mode: 3
classes: 10
device: cuda:0
run_log_path: logs/20260823_104811_CIFAR10ImageFolder_Blended_none_0.0_seed1234.log
====================================================================================
Mode is 3
====================================================================================
purified_ins(args, clean_train, purified_clean_test, poisoned_train, purified_pois_test)
====================================================================================
Using Pre-trained model: CIFAR10ImageFolder_pretrain/Blended/Res_34_32
=================================================Loading Model ==================================================
=================================================    Loaded    ==================================================
==========Test result on benign test dataset(CA)==========
[2026-08-23_10:55:55] Top-1 correct / Total: 8759/10000, Top-1 accuracy: 0.8759, Top-5 correct / Total: 9919/10000, Top-5 accuracy: 0.9919, time: 0.8553884029388428
 class_acc:{0: 0.89, 1: 0.949, 2: 0.817, 3: 0.719, 4: 0.876, 5: 0.8, 6: 0.92, 7: 0.937, 8: 0.919, 9: 0.932}
ASR_lables tensor([1, 1, 1,  ..., 1, 1, 1])
==========Test result on poisoned test dataset(ASR)(Not including images with original label same as attack label)==========
[2026-08-23_10:56:20] Top-1 correct / Total: 8977/9000, Top-1 accuracy: 0.9974444444444445, Top-5 correct / Total: 8989/9000, Top-5 accuracy: 0.9987777777777778, time: 26.02887535095215
 class_acc:{1: 0.9974444444444445}
PA_lables tensor([0, 0, 0,  ..., 9, 9, 9])
==========Test result on poisoned test dataset(PA)==========
[2026-08-23_10:56:21] Top-1 correct / Total: 1001/10000, Top-1 accuracy: 0.1001, Top-5 correct / Total: 5577/10000, Top-5 accuracy: 0.5577, time: 26.77823233604431
 class_acc:{0: 0.001, 1: 0.999, 2: 0.001, 3: 0.0, 4: 0.0, 5: 0.0, 6: 0.0, 7: 0.0, 8: 0.0, 9: 0.0}
=================================================End==================================================
