2026-08-19 00:31:05,679 [INFO] Run log: logs/20260819_003105_Imagenette2_WaNet_motion_blur_7.0_seed1234.log
Using the Imagenette2
The at_threshold: 1
2026-08-19 00:31:05,954 [INFO] Using device: cuda:0
====================================================================================
Non-default run settings
====================================================================================
attack_method: WaNet
attack_schedule: WaNet
attack_target: 0
poisoned_rate: 0.1
restorer_ckpt: ./pretrain/convir_rsblur.pkl
degradation_type: motion_blur
degradation_strength: 7.0
deg: motion_blur
deg_scale: 7.0
purify_clean_test: True
purify_poisoned_test: True
use_purified_clean_test: True
use_purified_pois_test: True
at_threshold: 1
------------------------------------------------------------------------------------
Runtime metadata
------------------------------------------------------------------------------------
mode: 3
classes: 20
device: cuda:0
run_log_path: logs/20260819_003105_Imagenette2_WaNet_motion_blur_7.0_seed1234.log
====================================================================================
Mode is 3
====================================================================================
purified_ins(args, clean_train, purified_clean_test, poisoned_train, purified_pois_test)
====================================================================================
Using Pre-trained model: Imagenette2_pretrain/WaNet/Res_34_256
=================================================Loading Model ==================================================
=================================================    Loaded    ==================================================
==========Test result on benign test dataset(CA)==========
[2026-08-19_00:48:24] Top-1 correct / Total: 1233/3925, Top-1 accuracy: 0.31414012738853503, Top-5 correct / Total: 3112/3925, Top-5 accuracy: 0.7928662420382165, time: 30.765592336654663
 class_acc:{0: 0.32299741602067183, 1: 0.7873417721518987, 2: 0.39215686274509803, 3: 0.025906735751295335, 4: 0.1271393643031785, 5: 0.0025380710659898475, 6: 0.10282776349614396, 7: 0.050119331742243436, 8: 0.7543859649122807, 9: 0.5948717948717949}
ASR_lables tensor([0, 0, 0,  ..., 0, 0, 0])
==========Test result on poisoned test dataset(ASR)(Not including images with original label same as attack label)==========
[2026-08-19_00:48:49] Top-1 correct / Total: 154/3538, Top-1 accuracy: 0.04352741661955907, Top-5 correct / Total: 2690/3538, Top-5 accuracy: 0.7603165630299604, time: 55.83483624458313
 class_acc:{0: 0.04352741661955907}
PA_lables tensor([0, 0, 0,  ..., 9, 9, 9])
==========Test result on poisoned test dataset(PA)==========
[2026-08-19_00:49:19] Top-1 correct / Total: 1261/3925, Top-1 accuracy: 0.3212738853503185, Top-5 correct / Total: 3225/3925, Top-5 accuracy: 0.821656050955414, time: 85.85252809524536
 class_acc:{0: 0.27648578811369506, 1: 0.769620253164557, 2: 0.45098039215686275, 3: 0.012953367875647668, 4: 0.10268948655256724, 5: 0.0, 6: 0.17223650385604114, 7: 0.03818615751789976, 8: 0.8095238095238095, 9: 0.6051282051282051}
=================================================End==================================================
