2026-08-16 07:08:51,429 [INFO] Run log: logs/20260816_070851_Imagenette2_BadNet_motion_blur_7.0_seed1234.log
Using the Imagenette2
The at_threshold: 1
2026-08-16 07:08:51,689 [INFO] Using device: cuda:0
====================================================================================
Non-default run settings
====================================================================================
restorer_ckpt: ./pretrain/convir_rsblur.pkl
degradation_type: motion_blur
degradation_strength: 7.0
deg: motion_blur
deg_scale: 7.0
purify_clean_test: True
purify_poisoned_test: True
use_purified_clean_test: True
use_purified_pois_test: True
at_threshold: 1
------------------------------------------------------------------------------------
Runtime metadata
------------------------------------------------------------------------------------
mode: 3
classes: 20
device: cuda:0
run_log_path: logs/20260816_070851_Imagenette2_BadNet_motion_blur_7.0_seed1234.log
====================================================================================
Mode is 3
Using the pattern size: 9*9
====================================================================================
purified_ins(args, clean_train, purified_clean_test, poisoned_train, purified_pois_test)
====================================================================================
Using Pre-trained model: Imagenette2_pretrain/BadNet/Res_34_256
=================================================Loading Model ==================================================
=================================================    Loaded    ==================================================
==========Test result on benign test dataset(CA)==========
[2026-08-16_07:25:51] Top-1 correct / Total: 1985/3925, Top-1 accuracy: 0.5057324840764331, Top-5 correct / Total: 3459/3925, Top-5 accuracy: 0.8812738853503185, time: 30.528038024902344
 class_acc:{0: 0.4883720930232558, 1: 0.8379746835443038, 2: 0.37254901960784315, 3: 0.22020725388601037, 4: 0.7726161369193154, 5: 0.012690355329949238, 6: 0.5861182519280206, 7: 0.2863961813842482, 8: 0.656641604010025, 9: 0.8102564102564103}
ASR_lables tensor([1, 1, 1,  ..., 1, 1, 1])
==========Test result on poisoned test dataset(ASR)(Not including images with original label same as attack label)==========
[2026-08-16_07:26:16] Top-1 correct / Total: 610/3530, Top-1 accuracy: 0.17280453257790368, Top-5 correct / Total: 2913/3530, Top-5 accuracy: 0.8252124645892351, time: 55.28650903701782
 class_acc:{1: 0.17280453257790368}
PA_lables tensor([0, 0, 0,  ..., 9, 9, 9])
==========Test result on poisoned test dataset(PA)==========
[2026-08-16_07:26:46] Top-1 correct / Total: 2132/3925, Top-1 accuracy: 0.5431847133757962, Top-5 correct / Total: 3502/3925, Top-5 accuracy: 0.8922292993630573, time: 85.00228428840637
 class_acc:{0: 0.5710594315245479, 1: 0.8835443037974684, 2: 0.47619047619047616, 3: 0.17357512953367876, 4: 0.7603911980440098, 5: 0.03299492385786802, 6: 0.7352185089974294, 7: 0.2863961813842482, 8: 0.6992481203007519, 9: 0.8102564102564103}
=================================================End==================================================
