2026-08-16 08:30:16,787 [INFO] Run log: logs/20260816_083016_Imagenette2_Blended_motion_blur_9.0_seed1234.log
Using the Imagenette2
The at_threshold: 1
2026-08-16 08:30:17,070 [INFO] Using device: cuda:0
====================================================================================
Non-default run settings
====================================================================================
attack_method: Blended
attack_schedule: Blended
restorer_ckpt: ./pretrain/convir_rsblur.pkl
degradation_type: motion_blur
degradation_strength: 9.0
deg: motion_blur
deg_scale: 9.0
purify_clean_test: True
purify_poisoned_test: True
use_purified_clean_test: True
use_purified_pois_test: True
at_threshold: 1
------------------------------------------------------------------------------------
Runtime metadata
------------------------------------------------------------------------------------
mode: 3
classes: 20
device: cuda:0
run_log_path: logs/20260816_083016_Imagenette2_Blended_motion_blur_9.0_seed1234.log
====================================================================================
Mode is 3
====================================================================================
purified_ins(args, clean_train, purified_clean_test, poisoned_train, purified_pois_test)
====================================================================================
Using Pre-trained model: Imagenette2_pretrain/Blended/Res_34_256
=================================================Loading Model ==================================================
=================================================    Loaded    ==================================================
==========Test result on benign test dataset(CA)==========
[2026-08-16_08:45:34] Top-1 correct / Total: 1799/3925, Top-1 accuracy: 0.458343949044586, Top-5 correct / Total: 3331/3925, Top-5 accuracy: 0.8486624203821655, time: 26.402848720550537
 class_acc:{0: 0.3178294573643411, 1: 0.8607594936708861, 2: 0.5658263305322129, 3: 0.08808290155440414, 4: 0.6161369193154034, 5: 0.0, 6: 0.5269922879177378, 7: 0.15035799522673032, 8: 0.6842105263157895, 9: 0.7871794871794872}
ASR_lables tensor([1, 1, 1,  ..., 1, 1, 1])
==========Test result on poisoned test dataset(ASR)(Not including images with original label same as attack label)==========
[2026-08-16_08:45:56] Top-1 correct / Total: 1108/3530, Top-1 accuracy: 0.3138810198300283, Top-5 correct / Total: 3425/3530, Top-5 accuracy: 0.9702549575070821, time: 48.02615451812744
 class_acc:{1: 0.3138810198300283}
PA_lables tensor([0, 0, 0,  ..., 9, 9, 9])
==========Test result on poisoned test dataset(PA)==========
[2026-08-16_08:46:22] Top-1 correct / Total: 1390/3925, Top-1 accuracy: 0.354140127388535, Top-5 correct / Total: 2977/3925, Top-5 accuracy: 0.7584713375796178, time: 74.46790528297424
 class_acc:{0: 0.11369509043927649, 1: 0.8151898734177215, 2: 0.12885154061624648, 3: 0.02072538860103627, 4: 0.6894865525672371, 5: 0.0, 6: 0.2827763496143959, 7: 0.12171837708830549, 8: 0.49874686716791977, 9: 0.841025641025641}
=================================================End==================================================
