2026-08-16 08:14:00,361 [INFO] Run log: logs/20260816_081400_Imagenette2_Blended_motion_blur_7.0_seed1234.log
Using the Imagenette2
The at_threshold: 1
2026-08-16 08:14:00,643 [INFO] Using device: cuda:0
====================================================================================
Non-default run settings
====================================================================================
attack_method: Blended
attack_schedule: Blended
restorer_ckpt: ./pretrain/convir_rsblur.pkl
degradation_type: motion_blur
degradation_strength: 7.0
deg: motion_blur
deg_scale: 7.0
purify_clean_test: True
purify_poisoned_test: True
use_purified_clean_test: True
use_purified_pois_test: True
at_threshold: 1
------------------------------------------------------------------------------------
Runtime metadata
------------------------------------------------------------------------------------
mode: 3
classes: 20
device: cuda:0
run_log_path: logs/20260816_081400_Imagenette2_Blended_motion_blur_7.0_seed1234.log
====================================================================================
Mode is 3
====================================================================================
purified_ins(args, clean_train, purified_clean_test, poisoned_train, purified_pois_test)
====================================================================================
Using Pre-trained model: Imagenette2_pretrain/Blended/Res_34_256
=================================================Loading Model ==================================================
=================================================    Loaded    ==================================================
==========Test result on benign test dataset(CA)==========
[2026-08-16_08:28:56] Top-1 correct / Total: 1803/3925, Top-1 accuracy: 0.4593630573248408, Top-5 correct / Total: 3366/3925, Top-5 accuracy: 0.857579617834395, time: 32.16267013549805
 class_acc:{0: 0.3152454780361757, 1: 0.8784810126582279, 2: 0.5126050420168067, 3: 0.09585492227979274, 4: 0.6259168704156479, 5: 0.0, 6: 0.4910025706940874, 7: 0.19331742243436753, 8: 0.7117794486215538, 9: 0.7743589743589744}
ASR_lables tensor([1, 1, 1,  ..., 1, 1, 1])
==========Test result on poisoned test dataset(ASR)(Not including images with original label same as attack label)==========
[2026-08-16_08:29:34] Top-1 correct / Total: 1332/3530, Top-1 accuracy: 0.3773371104815864, Top-5 correct / Total: 3474/3530, Top-5 accuracy: 0.9841359773371104, time: 70.10041117668152
 class_acc:{1: 0.3773371104815864}
PA_lables tensor([0, 0, 0,  ..., 9, 9, 9])
==========Test result on poisoned test dataset(PA)==========
[2026-08-16_08:30:13] Top-1 correct / Total: 1383/3925, Top-1 accuracy: 0.35235668789808916, Top-5 correct / Total: 2970/3925, Top-5 accuracy: 0.756687898089172, time: 108.85317063331604
 class_acc:{0: 0.10852713178294573, 1: 0.8962025316455696, 2: 0.08123249299719888, 3: 0.010362694300518135, 4: 0.706601466992665, 5: 0.0, 6: 0.2133676092544987, 7: 0.13365155131264916, 8: 0.5739348370927319, 9: 0.7615384615384615}
=================================================End==================================================
