2026-08-16 10:22:47,454 [INFO] Run log: logs/20260816_102247_Imagenette2_ISSBA_motion_blur_7.0_seed1234.log
Using the Imagenette2
The at_threshold: 1
2026-08-16 10:22:47,725 [INFO] Using device: cuda:0
====================================================================================
Non-default run settings
====================================================================================
attack_method: ISSBA
attack_schedule: ISSBA
issba_exported_poisoned_root: exported_poisoned/ISSBA/Imagenette2
restorer_ckpt: ./pretrain/convir_rsblur.pkl
degradation_type: motion_blur
degradation_strength: 7.0
deg: motion_blur
deg_scale: 7.0
purify_clean_test: True
purify_poisoned_test: True
use_purified_clean_test: True
use_purified_pois_test: True
at_threshold: 1
------------------------------------------------------------------------------------
Runtime metadata
------------------------------------------------------------------------------------
mode: 3
classes: 20
device: cuda:0
run_log_path: logs/20260816_102247_Imagenette2_ISSBA_motion_blur_7.0_seed1234.log
====================================================================================
Mode is 3
====================================================================================
purified_ins(args, clean_train, purified_clean_test, poisoned_train, purified_pois_test)
====================================================================================
Using Pre-trained model: Imagenette2_pretrain/ISSBA/Res_34_256
=================================================Loading Model ==================================================
=================================================    Loaded    ==================================================
==========Test result on benign test dataset(CA)==========
[2026-08-16_10:37:54] Top-1 correct / Total: 2032/3925, Top-1 accuracy: 0.5177070063694268, Top-5 correct / Total: 3418/3925, Top-5 accuracy: 0.870828025477707, time: 27.251401901245117
 class_acc:{0: 0.7932816537467701, 1: 0.7012658227848101, 2: 0.4677871148459384, 3: 0.11917098445595854, 4: 0.8704156479217604, 5: 0.017766497461928935, 6: 0.712082262210797, 7: 0.3818615751789976, 8: 0.5263157894736842, 9: 0.5769230769230769}
ASR_lables tensor([1, 1, 1,  ..., 1, 1, 1])
==========Test result on poisoned test dataset(ASR)(Not including images with original label same as attack label)==========
[2026-08-16_10:38:17] Top-1 correct / Total: 488/3530, Top-1 accuracy: 0.13824362606232293, Top-5 correct / Total: 2934/3530, Top-5 accuracy: 0.8311614730878187, time: 50.08459401130676
 class_acc:{1: 0.13824362606232293}
PA_lables tensor([0, 0, 0,  ..., 9, 9, 9])
==========Test result on poisoned test dataset(PA)==========
[2026-08-16_10:38:44] Top-1 correct / Total: 2076/3925, Top-1 accuracy: 0.5289171974522293, Top-5 correct / Total: 3487/3925, Top-5 accuracy: 0.8884076433121019, time: 76.6335198879242
 class_acc:{0: 0.7131782945736435, 1: 0.7822784810126582, 2: 0.45098039215686275, 3: 0.054404145077720206, 4: 0.921760391198044, 5: 0.04568527918781726, 6: 0.6889460154241646, 7: 0.40572792362768495, 8: 0.6215538847117794, 9: 0.5846153846153846}
=================================================End==================================================
