2026-08-16 07:43:53,222 [INFO] Run log: logs/20260816_074353_Imagenette2_Blended_motion_blur_3.0_seed1234.log
Using the Imagenette2
The at_threshold: 1
2026-08-16 07:43:53,511 [INFO] Using device: cuda:0
====================================================================================
Non-default run settings
====================================================================================
attack_method: Blended
attack_schedule: Blended
restorer_ckpt: ./pretrain/convir_rsblur.pkl
degradation_type: motion_blur
degradation_strength: 3.0
deg: motion_blur
deg_scale: 3.0
purify_clean_test: True
purify_poisoned_test: True
use_purified_clean_test: True
use_purified_pois_test: True
at_threshold: 1
------------------------------------------------------------------------------------
Runtime metadata
------------------------------------------------------------------------------------
mode: 3
classes: 20
device: cuda:0
run_log_path: logs/20260816_074353_Imagenette2_Blended_motion_blur_3.0_seed1234.log
====================================================================================
Mode is 3
====================================================================================
purified_ins(args, clean_train, purified_clean_test, poisoned_train, purified_pois_test)
====================================================================================
Using Pre-trained model: Imagenette2_pretrain/Blended/Res_34_256
=================================================Loading Model ==================================================
=================================================    Loaded    ==================================================
==========Test result on benign test dataset(CA)==========
[2026-08-16_07:57:59] Top-1 correct / Total: 2001/3925, Top-1 accuracy: 0.5098089171974522, Top-5 correct / Total: 3374/3925, Top-5 accuracy: 0.8596178343949045, time: 26.24057173728943
 class_acc:{0: 0.46511627906976744, 1: 0.8278481012658228, 2: 0.48179271708683474, 3: 0.12435233160621761, 4: 0.6919315403422983, 5: 0.0, 6: 0.5758354755784062, 7: 0.3341288782816229, 8: 0.7994987468671679, 9: 0.7897435897435897}
ASR_lables tensor([1, 1, 1,  ..., 1, 1, 1])
==========Test result on poisoned test dataset(ASR)(Not including images with original label same as attack label)==========
[2026-08-16_07:58:22] Top-1 correct / Total: 1325/3530, Top-1 accuracy: 0.37535410764872523, Top-5 correct / Total: 3486/3530, Top-5 accuracy: 0.9875354107648725, time: 49.62031173706055
 class_acc:{1: 0.37535410764872523}
PA_lables tensor([0, 0, 0,  ..., 9, 9, 9])
==========Test result on poisoned test dataset(PA)==========
[2026-08-16_07:58:48] Top-1 correct / Total: 1361/3925, Top-1 accuracy: 0.3467515923566879, Top-5 correct / Total: 2919/3925, Top-5 accuracy: 0.7436942675159236, time: 75.41632795333862
 class_acc:{0: 0.14470284237726097, 1: 0.8886075949367088, 2: 0.025210084033613446, 3: 0.02072538860103627, 4: 0.7188264058679706, 5: 0.0, 6: 0.15167095115681234, 7: 0.12171837708830549, 8: 0.6365914786967418, 9: 0.7153846153846154}
=================================================End==================================================
