2026-08-16 07:26:49,603 [INFO] Run log: logs/20260816_072649_Imagenette2_BadNet_motion_blur_9.0_seed1234.log
Using the Imagenette2
The at_threshold: 1
2026-08-16 07:26:49,893 [INFO] Using device: cuda:0
====================================================================================
Non-default run settings
====================================================================================
restorer_ckpt: ./pretrain/convir_rsblur.pkl
degradation_type: motion_blur
degradation_strength: 9.0
deg: motion_blur
deg_scale: 9.0
purify_clean_test: True
purify_poisoned_test: True
use_purified_clean_test: True
use_purified_pois_test: True
at_threshold: 1
------------------------------------------------------------------------------------
Runtime metadata
------------------------------------------------------------------------------------
mode: 3
classes: 20
device: cuda:0
run_log_path: logs/20260816_072649_Imagenette2_BadNet_motion_blur_9.0_seed1234.log
====================================================================================
Mode is 3
Using the pattern size: 9*9
====================================================================================
purified_ins(args, clean_train, purified_clean_test, poisoned_train, purified_pois_test)
====================================================================================
Using Pre-trained model: Imagenette2_pretrain/BadNet/Res_34_256
=================================================Loading Model ==================================================
=================================================    Loaded    ==================================================
==========Test result on benign test dataset(CA)==========
[2026-08-16_07:43:02] Top-1 correct / Total: 1951/3925, Top-1 accuracy: 0.49707006369426754, Top-5 correct / Total: 3451/3925, Top-5 accuracy: 0.879235668789809, time: 26.182478427886963
 class_acc:{0: 0.5116279069767442, 1: 0.8455696202531645, 2: 0.4369747899159664, 3: 0.19430051813471502, 4: 0.7701711491442543, 5: 0.030456852791878174, 6: 0.583547557840617, 7: 0.1957040572792363, 8: 0.606516290726817, 9: 0.7948717948717948}
ASR_lables tensor([1, 1, 1,  ..., 1, 1, 1])
==========Test result on poisoned test dataset(ASR)(Not including images with original label same as attack label)==========
[2026-08-16_07:43:24] Top-1 correct / Total: 588/3530, Top-1 accuracy: 0.16657223796033993, Top-5 correct / Total: 2872/3530, Top-5 accuracy: 0.8135977337110482, time: 47.86152696609497
 class_acc:{1: 0.16657223796033993}
PA_lables tensor([0, 0, 0,  ..., 9, 9, 9])
==========Test result on poisoned test dataset(PA)==========
[2026-08-16_07:43:49] Top-1 correct / Total: 2086/3925, Top-1 accuracy: 0.5314649681528663, Top-5 correct / Total: 3484/3925, Top-5 accuracy: 0.8876433121019108, time: 73.49925494194031
 class_acc:{0: 0.5581395348837209, 1: 0.8582278481012658, 2: 0.5238095238095238, 3: 0.15803108808290156, 4: 0.78239608801956, 5: 0.012690355329949238, 6: 0.7017994858611826, 7: 0.2243436754176611, 8: 0.6791979949874687, 9: 0.8205128205128205}
=================================================End==================================================
