2026-08-16 10:07:08,961 [INFO] Run log: logs/20260816_100708_Imagenette2_ISSBA_motion_blur_5.0_seed1234.log
Using the Imagenette2
The at_threshold: 1
2026-08-16 10:07:09,247 [INFO] Using device: cuda:0
====================================================================================
Non-default run settings
====================================================================================
attack_method: ISSBA
attack_schedule: ISSBA
issba_exported_poisoned_root: exported_poisoned/ISSBA/Imagenette2
restorer_ckpt: ./pretrain/convir_rsblur.pkl
degradation_type: motion_blur
degradation_strength: 5.0
deg: motion_blur
deg_scale: 5.0
purify_clean_test: True
purify_poisoned_test: True
use_purified_clean_test: True
use_purified_pois_test: True
at_threshold: 1
------------------------------------------------------------------------------------
Runtime metadata
------------------------------------------------------------------------------------
mode: 3
classes: 20
device: cuda:0
run_log_path: logs/20260816_100708_Imagenette2_ISSBA_motion_blur_5.0_seed1234.log
====================================================================================
Mode is 3
====================================================================================
purified_ins(args, clean_train, purified_clean_test, poisoned_train, purified_pois_test)
====================================================================================
Using Pre-trained model: Imagenette2_pretrain/ISSBA/Res_34_256
=================================================Loading Model ==================================================
=================================================    Loaded    ==================================================
==========Test result on benign test dataset(CA)==========
[2026-08-16_10:21:56] Top-1 correct / Total: 2034/3925, Top-1 accuracy: 0.5182165605095541, Top-5 correct / Total: 3417/3925, Top-5 accuracy: 0.8705732484076433, time: 25.78206467628479
 class_acc:{0: 0.7932816537467701, 1: 0.6632911392405063, 2: 0.4341736694677871, 3: 0.15025906735751296, 4: 0.8801955990220048, 5: 0.025380710659898477, 6: 0.7403598971722365, 7: 0.35083532219570407, 8: 0.5263157894736842, 9: 0.6076923076923076}
ASR_lables tensor([1, 1, 1,  ..., 1, 1, 1])
==========Test result on poisoned test dataset(ASR)(Not including images with original label same as attack label)==========
[2026-08-16_10:22:18] Top-1 correct / Total: 469/3530, Top-1 accuracy: 0.13286118980169973, Top-5 correct / Total: 2967/3530, Top-5 accuracy: 0.8405099150141643, time: 47.64646863937378
 class_acc:{1: 0.13286118980169973}
PA_lables tensor([0, 0, 0,  ..., 9, 9, 9])
==========Test result on poisoned test dataset(PA)==========
[2026-08-16_10:22:43] Top-1 correct / Total: 2080/3925, Top-1 accuracy: 0.5299363057324841, Top-5 correct / Total: 3478/3925, Top-5 accuracy: 0.8861146496815286, time: 73.07185864448547
 class_acc:{0: 0.7622739018087855, 1: 0.7620253164556962, 2: 0.42016806722689076, 3: 0.08808290155440414, 4: 0.9070904645476773, 5: 0.04568527918781726, 6: 0.7095115681233933, 7: 0.4033412887828162, 8: 0.6040100250626567, 9: 0.5769230769230769}
=================================================End==================================================
