2026-08-16 06:34:00,373 [INFO] Run log: logs/20260816_063400_Imagenette2_BadNet_motion_blur_3.0_seed1234.log
Using the Imagenette2
The at_threshold: 1
2026-08-16 06:34:00,647 [INFO] Using device: cuda:0
====================================================================================
Non-default run settings
====================================================================================
restorer_ckpt: ./pretrain/convir_rsblur.pkl
degradation_type: motion_blur
degradation_strength: 3.0
deg: motion_blur
deg_scale: 3.0
purify_clean_test: True
purify_poisoned_test: True
use_purified_clean_test: True
use_purified_pois_test: True
at_threshold: 1
------------------------------------------------------------------------------------
Runtime metadata
------------------------------------------------------------------------------------
mode: 3
classes: 20
device: cuda:0
run_log_path: logs/20260816_063400_Imagenette2_BadNet_motion_blur_3.0_seed1234.log
====================================================================================
Mode is 3
Using the pattern size: 9*9
====================================================================================
purified_ins(args, clean_train, purified_clean_test, poisoned_train, purified_pois_test)
====================================================================================
Using Pre-trained model: Imagenette2_pretrain/BadNet/Res_34_256
=================================================Loading Model ==================================================
=================================================    Loaded    ==================================================
==========Test result on benign test dataset(CA)==========
[2026-08-16_06:50:01] Top-1 correct / Total: 1973/3925, Top-1 accuracy: 0.5026751592356687, Top-5 correct / Total: 3381/3925, Top-5 accuracy: 0.8614012738853504, time: 31.30356764793396
 class_acc:{0: 0.4186046511627907, 1: 0.7645569620253164, 2: 0.31092436974789917, 3: 0.17357512953367876, 4: 0.7530562347188264, 5: 0.027918781725888325, 6: 0.6349614395886889, 7: 0.3818615751789976, 8: 0.706766917293233, 9: 0.8282051282051283}
ASR_lables tensor([1, 1, 1,  ..., 1, 1, 1])
==========Test result on poisoned test dataset(ASR)(Not including images with original label same as attack label)==========
[2026-08-16_06:50:26] Top-1 correct / Total: 479/3530, Top-1 accuracy: 0.13569405099150142, Top-5 correct / Total: 2865/3530, Top-5 accuracy: 0.8116147308781869, time: 56.299723863601685
 class_acc:{1: 0.13569405099150142}
PA_lables tensor([0, 0, 0,  ..., 9, 9, 9])
==========Test result on poisoned test dataset(PA)==========
[2026-08-16_06:50:56] Top-1 correct / Total: 2204/3925, Top-1 accuracy: 0.5615286624203821, Top-5 correct / Total: 3461/3925, Top-5 accuracy: 0.8817834394904459, time: 86.951651096344
 class_acc:{0: 0.6459948320413437, 1: 0.8582278481012658, 2: 0.38095238095238093, 3: 0.19170984455958548, 4: 0.7775061124694377, 5: 0.027918781725888325, 6: 0.7866323907455013, 7: 0.3818615751789976, 8: 0.7243107769423559, 9: 0.823076923076923}
=================================================End==================================================
